[2024-11-29T21:49:53.178-0700][gc] Using G1
[2024-11-29T21:49:53.179-0700][gc,init] Version: 17.0.13+0 (release)
[2024-11-29T21:49:53.179-0700][gc,init] CPUs: 8 total, 8 available
[2024-11-29T21:49:53.179-0700][gc,init] Memory: 8192M
[2024-11-29T21:49:53.179-0700][gc,init] Large Page Support: Disabled
[2024-11-29T21:49:53.179-0700][gc,init] NUMA Support: Disabled
[2024-11-29T21:49:53.179-0700][gc,init] Compressed Oops: Enabled (Zero based)
[2024-11-29T21:49:53.179-0700][gc,init] Heap Region Size: 1M
[2024-11-29T21:49:53.179-0700][gc,init] Heap Min Capacity: 1G
[2024-11-29T21:49:53.179-0700][gc,init] Heap Initial Capacity: 1G
[2024-11-29T21:49:53.179-0700][gc,init] Heap Max Capacity: 1G
[2024-11-29T21:49:53.179-0700][gc,init] Pre-touch: Disabled
[2024-11-29T21:49:53.179-0700][gc,init] Parallel Workers: 8
[2024-11-29T21:49:53.179-0700][gc,init] Concurrent Workers: 2
[2024-11-29T21:49:53.179-0700][gc,init] Concurrent Refinement Workers: 8
[2024-11-29T21:49:53.179-0700][gc,init] Periodic GC: Disabled
[2024-11-29T21:49:53.182-0700][gc,metaspace] CDS archive(s) mapped at: [0x000000f000000000-0x000000f000bc0000-0x000000f000bc0000), size 12320768, SharedBaseAddress: 0x000000f000000000, ArchiveRelocationMode: 1.
[2024-11-29T21:49:53.182-0700][gc,metaspace] Compressed class space mapped at: 0x000000f001000000-0x000000f041000000, reserved size: 1073741824
[2024-11-29T21:49:53.182-0700][gc,metaspace] Narrow klass base: 0x000000f000000000, Narrow klass shift: 0, Narrow klass range: 0x100000000
[2024-11-29T21:49:59.508-0700][gc,start    ] GC(0) Pause Young (Normal) (G1 Evacuation Pause)
[2024-11-29T21:49:59.508-0700][gc,task     ] GC(0) Using 8 workers of 8 for evacuation
[2024-11-29T21:49:59.514-0700][gc,phases   ] GC(0)   Pre Evacuate Collection Set: 0.2ms
[2024-11-29T21:49:59.514-0700][gc,phases   ] GC(0)   Merge Heap Roots: 0.0ms
[2024-11-29T21:49:59.514-0700][gc,phases   ] GC(0)   Evacuate Collection Set: 5.7ms
[2024-11-29T21:49:59.514-0700][gc,phases   ] GC(0)   Post Evacuate Collection Set: 0.2ms
[2024-11-29T21:49:59.514-0700][gc,phases   ] GC(0)   Other: 0.3ms
[2024-11-29T21:49:59.515-0700][gc,heap     ] GC(0) Eden regions: 51->0(44)
[2024-11-29T21:49:59.515-0700][gc,heap     ] GC(0) Survivor regions: 0->7(7)
[2024-11-29T21:49:59.515-0700][gc,heap     ] GC(0) Old regions: 0->2
[2024-11-29T21:49:59.515-0700][gc,heap     ] GC(0) Archive regions: 2->2
[2024-11-29T21:49:59.515-0700][gc,heap     ] GC(0) Humongous regions: 0->0
[2024-11-29T21:49:59.515-0700][gc,metaspace] GC(0) Metaspace: 17296K(17536K)->17296K(17536K) NonClass: 15189K(15296K)->15189K(15296K) Class: 2106K(2240K)->2106K(2240K)
[2024-11-29T21:49:59.515-0700][gc          ] GC(0) Pause Young (Normal) (G1 Evacuation Pause) 51M->9M(1024M) 6.549ms
[2024-11-29T21:49:59.515-0700][gc,cpu      ] GC(0) User=0.01s Sys=0.03s Real=0.01s
[2024-11-29T21:49:59.653-0700][gc,start    ] GC(1) Pause Young (Concurrent Start) (Metadata GC Threshold)
[2024-11-29T21:49:59.653-0700][gc,task     ] GC(1) Using 8 workers of 8 for evacuation
[2024-11-29T21:49:59.655-0700][gc,phases   ] GC(1)   Pre Evacuate Collection Set: 0.1ms
[2024-11-29T21:49:59.655-0700][gc,phases   ] GC(1)   Merge Heap Roots: 0.0ms
[2024-11-29T21:49:59.655-0700][gc,phases   ] GC(1)   Evacuate Collection Set: 1.9ms
[2024-11-29T21:49:59.655-0700][gc,phases   ] GC(1)   Post Evacuate Collection Set: 0.1ms
[2024-11-29T21:49:59.655-0700][gc,phases   ] GC(1)   Other: 0.1ms
[2024-11-29T21:49:59.655-0700][gc,heap     ] GC(1) Eden regions: 16->0(49)
[2024-11-29T21:49:59.655-0700][gc,heap     ] GC(1) Survivor regions: 7->2(7)
[2024-11-29T21:49:59.655-0700][gc,heap     ] GC(1) Old regions: 2->8
[2024-11-29T21:49:59.655-0700][gc,heap     ] GC(1) Archive regions: 2->2
[2024-11-29T21:49:59.655-0700][gc,heap     ] GC(1) Humongous regions: 0->0
[2024-11-29T21:49:59.655-0700][gc,metaspace] GC(1) Metaspace: 21273K(21504K)->21273K(21504K) NonClass: 18650K(18816K)->18650K(18816K) Class: 2623K(2688K)->2623K(2688K)
[2024-11-29T21:49:59.655-0700][gc          ] GC(1) Pause Young (Concurrent Start) (Metadata GC Threshold) 24M->9M(1024M) 2.391ms
[2024-11-29T21:49:59.655-0700][gc,cpu      ] GC(1) User=0.01s Sys=0.01s Real=0.00s
[2024-11-29T21:49:59.655-0700][gc          ] GC(2) Concurrent Mark Cycle
[2024-11-29T21:49:59.655-0700][gc,marking  ] GC(2) Concurrent Clear Claimed Marks
[2024-11-29T21:49:59.655-0700][gc,marking  ] GC(2) Concurrent Clear Claimed Marks 0.014ms
[2024-11-29T21:49:59.655-0700][gc,marking  ] GC(2) Concurrent Scan Root Regions
[2024-11-29T21:49:59.657-0700][gc,marking  ] GC(2) Concurrent Scan Root Regions 1.287ms
[2024-11-29T21:49:59.657-0700][gc,marking  ] GC(2) Concurrent Mark
[2024-11-29T21:49:59.657-0700][gc,marking  ] GC(2) Concurrent Mark From Roots
[2024-11-29T21:49:59.657-0700][gc,task     ] GC(2) Using 2 workers of 2 for marking
[2024-11-29T21:49:59.658-0700][gc,marking  ] GC(2) Concurrent Mark From Roots 0.876ms
[2024-11-29T21:49:59.658-0700][gc,marking  ] GC(2) Concurrent Preclean
[2024-11-29T21:49:59.658-0700][gc,marking  ] GC(2) Concurrent Preclean 0.015ms
[2024-11-29T21:49:59.658-0700][gc,start    ] GC(2) Pause Remark
[2024-11-29T21:49:59.659-0700][gc          ] GC(2) Pause Remark 10M->10M(1024M) 1.047ms
[2024-11-29T21:49:59.659-0700][gc,cpu      ] GC(2) User=0.00s Sys=0.00s Real=0.00s
[2024-11-29T21:49:59.659-0700][gc,marking  ] GC(2) Concurrent Mark 2.006ms
[2024-11-29T21:49:59.659-0700][gc,marking  ] GC(2) Concurrent Rebuild Remembered Sets
[2024-11-29T21:49:59.659-0700][gc,marking  ] GC(2) Concurrent Rebuild Remembered Sets 0.004ms
[2024-11-29T21:49:59.659-0700][gc,start    ] GC(2) Pause Cleanup
[2024-11-29T21:49:59.659-0700][gc          ] GC(2) Pause Cleanup 10M->10M(1024M) 0.006ms
[2024-11-29T21:49:59.659-0700][gc,cpu      ] GC(2) User=0.00s Sys=0.00s Real=0.00s
[2024-11-29T21:49:59.659-0700][gc,marking  ] GC(2) Concurrent Cleanup for Next Mark
[2024-11-29T21:49:59.660-0700][gc,marking  ] GC(2) Concurrent Cleanup for Next Mark 1.311ms
[2024-11-29T21:49:59.660-0700][gc          ] GC(2) Concurrent Mark Cycle 4.740ms
[2024-11-29T21:50:00.327-0700][gc,start    ] GC(3) Pause Young (Normal) (G1 Evacuation Pause)
[2024-11-29T21:50:00.327-0700][gc,task     ] GC(3) Using 8 workers of 8 for evacuation
[2024-11-29T21:50:00.330-0700][gc,phases   ] GC(3)   Pre Evacuate Collection Set: 0.1ms
[2024-11-29T21:50:00.330-0700][gc,phases   ] GC(3)   Merge Heap Roots: 0.0ms
[2024-11-29T21:50:00.330-0700][gc,phases   ] GC(3)   Evacuate Collection Set: 2.8ms
[2024-11-29T21:50:00.330-0700][gc,phases   ] GC(3)   Post Evacuate Collection Set: 0.2ms
[2024-11-29T21:50:00.330-0700][gc,phases   ] GC(3)   Other: 0.1ms
[2024-11-29T21:50:00.330-0700][gc,heap     ] GC(3) Eden regions: 49->0(45)
[2024-11-29T21:50:00.330-0700][gc,heap     ] GC(3) Survivor regions: 2->6(7)
[2024-11-29T21:50:00.330-0700][gc,heap     ] GC(3) Old regions: 8->8
[2024-11-29T21:50:00.330-0700][gc,heap     ] GC(3) Archive regions: 2->2
[2024-11-29T21:50:00.330-0700][gc,heap     ] GC(3) Humongous regions: 129->129
[2024-11-29T21:50:00.330-0700][gc,metaspace] GC(3) Metaspace: 30570K(30912K)->30570K(30912K) NonClass: 27092K(27264K)->27092K(27264K) Class: 3478K(3648K)->3478K(3648K)
[2024-11-29T21:50:00.330-0700][gc          ] GC(3) Pause Young (Normal) (G1 Evacuation Pause) 187M->143M(1024M) 3.370ms
[2024-11-29T21:50:00.330-0700][gc,cpu      ] GC(3) User=0.01s Sys=0.00s Real=0.01s
[2024-11-29T21:50:00.786-0700][gc,heap,exit] Heap
[2024-11-29T21:50:00.786-0700][gc,heap,exit]  garbage-first heap   total 1048576K, used 162082K [0x00000007c0000000, 0x0000000800000000)
[2024-11-29T21:50:00.786-0700][gc,heap,exit]   region size 1024K, 21 young (21504K), 6 survivors (6144K)
[2024-11-29T21:50:00.786-0700][gc,heap,exit]  Metaspace       used 32845K, committed 33152K, reserved 1114112K
[2024-11-29T21:50:00.786-0700][gc,heap,exit]   class space    used 3818K, committed 3968K, reserved 1048576K
