[2024-11-25T04:22:15.078-0700][gc] Using G1
[2024-11-25T04:22:15.079-0700][gc,init] Version: 17.0.13+0 (release)
[2024-11-25T04:22:15.080-0700][gc,init] CPUs: 8 total, 8 available
[2024-11-25T04:22:15.080-0700][gc,init] Memory: 8192M
[2024-11-25T04:22:15.080-0700][gc,init] Large Page Support: Disabled
[2024-11-25T04:22:15.080-0700][gc,init] NUMA Support: Disabled
[2024-11-25T04:22:15.080-0700][gc,init] Compressed Oops: Enabled (Zero based)
[2024-11-25T04:22:15.080-0700][gc,init] Heap Region Size: 1M
[2024-11-25T04:22:15.080-0700][gc,init] Heap Min Capacity: 1G
[2024-11-25T04:22:15.080-0700][gc,init] Heap Initial Capacity: 1G
[2024-11-25T04:22:15.080-0700][gc,init] Heap Max Capacity: 1G
[2024-11-25T04:22:15.080-0700][gc,init] Pre-touch: Disabled
[2024-11-25T04:22:15.080-0700][gc,init] Parallel Workers: 8
[2024-11-25T04:22:15.080-0700][gc,init] Concurrent Workers: 2
[2024-11-25T04:22:15.080-0700][gc,init] Concurrent Refinement Workers: 8
[2024-11-25T04:22:15.080-0700][gc,init] Periodic GC: Disabled
[2024-11-25T04:22:15.083-0700][gc,metaspace] CDS archive(s) mapped at: [0x000000b000000000-0x000000b000bc0000-0x000000b000bc0000), size 12320768, SharedBaseAddress: 0x000000b000000000, ArchiveRelocationMode: 1.
[2024-11-25T04:22:15.083-0700][gc,metaspace] Compressed class space mapped at: 0x000000b001000000-0x000000b041000000, reserved size: 1073741824
[2024-11-25T04:22:15.083-0700][gc,metaspace] Narrow klass base: 0x000000b000000000, Narrow klass shift: 0, Narrow klass range: 0x100000000
[2024-11-25T04:22:15.733-0700][gc,start    ] GC(0) Pause Young (Normal) (G1 Evacuation Pause)
[2024-11-25T04:22:15.733-0700][gc,task     ] GC(0) Using 8 workers of 8 for evacuation
[2024-11-25T04:22:15.736-0700][gc,phases   ] GC(0)   Pre Evacuate Collection Set: 0.1ms
[2024-11-25T04:22:15.736-0700][gc,phases   ] GC(0)   Merge Heap Roots: 0.0ms
[2024-11-25T04:22:15.736-0700][gc,phases   ] GC(0)   Evacuate Collection Set: 2.0ms
[2024-11-25T04:22:15.736-0700][gc,phases   ] GC(0)   Post Evacuate Collection Set: 0.2ms
[2024-11-25T04:22:15.736-0700][gc,phases   ] GC(0)   Other: 0.2ms
[2024-11-25T04:22:15.736-0700][gc,heap     ] GC(0) Eden regions: 51->0(44)
[2024-11-25T04:22:15.736-0700][gc,heap     ] GC(0) Survivor regions: 0->7(7)
[2024-11-25T04:22:15.736-0700][gc,heap     ] GC(0) Old regions: 0->1
[2024-11-25T04:22:15.736-0700][gc,heap     ] GC(0) Archive regions: 2->2
[2024-11-25T04:22:15.736-0700][gc,heap     ] GC(0) Humongous regions: 0->0
[2024-11-25T04:22:15.736-0700][gc,metaspace] GC(0) Metaspace: 17439K(17664K)->17439K(17664K) NonClass: 15313K(15424K)->15313K(15424K) Class: 2125K(2240K)->2125K(2240K)
[2024-11-25T04:22:15.736-0700][gc          ] GC(0) Pause Young (Normal) (G1 Evacuation Pause) 51M->8M(1024M) 2.748ms
[2024-11-25T04:22:15.736-0700][gc,cpu      ] GC(0) User=0.01s Sys=0.00s Real=0.00s
[2024-11-25T04:22:15.878-0700][gc,start    ] GC(1) Pause Young (Concurrent Start) (Metadata GC Threshold)
[2024-11-25T04:22:15.878-0700][gc,task     ] GC(1) Using 8 workers of 8 for evacuation
[2024-11-25T04:22:15.880-0700][gc,phases   ] GC(1)   Pre Evacuate Collection Set: 0.1ms
[2024-11-25T04:22:15.880-0700][gc,phases   ] GC(1)   Merge Heap Roots: 0.0ms
[2024-11-25T04:22:15.880-0700][gc,phases   ] GC(1)   Evacuate Collection Set: 1.9ms
[2024-11-25T04:22:15.880-0700][gc,phases   ] GC(1)   Post Evacuate Collection Set: 0.2ms
[2024-11-25T04:22:15.880-0700][gc,phases   ] GC(1)   Other: 0.1ms
[2024-11-25T04:22:15.880-0700][gc,heap     ] GC(1) Eden regions: 16->0(49)
[2024-11-25T04:22:15.880-0700][gc,heap     ] GC(1) Survivor regions: 7->2(7)
[2024-11-25T04:22:15.880-0700][gc,heap     ] GC(1) Old regions: 1->8
[2024-11-25T04:22:15.880-0700][gc,heap     ] GC(1) Archive regions: 2->2
[2024-11-25T04:22:15.880-0700][gc,heap     ] GC(1) Humongous regions: 0->0
[2024-11-25T04:22:15.880-0700][gc,metaspace] GC(1) Metaspace: 21332K(21504K)->21332K(21504K) NonClass: 18706K(18816K)->18706K(18816K) Class: 2625K(2688K)->2625K(2688K)
[2024-11-25T04:22:15.880-0700][gc          ] GC(1) Pause Young (Concurrent Start) (Metadata GC Threshold) 24M->10M(1024M) 2.404ms
[2024-11-25T04:22:15.880-0700][gc,cpu      ] GC(1) User=0.01s Sys=0.00s Real=0.01s
[2024-11-25T04:22:15.880-0700][gc          ] GC(2) Concurrent Mark Cycle
[2024-11-25T04:22:15.880-0700][gc,marking  ] GC(2) Concurrent Clear Claimed Marks
[2024-11-25T04:22:15.880-0700][gc,marking  ] GC(2) Concurrent Clear Claimed Marks 0.011ms
[2024-11-25T04:22:15.880-0700][gc,marking  ] GC(2) Concurrent Scan Root Regions
[2024-11-25T04:22:15.882-0700][gc,marking  ] GC(2) Concurrent Scan Root Regions 1.442ms
[2024-11-25T04:22:15.882-0700][gc,marking  ] GC(2) Concurrent Mark
[2024-11-25T04:22:15.882-0700][gc,marking  ] GC(2) Concurrent Mark From Roots
[2024-11-25T04:22:15.882-0700][gc,task     ] GC(2) Using 2 workers of 2 for marking
[2024-11-25T04:22:15.882-0700][gc,marking  ] GC(2) Concurrent Mark From Roots 0.741ms
[2024-11-25T04:22:15.882-0700][gc,marking  ] GC(2) Concurrent Preclean
[2024-11-25T04:22:15.882-0700][gc,marking  ] GC(2) Concurrent Preclean 0.013ms
[2024-11-25T04:22:15.883-0700][gc,start    ] GC(2) Pause Remark
[2024-11-25T04:22:15.883-0700][gc          ] GC(2) Pause Remark 10M->10M(1024M) 0.865ms
[2024-11-25T04:22:15.883-0700][gc,cpu      ] GC(2) User=0.00s Sys=0.01s Real=0.00s
[2024-11-25T04:22:15.883-0700][gc,marking  ] GC(2) Concurrent Mark 1.711ms
[2024-11-25T04:22:15.883-0700][gc,marking  ] GC(2) Concurrent Rebuild Remembered Sets
[2024-11-25T04:22:15.884-0700][gc,marking  ] GC(2) Concurrent Rebuild Remembered Sets 0.016ms
[2024-11-25T04:22:15.884-0700][gc,start    ] GC(2) Pause Cleanup
[2024-11-25T04:22:15.884-0700][gc          ] GC(2) Pause Cleanup 10M->10M(1024M) 0.008ms
[2024-11-25T04:22:15.884-0700][gc,cpu      ] GC(2) User=0.00s Sys=0.00s Real=0.00s
[2024-11-25T04:22:15.884-0700][gc,marking  ] GC(2) Concurrent Cleanup for Next Mark
[2024-11-25T04:22:15.885-0700][gc,marking  ] GC(2) Concurrent Cleanup for Next Mark 1.152ms
[2024-11-25T04:22:15.885-0700][gc          ] GC(2) Concurrent Mark Cycle 4.530ms
[2024-11-25T04:22:16.228-0700][gc,start    ] GC(3) Pause Young (Normal) (G1 Evacuation Pause)
[2024-11-25T04:22:16.228-0700][gc,task     ] GC(3) Using 8 workers of 8 for evacuation
[2024-11-25T04:22:16.230-0700][gc,phases   ] GC(3)   Pre Evacuate Collection Set: 0.1ms
[2024-11-25T04:22:16.231-0700][gc,phases   ] GC(3)   Merge Heap Roots: 0.0ms
[2024-11-25T04:22:16.231-0700][gc,phases   ] GC(3)   Evacuate Collection Set: 2.4ms
[2024-11-25T04:22:16.231-0700][gc,phases   ] GC(3)   Post Evacuate Collection Set: 0.2ms
[2024-11-25T04:22:16.231-0700][gc,phases   ] GC(3)   Other: 0.1ms
[2024-11-25T04:22:16.231-0700][gc,heap     ] GC(3) Eden regions: 49->0(44)
[2024-11-25T04:22:16.231-0700][gc,heap     ] GC(3) Survivor regions: 2->7(7)
[2024-11-25T04:22:16.231-0700][gc,heap     ] GC(3) Old regions: 8->8
[2024-11-25T04:22:16.231-0700][gc,heap     ] GC(3) Archive regions: 2->2
[2024-11-25T04:22:16.231-0700][gc,heap     ] GC(3) Humongous regions: 129->129
[2024-11-25T04:22:16.231-0700][gc,metaspace] GC(3) Metaspace: 31251K(31552K)->31251K(31552K) NonClass: 27726K(27904K)->27726K(27904K) Class: 3525K(3648K)->3525K(3648K)
[2024-11-25T04:22:16.231-0700][gc          ] GC(3) Pause Young (Normal) (G1 Evacuation Pause) 188M->143M(1024M) 2.851ms
[2024-11-25T04:22:16.231-0700][gc,cpu      ] GC(3) User=0.01s Sys=0.01s Real=0.01s
[2024-11-25T04:22:16.314-0700][gc,start    ] GC(4) Pause Young (Concurrent Start) (Metadata GC Threshold)
[2024-11-25T04:22:16.314-0700][gc,task     ] GC(4) Using 8 workers of 8 for evacuation
[2024-11-25T04:22:16.317-0700][gc,phases   ] GC(4)   Pre Evacuate Collection Set: 0.1ms
[2024-11-25T04:22:16.317-0700][gc,phases   ] GC(4)   Merge Heap Roots: 0.0ms
[2024-11-25T04:22:16.317-0700][gc,phases   ] GC(4)   Evacuate Collection Set: 2.6ms
[2024-11-25T04:22:16.317-0700][gc,phases   ] GC(4)   Post Evacuate Collection Set: 0.3ms
[2024-11-25T04:22:16.317-0700][gc,phases   ] GC(4)   Other: 0.1ms
[2024-11-25T04:22:16.317-0700][gc,heap     ] GC(4) Eden regions: 19->0(49)
[2024-11-25T04:22:16.317-0700][gc,heap     ] GC(4) Survivor regions: 7->2(7)
[2024-11-25T04:22:16.317-0700][gc,heap     ] GC(4) Old regions: 8->14
[2024-11-25T04:22:16.317-0700][gc,heap     ] GC(4) Archive regions: 2->2
[2024-11-25T04:22:16.317-0700][gc,heap     ] GC(4) Humongous regions: 129->129
[2024-11-25T04:22:16.317-0700][gc,metaspace] GC(4) Metaspace: 35809K(36096K)->35809K(36096K) NonClass: 31774K(31936K)->31774K(31936K) Class: 4034K(4160K)->4034K(4160K)
[2024-11-25T04:22:16.317-0700][gc          ] GC(4) Pause Young (Concurrent Start) (Metadata GC Threshold) 162M->145M(1024M) 3.146ms
[2024-11-25T04:22:16.317-0700][gc,cpu      ] GC(4) User=0.01s Sys=0.00s Real=0.00s
[2024-11-25T04:22:16.317-0700][gc          ] GC(5) Concurrent Mark Cycle
[2024-11-25T04:22:16.317-0700][gc,marking  ] GC(5) Concurrent Clear Claimed Marks
[2024-11-25T04:22:16.317-0700][gc,marking  ] GC(5) Concurrent Clear Claimed Marks 0.016ms
[2024-11-25T04:22:16.317-0700][gc,marking  ] GC(5) Concurrent Scan Root Regions
[2024-11-25T04:22:16.319-0700][gc,marking  ] GC(5) Concurrent Scan Root Regions 2.316ms
[2024-11-25T04:22:16.319-0700][gc,marking  ] GC(5) Concurrent Mark
[2024-11-25T04:22:16.319-0700][gc,marking  ] GC(5) Concurrent Mark From Roots
[2024-11-25T04:22:16.319-0700][gc,task     ] GC(5) Using 2 workers of 2 for marking
[2024-11-25T04:22:16.322-0700][gc,marking  ] GC(5) Concurrent Mark From Roots 2.725ms
[2024-11-25T04:22:16.323-0700][gc,marking  ] GC(5) Concurrent Preclean
[2024-11-25T04:22:16.323-0700][gc,marking  ] GC(5) Concurrent Preclean 0.055ms
[2024-11-25T04:22:16.323-0700][gc,start    ] GC(5) Pause Remark
[2024-11-25T04:22:16.325-0700][gc          ] GC(5) Pause Remark 146M->146M(1024M) 1.099ms
[2024-11-25T04:22:16.325-0700][gc,cpu      ] GC(5) User=0.01s Sys=0.00s Real=0.00s
[2024-11-25T04:22:16.325-0700][gc,marking  ] GC(5) Concurrent Mark 5.537ms
[2024-11-25T04:22:16.325-0700][gc,marking  ] GC(5) Concurrent Rebuild Remembered Sets
[2024-11-25T04:22:16.328-0700][gc,marking  ] GC(5) Concurrent Rebuild Remembered Sets 3.441ms
[2024-11-25T04:22:16.328-0700][gc,start    ] GC(5) Pause Cleanup
[2024-11-25T04:22:16.328-0700][gc          ] GC(5) Pause Cleanup 146M->146M(1024M) 0.075ms
[2024-11-25T04:22:16.328-0700][gc,cpu      ] GC(5) User=0.00s Sys=0.00s Real=0.00s
[2024-11-25T04:22:16.328-0700][gc,marking  ] GC(5) Concurrent Cleanup for Next Mark
[2024-11-25T04:22:16.330-0700][gc,marking  ] GC(5) Concurrent Cleanup for Next Mark 1.880ms
[2024-11-25T04:22:16.330-0700][gc          ] GC(5) Concurrent Mark Cycle 13.513ms
[2024-11-25T04:27:53.082-0700][gc,start    ] GC(6) Pause Young (Normal) (G1 Evacuation Pause)
[2024-11-25T04:27:53.083-0700][gc,task     ] GC(6) Using 8 workers of 8 for evacuation
[2024-11-25T04:27:53.119-0700][gc,mmu      ] GC(6) MMU target violated: 21.0ms (20.0ms/21.0ms)
[2024-11-25T04:27:53.120-0700][gc,phases   ] GC(6)   Pre Evacuate Collection Set: 1.3ms
[2024-11-25T04:27:53.120-0700][gc,phases   ] GC(6)   Merge Heap Roots: 0.4ms
[2024-11-25T04:27:53.120-0700][gc,phases   ] GC(6)   Evacuate Collection Set: 34.2ms
[2024-11-25T04:27:53.120-0700][gc,phases   ] GC(6)   Post Evacuate Collection Set: 0.6ms
[2024-11-25T04:27:53.120-0700][gc,phases   ] GC(6)   Other: 1.1ms
[2024-11-25T04:27:53.120-0700][gc,heap     ] GC(6) Eden regions: 49->0(46)
[2024-11-25T04:27:53.120-0700][gc,heap     ] GC(6) Survivor regions: 2->5(7)
[2024-11-25T04:27:53.120-0700][gc,heap     ] GC(6) Old regions: 14->14
[2024-11-25T04:27:53.120-0700][gc,heap     ] GC(6) Archive regions: 2->2
[2024-11-25T04:27:53.120-0700][gc,heap     ] GC(6) Humongous regions: 129->129
[2024-11-25T04:27:53.120-0700][gc,metaspace] GC(6) Metaspace: 42010K(42560K)->42010K(42560K) NonClass: 36969K(37312K)->36969K(37312K) Class: 5040K(5248K)->5040K(5248K)
[2024-11-25T04:27:53.120-0700][gc          ] GC(6) Pause Young (Normal) (G1 Evacuation Pause) 194M->147M(1024M) 37.486ms
[2024-11-25T04:27:53.120-0700][gc,cpu      ] GC(6) User=0.02s Sys=0.03s Real=0.04s
[2024-11-25T04:42:16.166-0700][gc,start    ] GC(7) Pause Young (Normal) (G1 Evacuation Pause)
[2024-11-25T04:42:16.167-0700][gc,task     ] GC(7) Using 8 workers of 8 for evacuation
[2024-11-25T04:42:16.202-0700][gc,mmu      ] GC(7) MMU target violated: 21.0ms (20.0ms/21.0ms)
[2024-11-25T04:42:16.202-0700][gc,phases   ] GC(7)   Pre Evacuate Collection Set: 1.0ms
[2024-11-25T04:42:16.202-0700][gc,phases   ] GC(7)   Merge Heap Roots: 0.3ms
[2024-11-25T04:42:16.202-0700][gc,phases   ] GC(7)   Evacuate Collection Set: 32.7ms
[2024-11-25T04:42:16.202-0700][gc,phases   ] GC(7)   Post Evacuate Collection Set: 0.7ms
[2024-11-25T04:42:16.202-0700][gc,phases   ] GC(7)   Other: 2.8ms
[2024-11-25T04:42:16.202-0700][gc,heap     ] GC(7) Eden regions: 46->0(46)
[2024-11-25T04:42:16.202-0700][gc,heap     ] GC(7) Survivor regions: 5->5(7)
[2024-11-25T04:42:16.202-0700][gc,heap     ] GC(7) Old regions: 14->15
[2024-11-25T04:42:16.202-0700][gc,heap     ] GC(7) Archive regions: 2->2
[2024-11-25T04:42:16.202-0700][gc,heap     ] GC(7) Humongous regions: 129->129
[2024-11-25T04:42:16.202-0700][gc,metaspace] GC(7) Metaspace: 43815K(44352K)->43815K(44352K) NonClass: 38429K(38720K)->38429K(38720K) Class: 5385K(5632K)->5385K(5632K)
[2024-11-25T04:42:16.203-0700][gc          ] GC(7) Pause Young (Normal) (G1 Evacuation Pause) 193M->149M(1024M) 37.470ms
[2024-11-25T04:42:16.203-0700][gc,cpu      ] GC(7) User=0.04s Sys=0.05s Real=0.04s
[2024-11-25T04:56:57.210-0700][gc,start    ] GC(8) Pause Young (Normal) (G1 Evacuation Pause)
[2024-11-25T04:56:57.211-0700][gc,task     ] GC(8) Using 8 workers of 8 for evacuation
[2024-11-25T04:56:57.239-0700][gc,mmu      ] GC(8) MMU target violated: 21.0ms (20.0ms/21.0ms)
[2024-11-25T04:56:57.239-0700][gc,phases   ] GC(8)   Pre Evacuate Collection Set: 1.5ms
[2024-11-25T04:56:57.239-0700][gc,phases   ] GC(8)   Merge Heap Roots: 0.3ms
[2024-11-25T04:56:57.239-0700][gc,phases   ] GC(8)   Evacuate Collection Set: 23.6ms
[2024-11-25T04:56:57.239-0700][gc,phases   ] GC(8)   Post Evacuate Collection Set: 1.6ms
[2024-11-25T04:56:57.239-0700][gc,phases   ] GC(8)   Other: 3.3ms
[2024-11-25T04:56:57.240-0700][gc,heap     ] GC(8) Eden regions: 46->0(48)
[2024-11-25T04:56:57.240-0700][gc,heap     ] GC(8) Survivor regions: 5->3(7)
[2024-11-25T04:56:57.240-0700][gc,heap     ] GC(8) Old regions: 15->18
[2024-11-25T04:56:57.240-0700][gc,heap     ] GC(8) Archive regions: 2->2
[2024-11-25T04:56:57.240-0700][gc,heap     ] GC(8) Humongous regions: 129->129
[2024-11-25T04:56:57.240-0700][gc,metaspace] GC(8) Metaspace: 44007K(44544K)->44007K(44544K) NonClass: 38617K(38912K)->38617K(38912K) Class: 5390K(5632K)->5390K(5632K)
[2024-11-25T04:56:57.240-0700][gc          ] GC(8) Pause Young (Normal) (G1 Evacuation Pause) 195M->149M(1024M) 29.999ms
[2024-11-25T04:56:57.240-0700][gc,cpu      ] GC(8) User=0.02s Sys=0.04s Real=0.04s
[2024-11-25T05:13:51.781-0700][gc,start    ] GC(9) Pause Young (Normal) (G1 Evacuation Pause)
[2024-11-25T05:13:51.782-0700][gc,task     ] GC(9) Using 8 workers of 8 for evacuation
[2024-11-25T05:13:51.804-0700][gc,mmu      ] GC(9) MMU target violated: 20.8ms (20.0ms/21.0ms)
[2024-11-25T05:13:51.804-0700][gc,phases   ] GC(9)   Pre Evacuate Collection Set: 0.5ms
[2024-11-25T05:13:51.804-0700][gc,phases   ] GC(9)   Merge Heap Roots: 0.1ms
[2024-11-25T05:13:51.804-0700][gc,phases   ] GC(9)   Evacuate Collection Set: 18.5ms
[2024-11-25T05:13:51.804-0700][gc,phases   ] GC(9)   Post Evacuate Collection Set: 1.8ms
[2024-11-25T05:13:51.804-0700][gc,phases   ] GC(9)   Other: 3.1ms
[2024-11-25T05:13:51.804-0700][gc,heap     ] GC(9) Eden regions: 48->0(48)
[2024-11-25T05:13:51.804-0700][gc,heap     ] GC(9) Survivor regions: 3->3(7)
[2024-11-25T05:13:51.804-0700][gc,heap     ] GC(9) Old regions: 18->18
[2024-11-25T05:13:51.804-0700][gc,heap     ] GC(9) Archive regions: 2->2
[2024-11-25T05:13:51.804-0700][gc,heap     ] GC(9) Humongous regions: 129->129
[2024-11-25T05:13:51.804-0700][gc,metaspace] GC(9) Metaspace: 44117K(44736K)->44117K(44736K) NonClass: 38727K(39104K)->38727K(39104K) Class: 5390K(5632K)->5390K(5632K)
[2024-11-25T05:13:51.805-0700][gc          ] GC(9) Pause Young (Normal) (G1 Evacuation Pause) 197M->149M(1024M) 23.737ms
[2024-11-25T05:13:51.805-0700][gc,cpu      ] GC(9) User=0.02s Sys=0.03s Real=0.02s
[2024-11-25T05:28:47.744-0700][gc,start    ] GC(10) Pause Young (Normal) (G1 Evacuation Pause)
[2024-11-25T05:28:47.745-0700][gc,task     ] GC(10) Using 8 workers of 8 for evacuation
[2024-11-25T05:28:47.766-0700][gc,mmu      ] GC(10) MMU target violated: 20.5ms (20.0ms/21.0ms)
[2024-11-25T05:28:47.766-0700][gc,phases   ] GC(10)   Pre Evacuate Collection Set: 1.7ms
[2024-11-25T05:28:47.766-0700][gc,phases   ] GC(10)   Merge Heap Roots: 0.3ms
[2024-11-25T05:28:47.766-0700][gc,phases   ] GC(10)   Evacuate Collection Set: 18.7ms
[2024-11-25T05:28:47.766-0700][gc,phases   ] GC(10)   Post Evacuate Collection Set: 0.4ms
[2024-11-25T05:28:47.766-0700][gc,phases   ] GC(10)   Other: 1.2ms
[2024-11-25T05:28:47.766-0700][gc,heap     ] GC(10) Eden regions: 48->0(47)
[2024-11-25T05:28:47.766-0700][gc,heap     ] GC(10) Survivor regions: 3->4(7)
[2024-11-25T05:28:47.766-0700][gc,heap     ] GC(10) Old regions: 18->18
[2024-11-25T05:28:47.766-0700][gc,heap     ] GC(10) Archive regions: 2->2
[2024-11-25T05:28:47.766-0700][gc,heap     ] GC(10) Humongous regions: 129->129
[2024-11-25T05:28:47.766-0700][gc,metaspace] GC(10) Metaspace: 44333K(44928K)->44333K(44928K) NonClass: 38929K(39296K)->38929K(39296K) Class: 5403K(5632K)->5403K(5632K)
[2024-11-25T05:28:47.766-0700][gc          ] GC(10) Pause Young (Normal) (G1 Evacuation Pause) 197M->150M(1024M) 22.312ms
[2024-11-25T05:28:47.766-0700][gc,cpu      ] GC(10) User=0.02s Sys=0.03s Real=0.02s
[2024-11-25T05:35:54.496-0700][gc,start    ] GC(11) Pause Young (Normal) (G1 Evacuation Pause)
[2024-11-25T05:35:54.497-0700][gc,task     ] GC(11) Using 8 workers of 8 for evacuation
[2024-11-25T05:35:54.502-0700][gc,phases   ] GC(11)   Pre Evacuate Collection Set: 0.2ms
[2024-11-25T05:35:54.502-0700][gc,phases   ] GC(11)   Merge Heap Roots: 0.1ms
[2024-11-25T05:35:54.502-0700][gc,phases   ] GC(11)   Evacuate Collection Set: 4.0ms
[2024-11-25T05:35:54.502-0700][gc,phases   ] GC(11)   Post Evacuate Collection Set: 0.4ms
[2024-11-25T05:35:54.502-0700][gc,phases   ] GC(11)   Other: 0.9ms
[2024-11-25T05:35:54.502-0700][gc,heap     ] GC(11) Eden regions: 47->0(46)
[2024-11-25T05:35:54.502-0700][gc,heap     ] GC(11) Survivor regions: 4->5(7)
[2024-11-25T05:35:54.502-0700][gc,heap     ] GC(11) Old regions: 18->18
[2024-11-25T05:35:54.502-0700][gc,heap     ] GC(11) Archive regions: 2->2
[2024-11-25T05:35:54.502-0700][gc,heap     ] GC(11) Humongous regions: 129->129
[2024-11-25T05:35:54.502-0700][gc,metaspace] GC(11) Metaspace: 44842K(45440K)->44842K(45440K) NonClass: 39387K(39744K)->39387K(39744K) Class: 5454K(5696K)->5454K(5696K)
[2024-11-25T05:35:54.502-0700][gc          ] GC(11) Pause Young (Normal) (G1 Evacuation Pause) 197M->151M(1024M) 5.677ms
[2024-11-25T05:35:54.502-0700][gc,cpu      ] GC(11) User=0.01s Sys=0.01s Real=0.01s
[2024-11-25T05:42:07.616-0700][gc,start    ] GC(12) Pause Young (Normal) (G1 Evacuation Pause)
[2024-11-25T05:42:07.617-0700][gc,task     ] GC(12) Using 8 workers of 8 for evacuation
[2024-11-25T05:42:07.652-0700][gc,mmu      ] GC(12) MMU target violated: 21.0ms (20.0ms/21.0ms)
[2024-11-25T05:42:07.652-0700][gc,phases   ] GC(12)   Pre Evacuate Collection Set: 0.9ms
[2024-11-25T05:42:07.652-0700][gc,phases   ] GC(12)   Merge Heap Roots: 0.1ms
[2024-11-25T05:42:07.652-0700][gc,phases   ] GC(12)   Evacuate Collection Set: 33.0ms
[2024-11-25T05:42:07.652-0700][gc,phases   ] GC(12)   Post Evacuate Collection Set: 0.7ms
[2024-11-25T05:42:07.652-0700][gc,phases   ] GC(12)   Other: 2.3ms
[2024-11-25T05:42:07.652-0700][gc,heap     ] GC(12) Eden regions: 46->0(46)
[2024-11-25T05:42:07.652-0700][gc,heap     ] GC(12) Survivor regions: 5->5(7)
[2024-11-25T05:42:07.652-0700][gc,heap     ] GC(12) Old regions: 18->18
[2024-11-25T05:42:07.652-0700][gc,heap     ] GC(12) Archive regions: 2->2
[2024-11-25T05:42:07.652-0700][gc,heap     ] GC(12) Humongous regions: 129->129
[2024-11-25T05:42:07.652-0700][gc,metaspace] GC(12) Metaspace: 45055K(45632K)->45055K(45632K) NonClass: 39600K(39936K)->39600K(39936K) Class: 5454K(5696K)->5454K(5696K)
[2024-11-25T05:42:07.652-0700][gc          ] GC(12) Pause Young (Normal) (G1 Evacuation Pause) 197M->152M(1024M) 37.155ms
[2024-11-25T05:42:07.652-0700][gc,cpu      ] GC(12) User=0.03s Sys=0.04s Real=0.04s
[2024-11-25T05:48:36.344-0700][gc,start    ] GC(13) Pause Young (Normal) (G1 Evacuation Pause)
[2024-11-25T05:48:36.345-0700][gc,task     ] GC(13) Using 8 workers of 8 for evacuation
[2024-11-25T05:48:36.353-0700][gc,phases   ] GC(13)   Pre Evacuate Collection Set: 0.4ms
[2024-11-25T05:48:36.353-0700][gc,phases   ] GC(13)   Merge Heap Roots: 0.1ms
[2024-11-25T05:48:36.353-0700][gc,phases   ] GC(13)   Evacuate Collection Set: 5.7ms
[2024-11-25T05:48:36.353-0700][gc,phases   ] GC(13)   Post Evacuate Collection Set: 1.1ms
[2024-11-25T05:48:36.353-0700][gc,phases   ] GC(13)   Other: 3.0ms
[2024-11-25T05:48:36.353-0700][gc,heap     ] GC(13) Eden regions: 46->0(46)
[2024-11-25T05:48:36.353-0700][gc,heap     ] GC(13) Survivor regions: 5->5(7)
[2024-11-25T05:48:36.353-0700][gc,heap     ] GC(13) Old regions: 18->19
[2024-11-25T05:48:36.353-0700][gc,heap     ] GC(13) Archive regions: 2->2
[2024-11-25T05:48:36.353-0700][gc,heap     ] GC(13) Humongous regions: 129->129
[2024-11-25T05:48:36.353-0700][gc,metaspace] GC(13) Metaspace: 45199K(45760K)->45199K(45760K) NonClass: 39740K(40064K)->39740K(40064K) Class: 5459K(5696K)->5459K(5696K)
[2024-11-25T05:48:36.353-0700][gc          ] GC(13) Pause Young (Normal) (G1 Evacuation Pause) 198M->152M(1024M) 9.225ms
[2024-11-25T05:48:36.353-0700][gc,cpu      ] GC(13) User=0.02s Sys=0.01s Real=0.01s
[2024-11-25T05:53:17.883-0700][gc,start    ] GC(14) Pause Young (Normal) (G1 Evacuation Pause)
[2024-11-25T05:53:17.884-0700][gc,task     ] GC(14) Using 8 workers of 8 for evacuation
[2024-11-25T05:53:17.901-0700][gc,phases   ] GC(14)   Pre Evacuate Collection Set: 1.2ms
[2024-11-25T05:53:17.901-0700][gc,phases   ] GC(14)   Merge Heap Roots: 0.6ms
[2024-11-25T05:53:17.901-0700][gc,phases   ] GC(14)   Evacuate Collection Set: 11.7ms
[2024-11-25T05:53:17.901-0700][gc,phases   ] GC(14)   Post Evacuate Collection Set: 2.0ms
[2024-11-25T05:53:17.901-0700][gc,phases   ] GC(14)   Other: 4.6ms
[2024-11-25T05:53:17.902-0700][gc,heap     ] GC(14) Eden regions: 46->0(46)
[2024-11-25T05:53:17.902-0700][gc,heap     ] GC(14) Survivor regions: 5->5(7)
[2024-11-25T05:53:17.902-0700][gc,heap     ] GC(14) Old regions: 19->19
[2024-11-25T05:53:17.902-0700][gc,heap     ] GC(14) Archive regions: 2->2
[2024-11-25T05:53:17.902-0700][gc,heap     ] GC(14) Humongous regions: 129->129
[2024-11-25T05:53:17.902-0700][gc,metaspace] GC(14) Metaspace: 45315K(45952K)->45315K(45952K) NonClass: 39856K(40256K)->39856K(40256K) Class: 5459K(5696K)->5459K(5696K)
[2024-11-25T05:53:17.902-0700][gc          ] GC(14) Pause Young (Normal) (G1 Evacuation Pause) 198M->153M(1024M) 19.631ms
[2024-11-25T05:53:17.902-0700][gc,cpu      ] GC(14) User=0.03s Sys=0.02s Real=0.02s
[2024-11-25T05:58:05.998-0700][gc,start    ] GC(15) Pause Young (Normal) (G1 Evacuation Pause)
[2024-11-25T05:58:05.998-0700][gc,task     ] GC(15) Using 8 workers of 8 for evacuation
[2024-11-25T05:58:06.006-0700][gc,phases   ] GC(15)   Pre Evacuate Collection Set: 0.5ms
[2024-11-25T05:58:06.006-0700][gc,phases   ] GC(15)   Merge Heap Roots: 0.1ms
[2024-11-25T05:58:06.006-0700][gc,phases   ] GC(15)   Evacuate Collection Set: 5.8ms
[2024-11-25T05:58:06.006-0700][gc,phases   ] GC(15)   Post Evacuate Collection Set: 0.7ms
[2024-11-25T05:58:06.006-0700][gc,phases   ] GC(15)   Other: 2.0ms
[2024-11-25T05:58:06.006-0700][gc,heap     ] GC(15) Eden regions: 46->0(92)
[2024-11-25T05:58:06.006-0700][gc,heap     ] GC(15) Survivor regions: 5->4(7)
[2024-11-25T05:58:06.006-0700][gc,heap     ] GC(15) Old regions: 19->21
[2024-11-25T05:58:06.006-0700][gc,heap     ] GC(15) Archive regions: 2->2
[2024-11-25T05:58:06.006-0700][gc,heap     ] GC(15) Humongous regions: 129->129
[2024-11-25T05:58:06.006-0700][gc,metaspace] GC(15) Metaspace: 45380K(45952K)->45380K(45952K) NonClass: 39921K(40256K)->39921K(40256K) Class: 5459K(5696K)->5459K(5696K)
[2024-11-25T05:58:06.006-0700][gc          ] GC(15) Pause Young (Normal) (G1 Evacuation Pause) 199M->153M(1024M) 8.720ms
[2024-11-25T05:58:06.006-0700][gc,cpu      ] GC(15) User=0.01s Sys=0.02s Real=0.01s
[2024-11-25T06:10:51.025-0700][gc,start    ] GC(16) Pause Young (Normal) (G1 Evacuation Pause)
[2024-11-25T06:10:51.026-0700][gc,task     ] GC(16) Using 8 workers of 8 for evacuation
[2024-11-25T06:10:51.062-0700][gc,mmu      ] GC(16) MMU target violated: 21.0ms (20.0ms/21.0ms)
[2024-11-25T06:10:51.062-0700][gc,phases   ] GC(16)   Pre Evacuate Collection Set: 1.0ms
[2024-11-25T06:10:51.062-0700][gc,phases   ] GC(16)   Merge Heap Roots: 0.3ms
[2024-11-25T06:10:51.062-0700][gc,phases   ] GC(16)   Evacuate Collection Set: 31.4ms
[2024-11-25T06:10:51.062-0700][gc,phases   ] GC(16)   Post Evacuate Collection Set: 1.8ms
[2024-11-25T06:10:51.062-0700][gc,phases   ] GC(16)   Other: 4.0ms
[2024-11-25T06:10:51.062-0700][gc,heap     ] GC(16) Eden regions: 92->0(45)
[2024-11-25T06:10:51.062-0700][gc,heap     ] GC(16) Survivor regions: 4->6(12)
[2024-11-25T06:10:51.062-0700][gc,heap     ] GC(16) Old regions: 21->21
[2024-11-25T06:10:51.062-0700][gc,heap     ] GC(16) Archive regions: 2->2
[2024-11-25T06:10:51.062-0700][gc,heap     ] GC(16) Humongous regions: 129->129
[2024-11-25T06:10:51.062-0700][gc,metaspace] GC(16) Metaspace: 45478K(46080K)->45478K(46080K) NonClass: 40019K(40384K)->40019K(40384K) Class: 5459K(5696K)->5459K(5696K)
[2024-11-25T06:10:51.063-0700][gc          ] GC(16) Pause Young (Normal) (G1 Evacuation Pause) 245M->155M(1024M) 38.441ms
[2024-11-25T06:10:51.063-0700][gc,cpu      ] GC(16) User=0.03s Sys=0.07s Real=0.04s
[2024-11-25T06:20:44.618-0700][gc,start    ] GC(17) Pause Young (Normal) (G1 Evacuation Pause)
[2024-11-25T06:20:44.620-0700][gc,task     ] GC(17) Using 8 workers of 8 for evacuation
[2024-11-25T06:20:44.651-0700][gc,mmu      ] GC(17) MMU target violated: 21.0ms (20.0ms/21.0ms)
[2024-11-25T06:20:44.651-0700][gc,phases   ] GC(17)   Pre Evacuate Collection Set: 1.2ms
[2024-11-25T06:20:44.651-0700][gc,phases   ] GC(17)   Merge Heap Roots: 0.4ms
[2024-11-25T06:20:44.651-0700][gc,phases   ] GC(17)   Evacuate Collection Set: 26.4ms
[2024-11-25T06:20:44.651-0700][gc,phases   ] GC(17)   Post Evacuate Collection Set: 1.6ms
[2024-11-25T06:20:44.651-0700][gc,phases   ] GC(17)   Other: 4.7ms
[2024-11-25T06:20:44.651-0700][gc,heap     ] GC(17) Eden regions: 45->0(46)
[2024-11-25T06:20:44.651-0700][gc,heap     ] GC(17) Survivor regions: 6->5(7)
[2024-11-25T06:20:44.651-0700][gc,heap     ] GC(17) Old regions: 21->22
[2024-11-25T06:20:44.651-0700][gc,heap     ] GC(17) Archive regions: 2->2
[2024-11-25T06:20:44.651-0700][gc,heap     ] GC(17) Humongous regions: 129->129
[2024-11-25T06:20:44.652-0700][gc,metaspace] GC(17) Metaspace: 45481K(46080K)->45481K(46080K) NonClass: 40022K(40384K)->40022K(40384K) Class: 5459K(5696K)->5459K(5696K)
[2024-11-25T06:20:44.652-0700][gc          ] GC(17) Pause Young (Normal) (G1 Evacuation Pause) 200M->156M(1024M) 34.184ms
[2024-11-25T06:20:44.652-0700][gc,cpu      ] GC(17) User=0.03s Sys=0.04s Real=0.04s
[2024-11-25T06:30:03.061-0700][gc,start    ] GC(18) Pause Young (Normal) (G1 Evacuation Pause)
[2024-11-25T06:30:03.063-0700][gc,task     ] GC(18) Using 8 workers of 8 for evacuation
[2024-11-25T06:30:03.097-0700][gc,mmu      ] GC(18) MMU target violated: 21.0ms (20.0ms/21.0ms)
[2024-11-25T06:30:03.097-0700][gc,phases   ] GC(18)   Pre Evacuate Collection Set: 3.0ms
[2024-11-25T06:30:03.097-0700][gc,phases   ] GC(18)   Merge Heap Roots: 1.1ms
[2024-11-25T06:30:03.097-0700][gc,phases   ] GC(18)   Evacuate Collection Set: 25.2ms
[2024-11-25T06:30:03.097-0700][gc,phases   ] GC(18)   Post Evacuate Collection Set: 3.3ms
[2024-11-25T06:30:03.097-0700][gc,phases   ] GC(18)   Other: 5.5ms
[2024-11-25T06:30:03.097-0700][gc,heap     ] GC(18) Eden regions: 46->0(47)
[2024-11-25T06:30:03.097-0700][gc,heap     ] GC(18) Survivor regions: 5->4(7)
[2024-11-25T06:30:03.097-0700][gc,heap     ] GC(18) Old regions: 22->24
[2024-11-25T06:30:03.097-0700][gc,heap     ] GC(18) Archive regions: 2->2
[2024-11-25T06:30:03.097-0700][gc,heap     ] GC(18) Humongous regions: 129->129
[2024-11-25T06:30:03.097-0700][gc,metaspace] GC(18) Metaspace: 45492K(46080K)->45492K(46080K) NonClass: 40033K(40384K)->40033K(40384K) Class: 5459K(5696K)->5459K(5696K)
[2024-11-25T06:30:03.097-0700][gc          ] GC(18) Pause Young (Normal) (G1 Evacuation Pause) 202M->156M(1024M) 37.192ms
[2024-11-25T06:30:03.097-0700][gc,cpu      ] GC(18) User=0.02s Sys=0.05s Real=0.03s
[2024-11-25T11:07:37.882-0700][gc,start    ] GC(19) Pause Young (Normal) (G1 Evacuation Pause)
[2024-11-25T11:07:37.883-0700][gc,task     ] GC(19) Using 8 workers of 8 for evacuation
[2024-11-25T11:07:37.917-0700][gc,mmu      ] GC(19) MMU target violated: 21.0ms (20.0ms/21.0ms)
[2024-11-25T11:07:37.917-0700][gc,phases   ] GC(19)   Pre Evacuate Collection Set: 2.2ms
[2024-11-25T11:07:37.917-0700][gc,phases   ] GC(19)   Merge Heap Roots: 0.8ms
[2024-11-25T11:07:37.917-0700][gc,phases   ] GC(19)   Evacuate Collection Set: 26.3ms
[2024-11-25T11:07:37.917-0700][gc,phases   ] GC(19)   Post Evacuate Collection Set: 2.5ms
[2024-11-25T11:07:37.918-0700][gc,phases   ] GC(19)   Other: 6.1ms
[2024-11-25T11:07:37.918-0700][gc,heap     ] GC(19) Eden regions: 47->0(46)
[2024-11-25T11:07:37.918-0700][gc,heap     ] GC(19) Survivor regions: 4->5(7)
[2024-11-25T11:07:37.918-0700][gc,heap     ] GC(19) Old regions: 24->24
[2024-11-25T11:07:37.918-0700][gc,heap     ] GC(19) Archive regions: 2->2
[2024-11-25T11:07:37.918-0700][gc,heap     ] GC(19) Humongous regions: 129->129
[2024-11-25T11:07:37.919-0700][gc,metaspace] GC(19) Metaspace: 45496K(46080K)->45496K(46080K) NonClass: 40036K(40384K)->40036K(40384K) Class: 5459K(5696K)->5459K(5696K)
[2024-11-25T11:07:37.919-0700][gc          ] GC(19) Pause Young (Normal) (G1 Evacuation Pause) 203M->158M(1024M) 37.806ms
[2024-11-25T11:07:37.919-0700][gc,cpu      ] GC(19) User=0.01s Sys=0.05s Real=0.03s
[2024-11-25T11:17:45.775-0700][gc,start    ] GC(20) Pause Young (Normal) (G1 Evacuation Pause)
[2024-11-25T11:17:45.776-0700][gc,task     ] GC(20) Using 8 workers of 8 for evacuation
[2024-11-25T11:17:45.834-0700][gc,mmu      ] GC(20) MMU target violated: 21.0ms (20.0ms/21.0ms)
[2024-11-25T11:17:45.835-0700][gc,phases   ] GC(20)   Pre Evacuate Collection Set: 10.8ms
[2024-11-25T11:17:45.835-0700][gc,phases   ] GC(20)   Merge Heap Roots: 0.5ms
[2024-11-25T11:17:45.835-0700][gc,phases   ] GC(20)   Evacuate Collection Set: 39.8ms
[2024-11-25T11:17:45.835-0700][gc,phases   ] GC(20)   Post Evacuate Collection Set: 5.7ms
[2024-11-25T11:17:45.835-0700][gc,phases   ] GC(20)   Other: 5.2ms
[2024-11-25T11:17:45.835-0700][gc,heap     ] GC(20) Eden regions: 46->0(46)
[2024-11-25T11:17:45.835-0700][gc,heap     ] GC(20) Survivor regions: 5->5(7)
[2024-11-25T11:17:45.836-0700][gc,heap     ] GC(20) Old regions: 24->25
[2024-11-25T11:17:45.836-0700][gc,heap     ] GC(20) Archive regions: 2->2
[2024-11-25T11:17:45.836-0700][gc,heap     ] GC(20) Humongous regions: 129->129
[2024-11-25T11:17:45.836-0700][gc,metaspace] GC(20) Metaspace: 45497K(46080K)->45497K(46080K) NonClass: 40038K(40384K)->40038K(40384K) Class: 5459K(5696K)->5459K(5696K)
[2024-11-25T11:17:45.836-0700][gc          ] GC(20) Pause Young (Normal) (G1 Evacuation Pause) 204M->159M(1024M) 61.973ms
[2024-11-25T11:17:45.836-0700][gc,cpu      ] GC(20) User=0.01s Sys=0.05s Real=0.06s
[2024-11-25T11:27:52.818-0700][gc,start    ] GC(21) Pause Young (Normal) (G1 Evacuation Pause)
[2024-11-25T11:27:52.819-0700][gc,task     ] GC(21) Using 8 workers of 8 for evacuation
[2024-11-25T11:27:52.835-0700][gc,phases   ] GC(21)   Pre Evacuate Collection Set: 1.0ms
[2024-11-25T11:27:52.835-0700][gc,phases   ] GC(21)   Merge Heap Roots: 0.2ms
[2024-11-25T11:27:52.835-0700][gc,phases   ] GC(21)   Evacuate Collection Set: 10.4ms
[2024-11-25T11:27:52.835-0700][gc,phases   ] GC(21)   Post Evacuate Collection Set: 4.3ms
[2024-11-25T11:27:52.835-0700][gc,phases   ] GC(21)   Other: 2.5ms
[2024-11-25T11:27:52.835-0700][gc,heap     ] GC(21) Eden regions: 46->0(48)
[2024-11-25T11:27:52.835-0700][gc,heap     ] GC(21) Survivor regions: 5->3(7)
[2024-11-25T11:27:52.835-0700][gc,heap     ] GC(21) Old regions: 25->27
[2024-11-25T11:27:52.836-0700][gc,heap     ] GC(21) Archive regions: 2->2
[2024-11-25T11:27:52.836-0700][gc,heap     ] GC(21) Humongous regions: 129->129
[2024-11-25T11:27:52.836-0700][gc,metaspace] GC(21) Metaspace: 45498K(46080K)->45498K(46080K) NonClass: 40038K(40384K)->40038K(40384K) Class: 5459K(5696K)->5459K(5696K)
[2024-11-25T11:27:52.836-0700][gc          ] GC(21) Pause Young (Normal) (G1 Evacuation Pause) 205M->158M(1024M) 18.123ms
[2024-11-25T11:27:52.836-0700][gc,cpu      ] GC(21) User=0.02s Sys=0.02s Real=0.02s
[2024-11-25T11:38:25.101-0700][gc,start    ] GC(22) Pause Young (Normal) (G1 Evacuation Pause)
[2024-11-25T11:38:25.103-0700][gc,task     ] GC(22) Using 8 workers of 8 for evacuation
[2024-11-25T11:38:25.146-0700][gc,mmu      ] GC(22) MMU target violated: 21.0ms (20.0ms/21.0ms)
[2024-11-25T11:38:25.146-0700][gc,phases   ] GC(22)   Pre Evacuate Collection Set: 4.2ms
[2024-11-25T11:38:25.146-0700][gc,phases   ] GC(22)   Merge Heap Roots: 1.2ms
[2024-11-25T11:38:25.146-0700][gc,phases   ] GC(22)   Evacuate Collection Set: 23.2ms
[2024-11-25T11:38:25.146-0700][gc,phases   ] GC(22)   Post Evacuate Collection Set: 4.5ms
[2024-11-25T11:38:25.147-0700][gc,phases   ] GC(22)   Other: 14.7ms
[2024-11-25T11:38:25.147-0700][gc,heap     ] GC(22) Eden regions: 48->0(48)
[2024-11-25T11:38:25.147-0700][gc,heap     ] GC(22) Survivor regions: 3->3(7)
[2024-11-25T11:38:25.147-0700][gc,heap     ] GC(22) Old regions: 27->27
[2024-11-25T11:38:25.147-0700][gc,heap     ] GC(22) Archive regions: 2->2
[2024-11-25T11:38:25.147-0700][gc,heap     ] GC(22) Humongous regions: 129->129
[2024-11-25T11:38:25.147-0700][gc,metaspace] GC(22) Metaspace: 45498K(46080K)->45498K(46080K) NonClass: 40039K(40384K)->40039K(40384K) Class: 5459K(5696K)->5459K(5696K)
[2024-11-25T11:38:25.147-0700][gc          ] GC(22) Pause Young (Normal) (G1 Evacuation Pause) 206M->159M(1024M) 47.118ms
[2024-11-25T11:38:25.147-0700][gc,cpu      ] GC(22) User=0.02s Sys=0.05s Real=0.04s
[2024-11-25T11:49:00.863-0700][gc,start    ] GC(23) Pause Young (Normal) (G1 Evacuation Pause)
[2024-11-25T11:49:00.864-0700][gc,task     ] GC(23) Using 8 workers of 8 for evacuation
[2024-11-25T11:49:00.912-0700][gc,mmu      ] GC(23) MMU target violated: 21.0ms (20.0ms/21.0ms)
[2024-11-25T11:49:00.912-0700][gc,phases   ] GC(23)   Pre Evacuate Collection Set: 3.2ms
[2024-11-25T11:49:00.912-0700][gc,phases   ] GC(23)   Merge Heap Roots: 1.8ms
[2024-11-25T11:49:00.912-0700][gc,phases   ] GC(23)   Evacuate Collection Set: 36.2ms
[2024-11-25T11:49:00.912-0700][gc,phases   ] GC(23)   Post Evacuate Collection Set: 5.4ms
[2024-11-25T11:49:00.912-0700][gc,phases   ] GC(23)   Other: 4.5ms
[2024-11-25T11:49:00.912-0700][gc,heap     ] GC(23) Eden regions: 48->0(48)
[2024-11-25T11:49:00.912-0700][gc,heap     ] GC(23) Survivor regions: 3->3(7)
[2024-11-25T11:49:00.912-0700][gc,heap     ] GC(23) Old regions: 27->27
[2024-11-25T11:49:00.912-0700][gc,heap     ] GC(23) Archive regions: 2->2
[2024-11-25T11:49:00.912-0700][gc,heap     ] GC(23) Humongous regions: 129->129
[2024-11-25T11:49:00.913-0700][gc,metaspace] GC(23) Metaspace: 45501K(46080K)->45501K(46080K) NonClass: 40042K(40384K)->40042K(40384K) Class: 5459K(5696K)->5459K(5696K)
[2024-11-25T11:49:00.913-0700][gc          ] GC(23) Pause Young (Normal) (G1 Evacuation Pause) 207M->159M(1024M) 50.602ms
[2024-11-25T11:49:00.913-0700][gc,cpu      ] GC(23) User=0.01s Sys=0.05s Real=0.05s
[2024-11-25T11:58:44.001-0700][gc,start    ] GC(24) Pause Young (Normal) (G1 Evacuation Pause)
[2024-11-25T11:58:44.003-0700][gc,task     ] GC(24) Using 8 workers of 8 for evacuation
[2024-11-25T11:58:44.041-0700][gc,mmu      ] GC(24) MMU target violated: 21.0ms (20.0ms/21.0ms)
[2024-11-25T11:58:44.041-0700][gc,phases   ] GC(24)   Pre Evacuate Collection Set: 4.7ms
[2024-11-25T11:58:44.041-0700][gc,phases   ] GC(24)   Merge Heap Roots: 1.6ms
[2024-11-25T11:58:44.041-0700][gc,phases   ] GC(24)   Evacuate Collection Set: 26.2ms
[2024-11-25T11:58:44.041-0700][gc,phases   ] GC(24)   Post Evacuate Collection Set: 3.9ms
[2024-11-25T11:58:44.041-0700][gc,phases   ] GC(24)   Other: 6.2ms
[2024-11-25T11:58:44.041-0700][gc,heap     ] GC(24) Eden regions: 48->0(46)
[2024-11-25T11:58:44.041-0700][gc,heap     ] GC(24) Survivor regions: 3->5(7)
[2024-11-25T11:58:44.041-0700][gc,heap     ] GC(24) Old regions: 27->27
[2024-11-25T11:58:44.041-0700][gc,heap     ] GC(24) Archive regions: 2->2
[2024-11-25T11:58:44.041-0700][gc,heap     ] GC(24) Humongous regions: 129->129
[2024-11-25T11:58:44.041-0700][gc,metaspace] GC(24) Metaspace: 45504K(46080K)->45504K(46080K) NonClass: 40045K(40384K)->40045K(40384K) Class: 5459K(5696K)->5459K(5696K)
[2024-11-25T11:58:44.041-0700][gc          ] GC(24) Pause Young (Normal) (G1 Evacuation Pause) 207M->160M(1024M) 40.831ms
[2024-11-25T11:58:44.041-0700][gc,cpu      ] GC(24) User=0.01s Sys=0.05s Real=0.04s
[2024-11-25T12:08:52.794-0700][gc,start    ] GC(25) Pause Young (Normal) (G1 Evacuation Pause)
[2024-11-25T12:08:52.796-0700][gc,task     ] GC(25) Using 8 workers of 8 for evacuation
[2024-11-25T12:08:52.857-0700][gc,mmu      ] GC(25) MMU target violated: 21.0ms (20.0ms/21.0ms)
[2024-11-25T12:08:52.858-0700][gc,phases   ] GC(25)   Pre Evacuate Collection Set: 5.5ms
[2024-11-25T12:08:52.858-0700][gc,phases   ] GC(25)   Merge Heap Roots: 1.5ms
[2024-11-25T12:08:52.858-0700][gc,phases   ] GC(25)   Evacuate Collection Set: 46.0ms
[2024-11-25T12:08:52.858-0700][gc,phases   ] GC(25)   Post Evacuate Collection Set: 4.4ms
[2024-11-25T12:08:52.859-0700][gc,phases   ] GC(25)   Other: 9.9ms
[2024-11-25T12:08:52.859-0700][gc,heap     ] GC(25) Eden regions: 46->0(46)
[2024-11-25T12:08:52.859-0700][gc,heap     ] GC(25) Survivor regions: 5->5(7)
[2024-11-25T12:08:52.859-0700][gc,heap     ] GC(25) Old regions: 27->28
[2024-11-25T12:08:52.859-0700][gc,heap     ] GC(25) Archive regions: 2->2
[2024-11-25T12:08:52.859-0700][gc,heap     ] GC(25) Humongous regions: 129->129
[2024-11-25T12:08:52.860-0700][gc,metaspace] GC(25) Metaspace: 45507K(46080K)->45507K(46080K) NonClass: 40048K(40384K)->40048K(40384K) Class: 5459K(5696K)->5459K(5696K)
[2024-11-25T12:08:52.860-0700][gc          ] GC(25) Pause Young (Normal) (G1 Evacuation Pause) 206M->161M(1024M) 66.476ms
[2024-11-25T12:08:52.860-0700][gc,cpu      ] GC(25) User=0.03s Sys=0.05s Real=0.07s
[2024-11-25T12:19:05.440-0700][gc,start    ] GC(26) Pause Young (Normal) (G1 Evacuation Pause)
[2024-11-25T12:19:05.442-0700][gc,task     ] GC(26) Using 8 workers of 8 for evacuation
[2024-11-25T12:19:05.488-0700][gc,mmu      ] GC(26) MMU target violated: 21.0ms (20.0ms/21.0ms)
[2024-11-25T12:19:05.489-0700][gc,phases   ] GC(26)   Pre Evacuate Collection Set: 7.0ms
[2024-11-25T12:19:05.489-0700][gc,phases   ] GC(26)   Merge Heap Roots: 0.8ms
[2024-11-25T12:19:05.489-0700][gc,phases   ] GC(26)   Evacuate Collection Set: 31.7ms
[2024-11-25T12:19:05.489-0700][gc,phases   ] GC(26)   Post Evacuate Collection Set: 4.5ms
[2024-11-25T12:19:05.489-0700][gc,phases   ] GC(26)   Other: 10.8ms
[2024-11-25T12:19:05.489-0700][gc,heap     ] GC(26) Eden regions: 46->0(48)
[2024-11-25T12:19:05.489-0700][gc,heap     ] GC(26) Survivor regions: 5->3(7)
[2024-11-25T12:19:05.489-0700][gc,heap     ] GC(26) Old regions: 28->29
[2024-11-25T12:19:05.489-0700][gc,heap     ] GC(26) Archive regions: 2->2
[2024-11-25T12:19:05.489-0700][gc,heap     ] GC(26) Humongous regions: 129->129
[2024-11-25T12:19:05.490-0700][gc,metaspace] GC(26) Metaspace: 45522K(46080K)->45522K(46080K) NonClass: 40063K(40384K)->40063K(40384K) Class: 5459K(5696K)->5459K(5696K)
[2024-11-25T12:19:05.491-0700][gc          ] GC(26) Pause Young (Normal) (G1 Evacuation Pause) 207M->160M(1024M) 53.525ms
[2024-11-25T12:19:05.491-0700][gc,cpu      ] GC(26) User=0.01s Sys=0.04s Real=0.06s
[2024-11-25T12:29:42.787-0700][gc,start    ] GC(27) Pause Young (Normal) (G1 Evacuation Pause)
[2024-11-25T12:29:42.789-0700][gc,task     ] GC(27) Using 8 workers of 8 for evacuation
[2024-11-25T12:29:42.841-0700][gc,mmu      ] GC(27) MMU target violated: 21.0ms (20.0ms/21.0ms)
[2024-11-25T12:29:42.841-0700][gc,phases   ] GC(27)   Pre Evacuate Collection Set: 7.5ms
[2024-11-25T12:29:42.841-0700][gc,phases   ] GC(27)   Merge Heap Roots: 5.6ms
[2024-11-25T12:29:42.841-0700][gc,phases   ] GC(27)   Evacuate Collection Set: 29.5ms
[2024-11-25T12:29:42.841-0700][gc,phases   ] GC(27)   Post Evacuate Collection Set: 6.7ms
[2024-11-25T12:29:42.842-0700][gc,phases   ] GC(27)   Other: 7.1ms
[2024-11-25T12:29:42.842-0700][gc,heap     ] GC(27) Eden regions: 48->0(47)
[2024-11-25T12:29:42.842-0700][gc,heap     ] GC(27) Survivor regions: 3->4(7)
[2024-11-25T12:29:42.842-0700][gc,heap     ] GC(27) Old regions: 29->29
[2024-11-25T12:29:42.842-0700][gc,heap     ] GC(27) Archive regions: 2->2
[2024-11-25T12:29:42.842-0700][gc,heap     ] GC(27) Humongous regions: 129->129
[2024-11-25T12:29:42.842-0700][gc,metaspace] GC(27) Metaspace: 45522K(46080K)->45522K(46080K) NonClass: 40063K(40384K)->40063K(40384K) Class: 5459K(5696K)->5459K(5696K)
[2024-11-25T12:29:42.843-0700][gc          ] GC(27) Pause Young (Normal) (G1 Evacuation Pause) 208M->161M(1024M) 56.444ms
[2024-11-25T12:29:42.843-0700][gc,cpu      ] GC(27) User=0.02s Sys=0.05s Real=0.06s
[2024-11-25T12:40:07.491-0700][gc,start    ] GC(28) Pause Young (Normal) (G1 Evacuation Pause)
[2024-11-25T12:40:07.493-0700][gc,task     ] GC(28) Using 8 workers of 8 for evacuation
[2024-11-25T12:40:07.527-0700][gc,mmu      ] GC(28) MMU target violated: 21.0ms (20.0ms/21.0ms)
[2024-11-25T12:40:07.527-0700][gc,phases   ] GC(28)   Pre Evacuate Collection Set: 3.3ms
[2024-11-25T12:40:07.527-0700][gc,phases   ] GC(28)   Merge Heap Roots: 1.2ms
[2024-11-25T12:40:07.527-0700][gc,phases   ] GC(28)   Evacuate Collection Set: 22.5ms
[2024-11-25T12:40:07.527-0700][gc,phases   ] GC(28)   Post Evacuate Collection Set: 4.2ms
[2024-11-25T12:40:07.528-0700][gc,phases   ] GC(28)   Other: 7.7ms
[2024-11-25T12:40:07.528-0700][gc,heap     ] GC(28) Eden regions: 47->0(48)
[2024-11-25T12:40:07.528-0700][gc,heap     ] GC(28) Survivor regions: 4->3(7)
[2024-11-25T12:40:07.528-0700][gc,heap     ] GC(28) Old regions: 29->29
[2024-11-25T12:40:07.528-0700][gc,heap     ] GC(28) Archive regions: 2->2
[2024-11-25T12:40:07.528-0700][gc,heap     ] GC(28) Humongous regions: 129->129
[2024-11-25T12:40:07.528-0700][gc,metaspace] GC(28) Metaspace: 45522K(46080K)->45522K(46080K) NonClass: 40063K(40384K)->40063K(40384K) Class: 5459K(5696K)->5459K(5696K)
[2024-11-25T12:40:07.528-0700][gc          ] GC(28) Pause Young (Normal) (G1 Evacuation Pause) 208M->161M(1024M) 38.029ms
[2024-11-25T12:40:07.528-0700][gc,cpu      ] GC(28) User=0.01s Sys=0.06s Real=0.03s
[2024-11-25T12:50:15.371-0700][gc,start    ] GC(29) Pause Young (Normal) (G1 Evacuation Pause)
[2024-11-25T12:50:15.373-0700][gc,task     ] GC(29) Using 8 workers of 8 for evacuation
[2024-11-25T12:50:15.413-0700][gc,mmu      ] GC(29) MMU target violated: 21.0ms (20.0ms/21.0ms)
[2024-11-25T12:50:15.413-0700][gc,phases   ] GC(29)   Pre Evacuate Collection Set: 11.8ms
[2024-11-25T12:50:15.413-0700][gc,phases   ] GC(29)   Merge Heap Roots: 0.8ms
[2024-11-25T12:50:15.413-0700][gc,phases   ] GC(29)   Evacuate Collection Set: 21.1ms
[2024-11-25T12:50:15.413-0700][gc,phases   ] GC(29)   Post Evacuate Collection Set: 4.7ms
[2024-11-25T12:50:15.413-0700][gc,phases   ] GC(29)   Other: 5.2ms
[2024-11-25T12:50:15.413-0700][gc,heap     ] GC(29) Eden regions: 48->0(47)
[2024-11-25T12:50:15.413-0700][gc,heap     ] GC(29) Survivor regions: 3->4(7)
[2024-11-25T12:50:15.413-0700][gc,heap     ] GC(29) Old regions: 29->29
[2024-11-25T12:50:15.413-0700][gc,heap     ] GC(29) Archive regions: 2->2
[2024-11-25T12:50:15.413-0700][gc,heap     ] GC(29) Humongous regions: 129->129
[2024-11-25T12:50:15.414-0700][gc,metaspace] GC(29) Metaspace: 45523K(46080K)->45523K(46080K) NonClass: 40064K(40384K)->40064K(40384K) Class: 5459K(5696K)->5459K(5696K)
[2024-11-25T12:50:15.414-0700][gc          ] GC(29) Pause Young (Normal) (G1 Evacuation Pause) 209M->161M(1024M) 42.903ms
[2024-11-25T12:50:15.414-0700][gc,cpu      ] GC(29) User=0.01s Sys=0.03s Real=0.04s
[2024-11-25T13:00:16.298-0700][gc,start    ] GC(30) Pause Young (Normal) (G1 Evacuation Pause)
[2024-11-25T13:00:16.300-0700][gc,task     ] GC(30) Using 8 workers of 8 for evacuation
[2024-11-25T13:00:16.336-0700][gc,mmu      ] GC(30) MMU target violated: 21.0ms (20.0ms/21.0ms)
[2024-11-25T13:00:16.336-0700][gc,phases   ] GC(30)   Pre Evacuate Collection Set: 3.2ms
[2024-11-25T13:00:16.336-0700][gc,phases   ] GC(30)   Merge Heap Roots: 0.9ms
[2024-11-25T13:00:16.336-0700][gc,phases   ] GC(30)   Evacuate Collection Set: 26.9ms
[2024-11-25T13:00:16.336-0700][gc,phases   ] GC(30)   Post Evacuate Collection Set: 3.4ms
[2024-11-25T13:00:16.336-0700][gc,phases   ] GC(30)   Other: 5.3ms
[2024-11-25T13:00:16.336-0700][gc,heap     ] GC(30) Eden regions: 47->0(45)
[2024-11-25T13:00:16.336-0700][gc,heap     ] GC(30) Survivor regions: 4->6(7)
[2024-11-25T13:00:16.336-0700][gc,heap     ] GC(30) Old regions: 29->29
[2024-11-25T13:00:16.336-0700][gc,heap     ] GC(30) Archive regions: 2->2
[2024-11-25T13:00:16.336-0700][gc,heap     ] GC(30) Humongous regions: 129->129
[2024-11-25T13:00:16.336-0700][gc,metaspace] GC(30) Metaspace: 45524K(46080K)->45524K(46080K) NonClass: 40065K(40384K)->40065K(40384K) Class: 5459K(5696K)->5459K(5696K)
[2024-11-25T13:00:16.336-0700][gc          ] GC(30) Pause Young (Normal) (G1 Evacuation Pause) 208M->163M(1024M) 39.029ms
[2024-11-25T13:00:16.336-0700][gc,cpu      ] GC(30) User=0.03s Sys=0.06s Real=0.04s
[2024-11-25T13:10:08.095-0700][gc,start    ] GC(31) Pause Young (Normal) (G1 Evacuation Pause)
[2024-11-25T13:10:08.096-0700][gc,task     ] GC(31) Using 8 workers of 8 for evacuation
[2024-11-25T13:10:08.136-0700][gc,mmu      ] GC(31) MMU target violated: 21.0ms (20.0ms/21.0ms)
[2024-11-25T13:10:08.136-0700][gc,phases   ] GC(31)   Pre Evacuate Collection Set: 5.6ms
[2024-11-25T13:10:08.136-0700][gc,phases   ] GC(31)   Merge Heap Roots: 1.9ms
[2024-11-25T13:10:08.136-0700][gc,phases   ] GC(31)   Evacuate Collection Set: 28.0ms
[2024-11-25T13:10:08.136-0700][gc,phases   ] GC(31)   Post Evacuate Collection Set: 2.8ms
[2024-11-25T13:10:08.136-0700][gc,phases   ] GC(31)   Other: 4.6ms
[2024-11-25T13:10:08.136-0700][gc,heap     ] GC(31) Eden regions: 45->0(48)
[2024-11-25T13:10:08.136-0700][gc,heap     ] GC(31) Survivor regions: 6->3(7)
[2024-11-25T13:10:08.136-0700][gc,heap     ] GC(31) Old regions: 29->31
[2024-11-25T13:10:08.136-0700][gc,heap     ] GC(31) Archive regions: 2->2
[2024-11-25T13:10:08.136-0700][gc,heap     ] GC(31) Humongous regions: 129->129
[2024-11-25T13:10:08.136-0700][gc,metaspace] GC(31) Metaspace: 45536K(46080K)->45536K(46080K) NonClass: 40076K(40384K)->40076K(40384K) Class: 5459K(5696K)->5459K(5696K)
[2024-11-25T13:10:08.136-0700][gc          ] GC(31) Pause Young (Normal) (G1 Evacuation Pause) 208M->163M(1024M) 41.859ms
[2024-11-25T13:10:08.137-0700][gc,cpu      ] GC(31) User=0.01s Sys=0.06s Real=0.04s
[2024-11-25T13:20:42.644-0700][gc,start    ] GC(32) Pause Young (Normal) (G1 Evacuation Pause)
[2024-11-25T13:20:42.647-0700][gc,task     ] GC(32) Using 8 workers of 8 for evacuation
[2024-11-25T13:20:42.691-0700][gc,mmu      ] GC(32) MMU target violated: 21.0ms (20.0ms/21.0ms)
[2024-11-25T13:20:42.691-0700][gc,phases   ] GC(32)   Pre Evacuate Collection Set: 5.6ms
[2024-11-25T13:20:42.691-0700][gc,phases   ] GC(32)   Merge Heap Roots: 0.9ms
[2024-11-25T13:20:42.691-0700][gc,phases   ] GC(32)   Evacuate Collection Set: 31.5ms
[2024-11-25T13:20:42.691-0700][gc,phases   ] GC(32)   Post Evacuate Collection Set: 4.3ms
[2024-11-25T13:20:42.691-0700][gc,phases   ] GC(32)   Other: 7.4ms
[2024-11-25T13:20:42.692-0700][gc,heap     ] GC(32) Eden regions: 48->0(46)
[2024-11-25T13:20:42.692-0700][gc,heap     ] GC(32) Survivor regions: 3->5(7)
[2024-11-25T13:20:42.692-0700][gc,heap     ] GC(32) Old regions: 31->31
[2024-11-25T13:20:42.692-0700][gc,heap     ] GC(32) Archive regions: 2->2
[2024-11-25T13:20:42.692-0700][gc,heap     ] GC(32) Humongous regions: 129->129
[2024-11-25T13:20:42.692-0700][gc,metaspace] GC(32) Metaspace: 45536K(46080K)->45536K(46080K) NonClass: 40077K(40384K)->40077K(40384K) Class: 5459K(5696K)->5459K(5696K)
[2024-11-25T13:20:42.692-0700][gc          ] GC(32) Pause Young (Normal) (G1 Evacuation Pause) 211M->165M(1024M) 48.742ms
[2024-11-25T13:20:42.692-0700][gc,cpu      ] GC(32) User=0.02s Sys=0.08s Real=0.05s
[2024-11-25T13:30:44.592-0700][gc,start    ] GC(33) Pause Young (Normal) (G1 Evacuation Pause)
[2024-11-25T13:30:44.594-0700][gc,task     ] GC(33) Using 8 workers of 8 for evacuation
[2024-11-25T13:30:44.633-0700][gc,mmu      ] GC(33) MMU target violated: 21.0ms (20.0ms/21.0ms)
[2024-11-25T13:30:44.633-0700][gc,phases   ] GC(33)   Pre Evacuate Collection Set: 3.8ms
[2024-11-25T13:30:44.633-0700][gc,phases   ] GC(33)   Merge Heap Roots: 2.3ms
[2024-11-25T13:30:44.633-0700][gc,phases   ] GC(33)   Evacuate Collection Set: 29.7ms
[2024-11-25T13:30:44.633-0700][gc,phases   ] GC(33)   Post Evacuate Collection Set: 2.6ms
[2024-11-25T13:30:44.633-0700][gc,phases   ] GC(33)   Other: 6.1ms
[2024-11-25T13:30:44.634-0700][gc,heap     ] GC(33) Eden regions: 46->0(47)
[2024-11-25T13:30:44.634-0700][gc,heap     ] GC(33) Survivor regions: 5->4(7)
[2024-11-25T13:30:44.634-0700][gc,heap     ] GC(33) Old regions: 31->34
[2024-11-25T13:30:44.634-0700][gc,heap     ] GC(33) Archive regions: 2->2
[2024-11-25T13:30:44.634-0700][gc,heap     ] GC(33) Humongous regions: 129->129
[2024-11-25T13:30:44.634-0700][gc,metaspace] GC(33) Metaspace: 45536K(46080K)->45536K(46080K) NonClass: 40077K(40384K)->40077K(40384K) Class: 5459K(5696K)->5459K(5696K)
[2024-11-25T13:30:44.634-0700][gc          ] GC(33) Pause Young (Normal) (G1 Evacuation Pause) 211M->166M(1024M) 42.232ms
[2024-11-25T13:30:44.634-0700][gc,cpu      ] GC(33) User=0.02s Sys=0.04s Real=0.04s
[2024-11-25T13:41:09.156-0700][gc,start    ] GC(34) Pause Young (Normal) (G1 Evacuation Pause)
[2024-11-25T13:41:09.157-0700][gc,task     ] GC(34) Using 8 workers of 8 for evacuation
[2024-11-25T13:41:09.200-0700][gc,mmu      ] GC(34) MMU target violated: 21.0ms (20.0ms/21.0ms)
[2024-11-25T13:41:09.200-0700][gc,phases   ] GC(34)   Pre Evacuate Collection Set: 3.9ms
[2024-11-25T13:41:09.200-0700][gc,phases   ] GC(34)   Merge Heap Roots: 0.7ms
[2024-11-25T13:41:09.200-0700][gc,phases   ] GC(34)   Evacuate Collection Set: 35.5ms
[2024-11-25T13:41:09.200-0700][gc,phases   ] GC(34)   Post Evacuate Collection Set: 1.8ms
[2024-11-25T13:41:09.200-0700][gc,phases   ] GC(34)   Other: 4.7ms
[2024-11-25T13:41:09.200-0700][gc,heap     ] GC(34) Eden regions: 47->0(45)
[2024-11-25T13:41:09.200-0700][gc,heap     ] GC(34) Survivor regions: 4->6(7)
[2024-11-25T13:41:09.200-0700][gc,heap     ] GC(34) Old regions: 34->34
[2024-11-25T13:41:09.200-0700][gc,heap     ] GC(34) Archive regions: 2->2
[2024-11-25T13:41:09.200-0700][gc,heap     ] GC(34) Humongous regions: 129->129
[2024-11-25T13:41:09.201-0700][gc,metaspace] GC(34) Metaspace: 45536K(46080K)->45536K(46080K) NonClass: 40077K(40384K)->40077K(40384K) Class: 5459K(5696K)->5459K(5696K)
[2024-11-25T13:41:09.201-0700][gc          ] GC(34) Pause Young (Normal) (G1 Evacuation Pause) 213M->169M(1024M) 45.364ms
[2024-11-25T13:41:09.201-0700][gc,cpu      ] GC(34) User=0.02s Sys=0.06s Real=0.05s
[2024-11-25T13:50:27.924-0700][gc,start    ] GC(35) Pause Young (Normal) (G1 Evacuation Pause)
[2024-11-25T13:50:27.925-0700][gc,task     ] GC(35) Using 8 workers of 8 for evacuation
[2024-11-25T13:50:27.963-0700][gc,mmu      ] GC(35) MMU target violated: 21.0ms (20.0ms/21.0ms)
[2024-11-25T13:50:27.963-0700][gc,phases   ] GC(35)   Pre Evacuate Collection Set: 2.4ms
[2024-11-25T13:50:27.963-0700][gc,phases   ] GC(35)   Merge Heap Roots: 0.4ms
[2024-11-25T13:50:27.963-0700][gc,phases   ] GC(35)   Evacuate Collection Set: 31.1ms
[2024-11-25T13:50:27.963-0700][gc,phases   ] GC(35)   Post Evacuate Collection Set: 2.9ms
[2024-11-25T13:50:27.963-0700][gc,phases   ] GC(35)   Other: 4.8ms
[2024-11-25T13:50:27.963-0700][gc,heap     ] GC(35) Eden regions: 45->0(45)
[2024-11-25T13:50:27.963-0700][gc,heap     ] GC(35) Survivor regions: 6->6(7)
[2024-11-25T13:50:27.963-0700][gc,heap     ] GC(35) Old regions: 34->38
[2024-11-25T13:50:27.963-0700][gc,heap     ] GC(35) Archive regions: 2->2
[2024-11-25T13:50:27.963-0700][gc,heap     ] GC(35) Humongous regions: 129->129
[2024-11-25T13:50:27.964-0700][gc,metaspace] GC(35) Metaspace: 45537K(46080K)->45537K(46080K) NonClass: 40078K(40384K)->40078K(40384K) Class: 5459K(5696K)->5459K(5696K)
[2024-11-25T13:50:27.964-0700][gc          ] GC(35) Pause Young (Normal) (G1 Evacuation Pause) 214M->172M(1024M) 40.536ms
[2024-11-25T13:50:27.964-0700][gc,cpu      ] GC(35) User=0.04s Sys=0.07s Real=0.04s
[2024-11-25T14:00:12.690-0700][gc,start    ] GC(36) Pause Young (Normal) (G1 Evacuation Pause)
[2024-11-25T14:00:12.692-0700][gc,task     ] GC(36) Using 8 workers of 8 for evacuation
[2024-11-25T14:00:12.741-0700][gc,mmu      ] GC(36) MMU target violated: 21.0ms (20.0ms/21.0ms)
[2024-11-25T14:00:12.741-0700][gc,phases   ] GC(36)   Pre Evacuate Collection Set: 7.8ms
[2024-11-25T14:00:12.741-0700][gc,phases   ] GC(36)   Merge Heap Roots: 1.0ms
[2024-11-25T14:00:12.741-0700][gc,phases   ] GC(36)   Evacuate Collection Set: 34.9ms
[2024-11-25T14:00:12.741-0700][gc,phases   ] GC(36)   Post Evacuate Collection Set: 4.1ms
[2024-11-25T14:00:12.741-0700][gc,phases   ] GC(36)   Other: 6.1ms
[2024-11-25T14:00:12.742-0700][gc,heap     ] GC(36) Eden regions: 45->0(48)
[2024-11-25T14:00:12.742-0700][gc,heap     ] GC(36) Survivor regions: 6->3(7)
[2024-11-25T14:00:12.742-0700][gc,heap     ] GC(36) Old regions: 38->41
[2024-11-25T14:00:12.742-0700][gc,heap     ] GC(36) Archive regions: 2->2
[2024-11-25T14:00:12.742-0700][gc,heap     ] GC(36) Humongous regions: 129->129
[2024-11-25T14:00:12.742-0700][gc,metaspace] GC(36) Metaspace: 45537K(46080K)->45537K(46080K) NonClass: 40078K(40384K)->40078K(40384K) Class: 5459K(5696K)->5459K(5696K)
[2024-11-25T14:00:12.742-0700][gc          ] GC(36) Pause Young (Normal) (G1 Evacuation Pause) 217M->172M(1024M) 52.713ms
[2024-11-25T14:00:12.742-0700][gc,cpu      ] GC(36) User=0.02s Sys=0.06s Real=0.06s
[2024-11-25T14:10:52.930-0700][gc,start    ] GC(37) Pause Young (Normal) (G1 Evacuation Pause)
[2024-11-25T14:10:52.932-0700][gc,task     ] GC(37) Using 8 workers of 8 for evacuation
[2024-11-25T14:10:53.002-0700][gc,mmu      ] GC(37) MMU target violated: 21.0ms (20.0ms/21.0ms)
[2024-11-25T14:10:53.003-0700][gc,phases   ] GC(37)   Pre Evacuate Collection Set: 12.1ms
[2024-11-25T14:10:53.003-0700][gc,phases   ] GC(37)   Merge Heap Roots: 1.5ms
[2024-11-25T14:10:53.003-0700][gc,phases   ] GC(37)   Evacuate Collection Set: 46.7ms
[2024-11-25T14:10:53.003-0700][gc,phases   ] GC(37)   Post Evacuate Collection Set: 5.4ms
[2024-11-25T14:10:53.004-0700][gc,phases   ] GC(37)   Other: 10.3ms
[2024-11-25T14:10:53.004-0700][gc,heap     ] GC(37) Eden regions: 48->0(46)
[2024-11-25T14:10:53.004-0700][gc,heap     ] GC(37) Survivor regions: 3->5(7)
[2024-11-25T14:10:53.004-0700][gc,heap     ] GC(37) Old regions: 41->41
[2024-11-25T14:10:53.004-0700][gc,heap     ] GC(37) Archive regions: 2->2
[2024-11-25T14:10:53.004-0700][gc,heap     ] GC(37) Humongous regions: 129->129
[2024-11-25T14:10:53.005-0700][gc,metaspace] GC(37) Metaspace: 45538K(46080K)->45538K(46080K) NonClass: 40078K(40384K)->40078K(40384K) Class: 5459K(5696K)->5459K(5696K)
[2024-11-25T14:10:53.005-0700][gc          ] GC(37) Pause Young (Normal) (G1 Evacuation Pause) 220M->174M(1024M) 75.742ms
[2024-11-25T14:10:53.005-0700][gc,cpu      ] GC(37) User=0.02s Sys=0.07s Real=0.08s
[2024-11-25T14:20:58.469-0700][gc,start    ] GC(38) Pause Young (Normal) (G1 Evacuation Pause)
[2024-11-25T14:20:58.470-0700][gc,task     ] GC(38) Using 8 workers of 8 for evacuation
[2024-11-25T14:20:58.504-0700][gc,mmu      ] GC(38) MMU target violated: 21.0ms (20.0ms/21.0ms)
[2024-11-25T14:20:58.504-0700][gc,phases   ] GC(38)   Pre Evacuate Collection Set: 2.7ms
[2024-11-25T14:20:58.504-0700][gc,phases   ] GC(38)   Merge Heap Roots: 2.9ms
[2024-11-25T14:20:58.504-0700][gc,phases   ] GC(38)   Evacuate Collection Set: 24.0ms
[2024-11-25T14:20:58.504-0700][gc,phases   ] GC(38)   Post Evacuate Collection Set: 2.6ms
[2024-11-25T14:20:58.504-0700][gc,phases   ] GC(38)   Other: 5.4ms
[2024-11-25T14:20:58.504-0700][gc,heap     ] GC(38) Eden regions: 46->0(46)
[2024-11-25T14:20:58.504-0700][gc,heap     ] GC(38) Survivor regions: 5->5(7)
[2024-11-25T14:20:58.504-0700][gc,heap     ] GC(38) Old regions: 41->42
[2024-11-25T14:20:58.504-0700][gc,heap     ] GC(38) Archive regions: 2->2
[2024-11-25T14:20:58.504-0700][gc,heap     ] GC(38) Humongous regions: 129->129
[2024-11-25T14:20:58.504-0700][gc,metaspace] GC(38) Metaspace: 45538K(46080K)->45538K(46080K) NonClass: 40079K(40384K)->40079K(40384K) Class: 5459K(5696K)->5459K(5696K)
[2024-11-25T14:20:58.505-0700][gc          ] GC(38) Pause Young (Normal) (G1 Evacuation Pause) 220M->175M(1024M) 36.702ms
[2024-11-25T14:20:58.505-0700][gc,cpu      ] GC(38) User=0.03s Sys=0.05s Real=0.04s
[2024-11-25T14:31:04.605-0700][gc,start    ] GC(39) Pause Young (Normal) (G1 Evacuation Pause)
[2024-11-25T14:31:04.607-0700][gc,task     ] GC(39) Using 8 workers of 8 for evacuation
[2024-11-25T14:31:04.658-0700][gc,mmu      ] GC(39) MMU target violated: 21.0ms (20.0ms/21.0ms)
[2024-11-25T14:31:04.658-0700][gc,phases   ] GC(39)   Pre Evacuate Collection Set: 5.4ms
[2024-11-25T14:31:04.658-0700][gc,phases   ] GC(39)   Merge Heap Roots: 1.3ms
[2024-11-25T14:31:04.658-0700][gc,phases   ] GC(39)   Evacuate Collection Set: 39.6ms
[2024-11-25T14:31:04.658-0700][gc,phases   ] GC(39)   Post Evacuate Collection Set: 3.9ms
[2024-11-25T14:31:04.659-0700][gc,phases   ] GC(39)   Other: 5.1ms
[2024-11-25T14:31:04.659-0700][gc,heap     ] GC(39) Eden regions: 46->0(46)
[2024-11-25T14:31:04.659-0700][gc,heap     ] GC(39) Survivor regions: 5->5(7)
[2024-11-25T14:31:04.659-0700][gc,heap     ] GC(39) Old regions: 42->44
[2024-11-25T14:31:04.659-0700][gc,heap     ] GC(39) Archive regions: 2->2
[2024-11-25T14:31:04.659-0700][gc,heap     ] GC(39) Humongous regions: 129->129
[2024-11-25T14:31:04.659-0700][gc,metaspace] GC(39) Metaspace: 45538K(46080K)->45538K(46080K) NonClass: 40079K(40384K)->40079K(40384K) Class: 5459K(5696K)->5459K(5696K)
[2024-11-25T14:31:04.659-0700][gc          ] GC(39) Pause Young (Normal) (G1 Evacuation Pause) 221M->177M(1024M) 54.412ms
[2024-11-25T14:31:04.659-0700][gc,cpu      ] GC(39) User=0.03s Sys=0.08s Real=0.05s
[2024-11-25T14:41:13.561-0700][gc,start    ] GC(40) Pause Young (Normal) (G1 Evacuation Pause)
[2024-11-25T14:41:13.563-0700][gc,task     ] GC(40) Using 8 workers of 8 for evacuation
[2024-11-25T14:41:13.604-0700][gc,mmu      ] GC(40) MMU target violated: 21.0ms (20.0ms/21.0ms)
[2024-11-25T14:41:13.604-0700][gc,phases   ] GC(40)   Pre Evacuate Collection Set: 1.9ms
[2024-11-25T14:41:13.604-0700][gc,phases   ] GC(40)   Merge Heap Roots: 0.9ms
[2024-11-25T14:41:13.604-0700][gc,phases   ] GC(40)   Evacuate Collection Set: 34.1ms
[2024-11-25T14:41:13.604-0700][gc,phases   ] GC(40)   Post Evacuate Collection Set: 3.1ms
[2024-11-25T14:41:13.604-0700][gc,phases   ] GC(40)   Other: 5.9ms
[2024-11-25T14:41:13.604-0700][gc,heap     ] GC(40) Eden regions: 46->0(45)
[2024-11-25T14:41:13.604-0700][gc,heap     ] GC(40) Survivor regions: 5->6(7)
[2024-11-25T14:41:13.604-0700][gc,heap     ] GC(40) Old regions: 44->45
[2024-11-25T14:41:13.604-0700][gc,heap     ] GC(40) Archive regions: 2->2
[2024-11-25T14:41:13.604-0700][gc,heap     ] GC(40) Humongous regions: 129->129
[2024-11-25T14:41:13.604-0700][gc,metaspace] GC(40) Metaspace: 45538K(46080K)->45538K(46080K) NonClass: 40079K(40384K)->40079K(40384K) Class: 5459K(5696K)->5459K(5696K)
[2024-11-25T14:41:13.604-0700][gc          ] GC(40) Pause Young (Normal) (G1 Evacuation Pause) 223M->179M(1024M) 44.170ms
[2024-11-25T14:41:13.604-0700][gc,cpu      ] GC(40) User=0.02s Sys=0.07s Real=0.04s
[2024-11-25T14:55:16.694-0700][gc,start    ] GC(41) Pause Young (Normal) (G1 Evacuation Pause)
[2024-11-25T14:55:16.696-0700][gc,task     ] GC(41) Using 8 workers of 8 for evacuation
[2024-11-25T14:55:16.730-0700][gc,mmu      ] GC(41) MMU target violated: 21.0ms (20.0ms/21.0ms)
[2024-11-25T14:55:16.730-0700][gc,phases   ] GC(41)   Pre Evacuate Collection Set: 2.5ms
[2024-11-25T14:55:16.730-0700][gc,phases   ] GC(41)   Merge Heap Roots: 1.0ms
[2024-11-25T14:55:16.730-0700][gc,phases   ] GC(41)   Evacuate Collection Set: 26.6ms
[2024-11-25T14:55:16.730-0700][gc,phases   ] GC(41)   Post Evacuate Collection Set: 3.2ms
[2024-11-25T14:55:16.730-0700][gc,phases   ] GC(41)   Other: 4.3ms
[2024-11-25T14:55:16.730-0700][gc,heap     ] GC(41) Eden regions: 45->0(45)
[2024-11-25T14:55:16.730-0700][gc,heap     ] GC(41) Survivor regions: 6->6(7)
[2024-11-25T14:55:16.730-0700][gc,heap     ] GC(41) Old regions: 45->47
[2024-11-25T14:55:16.730-0700][gc,heap     ] GC(41) Archive regions: 2->2
[2024-11-25T14:55:16.730-0700][gc,heap     ] GC(41) Humongous regions: 129->129
[2024-11-25T14:55:16.730-0700][gc,metaspace] GC(41) Metaspace: 45538K(46080K)->45538K(46080K) NonClass: 40079K(40384K)->40079K(40384K) Class: 5459K(5696K)->5459K(5696K)
[2024-11-25T14:55:16.730-0700][gc          ] GC(41) Pause Young (Normal) (G1 Evacuation Pause) 224M->181M(1024M) 37.008ms
[2024-11-25T14:55:16.731-0700][gc,cpu      ] GC(41) User=0.02s Sys=0.05s Real=0.04s
[2024-11-25T16:23:52.548-0700][gc,start    ] GC(42) Pause Young (Normal) (G1 Evacuation Pause)
[2024-11-25T16:23:52.550-0700][gc,task     ] GC(42) Using 8 workers of 8 for evacuation
[2024-11-25T16:23:52.606-0700][gc,mmu      ] GC(42) MMU target violated: 21.0ms (20.0ms/21.0ms)
[2024-11-25T16:23:52.606-0700][gc,phases   ] GC(42)   Pre Evacuate Collection Set: 9.1ms
[2024-11-25T16:23:52.606-0700][gc,phases   ] GC(42)   Merge Heap Roots: 1.2ms
[2024-11-25T16:23:52.606-0700][gc,phases   ] GC(42)   Evacuate Collection Set: 41.0ms
[2024-11-25T16:23:52.606-0700][gc,phases   ] GC(42)   Post Evacuate Collection Set: 2.4ms
[2024-11-25T16:23:52.606-0700][gc,phases   ] GC(42)   Other: 8.6ms
[2024-11-25T16:23:52.607-0700][gc,heap     ] GC(42) Eden regions: 45->0(47)
[2024-11-25T16:23:52.607-0700][gc,heap     ] GC(42) Survivor regions: 6->4(7)
[2024-11-25T16:23:52.607-0700][gc,heap     ] GC(42) Old regions: 47->51
[2024-11-25T16:23:52.607-0700][gc,heap     ] GC(42) Archive regions: 2->2
[2024-11-25T16:23:52.607-0700][gc,heap     ] GC(42) Humongous regions: 129->129
[2024-11-25T16:23:52.607-0700][gc,metaspace] GC(42) Metaspace: 45539K(46080K)->45539K(46080K) NonClass: 40080K(40384K)->40080K(40384K) Class: 5459K(5696K)->5459K(5696K)
[2024-11-25T16:23:52.607-0700][gc          ] GC(42) Pause Young (Normal) (G1 Evacuation Pause) 226M->183M(1024M) 59.771ms
[2024-11-25T16:23:52.607-0700][gc,cpu      ] GC(42) User=0.02s Sys=0.07s Real=0.06s
[2024-11-25T17:16:00.054-0700][gc,start    ] GC(43) Pause Young (Normal) (G1 Evacuation Pause)
[2024-11-25T17:16:00.055-0700][gc,task     ] GC(43) Using 8 workers of 8 for evacuation
[2024-11-25T17:16:00.099-0700][gc,mmu      ] GC(43) MMU target violated: 21.0ms (20.0ms/21.0ms)
[2024-11-25T17:16:00.099-0700][gc,phases   ] GC(43)   Pre Evacuate Collection Set: 8.3ms
[2024-11-25T17:16:00.099-0700][gc,phases   ] GC(43)   Merge Heap Roots: 0.9ms
[2024-11-25T17:16:00.099-0700][gc,phases   ] GC(43)   Evacuate Collection Set: 26.6ms
[2024-11-25T17:16:00.099-0700][gc,phases   ] GC(43)   Post Evacuate Collection Set: 6.6ms
[2024-11-25T17:16:00.099-0700][gc,phases   ] GC(43)   Other: 5.1ms
[2024-11-25T17:16:00.099-0700][gc,heap     ] GC(43) Eden regions: 47->0(47)
[2024-11-25T17:16:00.099-0700][gc,heap     ] GC(43) Survivor regions: 4->4(7)
[2024-11-25T17:16:00.099-0700][gc,heap     ] GC(43) Old regions: 51->51
[2024-11-25T17:16:00.099-0700][gc,heap     ] GC(43) Archive regions: 2->2
[2024-11-25T17:16:00.099-0700][gc,heap     ] GC(43) Humongous regions: 129->129
[2024-11-25T17:16:00.099-0700][gc,metaspace] GC(43) Metaspace: 45540K(46080K)->45540K(46080K) NonClass: 40080K(40384K)->40080K(40384K) Class: 5459K(5696K)->5459K(5696K)
[2024-11-25T17:16:00.099-0700][gc          ] GC(43) Pause Young (Normal) (G1 Evacuation Pause) 230M->184M(1024M) 46.213ms
[2024-11-25T17:16:00.099-0700][gc,cpu      ] GC(43) User=0.01s Sys=0.04s Real=0.04s
[2024-11-25T18:44:52.339-0700][gc,start    ] GC(44) Pause Young (Normal) (G1 Evacuation Pause)
[2024-11-25T18:44:52.341-0700][gc,task     ] GC(44) Using 8 workers of 8 for evacuation
[2024-11-25T18:44:52.457-0700][gc,mmu      ] GC(44) MMU target violated: 21.0ms (20.0ms/21.0ms)
[2024-11-25T18:44:52.457-0700][gc,phases   ] GC(44)   Pre Evacuate Collection Set: 8.0ms
[2024-11-25T18:44:52.457-0700][gc,phases   ] GC(44)   Merge Heap Roots: 4.5ms
[2024-11-25T18:44:52.457-0700][gc,phases   ] GC(44)   Evacuate Collection Set: 87.0ms
[2024-11-25T18:44:52.457-0700][gc,phases   ] GC(44)   Post Evacuate Collection Set: 10.7ms
[2024-11-25T18:44:52.458-0700][gc,phases   ] GC(44)   Other: 12.1ms
[2024-11-25T18:44:52.458-0700][gc,heap     ] GC(44) Eden regions: 47->0(46)
[2024-11-25T18:44:52.458-0700][gc,heap     ] GC(44) Survivor regions: 4->5(7)
[2024-11-25T18:44:52.458-0700][gc,heap     ] GC(44) Old regions: 51->51
[2024-11-25T18:44:52.458-0700][gc,heap     ] GC(44) Archive regions: 2->2
[2024-11-25T18:44:52.458-0700][gc,heap     ] GC(44) Humongous regions: 129->129
[2024-11-25T18:44:52.458-0700][gc,metaspace] GC(44) Metaspace: 45547K(46080K)->45547K(46080K) NonClass: 40087K(40384K)->40087K(40384K) Class: 5459K(5696K)->5459K(5696K)
[2024-11-25T18:44:52.458-0700][gc          ] GC(44) Pause Young (Normal) (G1 Evacuation Pause) 231M->184M(1024M) 119.562ms
[2024-11-25T18:44:52.458-0700][gc,cpu      ] GC(44) User=0.02s Sys=0.05s Real=0.12s
[2024-11-25T20:57:24.679-0700][gc,start    ] GC(45) Pause Young (Normal) (G1 Evacuation Pause)
[2024-11-25T20:57:24.681-0700][gc,task     ] GC(45) Using 8 workers of 8 for evacuation
[2024-11-25T20:57:24.742-0700][gc,mmu      ] GC(45) MMU target violated: 21.0ms (20.0ms/21.0ms)
[2024-11-25T20:57:24.742-0700][gc,phases   ] GC(45)   Pre Evacuate Collection Set: 9.2ms
[2024-11-25T20:57:24.742-0700][gc,phases   ] GC(45)   Merge Heap Roots: 1.5ms
[2024-11-25T20:57:24.742-0700][gc,phases   ] GC(45)   Evacuate Collection Set: 38.6ms
[2024-11-25T20:57:24.742-0700][gc,phases   ] GC(45)   Post Evacuate Collection Set: 8.2ms
[2024-11-25T20:57:24.743-0700][gc,phases   ] GC(45)   Other: 8.6ms
[2024-11-25T20:57:24.743-0700][gc,heap     ] GC(45) Eden regions: 46->0(48)
[2024-11-25T20:57:24.743-0700][gc,heap     ] GC(45) Survivor regions: 5->3(7)
[2024-11-25T20:57:24.743-0700][gc,heap     ] GC(45) Old regions: 51->52
[2024-11-25T20:57:24.743-0700][gc,heap     ] GC(45) Archive regions: 2->2
[2024-11-25T20:57:24.743-0700][gc,heap     ] GC(45) Humongous regions: 129->129
[2024-11-25T20:57:24.743-0700][gc,metaspace] GC(45) Metaspace: 45552K(46144K)->45552K(46144K) NonClass: 40092K(40448K)->40092K(40448K) Class: 5459K(5696K)->5459K(5696K)
[2024-11-25T20:57:24.744-0700][gc          ] GC(45) Pause Young (Normal) (G1 Evacuation Pause) 230M->183M(1024M) 65.275ms
[2024-11-25T20:57:24.744-0700][gc,cpu      ] GC(45) User=0.01s Sys=0.06s Real=0.07s
[2024-11-25T22:44:16.796-0700][gc,start    ] GC(46) Pause Young (Normal) (G1 Evacuation Pause)
[2024-11-25T22:44:16.799-0700][gc,task     ] GC(46) Using 8 workers of 8 for evacuation
[2024-11-25T22:44:16.849-0700][gc,mmu      ] GC(46) MMU target violated: 21.0ms (20.0ms/21.0ms)
[2024-11-25T22:44:16.849-0700][gc,phases   ] GC(46)   Pre Evacuate Collection Set: 6.9ms
[2024-11-25T22:44:16.849-0700][gc,phases   ] GC(46)   Merge Heap Roots: 0.7ms
[2024-11-25T22:44:16.849-0700][gc,phases   ] GC(46)   Evacuate Collection Set: 33.8ms
[2024-11-25T22:44:16.849-0700][gc,phases   ] GC(46)   Post Evacuate Collection Set: 6.4ms
[2024-11-25T22:44:16.849-0700][gc,phases   ] GC(46)   Other: 10.2ms
[2024-11-25T22:44:16.849-0700][gc,heap     ] GC(46) Eden regions: 48->0(48)
[2024-11-25T22:44:16.849-0700][gc,heap     ] GC(46) Survivor regions: 3->3(7)
[2024-11-25T22:44:16.849-0700][gc,heap     ] GC(46) Old regions: 52->52
[2024-11-25T22:44:16.849-0700][gc,heap     ] GC(46) Archive regions: 2->2
[2024-11-25T22:44:16.849-0700][gc,heap     ] GC(46) Humongous regions: 129->129
[2024-11-25T22:44:16.850-0700][gc,metaspace] GC(46) Metaspace: 45554K(46144K)->45554K(46144K) NonClass: 40095K(40448K)->40095K(40448K) Class: 5459K(5696K)->5459K(5696K)
[2024-11-25T22:44:16.850-0700][gc          ] GC(46) Pause Young (Normal) (G1 Evacuation Pause) 231M->184M(1024M) 55.959ms
[2024-11-25T22:44:16.850-0700][gc,cpu      ] GC(46) User=0.02s Sys=0.06s Real=0.06s
[2024-11-25T23:54:58.763-0700][gc,start    ] GC(47) Pause Young (Normal) (G1 Evacuation Pause)
[2024-11-25T23:54:58.765-0700][gc,task     ] GC(47) Using 8 workers of 8 for evacuation
[2024-11-25T23:54:58.816-0700][gc,mmu      ] GC(47) MMU target violated: 21.0ms (20.0ms/21.0ms)
[2024-11-25T23:54:58.816-0700][gc,phases   ] GC(47)   Pre Evacuate Collection Set: 3.8ms
[2024-11-25T23:54:58.816-0700][gc,phases   ] GC(47)   Merge Heap Roots: 1.8ms
[2024-11-25T23:54:58.816-0700][gc,phases   ] GC(47)   Evacuate Collection Set: 38.2ms
[2024-11-25T23:54:58.816-0700][gc,phases   ] GC(47)   Post Evacuate Collection Set: 5.0ms
[2024-11-25T23:54:58.816-0700][gc,phases   ] GC(47)   Other: 7.8ms
[2024-11-25T23:54:58.817-0700][gc,heap     ] GC(47) Eden regions: 48->0(48)
[2024-11-25T23:54:58.817-0700][gc,heap     ] GC(47) Survivor regions: 3->3(7)
[2024-11-25T23:54:58.817-0700][gc,heap     ] GC(47) Old regions: 52->52
[2024-11-25T23:54:58.817-0700][gc,heap     ] GC(47) Archive regions: 2->2
[2024-11-25T23:54:58.817-0700][gc,heap     ] GC(47) Humongous regions: 129->129
[2024-11-25T23:54:58.817-0700][gc,metaspace] GC(47) Metaspace: 45555K(46144K)->45555K(46144K) NonClass: 40096K(40448K)->40096K(40448K) Class: 5459K(5696K)->5459K(5696K)
[2024-11-25T23:54:58.817-0700][gc          ] GC(47) Pause Young (Normal) (G1 Evacuation Pause) 232M->183M(1024M) 54.241ms
[2024-11-25T23:54:58.817-0700][gc,cpu      ] GC(47) User=0.01s Sys=0.05s Real=0.05s
[2024-11-26T00:04:49.364-0700][gc,start    ] GC(48) Pause Young (Normal) (G1 Evacuation Pause)
[2024-11-26T00:04:49.365-0700][gc,task     ] GC(48) Using 8 workers of 8 for evacuation
[2024-11-26T00:04:49.396-0700][gc,mmu      ] GC(48) MMU target violated: 21.0ms (20.0ms/21.0ms)
[2024-11-26T00:04:49.396-0700][gc,phases   ] GC(48)   Pre Evacuate Collection Set: 12.0ms
[2024-11-26T00:04:49.396-0700][gc,phases   ] GC(48)   Merge Heap Roots: 0.3ms
[2024-11-26T00:04:49.396-0700][gc,phases   ] GC(48)   Evacuate Collection Set: 13.7ms
[2024-11-26T00:04:49.396-0700][gc,phases   ] GC(48)   Post Evacuate Collection Set: 2.9ms
[2024-11-26T00:04:49.396-0700][gc,phases   ] GC(48)   Other: 4.9ms
[2024-11-26T00:04:49.396-0700][gc,heap     ] GC(48) Eden regions: 48->0(47)
[2024-11-26T00:04:49.396-0700][gc,heap     ] GC(48) Survivor regions: 3->4(7)
[2024-11-26T00:04:49.396-0700][gc,heap     ] GC(48) Old regions: 52->52
[2024-11-26T00:04:49.396-0700][gc,heap     ] GC(48) Archive regions: 2->2
[2024-11-26T00:04:49.396-0700][gc,heap     ] GC(48) Humongous regions: 129->129
[2024-11-26T00:04:49.396-0700][gc,metaspace] GC(48) Metaspace: 45556K(46144K)->45556K(46144K) NonClass: 40097K(40448K)->40097K(40448K) Class: 5459K(5696K)->5459K(5696K)
[2024-11-26T00:04:49.397-0700][gc          ] GC(48) Pause Young (Normal) (G1 Evacuation Pause) 231M->184M(1024M) 33.636ms
[2024-11-26T00:04:49.397-0700][gc,cpu      ] GC(48) User=0.01s Sys=0.03s Real=0.03s
[2024-11-26T00:15:10.650-0700][gc,start    ] GC(49) Pause Young (Normal) (G1 Evacuation Pause)
[2024-11-26T00:15:10.651-0700][gc,task     ] GC(49) Using 8 workers of 8 for evacuation
[2024-11-26T00:15:10.683-0700][gc,mmu      ] GC(49) MMU target violated: 21.0ms (20.0ms/21.0ms)
[2024-11-26T00:15:10.683-0700][gc,phases   ] GC(49)   Pre Evacuate Collection Set: 2.0ms
[2024-11-26T00:15:10.683-0700][gc,phases   ] GC(49)   Merge Heap Roots: 0.4ms
[2024-11-26T00:15:10.683-0700][gc,phases   ] GC(49)   Evacuate Collection Set: 27.9ms
[2024-11-26T00:15:10.683-0700][gc,phases   ] GC(49)   Post Evacuate Collection Set: 0.9ms
[2024-11-26T00:15:10.683-0700][gc,phases   ] GC(49)   Other: 3.8ms
[2024-11-26T00:15:10.683-0700][gc,heap     ] GC(49) Eden regions: 47->0(47)
[2024-11-26T00:15:10.683-0700][gc,heap     ] GC(49) Survivor regions: 4->4(7)
[2024-11-26T00:15:10.683-0700][gc,heap     ] GC(49) Old regions: 52->52
[2024-11-26T00:15:10.683-0700][gc,heap     ] GC(49) Archive regions: 2->2
[2024-11-26T00:15:10.683-0700][gc,heap     ] GC(49) Humongous regions: 129->129
[2024-11-26T00:15:10.684-0700][gc,metaspace] GC(49) Metaspace: 45557K(46144K)->45557K(46144K) NonClass: 40097K(40448K)->40097K(40448K) Class: 5459K(5696K)->5459K(5696K)
[2024-11-26T00:15:10.684-0700][gc          ] GC(49) Pause Young (Normal) (G1 Evacuation Pause) 231M->185M(1024M) 34.585ms
[2024-11-26T00:15:10.684-0700][gc,cpu      ] GC(49) User=0.02s Sys=0.05s Real=0.04s
[2024-11-26T00:25:31.547-0700][gc,start    ] GC(50) Pause Young (Normal) (G1 Evacuation Pause)
[2024-11-26T00:25:31.548-0700][gc,task     ] GC(50) Using 8 workers of 8 for evacuation
[2024-11-26T00:25:31.582-0700][gc,mmu      ] GC(50) MMU target violated: 21.0ms (20.0ms/21.0ms)
[2024-11-26T00:25:31.582-0700][gc,phases   ] GC(50)   Pre Evacuate Collection Set: 5.8ms
[2024-11-26T00:25:31.582-0700][gc,phases   ] GC(50)   Merge Heap Roots: 0.9ms
[2024-11-26T00:25:31.582-0700][gc,phases   ] GC(50)   Evacuate Collection Set: 23.9ms
[2024-11-26T00:25:31.582-0700][gc,phases   ] GC(50)   Post Evacuate Collection Set: 3.0ms
[2024-11-26T00:25:31.582-0700][gc,phases   ] GC(50)   Other: 3.8ms
[2024-11-26T00:25:31.582-0700][gc,heap     ] GC(50) Eden regions: 47->0(47)
[2024-11-26T00:25:31.582-0700][gc,heap     ] GC(50) Survivor regions: 4->4(7)
[2024-11-26T00:25:31.582-0700][gc,heap     ] GC(50) Old regions: 52->52
[2024-11-26T00:25:31.582-0700][gc,heap     ] GC(50) Archive regions: 2->2
[2024-11-26T00:25:31.582-0700][gc,heap     ] GC(50) Humongous regions: 129->129
[2024-11-26T00:25:31.582-0700][gc,metaspace] GC(50) Metaspace: 45561K(46144K)->45561K(46144K) NonClass: 40102K(40448K)->40102K(40448K) Class: 5459K(5696K)->5459K(5696K)
[2024-11-26T00:25:31.582-0700][gc          ] GC(50) Pause Young (Normal) (G1 Evacuation Pause) 232M->184M(1024M) 36.060ms
[2024-11-26T00:25:31.582-0700][gc,cpu      ] GC(50) User=0.02s Sys=0.05s Real=0.04s
[2024-11-26T00:35:53.725-0700][gc,start    ] GC(51) Pause Young (Normal) (G1 Evacuation Pause)
[2024-11-26T00:35:53.727-0700][gc,task     ] GC(51) Using 8 workers of 8 for evacuation
[2024-11-26T00:35:53.766-0700][gc,mmu      ] GC(51) MMU target violated: 21.0ms (20.0ms/21.0ms)
[2024-11-26T00:35:53.766-0700][gc,phases   ] GC(51)   Pre Evacuate Collection Set: 3.1ms
[2024-11-26T00:35:53.766-0700][gc,phases   ] GC(51)   Merge Heap Roots: 0.4ms
[2024-11-26T00:35:53.766-0700][gc,phases   ] GC(51)   Evacuate Collection Set: 30.3ms
[2024-11-26T00:35:53.766-0700][gc,phases   ] GC(51)   Post Evacuate Collection Set: 4.0ms
[2024-11-26T00:35:53.767-0700][gc,phases   ] GC(51)   Other: 5.1ms
[2024-11-26T00:35:53.767-0700][gc,heap     ] GC(51) Eden regions: 47->0(47)
[2024-11-26T00:35:53.767-0700][gc,heap     ] GC(51) Survivor regions: 4->4(7)
[2024-11-26T00:35:53.767-0700][gc,heap     ] GC(51) Old regions: 52->52
[2024-11-26T00:35:53.767-0700][gc,heap     ] GC(51) Archive regions: 2->2
[2024-11-26T00:35:53.767-0700][gc,heap     ] GC(51) Humongous regions: 129->129
[2024-11-26T00:35:53.768-0700][gc,metaspace] GC(51) Metaspace: 45561K(46144K)->45561K(46144K) NonClass: 40102K(40448K)->40102K(40448K) Class: 5459K(5696K)->5459K(5696K)
[2024-11-26T00:35:53.768-0700][gc          ] GC(51) Pause Young (Normal) (G1 Evacuation Pause) 231M->185M(1024M) 43.509ms
[2024-11-26T00:35:53.769-0700][gc,cpu      ] GC(51) User=0.02s Sys=0.05s Real=0.04s
[2024-11-26T00:46:13.665-0700][gc,start    ] GC(52) Pause Young (Normal) (G1 Evacuation Pause)
[2024-11-26T00:46:13.666-0700][gc,task     ] GC(52) Using 8 workers of 8 for evacuation
[2024-11-26T00:46:13.689-0700][gc,mmu      ] GC(52) MMU target violated: 20.5ms (20.0ms/21.0ms)
[2024-11-26T00:46:13.689-0700][gc,phases   ] GC(52)   Pre Evacuate Collection Set: 2.3ms
[2024-11-26T00:46:13.689-0700][gc,phases   ] GC(52)   Merge Heap Roots: 0.4ms
[2024-11-26T00:46:13.689-0700][gc,phases   ] GC(52)   Evacuate Collection Set: 17.4ms
[2024-11-26T00:46:13.689-0700][gc,phases   ] GC(52)   Post Evacuate Collection Set: 2.2ms
[2024-11-26T00:46:13.689-0700][gc,phases   ] GC(52)   Other: 3.4ms
[2024-11-26T00:46:13.690-0700][gc,heap     ] GC(52) Eden regions: 47->0(48)
[2024-11-26T00:46:13.690-0700][gc,heap     ] GC(52) Survivor regions: 4->3(7)
[2024-11-26T00:46:13.690-0700][gc,heap     ] GC(52) Old regions: 52->52
[2024-11-26T00:46:13.690-0700][gc,heap     ] GC(52) Archive regions: 2->2
[2024-11-26T00:46:13.690-0700][gc,heap     ] GC(52) Humongous regions: 129->129
[2024-11-26T00:46:13.690-0700][gc,metaspace] GC(52) Metaspace: 45562K(46144K)->45562K(46144K) NonClass: 40103K(40448K)->40103K(40448K) Class: 5459K(5696K)->5459K(5696K)
[2024-11-26T00:46:13.690-0700][gc          ] GC(52) Pause Young (Normal) (G1 Evacuation Pause) 232M->184M(1024M) 25.579ms
[2024-11-26T00:46:13.690-0700][gc,cpu      ] GC(52) User=0.01s Sys=0.04s Real=0.03s
[2024-11-26T00:56:12.014-0700][gc,start    ] GC(53) Pause Young (Normal) (G1 Evacuation Pause)
[2024-11-26T00:56:12.015-0700][gc,task     ] GC(53) Using 8 workers of 8 for evacuation
[2024-11-26T00:56:12.045-0700][gc,mmu      ] GC(53) MMU target violated: 21.0ms (20.0ms/21.0ms)
[2024-11-26T00:56:12.045-0700][gc,phases   ] GC(53)   Pre Evacuate Collection Set: 3.2ms
[2024-11-26T00:56:12.045-0700][gc,phases   ] GC(53)   Merge Heap Roots: 0.4ms
[2024-11-26T00:56:12.045-0700][gc,phases   ] GC(53)   Evacuate Collection Set: 21.6ms
[2024-11-26T00:56:12.045-0700][gc,phases   ] GC(53)   Post Evacuate Collection Set: 3.7ms
[2024-11-26T00:56:12.046-0700][gc,phases   ] GC(53)   Other: 3.7ms
[2024-11-26T00:56:12.046-0700][gc,heap     ] GC(53) Eden regions: 48->0(47)
[2024-11-26T00:56:12.046-0700][gc,heap     ] GC(53) Survivor regions: 3->4(7)
[2024-11-26T00:56:12.046-0700][gc,heap     ] GC(53) Old regions: 52->52
[2024-11-26T00:56:12.046-0700][gc,heap     ] GC(53) Archive regions: 2->2
[2024-11-26T00:56:12.046-0700][gc,heap     ] GC(53) Humongous regions: 129->129
[2024-11-26T00:56:12.047-0700][gc,metaspace] GC(53) Metaspace: 45562K(46144K)->45562K(46144K) NonClass: 40103K(40448K)->40103K(40448K) Class: 5459K(5696K)->5459K(5696K)
[2024-11-26T00:56:12.047-0700][gc          ] GC(53) Pause Young (Normal) (G1 Evacuation Pause) 232M->184M(1024M) 33.435ms
[2024-11-26T00:56:12.047-0700][gc,cpu      ] GC(53) User=0.02s Sys=0.05s Real=0.03s
[2024-11-26T01:06:28.359-0700][gc,start    ] GC(54) Pause Young (Normal) (G1 Evacuation Pause)
[2024-11-26T01:06:28.361-0700][gc,task     ] GC(54) Using 8 workers of 8 for evacuation
[2024-11-26T01:06:28.403-0700][gc,mmu      ] GC(54) MMU target violated: 21.0ms (20.0ms/21.0ms)
[2024-11-26T01:06:28.403-0700][gc,phases   ] GC(54)   Pre Evacuate Collection Set: 1.9ms
[2024-11-26T01:06:28.403-0700][gc,phases   ] GC(54)   Merge Heap Roots: 0.7ms
[2024-11-26T01:06:28.403-0700][gc,phases   ] GC(54)   Evacuate Collection Set: 35.2ms
[2024-11-26T01:06:28.403-0700][gc,phases   ] GC(54)   Post Evacuate Collection Set: 3.2ms
[2024-11-26T01:06:28.403-0700][gc,phases   ] GC(54)   Other: 3.9ms
[2024-11-26T01:06:28.403-0700][gc,heap     ] GC(54) Eden regions: 47->0(48)
[2024-11-26T01:06:28.403-0700][gc,heap     ] GC(54) Survivor regions: 4->3(7)
[2024-11-26T01:06:28.403-0700][gc,heap     ] GC(54) Old regions: 52->52
[2024-11-26T01:06:28.403-0700][gc,heap     ] GC(54) Archive regions: 2->2
[2024-11-26T01:06:28.403-0700][gc,heap     ] GC(54) Humongous regions: 129->129
[2024-11-26T01:06:28.403-0700][gc,metaspace] GC(54) Metaspace: 45563K(46144K)->45563K(46144K) NonClass: 40104K(40448K)->40104K(40448K) Class: 5459K(5696K)->5459K(5696K)
[2024-11-26T01:06:28.403-0700][gc          ] GC(54) Pause Young (Normal) (G1 Evacuation Pause) 231M->184M(1024M) 44.806ms
[2024-11-26T01:06:28.403-0700][gc,cpu      ] GC(54) User=0.01s Sys=0.03s Real=0.05s
[2024-11-26T01:17:06.326-0700][gc,start    ] GC(55) Pause Young (Normal) (G1 Evacuation Pause)
[2024-11-26T01:17:06.327-0700][gc,task     ] GC(55) Using 8 workers of 8 for evacuation
[2024-11-26T01:17:06.354-0700][gc,mmu      ] GC(55) MMU target violated: 21.0ms (20.0ms/21.0ms)
[2024-11-26T01:17:06.355-0700][gc,phases   ] GC(55)   Pre Evacuate Collection Set: 1.4ms
[2024-11-26T01:17:06.355-0700][gc,phases   ] GC(55)   Merge Heap Roots: 0.7ms
[2024-11-26T01:17:06.355-0700][gc,phases   ] GC(55)   Evacuate Collection Set: 20.9ms
[2024-11-26T01:17:06.355-0700][gc,phases   ] GC(55)   Post Evacuate Collection Set: 3.5ms
[2024-11-26T01:17:06.355-0700][gc,phases   ] GC(55)   Other: 3.7ms
[2024-11-26T01:17:06.355-0700][gc,heap     ] GC(55) Eden regions: 48->0(47)
[2024-11-26T01:17:06.355-0700][gc,heap     ] GC(55) Survivor regions: 3->4(7)
[2024-11-26T01:17:06.355-0700][gc,heap     ] GC(55) Old regions: 52->52
[2024-11-26T01:17:06.355-0700][gc,heap     ] GC(55) Archive regions: 2->2
[2024-11-26T01:17:06.355-0700][gc,heap     ] GC(55) Humongous regions: 129->129
[2024-11-26T01:17:06.356-0700][gc,metaspace] GC(55) Metaspace: 45572K(46144K)->45572K(46144K) NonClass: 40113K(40448K)->40113K(40448K) Class: 5459K(5696K)->5459K(5696K)
[2024-11-26T01:17:06.356-0700][gc          ] GC(55) Pause Young (Normal) (G1 Evacuation Pause) 232M->184M(1024M) 30.578ms
[2024-11-26T01:17:06.356-0700][gc,cpu      ] GC(55) User=0.01s Sys=0.03s Real=0.03s
[2024-11-26T01:27:25.957-0700][gc,start    ] GC(56) Pause Young (Normal) (G1 Evacuation Pause)
[2024-11-26T01:27:25.958-0700][gc,task     ] GC(56) Using 8 workers of 8 for evacuation
[2024-11-26T01:27:25.979-0700][gc,mmu      ] GC(56) MMU target violated: 20.4ms (20.0ms/21.0ms)
[2024-11-26T01:27:25.979-0700][gc,phases   ] GC(56)   Pre Evacuate Collection Set: 0.8ms
[2024-11-26T01:27:25.979-0700][gc,phases   ] GC(56)   Merge Heap Roots: 0.5ms
[2024-11-26T01:27:25.979-0700][gc,phases   ] GC(56)   Evacuate Collection Set: 17.7ms
[2024-11-26T01:27:25.979-0700][gc,phases   ] GC(56)   Post Evacuate Collection Set: 1.1ms
[2024-11-26T01:27:25.979-0700][gc,phases   ] GC(56)   Other: 3.2ms
[2024-11-26T01:27:25.979-0700][gc,heap     ] GC(56) Eden regions: 47->0(48)
[2024-11-26T01:27:25.979-0700][gc,heap     ] GC(56) Survivor regions: 4->3(7)
[2024-11-26T01:27:25.979-0700][gc,heap     ] GC(56) Old regions: 52->52
[2024-11-26T01:27:25.979-0700][gc,heap     ] GC(56) Archive regions: 2->2
[2024-11-26T01:27:25.979-0700][gc,heap     ] GC(56) Humongous regions: 129->129
[2024-11-26T01:27:25.979-0700][gc,metaspace] GC(56) Metaspace: 45576K(46144K)->45576K(46144K) NonClass: 40116K(40448K)->40116K(40448K) Class: 5459K(5696K)->5459K(5696K)
[2024-11-26T01:27:25.979-0700][gc          ] GC(56) Pause Young (Normal) (G1 Evacuation Pause) 231M->184M(1024M) 23.282ms
[2024-11-26T01:27:25.979-0700][gc,cpu      ] GC(56) User=0.01s Sys=0.04s Real=0.02s
[2024-11-26T01:38:03.673-0700][gc,start    ] GC(57) Pause Young (Normal) (G1 Evacuation Pause)
[2024-11-26T01:38:03.675-0700][gc,task     ] GC(57) Using 8 workers of 8 for evacuation
[2024-11-26T01:38:03.716-0700][gc,mmu      ] GC(57) MMU target violated: 21.0ms (20.0ms/21.0ms)
[2024-11-26T01:38:03.716-0700][gc,phases   ] GC(57)   Pre Evacuate Collection Set: 3.1ms
[2024-11-26T01:38:03.716-0700][gc,phases   ] GC(57)   Merge Heap Roots: 0.7ms
[2024-11-26T01:38:03.716-0700][gc,phases   ] GC(57)   Evacuate Collection Set: 32.9ms
[2024-11-26T01:38:03.716-0700][gc,phases   ] GC(57)   Post Evacuate Collection Set: 2.4ms
[2024-11-26T01:38:03.716-0700][gc,phases   ] GC(57)   Other: 6.3ms
[2024-11-26T01:38:03.716-0700][gc,heap     ] GC(57) Eden regions: 48->0(47)
[2024-11-26T01:38:03.716-0700][gc,heap     ] GC(57) Survivor regions: 3->4(7)
[2024-11-26T01:38:03.716-0700][gc,heap     ] GC(57) Old regions: 52->52
[2024-11-26T01:38:03.716-0700][gc,heap     ] GC(57) Archive regions: 2->2
[2024-11-26T01:38:03.716-0700][gc,heap     ] GC(57) Humongous regions: 129->129
[2024-11-26T01:38:03.716-0700][gc,metaspace] GC(57) Metaspace: 45576K(46144K)->45576K(46144K) NonClass: 40116K(40448K)->40116K(40448K) Class: 5459K(5696K)->5459K(5696K)
[2024-11-26T01:38:03.717-0700][gc          ] GC(57) Pause Young (Normal) (G1 Evacuation Pause) 232M->184M(1024M) 43.866ms
[2024-11-26T01:38:03.717-0700][gc,cpu      ] GC(57) User=0.02s Sys=0.06s Real=0.04s
[2024-11-26T01:48:23.657-0700][gc,start    ] GC(58) Pause Young (Normal) (G1 Evacuation Pause)
[2024-11-26T01:48:23.659-0700][gc,task     ] GC(58) Using 8 workers of 8 for evacuation
[2024-11-26T01:48:23.685-0700][gc,mmu      ] GC(58) MMU target violated: 21.0ms (20.0ms/21.0ms)
[2024-11-26T01:48:23.686-0700][gc,phases   ] GC(58)   Pre Evacuate Collection Set: 4.7ms
[2024-11-26T01:48:23.686-0700][gc,phases   ] GC(58)   Merge Heap Roots: 2.1ms
[2024-11-26T01:48:23.686-0700][gc,phases   ] GC(58)   Evacuate Collection Set: 14.1ms
[2024-11-26T01:48:23.686-0700][gc,phases   ] GC(58)   Post Evacuate Collection Set: 3.5ms
[2024-11-26T01:48:23.686-0700][gc,phases   ] GC(58)   Other: 6.8ms
[2024-11-26T01:48:23.686-0700][gc,heap     ] GC(58) Eden regions: 47->0(48)
[2024-11-26T01:48:23.686-0700][gc,heap     ] GC(58) Survivor regions: 4->3(7)
[2024-11-26T01:48:23.686-0700][gc,heap     ] GC(58) Old regions: 52->52
[2024-11-26T01:48:23.686-0700][gc,heap     ] GC(58) Archive regions: 2->2
[2024-11-26T01:48:23.686-0700][gc,heap     ] GC(58) Humongous regions: 129->129
[2024-11-26T01:48:23.687-0700][gc,metaspace] GC(58) Metaspace: 45576K(46144K)->45576K(46144K) NonClass: 40116K(40448K)->40116K(40448K) Class: 5459K(5696K)->5459K(5696K)
[2024-11-26T01:48:23.687-0700][gc          ] GC(58) Pause Young (Normal) (G1 Evacuation Pause) 231M->184M(1024M) 30.329ms
[2024-11-26T01:48:23.687-0700][gc,cpu      ] GC(58) User=0.01s Sys=0.03s Real=0.03s
[2024-11-26T01:58:23.596-0700][gc,start    ] GC(59) Pause Young (Normal) (G1 Evacuation Pause)
[2024-11-26T01:58:23.598-0700][gc,task     ] GC(59) Using 8 workers of 8 for evacuation
[2024-11-26T01:58:23.645-0700][gc,mmu      ] GC(59) MMU target violated: 21.0ms (20.0ms/21.0ms)
[2024-11-26T01:58:23.645-0700][gc,phases   ] GC(59)   Pre Evacuate Collection Set: 4.6ms
[2024-11-26T01:58:23.645-0700][gc,phases   ] GC(59)   Merge Heap Roots: 0.7ms
[2024-11-26T01:58:23.645-0700][gc,phases   ] GC(59)   Evacuate Collection Set: 35.3ms
[2024-11-26T01:58:23.645-0700][gc,phases   ] GC(59)   Post Evacuate Collection Set: 3.3ms
[2024-11-26T01:58:23.645-0700][gc,phases   ] GC(59)   Other: 8.8ms
[2024-11-26T01:58:23.645-0700][gc,heap     ] GC(59) Eden regions: 48->0(47)
[2024-11-26T01:58:23.645-0700][gc,heap     ] GC(59) Survivor regions: 3->4(7)
[2024-11-26T01:58:23.645-0700][gc,heap     ] GC(59) Old regions: 52->52
[2024-11-26T01:58:23.645-0700][gc,heap     ] GC(59) Archive regions: 2->2
[2024-11-26T01:58:23.645-0700][gc,heap     ] GC(59) Humongous regions: 129->129
[2024-11-26T01:58:23.645-0700][gc,metaspace] GC(59) Metaspace: 45576K(46144K)->45576K(46144K) NonClass: 40116K(40448K)->40116K(40448K) Class: 5459K(5696K)->5459K(5696K)
[2024-11-26T01:58:23.645-0700][gc          ] GC(59) Pause Young (Normal) (G1 Evacuation Pause) 232M->184M(1024M) 50.558ms
[2024-11-26T01:58:23.645-0700][gc,cpu      ] GC(59) User=0.01s Sys=0.06s Real=0.05s
[2024-11-26T02:08:43.095-0700][gc,start    ] GC(60) Pause Young (Normal) (G1 Evacuation Pause)
[2024-11-26T02:08:43.097-0700][gc,task     ] GC(60) Using 8 workers of 8 for evacuation
[2024-11-26T02:08:43.131-0700][gc,mmu      ] GC(60) MMU target violated: 21.0ms (20.0ms/21.0ms)
[2024-11-26T02:08:43.131-0700][gc,phases   ] GC(60)   Pre Evacuate Collection Set: 4.1ms
[2024-11-26T02:08:43.131-0700][gc,phases   ] GC(60)   Merge Heap Roots: 1.0ms
[2024-11-26T02:08:43.131-0700][gc,phases   ] GC(60)   Evacuate Collection Set: 21.6ms
[2024-11-26T02:08:43.131-0700][gc,phases   ] GC(60)   Post Evacuate Collection Set: 6.0ms
[2024-11-26T02:08:43.132-0700][gc,phases   ] GC(60)   Other: 6.8ms
[2024-11-26T02:08:43.132-0700][gc,heap     ] GC(60) Eden regions: 47->0(47)
[2024-11-26T02:08:43.132-0700][gc,heap     ] GC(60) Survivor regions: 4->4(7)
[2024-11-26T02:08:43.132-0700][gc,heap     ] GC(60) Old regions: 52->52
[2024-11-26T02:08:43.132-0700][gc,heap     ] GC(60) Archive regions: 2->2
[2024-11-26T02:08:43.132-0700][gc,heap     ] GC(60) Humongous regions: 129->129
[2024-11-26T02:08:43.132-0700][gc,metaspace] GC(60) Metaspace: 45576K(46144K)->45576K(46144K) NonClass: 40116K(40448K)->40116K(40448K) Class: 5459K(5696K)->5459K(5696K)
[2024-11-26T02:08:43.132-0700][gc          ] GC(60) Pause Young (Normal) (G1 Evacuation Pause) 231M->185M(1024M) 37.946ms
[2024-11-26T02:08:43.132-0700][gc,cpu      ] GC(60) User=0.01s Sys=0.04s Real=0.04s
[2024-11-26T02:19:03.605-0700][gc,start    ] GC(61) Pause Young (Normal) (G1 Evacuation Pause)
[2024-11-26T02:19:03.608-0700][gc,task     ] GC(61) Using 8 workers of 8 for evacuation
[2024-11-26T02:19:03.638-0700][gc,mmu      ] GC(61) MMU target violated: 21.0ms (20.0ms/21.0ms)
[2024-11-26T02:19:03.638-0700][gc,phases   ] GC(61)   Pre Evacuate Collection Set: 5.3ms
[2024-11-26T02:19:03.638-0700][gc,phases   ] GC(61)   Merge Heap Roots: 1.1ms
[2024-11-26T02:19:03.638-0700][gc,phases   ] GC(61)   Evacuate Collection Set: 19.1ms
[2024-11-26T02:19:03.638-0700][gc,phases   ] GC(61)   Post Evacuate Collection Set: 3.0ms
[2024-11-26T02:19:03.639-0700][gc,phases   ] GC(61)   Other: 7.5ms
[2024-11-26T02:19:03.639-0700][gc,heap     ] GC(61) Eden regions: 47->0(48)
[2024-11-26T02:19:03.639-0700][gc,heap     ] GC(61) Survivor regions: 4->3(7)
[2024-11-26T02:19:03.639-0700][gc,heap     ] GC(61) Old regions: 52->52
[2024-11-26T02:19:03.639-0700][gc,heap     ] GC(61) Archive regions: 2->2
[2024-11-26T02:19:03.639-0700][gc,heap     ] GC(61) Humongous regions: 129->129
[2024-11-26T02:19:03.639-0700][gc,metaspace] GC(61) Metaspace: 45576K(46144K)->45576K(46144K) NonClass: 40116K(40448K)->40116K(40448K) Class: 5459K(5696K)->5459K(5696K)
[2024-11-26T02:19:03.639-0700][gc          ] GC(61) Pause Young (Normal) (G1 Evacuation Pause) 232M->184M(1024M) 34.813ms
[2024-11-26T02:19:03.639-0700][gc,cpu      ] GC(61) User=0.01s Sys=0.04s Real=0.03s
[2024-11-26T02:29:38.655-0700][gc,start    ] GC(62) Pause Young (Normal) (G1 Evacuation Pause)
[2024-11-26T02:29:38.663-0700][gc,task     ] GC(62) Using 8 workers of 8 for evacuation
[2024-11-26T02:29:38.710-0700][gc,mmu      ] GC(62) MMU target violated: 21.0ms (20.0ms/21.0ms)
[2024-11-26T02:29:38.711-0700][gc,phases   ] GC(62)   Pre Evacuate Collection Set: 8.8ms
[2024-11-26T02:29:38.711-0700][gc,phases   ] GC(62)   Merge Heap Roots: 0.8ms
[2024-11-26T02:29:38.711-0700][gc,phases   ] GC(62)   Evacuate Collection Set: 29.1ms
[2024-11-26T02:29:38.711-0700][gc,phases   ] GC(62)   Post Evacuate Collection Set: 3.4ms
[2024-11-26T02:29:38.711-0700][gc,phases   ] GC(62)   Other: 17.4ms
[2024-11-26T02:29:38.711-0700][gc,heap     ] GC(62) Eden regions: 48->0(47)
[2024-11-26T02:29:38.711-0700][gc,heap     ] GC(62) Survivor regions: 3->4(7)
[2024-11-26T02:29:38.711-0700][gc,heap     ] GC(62) Old regions: 52->52
[2024-11-26T02:29:38.711-0700][gc,heap     ] GC(62) Archive regions: 2->2
[2024-11-26T02:29:38.711-0700][gc,heap     ] GC(62) Humongous regions: 129->129
[2024-11-26T02:29:38.712-0700][gc,metaspace] GC(62) Metaspace: 45576K(46144K)->45576K(46144K) NonClass: 40116K(40448K)->40116K(40448K) Class: 5459K(5696K)->5459K(5696K)
[2024-11-26T02:29:38.712-0700][gc          ] GC(62) Pause Young (Normal) (G1 Evacuation Pause) 232M->185M(1024M) 58.230ms
[2024-11-26T02:29:38.712-0700][gc,cpu      ] GC(62) User=0.02s Sys=0.06s Real=0.06s
[2024-11-26T02:39:58.836-0700][gc,start    ] GC(63) Pause Young (Normal) (G1 Evacuation Pause)
[2024-11-26T02:39:58.837-0700][gc,task     ] GC(63) Using 8 workers of 8 for evacuation
[2024-11-26T02:39:58.881-0700][gc,mmu      ] GC(63) MMU target violated: 21.0ms (20.0ms/21.0ms)
[2024-11-26T02:39:58.881-0700][gc,phases   ] GC(63)   Pre Evacuate Collection Set: 8.5ms
[2024-11-26T02:39:58.881-0700][gc,phases   ] GC(63)   Merge Heap Roots: 2.3ms
[2024-11-26T02:39:58.881-0700][gc,phases   ] GC(63)   Evacuate Collection Set: 27.6ms
[2024-11-26T02:39:58.881-0700][gc,phases   ] GC(63)   Post Evacuate Collection Set: 3.2ms
[2024-11-26T02:39:58.881-0700][gc,phases   ] GC(63)   Other: 5.3ms
[2024-11-26T02:39:58.881-0700][gc,heap     ] GC(63) Eden regions: 47->0(48)
[2024-11-26T02:39:58.881-0700][gc,heap     ] GC(63) Survivor regions: 4->3(7)
[2024-11-26T02:39:58.881-0700][gc,heap     ] GC(63) Old regions: 52->53
[2024-11-26T02:39:58.881-0700][gc,heap     ] GC(63) Archive regions: 2->2
[2024-11-26T02:39:58.881-0700][gc,heap     ] GC(63) Humongous regions: 129->129
[2024-11-26T02:39:58.881-0700][gc,metaspace] GC(63) Metaspace: 45576K(46144K)->45576K(46144K) NonClass: 40116K(40448K)->40116K(40448K) Class: 5459K(5696K)->5459K(5696K)
[2024-11-26T02:39:58.881-0700][gc          ] GC(63) Pause Young (Normal) (G1 Evacuation Pause) 232M->184M(1024M) 46.049ms
[2024-11-26T02:39:58.881-0700][gc,cpu      ] GC(63) User=0.01s Sys=0.03s Real=0.05s
[2024-11-26T02:50:32.840-0700][gc,start    ] GC(64) Pause Young (Normal) (G1 Evacuation Pause)
[2024-11-26T02:50:32.842-0700][gc,task     ] GC(64) Using 8 workers of 8 for evacuation
[2024-11-26T02:50:32.868-0700][gc,mmu      ] GC(64) MMU target violated: 20.7ms (20.0ms/21.0ms)
[2024-11-26T02:50:32.868-0700][gc,phases   ] GC(64)   Pre Evacuate Collection Set: 5.6ms
[2024-11-26T02:50:32.868-0700][gc,phases   ] GC(64)   Merge Heap Roots: 0.7ms
[2024-11-26T02:50:32.868-0700][gc,phases   ] GC(64)   Evacuate Collection Set: 14.9ms
[2024-11-26T02:50:32.868-0700][gc,phases   ] GC(64)   Post Evacuate Collection Set: 3.1ms
[2024-11-26T02:50:32.868-0700][gc,phases   ] GC(64)   Other: 5.8ms
[2024-11-26T02:50:32.868-0700][gc,heap     ] GC(64) Eden regions: 48->0(47)
[2024-11-26T02:50:32.868-0700][gc,heap     ] GC(64) Survivor regions: 3->4(7)
[2024-11-26T02:50:32.868-0700][gc,heap     ] GC(64) Old regions: 53->53
[2024-11-26T02:50:32.868-0700][gc,heap     ] GC(64) Archive regions: 2->2
[2024-11-26T02:50:32.868-0700][gc,heap     ] GC(64) Humongous regions: 129->129
[2024-11-26T02:50:32.868-0700][gc,metaspace] GC(64) Metaspace: 45576K(46144K)->45576K(46144K) NonClass: 40116K(40448K)->40116K(40448K) Class: 5459K(5696K)->5459K(5696K)
[2024-11-26T02:50:32.868-0700][gc          ] GC(64) Pause Young (Normal) (G1 Evacuation Pause) 232M->185M(1024M) 28.781ms
[2024-11-26T02:50:32.868-0700][gc,cpu      ] GC(64) User=0.02s Sys=0.04s Real=0.03s
[2024-11-26T03:00:13.659-0700][gc,start    ] GC(65) Pause Young (Normal) (G1 Evacuation Pause)
[2024-11-26T03:00:13.660-0700][gc,task     ] GC(65) Using 8 workers of 8 for evacuation
[2024-11-26T03:00:13.679-0700][gc,phases   ] GC(65)   Pre Evacuate Collection Set: 3.9ms
[2024-11-26T03:00:13.679-0700][gc,phases   ] GC(65)   Merge Heap Roots: 1.6ms
[2024-11-26T03:00:13.679-0700][gc,phases   ] GC(65)   Evacuate Collection Set: 6.6ms
[2024-11-26T03:00:13.679-0700][gc,phases   ] GC(65)   Post Evacuate Collection Set: 2.5ms
[2024-11-26T03:00:13.679-0700][gc,phases   ] GC(65)   Other: 6.3ms
[2024-11-26T03:00:13.679-0700][gc,heap     ] GC(65) Eden regions: 47->0(48)
[2024-11-26T03:00:13.679-0700][gc,heap     ] GC(65) Survivor regions: 4->3(7)
[2024-11-26T03:00:13.679-0700][gc,heap     ] GC(65) Old regions: 53->53
[2024-11-26T03:00:13.679-0700][gc,heap     ] GC(65) Archive regions: 2->2
[2024-11-26T03:00:13.679-0700][gc,heap     ] GC(65) Humongous regions: 129->129
[2024-11-26T03:00:13.680-0700][gc,metaspace] GC(65) Metaspace: 45576K(46144K)->45576K(46144K) NonClass: 40117K(40448K)->40117K(40448K) Class: 5459K(5696K)->5459K(5696K)
[2024-11-26T03:00:13.680-0700][gc          ] GC(65) Pause Young (Normal) (G1 Evacuation Pause) 232M->184M(1024M) 21.434ms
[2024-11-26T03:00:13.680-0700][gc,cpu      ] GC(65) User=0.01s Sys=0.02s Real=0.03s
[2024-11-26T03:10:42.420-0700][gc,start    ] GC(66) Pause Young (Normal) (G1 Evacuation Pause)
[2024-11-26T03:10:42.422-0700][gc,task     ] GC(66) Using 8 workers of 8 for evacuation
[2024-11-26T03:10:42.452-0700][gc,mmu      ] GC(66) MMU target violated: 21.0ms (20.0ms/21.0ms)
[2024-11-26T03:10:42.452-0700][gc,phases   ] GC(66)   Pre Evacuate Collection Set: 6.8ms
[2024-11-26T03:10:42.452-0700][gc,phases   ] GC(66)   Merge Heap Roots: 0.1ms
[2024-11-26T03:10:42.452-0700][gc,phases   ] GC(66)   Evacuate Collection Set: 19.6ms
[2024-11-26T03:10:42.452-0700][gc,phases   ] GC(66)   Post Evacuate Collection Set: 1.9ms
[2024-11-26T03:10:42.452-0700][gc,phases   ] GC(66)   Other: 5.6ms
[2024-11-26T03:10:42.452-0700][gc,heap     ] GC(66) Eden regions: 48->0(48)
[2024-11-26T03:10:42.452-0700][gc,heap     ] GC(66) Survivor regions: 3->3(7)
[2024-11-26T03:10:42.452-0700][gc,heap     ] GC(66) Old regions: 53->53
[2024-11-26T03:10:42.452-0700][gc,heap     ] GC(66) Archive regions: 2->2
[2024-11-26T03:10:42.452-0700][gc,heap     ] GC(66) Humongous regions: 129->129
[2024-11-26T03:10:42.452-0700][gc,metaspace] GC(66) Metaspace: 45578K(46144K)->45578K(46144K) NonClass: 40118K(40448K)->40118K(40448K) Class: 5459K(5696K)->5459K(5696K)
[2024-11-26T03:10:42.452-0700][gc          ] GC(66) Pause Young (Normal) (G1 Evacuation Pause) 232M->184M(1024M) 33.137ms
[2024-11-26T03:10:42.452-0700][gc,cpu      ] GC(66) User=0.02s Sys=0.06s Real=0.04s
[2024-11-26T03:21:18.620-0700][gc,start    ] GC(67) Pause Young (Normal) (G1 Evacuation Pause)
[2024-11-26T03:21:18.622-0700][gc,task     ] GC(67) Using 8 workers of 8 for evacuation
[2024-11-26T03:21:18.646-0700][gc,mmu      ] GC(67) MMU target violated: 21.0ms (20.0ms/21.0ms)
[2024-11-26T03:21:18.646-0700][gc,phases   ] GC(67)   Pre Evacuate Collection Set: 2.9ms
[2024-11-26T03:21:18.646-0700][gc,phases   ] GC(67)   Merge Heap Roots: 1.0ms
[2024-11-26T03:21:18.646-0700][gc,phases   ] GC(67)   Evacuate Collection Set: 17.1ms
[2024-11-26T03:21:18.646-0700][gc,phases   ] GC(67)   Post Evacuate Collection Set: 2.0ms
[2024-11-26T03:21:18.646-0700][gc,phases   ] GC(67)   Other: 5.8ms
[2024-11-26T03:21:18.646-0700][gc,heap     ] GC(67) Eden regions: 48->0(48)
[2024-11-26T03:21:18.646-0700][gc,heap     ] GC(67) Survivor regions: 3->3(7)
[2024-11-26T03:21:18.646-0700][gc,heap     ] GC(67) Old regions: 53->53
[2024-11-26T03:21:18.646-0700][gc,heap     ] GC(67) Archive regions: 2->2
[2024-11-26T03:21:18.646-0700][gc,heap     ] GC(67) Humongous regions: 129->129
[2024-11-26T03:21:18.646-0700][gc,metaspace] GC(67) Metaspace: 45578K(46144K)->45578K(46144K) NonClass: 40119K(40448K)->40119K(40448K) Class: 5459K(5696K)->5459K(5696K)
[2024-11-26T03:21:18.646-0700][gc          ] GC(67) Pause Young (Normal) (G1 Evacuation Pause) 232M->184M(1024M) 26.896ms
[2024-11-26T03:21:18.646-0700][gc,cpu      ] GC(67) User=0.01s Sys=0.04s Real=0.03s
[2024-11-26T03:31:56.220-0700][gc,start    ] GC(68) Pause Young (Normal) (G1 Evacuation Pause)
[2024-11-26T03:31:56.223-0700][gc,task     ] GC(68) Using 8 workers of 8 for evacuation
[2024-11-26T03:31:56.272-0700][gc,mmu      ] GC(68) MMU target violated: 21.0ms (20.0ms/21.0ms)
[2024-11-26T03:31:56.272-0700][gc,phases   ] GC(68)   Pre Evacuate Collection Set: 9.1ms
[2024-11-26T03:31:56.272-0700][gc,phases   ] GC(68)   Merge Heap Roots: 1.8ms
[2024-11-26T03:31:56.272-0700][gc,phases   ] GC(68)   Evacuate Collection Set: 30.8ms
[2024-11-26T03:31:56.272-0700][gc,phases   ] GC(68)   Post Evacuate Collection Set: 2.5ms
[2024-11-26T03:31:56.272-0700][gc,phases   ] GC(68)   Other: 10.8ms
[2024-11-26T03:31:56.272-0700][gc,heap     ] GC(68) Eden regions: 48->0(48)
[2024-11-26T03:31:56.272-0700][gc,heap     ] GC(68) Survivor regions: 3->3(7)
[2024-11-26T03:31:56.272-0700][gc,heap     ] GC(68) Old regions: 53->53
[2024-11-26T03:31:56.272-0700][gc,heap     ] GC(68) Archive regions: 2->2
[2024-11-26T03:31:56.272-0700][gc,heap     ] GC(68) Humongous regions: 129->129
[2024-11-26T03:31:56.272-0700][gc,metaspace] GC(68) Metaspace: 45579K(46144K)->45579K(46144K) NonClass: 40119K(40448K)->40119K(40448K) Class: 5459K(5696K)->5459K(5696K)
[2024-11-26T03:31:56.272-0700][gc          ] GC(68) Pause Young (Normal) (G1 Evacuation Pause) 232M->184M(1024M) 53.534ms
[2024-11-26T03:31:56.272-0700][gc,cpu      ] GC(68) User=0.02s Sys=0.06s Real=0.06s
[2024-11-26T03:42:33.352-0700][gc,start    ] GC(69) Pause Young (Normal) (G1 Evacuation Pause)
[2024-11-26T03:42:33.354-0700][gc,task     ] GC(69) Using 8 workers of 8 for evacuation
[2024-11-26T03:42:33.393-0700][gc,mmu      ] GC(69) MMU target violated: 21.0ms (20.0ms/21.0ms)
[2024-11-26T03:42:33.394-0700][gc,phases   ] GC(69)   Pre Evacuate Collection Set: 7.2ms
[2024-11-26T03:42:33.394-0700][gc,phases   ] GC(69)   Merge Heap Roots: 2.4ms
[2024-11-26T03:42:33.394-0700][gc,phases   ] GC(69)   Evacuate Collection Set: 22.2ms
[2024-11-26T03:42:33.394-0700][gc,phases   ] GC(69)   Post Evacuate Collection Set: 4.5ms
[2024-11-26T03:42:33.394-0700][gc,phases   ] GC(69)   Other: 8.0ms
[2024-11-26T03:42:33.395-0700][gc,heap     ] GC(69) Eden regions: 48->0(48)
[2024-11-26T03:42:33.395-0700][gc,heap     ] GC(69) Survivor regions: 3->3(7)
[2024-11-26T03:42:33.395-0700][gc,heap     ] GC(69) Old regions: 53->53
[2024-11-26T03:42:33.395-0700][gc,heap     ] GC(69) Archive regions: 2->2
[2024-11-26T03:42:33.395-0700][gc,heap     ] GC(69) Humongous regions: 129->129
[2024-11-26T03:42:33.395-0700][gc,metaspace] GC(69) Metaspace: 45580K(46144K)->45580K(46144K) NonClass: 40120K(40448K)->40120K(40448K) Class: 5459K(5696K)->5459K(5696K)
[2024-11-26T03:42:33.395-0700][gc          ] GC(69) Pause Young (Normal) (G1 Evacuation Pause) 232M->184M(1024M) 43.447ms
[2024-11-26T03:42:33.395-0700][gc,cpu      ] GC(69) User=0.01s Sys=0.04s Real=0.04s
[2024-11-26T03:53:14.999-0700][gc,start    ] GC(70) Pause Young (Normal) (G1 Evacuation Pause)
[2024-11-26T03:53:15.001-0700][gc,task     ] GC(70) Using 8 workers of 8 for evacuation
[2024-11-26T03:53:15.045-0700][gc,mmu      ] GC(70) MMU target violated: 21.0ms (20.0ms/21.0ms)
[2024-11-26T03:53:15.045-0700][gc,phases   ] GC(70)   Pre Evacuate Collection Set: 8.4ms
[2024-11-26T03:53:15.045-0700][gc,phases   ] GC(70)   Merge Heap Roots: 1.6ms
[2024-11-26T03:53:15.045-0700][gc,phases   ] GC(70)   Evacuate Collection Set: 24.1ms
[2024-11-26T03:53:15.045-0700][gc,phases   ] GC(70)   Post Evacuate Collection Set: 2.2ms
[2024-11-26T03:53:15.045-0700][gc,phases   ] GC(70)   Other: 13.0ms
[2024-11-26T03:53:15.045-0700][gc,heap     ] GC(70) Eden regions: 48->0(48)
[2024-11-26T03:53:15.045-0700][gc,heap     ] GC(70) Survivor regions: 3->3(7)
[2024-11-26T03:53:15.045-0700][gc,heap     ] GC(70) Old regions: 53->53
[2024-11-26T03:53:15.045-0700][gc,heap     ] GC(70) Archive regions: 2->2
[2024-11-26T03:53:15.045-0700][gc,heap     ] GC(70) Humongous regions: 129->129
[2024-11-26T03:53:15.045-0700][gc,metaspace] GC(70) Metaspace: 45580K(46144K)->45580K(46144K) NonClass: 40120K(40448K)->40120K(40448K) Class: 5459K(5696K)->5459K(5696K)
[2024-11-26T03:53:15.045-0700][gc          ] GC(70) Pause Young (Normal) (G1 Evacuation Pause) 232M->184M(1024M) 46.937ms
[2024-11-26T03:53:15.045-0700][gc,cpu      ] GC(70) User=0.01s Sys=0.03s Real=0.05s
[2024-11-26T04:09:48.800-0700][gc,start    ] GC(71) Pause Young (Normal) (G1 Evacuation Pause)
[2024-11-26T04:09:48.801-0700][gc,task     ] GC(71) Using 8 workers of 8 for evacuation
[2024-11-26T04:09:48.843-0700][gc,mmu      ] GC(71) MMU target violated: 21.0ms (20.0ms/21.0ms)
[2024-11-26T04:09:48.843-0700][gc,phases   ] GC(71)   Pre Evacuate Collection Set: 7.6ms
[2024-11-26T04:09:48.843-0700][gc,phases   ] GC(71)   Merge Heap Roots: 0.5ms
[2024-11-26T04:09:48.843-0700][gc,phases   ] GC(71)   Evacuate Collection Set: 30.0ms
[2024-11-26T04:09:48.843-0700][gc,phases   ] GC(71)   Post Evacuate Collection Set: 2.1ms
[2024-11-26T04:09:48.843-0700][gc,phases   ] GC(71)   Other: 6.3ms
[2024-11-26T04:09:48.844-0700][gc,heap     ] GC(71) Eden regions: 48->0(47)
[2024-11-26T04:09:48.844-0700][gc,heap     ] GC(71) Survivor regions: 3->4(7)
[2024-11-26T04:09:48.844-0700][gc,heap     ] GC(71) Old regions: 53->53
[2024-11-26T04:09:48.844-0700][gc,heap     ] GC(71) Archive regions: 2->2
[2024-11-26T04:09:48.844-0700][gc,heap     ] GC(71) Humongous regions: 129->129
[2024-11-26T04:09:48.844-0700][gc,metaspace] GC(71) Metaspace: 45580K(46144K)->45580K(46144K) NonClass: 40120K(40448K)->40120K(40448K) Class: 5459K(5696K)->5459K(5696K)
[2024-11-26T04:09:48.844-0700][gc          ] GC(71) Pause Young (Normal) (G1 Evacuation Pause) 232M->186M(1024M) 45.220ms
[2024-11-26T04:09:48.844-0700][gc,cpu      ] GC(71) User=0.02s Sys=0.07s Real=0.05s
[2024-11-26T04:23:42.936-0700][gc,start    ] GC(72) Pause Young (Normal) (G1 Evacuation Pause)
[2024-11-26T04:23:42.938-0700][gc,task     ] GC(72) Using 8 workers of 8 for evacuation
[2024-11-26T04:23:42.970-0700][gc,mmu      ] GC(72) MMU target violated: 21.0ms (20.0ms/21.0ms)
[2024-11-26T04:23:42.970-0700][gc,phases   ] GC(72)   Pre Evacuate Collection Set: 1.5ms
[2024-11-26T04:23:42.970-0700][gc,phases   ] GC(72)   Merge Heap Roots: 0.4ms
[2024-11-26T04:23:42.970-0700][gc,phases   ] GC(72)   Evacuate Collection Set: 28.3ms
[2024-11-26T04:23:42.970-0700][gc,phases   ] GC(72)   Post Evacuate Collection Set: 1.4ms
[2024-11-26T04:23:42.970-0700][gc,phases   ] GC(72)   Other: 4.2ms
[2024-11-26T04:23:42.970-0700][gc,heap     ] GC(72) Eden regions: 47->0(48)
[2024-11-26T04:23:42.971-0700][gc,heap     ] GC(72) Survivor regions: 4->3(7)
[2024-11-26T04:23:42.971-0700][gc,heap     ] GC(72) Old regions: 53->54
[2024-11-26T04:23:42.971-0700][gc,heap     ] GC(72) Archive regions: 2->2
[2024-11-26T04:23:42.971-0700][gc,heap     ] GC(72) Humongous regions: 129->129
[2024-11-26T04:23:42.971-0700][gc,metaspace] GC(72) Metaspace: 45580K(46144K)->45580K(46144K) NonClass: 40120K(40448K)->40120K(40448K) Class: 5459K(5696K)->5459K(5696K)
[2024-11-26T04:23:42.971-0700][gc          ] GC(72) Pause Young (Normal) (G1 Evacuation Pause) 233M->185M(1024M) 35.583ms
[2024-11-26T04:23:42.971-0700][gc,cpu      ] GC(72) User=0.02s Sys=0.05s Real=0.04s
[2024-11-26T04:37:20.502-0700][gc,start    ] GC(73) Pause Young (Normal) (G1 Evacuation Pause)
[2024-11-26T04:37:20.504-0700][gc,task     ] GC(73) Using 8 workers of 8 for evacuation
[2024-11-26T04:37:20.535-0700][gc,mmu      ] GC(73) MMU target violated: 21.0ms (20.0ms/21.0ms)
[2024-11-26T04:37:20.535-0700][gc,phases   ] GC(73)   Pre Evacuate Collection Set: 1.2ms
[2024-11-26T04:37:20.535-0700][gc,phases   ] GC(73)   Merge Heap Roots: 0.1ms
[2024-11-26T04:37:20.535-0700][gc,phases   ] GC(73)   Evacuate Collection Set: 26.9ms
[2024-11-26T04:37:20.535-0700][gc,phases   ] GC(73)   Post Evacuate Collection Set: 2.0ms
[2024-11-26T04:37:20.536-0700][gc,phases   ] GC(73)   Other: 5.7ms
[2024-11-26T04:37:20.536-0700][gc,heap     ] GC(73) Eden regions: 48->0(47)
[2024-11-26T04:37:20.536-0700][gc,heap     ] GC(73) Survivor regions: 3->4(7)
[2024-11-26T04:37:20.536-0700][gc,heap     ] GC(73) Old regions: 54->54
[2024-11-26T04:37:20.536-0700][gc,heap     ] GC(73) Archive regions: 2->2
[2024-11-26T04:37:20.536-0700][gc,heap     ] GC(73) Humongous regions: 129->129
[2024-11-26T04:37:20.536-0700][gc,metaspace] GC(73) Metaspace: 45580K(46144K)->45580K(46144K) NonClass: 40120K(40448K)->40120K(40448K) Class: 5459K(5696K)->5459K(5696K)
[2024-11-26T04:37:20.536-0700][gc          ] GC(73) Pause Young (Normal) (G1 Evacuation Pause) 233M->186M(1024M) 34.630ms
[2024-11-26T04:37:20.536-0700][gc,cpu      ] GC(73) User=0.02s Sys=0.07s Real=0.03s
[2024-11-26T11:05:56.655-0700][gc,start    ] GC(74) Pause Young (Normal) (G1 Evacuation Pause)
[2024-11-26T11:05:56.656-0700][gc,task     ] GC(74) Using 8 workers of 8 for evacuation
[2024-11-26T11:05:56.674-0700][gc,phases   ] GC(74)   Pre Evacuate Collection Set: 1.0ms
[2024-11-26T11:05:56.674-0700][gc,phases   ] GC(74)   Merge Heap Roots: 0.3ms
[2024-11-26T11:05:56.674-0700][gc,phases   ] GC(74)   Evacuate Collection Set: 13.0ms
[2024-11-26T11:05:56.674-0700][gc,phases   ] GC(74)   Post Evacuate Collection Set: 3.0ms
[2024-11-26T11:05:56.674-0700][gc,phases   ] GC(74)   Other: 3.1ms
[2024-11-26T11:05:56.674-0700][gc,heap     ] GC(74) Eden regions: 47->0(47)
[2024-11-26T11:05:56.675-0700][gc,heap     ] GC(74) Survivor regions: 4->4(7)
[2024-11-26T11:05:56.675-0700][gc,heap     ] GC(74) Old regions: 54->54
[2024-11-26T11:05:56.675-0700][gc,heap     ] GC(74) Archive regions: 2->2
[2024-11-26T11:05:56.675-0700][gc,heap     ] GC(74) Humongous regions: 129->129
[2024-11-26T11:05:56.675-0700][gc,metaspace] GC(74) Metaspace: 45581K(46144K)->45581K(46144K) NonClass: 40121K(40448K)->40121K(40448K) Class: 5459K(5696K)->5459K(5696K)
[2024-11-26T11:05:56.675-0700][gc          ] GC(74) Pause Young (Normal) (G1 Evacuation Pause) 233M->186M(1024M) 21.209ms
[2024-11-26T11:05:56.675-0700][gc,cpu      ] GC(74) User=0.01s Sys=0.02s Real=0.02s
[2024-11-26T13:24:11.140-0700][gc,start    ] GC(75) Pause Young (Normal) (G1 Evacuation Pause)
[2024-11-26T13:24:11.142-0700][gc,task     ] GC(75) Using 8 workers of 8 for evacuation
[2024-11-26T13:24:11.202-0700][gc,mmu      ] GC(75) MMU target violated: 21.0ms (20.0ms/21.0ms)
[2024-11-26T13:24:11.202-0700][gc,phases   ] GC(75)   Pre Evacuate Collection Set: 9.0ms
[2024-11-26T13:24:11.202-0700][gc,phases   ] GC(75)   Merge Heap Roots: 0.6ms
[2024-11-26T13:24:11.202-0700][gc,phases   ] GC(75)   Evacuate Collection Set: 41.3ms
[2024-11-26T13:24:11.202-0700][gc,phases   ] GC(75)   Post Evacuate Collection Set: 3.2ms
[2024-11-26T13:24:11.203-0700][gc,phases   ] GC(75)   Other: 10.6ms
[2024-11-26T13:24:11.203-0700][gc,heap     ] GC(75) Eden regions: 47->0(46)
[2024-11-26T13:24:11.203-0700][gc,heap     ] GC(75) Survivor regions: 4->5(7)
[2024-11-26T13:24:11.203-0700][gc,heap     ] GC(75) Old regions: 54->54
[2024-11-26T13:24:11.203-0700][gc,heap     ] GC(75) Archive regions: 2->2
[2024-11-26T13:24:11.203-0700][gc,heap     ] GC(75) Humongous regions: 129->129
[2024-11-26T13:24:11.203-0700][gc,metaspace] GC(75) Metaspace: 45581K(46144K)->45581K(46144K) NonClass: 40121K(40448K)->40121K(40448K) Class: 5459K(5696K)->5459K(5696K)
[2024-11-26T13:24:11.203-0700][gc          ] GC(75) Pause Young (Normal) (G1 Evacuation Pause) 233M->187M(1024M) 63.298ms
[2024-11-26T13:24:11.203-0700][gc,cpu      ] GC(75) User=0.02s Sys=0.05s Real=0.07s
[2024-11-26T13:34:20.995-0700][gc,start    ] GC(76) Pause Young (Normal) (G1 Evacuation Pause)
[2024-11-26T13:34:20.997-0700][gc,task     ] GC(76) Using 8 workers of 8 for evacuation
[2024-11-26T13:34:21.064-0700][gc,mmu      ] GC(76) MMU target violated: 21.0ms (20.0ms/21.0ms)
[2024-11-26T13:34:21.064-0700][gc,phases   ] GC(76)   Pre Evacuate Collection Set: 17.1ms
[2024-11-26T13:34:21.064-0700][gc,phases   ] GC(76)   Merge Heap Roots: 3.3ms
[2024-11-26T13:34:21.065-0700][gc,phases   ] GC(76)   Evacuate Collection Set: 39.3ms
[2024-11-26T13:34:21.065-0700][gc,phases   ] GC(76)   Post Evacuate Collection Set: 4.5ms
[2024-11-26T13:34:21.066-0700][gc,phases   ] GC(76)   Other: 8.0ms
[2024-11-26T13:34:21.066-0700][gc,heap     ] GC(76) Eden regions: 46->0(46)
[2024-11-26T13:34:21.066-0700][gc,heap     ] GC(76) Survivor regions: 5->5(7)
[2024-11-26T13:34:21.067-0700][gc,heap     ] GC(76) Old regions: 54->55
[2024-11-26T13:34:21.068-0700][gc,heap     ] GC(76) Archive regions: 2->2
[2024-11-26T13:34:21.068-0700][gc,heap     ] GC(76) Humongous regions: 129->129
[2024-11-26T13:34:21.068-0700][gc,metaspace] GC(76) Metaspace: 45581K(46144K)->45581K(46144K) NonClass: 40121K(40448K)->40121K(40448K) Class: 5459K(5696K)->5459K(5696K)
[2024-11-26T13:34:21.072-0700][gc          ] GC(76) Pause Young (Normal) (G1 Evacuation Pause) 233M->188M(1024M) 74.806ms
[2024-11-26T13:34:21.072-0700][gc,cpu      ] GC(76) User=0.02s Sys=0.07s Real=0.08s
[2024-11-26T13:43:55.796-0700][gc,start    ] GC(77) Pause Young (Normal) (G1 Evacuation Pause)
[2024-11-26T13:43:55.798-0700][gc,task     ] GC(77) Using 8 workers of 8 for evacuation
[2024-11-26T13:43:55.848-0700][gc,mmu      ] GC(77) MMU target violated: 21.0ms (20.0ms/21.0ms)
[2024-11-26T13:43:55.848-0700][gc,phases   ] GC(77)   Pre Evacuate Collection Set: 5.4ms
[2024-11-26T13:43:55.848-0700][gc,phases   ] GC(77)   Merge Heap Roots: 5.4ms
[2024-11-26T13:43:55.848-0700][gc,phases   ] GC(77)   Evacuate Collection Set: 32.4ms
[2024-11-26T13:43:55.848-0700][gc,phases   ] GC(77)   Post Evacuate Collection Set: 4.3ms
[2024-11-26T13:43:55.848-0700][gc,phases   ] GC(77)   Other: 7.1ms
[2024-11-26T13:43:55.848-0700][gc,heap     ] GC(77) Eden regions: 46->0(47)
[2024-11-26T13:43:55.848-0700][gc,heap     ] GC(77) Survivor regions: 5->4(7)
[2024-11-26T13:43:55.848-0700][gc,heap     ] GC(77) Old regions: 55->56
[2024-11-26T13:43:55.848-0700][gc,heap     ] GC(77) Archive regions: 2->2
[2024-11-26T13:43:55.848-0700][gc,heap     ] GC(77) Humongous regions: 129->129
[2024-11-26T13:43:55.848-0700][gc,metaspace] GC(77) Metaspace: 45581K(46144K)->45581K(46144K) NonClass: 40121K(40448K)->40121K(40448K) Class: 5459K(5696K)->5459K(5696K)
[2024-11-26T13:43:55.849-0700][gc          ] GC(77) Pause Young (Normal) (G1 Evacuation Pause) 234M->188M(1024M) 53.181ms
[2024-11-26T13:43:55.849-0700][gc,cpu      ] GC(77) User=0.02s Sys=0.08s Real=0.05s
[2024-11-26T13:54:15.343-0700][gc,start    ] GC(78) Pause Young (Normal) (G1 Evacuation Pause)
[2024-11-26T13:54:15.345-0700][gc,task     ] GC(78) Using 8 workers of 8 for evacuation
[2024-11-26T13:54:15.422-0700][gc,mmu      ] GC(78) MMU target violated: 21.0ms (20.0ms/21.0ms)
[2024-11-26T13:54:15.424-0700][gc,phases   ] GC(78)   Pre Evacuate Collection Set: 6.2ms
[2024-11-26T13:54:15.424-0700][gc,phases   ] GC(78)   Merge Heap Roots: 1.0ms
[2024-11-26T13:54:15.424-0700][gc,phases   ] GC(78)   Evacuate Collection Set: 53.9ms
[2024-11-26T13:54:15.424-0700][gc,phases   ] GC(78)   Post Evacuate Collection Set: 9.9ms
[2024-11-26T13:54:15.424-0700][gc,phases   ] GC(78)   Other: 18.7ms
[2024-11-26T13:54:15.424-0700][gc,heap     ] GC(78) Eden regions: 47->0(46)
[2024-11-26T13:54:15.424-0700][gc,heap     ] GC(78) Survivor regions: 4->5(7)
[2024-11-26T13:54:15.424-0700][gc,heap     ] GC(78) Old regions: 56->56
[2024-11-26T13:54:15.424-0700][gc,heap     ] GC(78) Archive regions: 2->2
[2024-11-26T13:54:15.424-0700][gc,heap     ] GC(78) Humongous regions: 129->129
[2024-11-26T13:54:15.427-0700][gc,metaspace] GC(78) Metaspace: 45581K(46144K)->45581K(46144K) NonClass: 40121K(40448K)->40121K(40448K) Class: 5459K(5696K)->5459K(5696K)
[2024-11-26T13:54:15.427-0700][gc          ] GC(78) Pause Young (Normal) (G1 Evacuation Pause) 235M->189M(1024M) 84.371ms
[2024-11-26T13:54:15.427-0700][gc,cpu      ] GC(78) User=0.02s Sys=0.05s Real=0.08s
[2024-11-26T14:04:31.043-0700][gc,start    ] GC(79) Pause Young (Normal) (G1 Evacuation Pause)
[2024-11-26T14:04:31.044-0700][gc,task     ] GC(79) Using 8 workers of 8 for evacuation
[2024-11-26T14:04:31.083-0700][gc,mmu      ] GC(79) MMU target violated: 21.0ms (20.0ms/21.0ms)
[2024-11-26T14:04:31.083-0700][gc,phases   ] GC(79)   Pre Evacuate Collection Set: 4.7ms
[2024-11-26T14:04:31.083-0700][gc,phases   ] GC(79)   Merge Heap Roots: 0.8ms
[2024-11-26T14:04:31.083-0700][gc,phases   ] GC(79)   Evacuate Collection Set: 29.4ms
[2024-11-26T14:04:31.083-0700][gc,phases   ] GC(79)   Post Evacuate Collection Set: 1.9ms
[2024-11-26T14:04:31.083-0700][gc,phases   ] GC(79)   Other: 5.8ms
[2024-11-26T14:04:31.083-0700][gc,heap     ] GC(79) Eden regions: 46->0(48)
[2024-11-26T14:04:31.083-0700][gc,heap     ] GC(79) Survivor regions: 5->3(7)
[2024-11-26T14:04:31.083-0700][gc,heap     ] GC(79) Old regions: 56->57
[2024-11-26T14:04:31.083-0700][gc,heap     ] GC(79) Archive regions: 2->2
[2024-11-26T14:04:31.083-0700][gc,heap     ] GC(79) Humongous regions: 129->129
[2024-11-26T14:04:31.084-0700][gc,metaspace] GC(79) Metaspace: 45581K(46144K)->45581K(46144K) NonClass: 40121K(40448K)->40121K(40448K) Class: 5459K(5696K)->5459K(5696K)
[2024-11-26T14:04:31.084-0700][gc          ] GC(79) Pause Young (Normal) (G1 Evacuation Pause) 235M->188M(1024M) 41.550ms
[2024-11-26T14:04:31.084-0700][gc,cpu      ] GC(79) User=0.01s Sys=0.02s Real=0.04s
[2024-11-26T14:15:09.090-0700][gc,start    ] GC(80) Pause Young (Normal) (G1 Evacuation Pause)
[2024-11-26T14:15:09.094-0700][gc,task     ] GC(80) Using 8 workers of 8 for evacuation
[2024-11-26T14:15:09.138-0700][gc,mmu      ] GC(80) MMU target violated: 21.0ms (20.0ms/21.0ms)
[2024-11-26T14:15:09.141-0700][gc,phases   ] GC(80)   Pre Evacuate Collection Set: 5.0ms
[2024-11-26T14:15:09.141-0700][gc,phases   ] GC(80)   Merge Heap Roots: 0.3ms
[2024-11-26T14:15:09.141-0700][gc,phases   ] GC(80)   Evacuate Collection Set: 28.1ms
[2024-11-26T14:15:09.141-0700][gc,phases   ] GC(80)   Post Evacuate Collection Set: 8.2ms
[2024-11-26T14:15:09.142-0700][gc,phases   ] GC(80)   Other: 10.8ms
[2024-11-26T14:15:09.144-0700][gc,heap     ] GC(80) Eden regions: 48->0(47)
[2024-11-26T14:15:09.144-0700][gc,heap     ] GC(80) Survivor regions: 3->4(7)
[2024-11-26T14:15:09.144-0700][gc,heap     ] GC(80) Old regions: 57->57
[2024-11-26T14:15:09.144-0700][gc,heap     ] GC(80) Archive regions: 2->2
[2024-11-26T14:15:09.144-0700][gc,heap     ] GC(80) Humongous regions: 129->129
[2024-11-26T14:15:09.147-0700][gc,metaspace] GC(80) Metaspace: 45581K(46144K)->45581K(46144K) NonClass: 40121K(40448K)->40121K(40448K) Class: 5459K(5696K)->5459K(5696K)
[2024-11-26T14:15:09.147-0700][gc          ] GC(80) Pause Young (Normal) (G1 Evacuation Pause) 236M->189M(1024M) 57.619ms
[2024-11-26T14:15:09.147-0700][gc,cpu      ] GC(80) User=0.01s Sys=0.04s Real=0.06s
[2024-11-26T14:25:33.351-0700][gc,start    ] GC(81) Pause Young (Normal) (G1 Evacuation Pause)
[2024-11-26T14:25:33.353-0700][gc,task     ] GC(81) Using 8 workers of 8 for evacuation
[2024-11-26T14:25:33.399-0700][gc,mmu      ] GC(81) MMU target violated: 21.0ms (20.0ms/21.0ms)
[2024-11-26T14:25:33.399-0700][gc,phases   ] GC(81)   Pre Evacuate Collection Set: 5.6ms
[2024-11-26T14:25:33.399-0700][gc,phases   ] GC(81)   Merge Heap Roots: 1.3ms
[2024-11-26T14:25:33.399-0700][gc,phases   ] GC(81)   Evacuate Collection Set: 23.4ms
[2024-11-26T14:25:33.399-0700][gc,phases   ] GC(81)   Post Evacuate Collection Set: 13.2ms
[2024-11-26T14:25:33.399-0700][gc,phases   ] GC(81)   Other: 6.3ms
[2024-11-26T14:25:33.399-0700][gc,heap     ] GC(81) Eden regions: 47->0(48)
[2024-11-26T14:25:33.399-0700][gc,heap     ] GC(81) Survivor regions: 4->3(7)
[2024-11-26T14:25:33.399-0700][gc,heap     ] GC(81) Old regions: 57->57
[2024-11-26T14:25:33.399-0700][gc,heap     ] GC(81) Archive regions: 2->2
[2024-11-26T14:25:33.399-0700][gc,heap     ] GC(81) Humongous regions: 129->129
[2024-11-26T14:25:33.400-0700][gc,metaspace] GC(81) Metaspace: 45582K(46144K)->45582K(46144K) NonClass: 40122K(40448K)->40122K(40448K) Class: 5459K(5696K)->5459K(5696K)
[2024-11-26T14:25:33.400-0700][gc          ] GC(81) Pause Young (Normal) (G1 Evacuation Pause) 236M->188M(1024M) 49.150ms
[2024-11-26T14:25:33.400-0700][gc,cpu      ] GC(81) User=0.01s Sys=0.05s Real=0.05s
[2024-11-26T14:35:46.472-0700][gc,start    ] GC(82) Pause Young (Normal) (G1 Evacuation Pause)
[2024-11-26T14:35:46.474-0700][gc,task     ] GC(82) Using 8 workers of 8 for evacuation
[2024-11-26T14:35:46.505-0700][gc,mmu      ] GC(82) MMU target violated: 21.0ms (20.0ms/21.0ms)
[2024-11-26T14:35:46.505-0700][gc,phases   ] GC(82)   Pre Evacuate Collection Set: 3.6ms
[2024-11-26T14:35:46.505-0700][gc,phases   ] GC(82)   Merge Heap Roots: 0.4ms
[2024-11-26T14:35:46.505-0700][gc,phases   ] GC(82)   Evacuate Collection Set: 23.6ms
[2024-11-26T14:35:46.505-0700][gc,phases   ] GC(82)   Post Evacuate Collection Set: 2.1ms
[2024-11-26T14:35:46.506-0700][gc,phases   ] GC(82)   Other: 5.7ms
[2024-11-26T14:35:46.506-0700][gc,heap     ] GC(82) Eden regions: 48->0(47)
[2024-11-26T14:35:46.506-0700][gc,heap     ] GC(82) Survivor regions: 3->4(7)
[2024-11-26T14:35:46.506-0700][gc,heap     ] GC(82) Old regions: 57->57
[2024-11-26T14:35:46.506-0700][gc,heap     ] GC(82) Archive regions: 2->2
[2024-11-26T14:35:46.506-0700][gc,heap     ] GC(82) Humongous regions: 129->129
[2024-11-26T14:35:46.506-0700][gc,metaspace] GC(82) Metaspace: 45582K(46144K)->45582K(46144K) NonClass: 40122K(40448K)->40122K(40448K) Class: 5459K(5696K)->5459K(5696K)
[2024-11-26T14:35:46.506-0700][gc          ] GC(82) Pause Young (Normal) (G1 Evacuation Pause) 236M->189M(1024M) 34.843ms
[2024-11-26T14:35:46.506-0700][gc,cpu      ] GC(82) User=0.02s Sys=0.07s Real=0.03s
[2024-11-26T14:45:57.106-0700][gc,start    ] GC(83) Pause Young (Normal) (G1 Evacuation Pause)
[2024-11-26T14:45:57.108-0700][gc,task     ] GC(83) Using 8 workers of 8 for evacuation
[2024-11-26T14:45:57.173-0700][gc,mmu      ] GC(83) MMU target violated: 21.0ms (20.0ms/21.0ms)
[2024-11-26T14:45:57.174-0700][gc,phases   ] GC(83)   Pre Evacuate Collection Set: 21.3ms
[2024-11-26T14:45:57.174-0700][gc,phases   ] GC(83)   Merge Heap Roots: 1.1ms
[2024-11-26T14:45:57.174-0700][gc,phases   ] GC(83)   Evacuate Collection Set: 35.2ms
[2024-11-26T14:45:57.174-0700][gc,phases   ] GC(83)   Post Evacuate Collection Set: 5.1ms
[2024-11-26T14:45:57.175-0700][gc,phases   ] GC(83)   Other: 8.1ms
[2024-11-26T14:45:57.175-0700][gc,heap     ] GC(83) Eden regions: 47->0(47)
[2024-11-26T14:45:57.175-0700][gc,heap     ] GC(83) Survivor regions: 4->4(7)
[2024-11-26T14:45:57.175-0700][gc,heap     ] GC(83) Old regions: 57->57
[2024-11-26T14:45:57.175-0700][gc,heap     ] GC(83) Archive regions: 2->2
[2024-11-26T14:45:57.175-0700][gc,heap     ] GC(83) Humongous regions: 129->129
[2024-11-26T14:45:57.176-0700][gc,metaspace] GC(83) Metaspace: 45582K(46144K)->45582K(46144K) NonClass: 40122K(40448K)->40122K(40448K) Class: 5459K(5696K)->5459K(5696K)
[2024-11-26T14:45:57.176-0700][gc          ] GC(83) Pause Young (Normal) (G1 Evacuation Pause) 236M->189M(1024M) 70.382ms
[2024-11-26T14:45:57.176-0700][gc,cpu      ] GC(83) User=0.01s Sys=0.06s Real=0.07s
[2024-11-26T14:56:17.240-0700][gc,start    ] GC(84) Pause Young (Normal) (G1 Evacuation Pause)
[2024-11-26T14:56:17.242-0700][gc,task     ] GC(84) Using 8 workers of 8 for evacuation
[2024-11-26T14:56:17.280-0700][gc,mmu      ] GC(84) MMU target violated: 21.0ms (20.0ms/21.0ms)
[2024-11-26T14:56:17.280-0700][gc,phases   ] GC(84)   Pre Evacuate Collection Set: 9.0ms
[2024-11-26T14:56:17.280-0700][gc,phases   ] GC(84)   Merge Heap Roots: 0.4ms
[2024-11-26T14:56:17.280-0700][gc,phases   ] GC(84)   Evacuate Collection Set: 23.2ms
[2024-11-26T14:56:17.280-0700][gc,phases   ] GC(84)   Post Evacuate Collection Set: 2.5ms
[2024-11-26T14:56:17.280-0700][gc,phases   ] GC(84)   Other: 7.6ms
[2024-11-26T14:56:17.281-0700][gc,heap     ] GC(84) Eden regions: 47->0(47)
[2024-11-26T14:56:17.281-0700][gc,heap     ] GC(84) Survivor regions: 4->4(7)
[2024-11-26T14:56:17.281-0700][gc,heap     ] GC(84) Old regions: 57->57
[2024-11-26T14:56:17.281-0700][gc,heap     ] GC(84) Archive regions: 2->2
[2024-11-26T14:56:17.281-0700][gc,heap     ] GC(84) Humongous regions: 129->129
[2024-11-26T14:56:17.281-0700][gc,metaspace] GC(84) Metaspace: 45582K(46144K)->45582K(46144K) NonClass: 40122K(40448K)->40122K(40448K) Class: 5459K(5696K)->5459K(5696K)
[2024-11-26T14:56:17.281-0700][gc          ] GC(84) Pause Young (Normal) (G1 Evacuation Pause) 236M->189M(1024M) 41.524ms
[2024-11-26T14:56:17.281-0700][gc,cpu      ] GC(84) User=0.01s Sys=0.06s Real=0.05s
[2024-11-26T15:06:42.767-0700][gc,start    ] GC(85) Pause Young (Normal) (G1 Evacuation Pause)
[2024-11-26T15:06:42.769-0700][gc,task     ] GC(85) Using 8 workers of 8 for evacuation
[2024-11-26T15:06:42.798-0700][gc,mmu      ] GC(85) MMU target violated: 21.0ms (20.0ms/21.0ms)
[2024-11-26T15:06:42.798-0700][gc,phases   ] GC(85)   Pre Evacuate Collection Set: 4.5ms
[2024-11-26T15:06:42.798-0700][gc,phases   ] GC(85)   Merge Heap Roots: 0.9ms
[2024-11-26T15:06:42.798-0700][gc,phases   ] GC(85)   Evacuate Collection Set: 19.4ms
[2024-11-26T15:06:42.798-0700][gc,phases   ] GC(85)   Post Evacuate Collection Set: 2.5ms
[2024-11-26T15:06:42.798-0700][gc,phases   ] GC(85)   Other: 6.1ms
[2024-11-26T15:06:42.798-0700][gc,heap     ] GC(85) Eden regions: 47->0(47)
[2024-11-26T15:06:42.798-0700][gc,heap     ] GC(85) Survivor regions: 4->4(7)
[2024-11-26T15:06:42.798-0700][gc,heap     ] GC(85) Old regions: 57->57
[2024-11-26T15:06:42.798-0700][gc,heap     ] GC(85) Archive regions: 2->2
[2024-11-26T15:06:42.798-0700][gc,heap     ] GC(85) Humongous regions: 129->129
[2024-11-26T15:06:42.798-0700][gc,metaspace] GC(85) Metaspace: 45582K(46144K)->45582K(46144K) NonClass: 40122K(40448K)->40122K(40448K) Class: 5459K(5696K)->5459K(5696K)
[2024-11-26T15:06:42.798-0700][gc          ] GC(85) Pause Young (Normal) (G1 Evacuation Pause) 236M->189M(1024M) 32.275ms
[2024-11-26T15:06:42.798-0700][gc,cpu      ] GC(85) User=0.01s Sys=0.06s Real=0.03s
[2024-11-26T15:17:06.012-0700][gc,start    ] GC(86) Pause Young (Normal) (G1 Evacuation Pause)
[2024-11-26T15:17:06.019-0700][gc,task     ] GC(86) Using 8 workers of 8 for evacuation
[2024-11-26T15:17:06.094-0700][gc,mmu      ] GC(86) MMU target violated: 21.0ms (20.0ms/21.0ms)
[2024-11-26T15:17:06.094-0700][gc,phases   ] GC(86)   Pre Evacuate Collection Set: 12.7ms
[2024-11-26T15:17:06.094-0700][gc,phases   ] GC(86)   Merge Heap Roots: 4.2ms
[2024-11-26T15:17:06.094-0700][gc,phases   ] GC(86)   Evacuate Collection Set: 44.3ms
[2024-11-26T15:17:06.094-0700][gc,phases   ] GC(86)   Post Evacuate Collection Set: 6.6ms
[2024-11-26T15:17:06.095-0700][gc,phases   ] GC(86)   Other: 26.4ms
[2024-11-26T15:17:06.095-0700][gc,heap     ] GC(86) Eden regions: 47->0(48)
[2024-11-26T15:17:06.095-0700][gc,heap     ] GC(86) Survivor regions: 4->3(7)
[2024-11-26T15:17:06.095-0700][gc,heap     ] GC(86) Old regions: 57->57
[2024-11-26T15:17:06.095-0700][gc,heap     ] GC(86) Archive regions: 2->2
[2024-11-26T15:17:06.095-0700][gc,heap     ] GC(86) Humongous regions: 129->129
[2024-11-26T15:17:06.096-0700][gc,metaspace] GC(86) Metaspace: 45584K(46144K)->45584K(46144K) NonClass: 40124K(40448K)->40124K(40448K) Class: 5459K(5696K)->5459K(5696K)
[2024-11-26T15:17:06.097-0700][gc          ] GC(86) Pause Young (Normal) (G1 Evacuation Pause) 236M->189M(1024M) 87.666ms
[2024-11-26T15:17:06.097-0700][gc,cpu      ] GC(86) User=0.01s Sys=0.03s Real=0.09s
[2024-11-26T15:27:45.990-0700][gc,start    ] GC(87) Pause Young (Normal) (G1 Evacuation Pause)
[2024-11-26T15:27:45.991-0700][gc,task     ] GC(87) Using 8 workers of 8 for evacuation
[2024-11-26T15:27:46.031-0700][gc,mmu      ] GC(87) MMU target violated: 21.0ms (20.0ms/21.0ms)
[2024-11-26T15:27:46.031-0700][gc,phases   ] GC(87)   Pre Evacuate Collection Set: 8.2ms
[2024-11-26T15:27:46.031-0700][gc,phases   ] GC(87)   Merge Heap Roots: 1.9ms
[2024-11-26T15:27:46.031-0700][gc,phases   ] GC(87)   Evacuate Collection Set: 21.6ms
[2024-11-26T15:27:46.031-0700][gc,phases   ] GC(87)   Post Evacuate Collection Set: 4.3ms
[2024-11-26T15:27:46.031-0700][gc,phases   ] GC(87)   Other: 8.3ms
[2024-11-26T15:27:46.031-0700][gc,heap     ] GC(87) Eden regions: 48->0(47)
[2024-11-26T15:27:46.031-0700][gc,heap     ] GC(87) Survivor regions: 3->4(7)
[2024-11-26T15:27:46.031-0700][gc,heap     ] GC(87) Old regions: 57->57
[2024-11-26T15:27:46.031-0700][gc,heap     ] GC(87) Archive regions: 2->2
[2024-11-26T15:27:46.031-0700][gc,heap     ] GC(87) Humongous regions: 129->129
[2024-11-26T15:27:46.032-0700][gc,metaspace] GC(87) Metaspace: 45584K(46144K)->45584K(46144K) NonClass: 40124K(40448K)->40124K(40448K) Class: 5459K(5696K)->5459K(5696K)
[2024-11-26T15:27:46.032-0700][gc          ] GC(87) Pause Young (Normal) (G1 Evacuation Pause) 237M->189M(1024M) 42.785ms
[2024-11-26T15:27:46.032-0700][gc,cpu      ] GC(87) User=0.02s Sys=0.05s Real=0.05s
[2024-11-26T15:37:28.294-0700][gc,start    ] GC(88) Pause Young (Normal) (G1 Evacuation Pause)
[2024-11-26T15:37:28.295-0700][gc,task     ] GC(88) Using 8 workers of 8 for evacuation
[2024-11-26T15:37:28.339-0700][gc,mmu      ] GC(88) MMU target violated: 21.0ms (20.0ms/21.0ms)
[2024-11-26T15:37:28.339-0700][gc,phases   ] GC(88)   Pre Evacuate Collection Set: 6.1ms
[2024-11-26T15:37:28.339-0700][gc,phases   ] GC(88)   Merge Heap Roots: 0.4ms
[2024-11-26T15:37:28.339-0700][gc,phases   ] GC(88)   Evacuate Collection Set: 29.5ms
[2024-11-26T15:37:28.339-0700][gc,phases   ] GC(88)   Post Evacuate Collection Set: 5.0ms
[2024-11-26T15:37:28.339-0700][gc,phases   ] GC(88)   Other: 7.5ms
[2024-11-26T15:37:28.339-0700][gc,heap     ] GC(88) Eden regions: 47->0(48)
[2024-11-26T15:37:28.339-0700][gc,heap     ] GC(88) Survivor regions: 4->3(7)
[2024-11-26T15:37:28.339-0700][gc,heap     ] GC(88) Old regions: 57->57
[2024-11-26T15:37:28.339-0700][gc,heap     ] GC(88) Archive regions: 2->2
[2024-11-26T15:37:28.339-0700][gc,heap     ] GC(88) Humongous regions: 129->129
[2024-11-26T15:37:28.339-0700][gc,metaspace] GC(88) Metaspace: 45584K(46144K)->45584K(46144K) NonClass: 40124K(40448K)->40124K(40448K) Class: 5459K(5696K)->5459K(5696K)
[2024-11-26T15:37:28.339-0700][gc          ] GC(88) Pause Young (Normal) (G1 Evacuation Pause) 236M->188M(1024M) 46.780ms
[2024-11-26T15:37:28.339-0700][gc,cpu      ] GC(88) User=0.01s Sys=0.05s Real=0.04s
[2024-11-26T15:48:06.007-0700][gc,start    ] GC(89) Pause Young (Normal) (G1 Evacuation Pause)
[2024-11-26T15:48:06.010-0700][gc,task     ] GC(89) Using 8 workers of 8 for evacuation
[2024-11-26T15:48:06.088-0700][gc,mmu      ] GC(89) MMU target violated: 21.0ms (20.0ms/21.0ms)
[2024-11-26T15:48:06.088-0700][gc,phases   ] GC(89)   Pre Evacuate Collection Set: 19.3ms
[2024-11-26T15:48:06.088-0700][gc,phases   ] GC(89)   Merge Heap Roots: 3.7ms
[2024-11-26T15:48:06.088-0700][gc,phases   ] GC(89)   Evacuate Collection Set: 39.7ms
[2024-11-26T15:48:06.088-0700][gc,phases   ] GC(89)   Post Evacuate Collection Set: 13.3ms
[2024-11-26T15:48:06.089-0700][gc,phases   ] GC(89)   Other: 9.7ms
[2024-11-26T15:48:06.089-0700][gc,heap     ] GC(89) Eden regions: 48->0(47)
[2024-11-26T15:48:06.089-0700][gc,heap     ] GC(89) Survivor regions: 3->4(7)
[2024-11-26T15:48:06.089-0700][gc,heap     ] GC(89) Old regions: 57->57
[2024-11-26T15:48:06.089-0700][gc,heap     ] GC(89) Archive regions: 2->2
[2024-11-26T15:48:06.089-0700][gc,heap     ] GC(89) Humongous regions: 129->129
[2024-11-26T15:48:06.090-0700][gc,metaspace] GC(89) Metaspace: 45584K(46144K)->45584K(46144K) NonClass: 40124K(40448K)->40124K(40448K) Class: 5459K(5696K)->5459K(5696K)
[2024-11-26T15:48:06.090-0700][gc          ] GC(89) Pause Young (Normal) (G1 Evacuation Pause) 236M->189M(1024M) 84.303ms
[2024-11-26T15:48:06.090-0700][gc,cpu      ] GC(89) User=0.01s Sys=0.05s Real=0.09s
[2024-11-26T15:58:29.581-0700][gc,start    ] GC(90) Pause Young (Normal) (G1 Evacuation Pause)
[2024-11-26T15:58:29.583-0700][gc,task     ] GC(90) Using 8 workers of 8 for evacuation
[2024-11-26T15:58:29.611-0700][gc,mmu      ] GC(90) MMU target violated: 21.0ms (20.0ms/21.0ms)
[2024-11-26T15:58:29.612-0700][gc,phases   ] GC(90)   Pre Evacuate Collection Set: 5.0ms
[2024-11-26T15:58:29.612-0700][gc,phases   ] GC(90)   Merge Heap Roots: 0.6ms
[2024-11-26T15:58:29.612-0700][gc,phases   ] GC(90)   Evacuate Collection Set: 17.6ms
[2024-11-26T15:58:29.612-0700][gc,phases   ] GC(90)   Post Evacuate Collection Set: 2.6ms
[2024-11-26T15:58:29.612-0700][gc,phases   ] GC(90)   Other: 8.1ms
[2024-11-26T15:58:29.612-0700][gc,heap     ] GC(90) Eden regions: 47->0(48)
[2024-11-26T15:58:29.612-0700][gc,heap     ] GC(90) Survivor regions: 4->3(7)
[2024-11-26T15:58:29.612-0700][gc,heap     ] GC(90) Old regions: 57->57
[2024-11-26T15:58:29.612-0700][gc,heap     ] GC(90) Archive regions: 2->2
[2024-11-26T15:58:29.612-0700][gc,heap     ] GC(90) Humongous regions: 129->129
[2024-11-26T15:58:29.612-0700][gc,metaspace] GC(90) Metaspace: 45584K(46144K)->45584K(46144K) NonClass: 40124K(40448K)->40124K(40448K) Class: 5459K(5696K)->5459K(5696K)
[2024-11-26T15:58:29.612-0700][gc          ] GC(90) Pause Young (Normal) (G1 Evacuation Pause) 236M->188M(1024M) 32.346ms
[2024-11-26T15:58:29.612-0700][gc,cpu      ] GC(90) User=0.02s Sys=0.05s Real=0.04s
[2024-11-26T16:09:06.271-0700][gc,start    ] GC(91) Pause Young (Normal) (G1 Evacuation Pause)
[2024-11-26T16:09:06.280-0700][gc,task     ] GC(91) Using 8 workers of 8 for evacuation
[2024-11-26T16:09:06.337-0700][gc,mmu      ] GC(91) MMU target violated: 21.0ms (20.0ms/21.0ms)
[2024-11-26T16:09:06.338-0700][gc,phases   ] GC(91)   Pre Evacuate Collection Set: 6.9ms
[2024-11-26T16:09:06.338-0700][gc,phases   ] GC(91)   Merge Heap Roots: 2.3ms
[2024-11-26T16:09:06.338-0700][gc,phases   ] GC(91)   Evacuate Collection Set: 34.3ms
[2024-11-26T16:09:06.338-0700][gc,phases   ] GC(91)   Post Evacuate Collection Set: 7.3ms
[2024-11-26T16:09:06.339-0700][gc,phases   ] GC(91)   Other: 19.9ms
[2024-11-26T16:09:06.339-0700][gc,heap     ] GC(91) Eden regions: 48->0(47)
[2024-11-26T16:09:06.339-0700][gc,heap     ] GC(91) Survivor regions: 3->4(7)
[2024-11-26T16:09:06.339-0700][gc,heap     ] GC(91) Old regions: 57->57
[2024-11-26T16:09:06.339-0700][gc,heap     ] GC(91) Archive regions: 2->2
[2024-11-26T16:09:06.339-0700][gc,heap     ] GC(91) Humongous regions: 129->129
[2024-11-26T16:09:06.339-0700][gc,metaspace] GC(91) Metaspace: 45584K(46144K)->45584K(46144K) NonClass: 40124K(40448K)->40124K(40448K) Class: 5459K(5696K)->5459K(5696K)
[2024-11-26T16:09:06.340-0700][gc          ] GC(91) Pause Young (Normal) (G1 Evacuation Pause) 236M->189M(1024M) 70.843ms
[2024-11-26T16:09:06.340-0700][gc,cpu      ] GC(91) User=0.01s Sys=0.04s Real=0.08s
[2024-11-26T16:19:36.977-0700][gc,start    ] GC(92) Pause Young (Normal) (G1 Evacuation Pause)
[2024-11-26T16:19:36.979-0700][gc,task     ] GC(92) Using 8 workers of 8 for evacuation
[2024-11-26T16:19:37.028-0700][gc,mmu      ] GC(92) MMU target violated: 21.0ms (20.0ms/21.0ms)
[2024-11-26T16:19:37.029-0700][gc,phases   ] GC(92)   Pre Evacuate Collection Set: 6.8ms
[2024-11-26T16:19:37.029-0700][gc,phases   ] GC(92)   Merge Heap Roots: 2.5ms
[2024-11-26T16:19:37.029-0700][gc,phases   ] GC(92)   Evacuate Collection Set: 29.6ms
[2024-11-26T16:19:37.029-0700][gc,phases   ] GC(92)   Post Evacuate Collection Set: 5.9ms
[2024-11-26T16:19:37.029-0700][gc,phases   ] GC(92)   Other: 9.8ms
[2024-11-26T16:19:37.029-0700][gc,heap     ] GC(92) Eden regions: 47->0(48)
[2024-11-26T16:19:37.029-0700][gc,heap     ] GC(92) Survivor regions: 4->3(7)
[2024-11-26T16:19:37.029-0700][gc,heap     ] GC(92) Old regions: 57->57
[2024-11-26T16:19:37.029-0700][gc,heap     ] GC(92) Archive regions: 2->2
[2024-11-26T16:19:37.029-0700][gc,heap     ] GC(92) Humongous regions: 129->129
[2024-11-26T16:19:37.029-0700][gc,metaspace] GC(92) Metaspace: 45588K(46144K)->45588K(46144K) NonClass: 40128K(40448K)->40128K(40448K) Class: 5459K(5696K)->5459K(5696K)
[2024-11-26T16:19:37.029-0700][gc          ] GC(92) Pause Young (Normal) (G1 Evacuation Pause) 236M->188M(1024M) 53.207ms
[2024-11-26T16:19:37.029-0700][gc,cpu      ] GC(92) User=0.01s Sys=0.04s Real=0.05s
[2024-11-26T16:30:42.890-0700][gc,start    ] GC(93) Pause Young (Normal) (G1 Evacuation Pause)
[2024-11-26T16:30:42.892-0700][gc,task     ] GC(93) Using 8 workers of 8 for evacuation
[2024-11-26T16:30:43.014-0700][gc,mmu      ] GC(93) MMU target violated: 21.0ms (20.0ms/21.0ms)
[2024-11-26T16:30:43.014-0700][gc,phases   ] GC(93)   Pre Evacuate Collection Set: 5.1ms
[2024-11-26T16:30:43.015-0700][gc,phases   ] GC(93)   Merge Heap Roots: 1.5ms
[2024-11-26T16:30:43.015-0700][gc,phases   ] GC(93)   Evacuate Collection Set: 109.9ms
[2024-11-26T16:30:43.015-0700][gc,phases   ] GC(93)   Post Evacuate Collection Set: 2.3ms
[2024-11-26T16:30:43.015-0700][gc,phases   ] GC(93)   Other: 8.5ms
[2024-11-26T16:30:43.015-0700][gc,heap     ] GC(93) Eden regions: 48->0(47)
[2024-11-26T16:30:43.015-0700][gc,heap     ] GC(93) Survivor regions: 3->4(7)
[2024-11-26T16:30:43.015-0700][gc,heap     ] GC(93) Old regions: 57->57
[2024-11-26T16:30:43.015-0700][gc,heap     ] GC(93) Archive regions: 2->2
[2024-11-26T16:30:43.015-0700][gc,heap     ] GC(93) Humongous regions: 129->129
[2024-11-26T16:30:43.015-0700][gc,metaspace] GC(93) Metaspace: 45731K(46336K)->45731K(46336K) NonClass: 40243K(40576K)->40243K(40576K) Class: 5487K(5760K)->5487K(5760K)
[2024-11-26T16:30:43.015-0700][gc          ] GC(93) Pause Young (Normal) (G1 Evacuation Pause) 236M->189M(1024M) 125.573ms
[2024-11-26T16:30:43.015-0700][gc,cpu      ] GC(93) User=0.01s Sys=0.09s Real=0.13s
[2024-11-26T16:40:27.310-0700][gc,start    ] GC(94) Pause Young (Normal) (G1 Evacuation Pause)
[2024-11-26T16:40:27.312-0700][gc,task     ] GC(94) Using 8 workers of 8 for evacuation
[2024-11-26T16:40:27.361-0700][gc,mmu      ] GC(94) MMU target violated: 21.0ms (20.0ms/21.0ms)
[2024-11-26T16:40:27.362-0700][gc,phases   ] GC(94)   Pre Evacuate Collection Set: 2.6ms
[2024-11-26T16:40:27.362-0700][gc,phases   ] GC(94)   Merge Heap Roots: 3.5ms
[2024-11-26T16:40:27.362-0700][gc,phases   ] GC(94)   Evacuate Collection Set: 35.7ms
[2024-11-26T16:40:27.362-0700][gc,phases   ] GC(94)   Post Evacuate Collection Set: 4.4ms
[2024-11-26T16:40:27.363-0700][gc,phases   ] GC(94)   Other: 8.6ms
[2024-11-26T16:40:27.364-0700][gc,heap     ] GC(94) Eden regions: 47->0(47)
[2024-11-26T16:40:27.364-0700][gc,heap     ] GC(94) Survivor regions: 4->4(7)
[2024-11-26T16:40:27.364-0700][gc,heap     ] GC(94) Old regions: 57->57
[2024-11-26T16:40:27.364-0700][gc,heap     ] GC(94) Archive regions: 2->2
[2024-11-26T16:40:27.364-0700][gc,heap     ] GC(94) Humongous regions: 129->129
[2024-11-26T16:40:27.366-0700][gc,metaspace] GC(94) Metaspace: 45731K(46336K)->45731K(46336K) NonClass: 40243K(40576K)->40243K(40576K) Class: 5487K(5760K)->5487K(5760K)
[2024-11-26T16:40:27.366-0700][gc          ] GC(94) Pause Young (Normal) (G1 Evacuation Pause) 236M->190M(1024M) 57.293ms
[2024-11-26T16:40:27.366-0700][gc,cpu      ] GC(94) User=0.01s Sys=0.06s Real=0.06s
[2024-11-26T16:50:48.724-0700][gc,start    ] GC(95) Pause Young (Normal) (G1 Evacuation Pause)
[2024-11-26T16:50:48.726-0700][gc,task     ] GC(95) Using 8 workers of 8 for evacuation
[2024-11-26T16:50:48.756-0700][gc,mmu      ] GC(95) MMU target violated: 21.0ms (20.0ms/21.0ms)
[2024-11-26T16:50:48.756-0700][gc,phases   ] GC(95)   Pre Evacuate Collection Set: 1.7ms
[2024-11-26T16:50:48.756-0700][gc,phases   ] GC(95)   Merge Heap Roots: 0.5ms
[2024-11-26T16:50:48.756-0700][gc,phases   ] GC(95)   Evacuate Collection Set: 23.0ms
[2024-11-26T16:50:48.756-0700][gc,phases   ] GC(95)   Post Evacuate Collection Set: 3.2ms
[2024-11-26T16:50:48.757-0700][gc,phases   ] GC(95)   Other: 6.0ms
[2024-11-26T16:50:48.757-0700][gc,heap     ] GC(95) Eden regions: 47->0(48)
[2024-11-26T16:50:48.757-0700][gc,heap     ] GC(95) Survivor regions: 4->3(7)
[2024-11-26T16:50:48.757-0700][gc,heap     ] GC(95) Old regions: 57->57
[2024-11-26T16:50:48.757-0700][gc,heap     ] GC(95) Archive regions: 2->2
[2024-11-26T16:50:48.757-0700][gc,heap     ] GC(95) Humongous regions: 129->129
[2024-11-26T16:50:48.759-0700][gc,metaspace] GC(95) Metaspace: 45731K(46336K)->45731K(46336K) NonClass: 40243K(40576K)->40243K(40576K) Class: 5487K(5760K)->5487K(5760K)
[2024-11-26T16:50:48.759-0700][gc          ] GC(95) Pause Young (Normal) (G1 Evacuation Pause) 237M->189M(1024M) 36.204ms
[2024-11-26T16:50:48.759-0700][gc,cpu      ] GC(95) User=0.02s Sys=0.08s Real=0.03s
[2024-11-26T17:01:19.893-0700][gc,start    ] GC(96) Pause Young (Normal) (G1 Evacuation Pause)
[2024-11-26T17:01:19.899-0700][gc,task     ] GC(96) Using 8 workers of 8 for evacuation
[2024-11-26T17:01:19.952-0700][gc,mmu      ] GC(96) MMU target violated: 21.0ms (20.0ms/21.0ms)
[2024-11-26T17:01:19.953-0700][gc,phases   ] GC(96)   Pre Evacuate Collection Set: 4.8ms
[2024-11-26T17:01:19.953-0700][gc,phases   ] GC(96)   Merge Heap Roots: 0.7ms
[2024-11-26T17:01:19.953-0700][gc,phases   ] GC(96)   Evacuate Collection Set: 40.2ms
[2024-11-26T17:01:19.953-0700][gc,phases   ] GC(96)   Post Evacuate Collection Set: 4.1ms
[2024-11-26T17:01:19.953-0700][gc,phases   ] GC(96)   Other: 12.8ms
[2024-11-26T17:01:19.953-0700][gc,heap     ] GC(96) Eden regions: 48->0(47)
[2024-11-26T17:01:19.953-0700][gc,heap     ] GC(96) Survivor regions: 3->4(7)
[2024-11-26T17:01:19.953-0700][gc,heap     ] GC(96) Old regions: 57->57
[2024-11-26T17:01:19.953-0700][gc,heap     ] GC(96) Archive regions: 2->2
[2024-11-26T17:01:19.953-0700][gc,heap     ] GC(96) Humongous regions: 129->129
[2024-11-26T17:01:19.954-0700][gc,metaspace] GC(96) Metaspace: 45731K(46336K)->45731K(46336K) NonClass: 40243K(40576K)->40243K(40576K) Class: 5487K(5760K)->5487K(5760K)
[2024-11-26T17:01:19.955-0700][gc          ] GC(96) Pause Young (Normal) (G1 Evacuation Pause) 237M->190M(1024M) 62.183ms
[2024-11-26T17:01:19.955-0700][gc,cpu      ] GC(96) User=0.03s Sys=0.07s Real=0.06s
[2024-11-26T17:11:40.884-0700][gc,start    ] GC(97) Pause Young (Normal) (G1 Evacuation Pause)
[2024-11-26T17:11:40.886-0700][gc,task     ] GC(97) Using 8 workers of 8 for evacuation
[2024-11-26T17:11:40.926-0700][gc,mmu      ] GC(97) MMU target violated: 21.0ms (20.0ms/21.0ms)
[2024-11-26T17:11:40.926-0700][gc,phases   ] GC(97)   Pre Evacuate Collection Set: 5.9ms
[2024-11-26T17:11:40.926-0700][gc,phases   ] GC(97)   Merge Heap Roots: 0.8ms
[2024-11-26T17:11:40.926-0700][gc,phases   ] GC(97)   Evacuate Collection Set: 26.6ms
[2024-11-26T17:11:40.926-0700][gc,phases   ] GC(97)   Post Evacuate Collection Set: 3.2ms
[2024-11-26T17:11:40.926-0700][gc,phases   ] GC(97)   Other: 7.1ms
[2024-11-26T17:11:40.927-0700][gc,heap     ] GC(97) Eden regions: 47->0(48)
[2024-11-26T17:11:40.927-0700][gc,heap     ] GC(97) Survivor regions: 4->3(7)
[2024-11-26T17:11:40.927-0700][gc,heap     ] GC(97) Old regions: 57->57
[2024-11-26T17:11:40.927-0700][gc,heap     ] GC(97) Archive regions: 2->2
[2024-11-26T17:11:40.927-0700][gc,heap     ] GC(97) Humongous regions: 129->129
[2024-11-26T17:11:40.927-0700][gc,metaspace] GC(97) Metaspace: 45731K(46336K)->45731K(46336K) NonClass: 40243K(40576K)->40243K(40576K) Class: 5487K(5760K)->5487K(5760K)
[2024-11-26T17:11:40.927-0700][gc          ] GC(97) Pause Young (Normal) (G1 Evacuation Pause) 237M->189M(1024M) 43.220ms
[2024-11-26T17:11:40.927-0700][gc,cpu      ] GC(97) User=0.02s Sys=0.07s Real=0.04s
[2024-11-26T17:22:13.980-0700][gc,start    ] GC(98) Pause Young (Normal) (G1 Evacuation Pause)
[2024-11-26T17:22:13.982-0700][gc,task     ] GC(98) Using 8 workers of 8 for evacuation
[2024-11-26T17:22:14.020-0700][gc,mmu      ] GC(98) MMU target violated: 21.0ms (20.0ms/21.0ms)
[2024-11-26T17:22:14.020-0700][gc,phases   ] GC(98)   Pre Evacuate Collection Set: 5.7ms
[2024-11-26T17:22:14.020-0700][gc,phases   ] GC(98)   Merge Heap Roots: 0.7ms
[2024-11-26T17:22:14.020-0700][gc,phases   ] GC(98)   Evacuate Collection Set: 26.6ms
[2024-11-26T17:22:14.021-0700][gc,phases   ] GC(98)   Post Evacuate Collection Set: 1.7ms
[2024-11-26T17:22:14.021-0700][gc,phases   ] GC(98)   Other: 8.6ms
[2024-11-26T17:22:14.021-0700][gc,heap     ] GC(98) Eden regions: 48->0(47)
[2024-11-26T17:22:14.021-0700][gc,heap     ] GC(98) Survivor regions: 3->4(7)
[2024-11-26T17:22:14.021-0700][gc,heap     ] GC(98) Old regions: 57->57
[2024-11-26T17:22:14.021-0700][gc,heap     ] GC(98) Archive regions: 2->2
[2024-11-26T17:22:14.021-0700][gc,heap     ] GC(98) Humongous regions: 129->129
[2024-11-26T17:22:14.021-0700][gc,metaspace] GC(98) Metaspace: 45732K(46336K)->45732K(46336K) NonClass: 40245K(40576K)->40245K(40576K) Class: 5487K(5760K)->5487K(5760K)
[2024-11-26T17:22:14.021-0700][gc          ] GC(98) Pause Young (Normal) (G1 Evacuation Pause) 237M->189M(1024M) 42.375ms
[2024-11-26T17:22:14.021-0700][gc,cpu      ] GC(98) User=0.03s Sys=0.05s Real=0.05s
[2024-11-26T17:32:34.877-0700][gc,start    ] GC(99) Pause Young (Normal) (G1 Evacuation Pause)
[2024-11-26T17:32:34.880-0700][gc,task     ] GC(99) Using 8 workers of 8 for evacuation
[2024-11-26T17:32:34.919-0700][gc,mmu      ] GC(99) MMU target violated: 21.0ms (20.0ms/21.0ms)
[2024-11-26T17:32:34.920-0700][gc,phases   ] GC(99)   Pre Evacuate Collection Set: 12.8ms
[2024-11-26T17:32:34.920-0700][gc,phases   ] GC(99)   Merge Heap Roots: 0.9ms
[2024-11-26T17:32:34.920-0700][gc,phases   ] GC(99)   Evacuate Collection Set: 18.9ms
[2024-11-26T17:32:34.920-0700][gc,phases   ] GC(99)   Post Evacuate Collection Set: 5.8ms
[2024-11-26T17:32:34.920-0700][gc,phases   ] GC(99)   Other: 8.7ms
[2024-11-26T17:32:34.920-0700][gc,heap     ] GC(99) Eden regions: 47->0(48)
[2024-11-26T17:32:34.920-0700][gc,heap     ] GC(99) Survivor regions: 4->3(7)
[2024-11-26T17:32:34.920-0700][gc,heap     ] GC(99) Old regions: 57->57
[2024-11-26T17:32:34.920-0700][gc,heap     ] GC(99) Archive regions: 2->2
[2024-11-26T17:32:34.920-0700][gc,heap     ] GC(99) Humongous regions: 129->129
[2024-11-26T17:32:34.921-0700][gc,metaspace] GC(99) Metaspace: 45733K(46336K)->45733K(46336K) NonClass: 40245K(40576K)->40245K(40576K) Class: 5487K(5760K)->5487K(5760K)
[2024-11-26T17:32:34.921-0700][gc          ] GC(99) Pause Young (Normal) (G1 Evacuation Pause) 236M->189M(1024M) 44.222ms
[2024-11-26T17:32:34.921-0700][gc,cpu      ] GC(99) User=0.01s Sys=0.04s Real=0.05s
[2024-11-26T17:42:38.590-0700][gc,start    ] GC(100) Pause Young (Normal) (G1 Evacuation Pause)
[2024-11-26T17:42:38.593-0700][gc,task     ] GC(100) Using 8 workers of 8 for evacuation
[2024-11-26T17:42:38.644-0700][gc,mmu      ] GC(100) MMU target violated: 21.0ms (20.0ms/21.0ms)
[2024-11-26T17:42:38.644-0700][gc,phases   ] GC(100)   Pre Evacuate Collection Set: 4.2ms
[2024-11-26T17:42:38.644-0700][gc,phases   ] GC(100)   Merge Heap Roots: 2.9ms
[2024-11-26T17:42:38.644-0700][gc,phases   ] GC(100)   Evacuate Collection Set: 36.2ms
[2024-11-26T17:42:38.644-0700][gc,phases   ] GC(100)   Post Evacuate Collection Set: 3.2ms
[2024-11-26T17:42:38.644-0700][gc,phases   ] GC(100)   Other: 9.6ms
[2024-11-26T17:42:38.644-0700][gc,heap     ] GC(100) Eden regions: 48->0(47)
[2024-11-26T17:42:38.644-0700][gc,heap     ] GC(100) Survivor regions: 3->4(7)
[2024-11-26T17:42:38.644-0700][gc,heap     ] GC(100) Old regions: 57->57
[2024-11-26T17:42:38.644-0700][gc,heap     ] GC(100) Archive regions: 2->2
[2024-11-26T17:42:38.644-0700][gc,heap     ] GC(100) Humongous regions: 129->129
[2024-11-26T17:42:38.645-0700][gc,metaspace] GC(100) Metaspace: 45733K(46336K)->45733K(46336K) NonClass: 40245K(40576K)->40245K(40576K) Class: 5487K(5760K)->5487K(5760K)
[2024-11-26T17:42:38.645-0700][gc          ] GC(100) Pause Young (Normal) (G1 Evacuation Pause) 237M->189M(1024M) 55.493ms
[2024-11-26T17:42:38.645-0700][gc,cpu      ] GC(100) User=0.02s Sys=0.08s Real=0.06s
[2024-11-26T17:55:37.052-0700][gc,start    ] GC(101) Pause Young (Normal) (G1 Evacuation Pause)
[2024-11-26T17:55:37.139-0700][gc,task     ] GC(101) Using 8 workers of 8 for evacuation
[2024-11-26T17:55:37.612-0700][gc,mmu      ] GC(101) MMU target violated: 21.0ms (20.0ms/21.0ms)
[2024-11-26T17:55:37.640-0700][gc,phases   ] GC(101)   Pre Evacuate Collection Set: 69.3ms
[2024-11-26T17:55:37.739-0700][gc,phases   ] GC(101)   Merge Heap Roots: 4.2ms
[2024-11-26T17:55:37.739-0700][gc,phases   ] GC(101)   Evacuate Collection Set: 310.4ms
[2024-11-26T17:55:37.739-0700][gc,phases   ] GC(101)   Post Evacuate Collection Set: 20.0ms
[2024-11-26T17:55:37.745-0700][gc,phases   ] GC(101)   Other: 208.6ms
[2024-11-26T17:55:37.745-0700][gc,heap     ] GC(101) Eden regions: 47->0(47)
[2024-11-26T17:55:37.745-0700][gc,heap     ] GC(101) Survivor regions: 4->4(7)
[2024-11-26T17:55:37.745-0700][gc,heap     ] GC(101) Old regions: 57->57
[2024-11-26T17:55:37.745-0700][gc,heap     ] GC(101) Archive regions: 2->2
[2024-11-26T17:55:37.745-0700][gc,heap     ] GC(101) Humongous regions: 129->129
[2024-11-26T17:55:37.753-0700][gc,metaspace] GC(101) Metaspace: 45733K(46336K)->45733K(46336K) NonClass: 40245K(40576K)->40245K(40576K) Class: 5487K(5760K)->5487K(5760K)
[2024-11-26T17:55:37.755-0700][gc          ] GC(101) Pause Young (Normal) (G1 Evacuation Pause) 236M->190M(1024M) 708.554ms
[2024-11-26T17:55:37.755-0700][gc,cpu      ] GC(101) User=0.08s Sys=0.07s Real=0.71s
[2024-11-26T19:44:42.250-0700][gc,start    ] GC(102) Pause Young (Normal) (G1 Evacuation Pause)
[2024-11-26T19:44:42.267-0700][gc,task     ] GC(102) Using 8 workers of 8 for evacuation
[2024-11-26T19:44:42.692-0700][gc,mmu      ] GC(102) MMU target violated: 21.0ms (20.0ms/21.0ms)
[2024-11-26T19:44:42.702-0700][gc,phases   ] GC(102)   Pre Evacuate Collection Set: 51.2ms
[2024-11-26T19:44:42.702-0700][gc,phases   ] GC(102)   Merge Heap Roots: 3.5ms
[2024-11-26T19:44:42.702-0700][gc,phases   ] GC(102)   Evacuate Collection Set: 264.2ms
[2024-11-26T19:44:42.702-0700][gc,phases   ] GC(102)   Post Evacuate Collection Set: 32.9ms
[2024-11-26T19:44:42.705-0700][gc,phases   ] GC(102)   Other: 123.3ms
[2024-11-26T19:44:42.708-0700][gc,heap     ] GC(102) Eden regions: 47->0(48)
[2024-11-26T19:44:42.708-0700][gc,heap     ] GC(102) Survivor regions: 4->3(7)
[2024-11-26T19:44:42.708-0700][gc,heap     ] GC(102) Old regions: 57->58
[2024-11-26T19:44:42.709-0700][gc,heap     ] GC(102) Archive regions: 2->2
[2024-11-26T19:44:42.709-0700][gc,heap     ] GC(102) Humongous regions: 129->129
[2024-11-26T19:44:42.713-0700][gc,metaspace] GC(102) Metaspace: 45733K(46336K)->45733K(46336K) NonClass: 40246K(40576K)->40246K(40576K) Class: 5487K(5760K)->5487K(5760K)
[2024-11-26T19:44:42.716-0700][gc          ] GC(102) Pause Young (Normal) (G1 Evacuation Pause) 237M->189M(1024M) 469.654ms
[2024-11-26T19:44:42.718-0700][gc,cpu      ] GC(102) User=0.03s Sys=0.06s Real=0.47s
[2024-11-26T19:55:22.136-0700][gc,start    ] GC(103) Pause Young (Normal) (G1 Evacuation Pause)
[2024-11-26T19:55:22.139-0700][gc,task     ] GC(103) Using 8 workers of 8 for evacuation
[2024-11-26T19:55:22.187-0700][gc,mmu      ] GC(103) MMU target violated: 21.0ms (20.0ms/21.0ms)
[2024-11-26T19:55:22.187-0700][gc,phases   ] GC(103)   Pre Evacuate Collection Set: 8.9ms
[2024-11-26T19:55:22.187-0700][gc,phases   ] GC(103)   Merge Heap Roots: 2.2ms
[2024-11-26T19:55:22.187-0700][gc,phases   ] GC(103)   Evacuate Collection Set: 27.4ms
[2024-11-26T19:55:22.187-0700][gc,phases   ] GC(103)   Post Evacuate Collection Set: 4.6ms
[2024-11-26T19:55:22.188-0700][gc,phases   ] GC(103)   Other: 12.6ms
[2024-11-26T19:55:22.188-0700][gc,heap     ] GC(103) Eden regions: 48->0(47)
[2024-11-26T19:55:22.188-0700][gc,heap     ] GC(103) Survivor regions: 3->4(7)
[2024-11-26T19:55:22.188-0700][gc,heap     ] GC(103) Old regions: 58->58
[2024-11-26T19:55:22.188-0700][gc,heap     ] GC(103) Archive regions: 2->2
[2024-11-26T19:55:22.188-0700][gc,heap     ] GC(103) Humongous regions: 129->129
[2024-11-26T19:55:22.188-0700][gc,metaspace] GC(103) Metaspace: 45733K(46336K)->45733K(46336K) NonClass: 40246K(40576K)->40246K(40576K) Class: 5487K(5760K)->5487K(5760K)
[2024-11-26T19:55:22.188-0700][gc          ] GC(103) Pause Young (Normal) (G1 Evacuation Pause) 237M->190M(1024M) 53.086ms
[2024-11-26T19:55:22.188-0700][gc,cpu      ] GC(103) User=0.01s Sys=0.05s Real=0.05s
[2024-11-26T20:05:42.118-0700][gc,start    ] GC(104) Pause Young (Normal) (G1 Evacuation Pause)
[2024-11-26T20:05:42.120-0700][gc,task     ] GC(104) Using 8 workers of 8 for evacuation
[2024-11-26T20:05:42.151-0700][gc,mmu      ] GC(104) MMU target violated: 21.0ms (20.0ms/21.0ms)
[2024-11-26T20:05:42.151-0700][gc,phases   ] GC(104)   Pre Evacuate Collection Set: 6.1ms
[2024-11-26T20:05:42.151-0700][gc,phases   ] GC(104)   Merge Heap Roots: 0.9ms
[2024-11-26T20:05:42.151-0700][gc,phases   ] GC(104)   Evacuate Collection Set: 17.9ms
[2024-11-26T20:05:42.151-0700][gc,phases   ] GC(104)   Post Evacuate Collection Set: 2.8ms
[2024-11-26T20:05:42.151-0700][gc,phases   ] GC(104)   Other: 7.1ms
[2024-11-26T20:05:42.151-0700][gc,heap     ] GC(104) Eden regions: 47->0(48)
[2024-11-26T20:05:42.151-0700][gc,heap     ] GC(104) Survivor regions: 4->3(7)
[2024-11-26T20:05:42.151-0700][gc,heap     ] GC(104) Old regions: 58->58
[2024-11-26T20:05:42.151-0700][gc,heap     ] GC(104) Archive regions: 2->2
[2024-11-26T20:05:42.151-0700][gc,heap     ] GC(104) Humongous regions: 129->129
[2024-11-26T20:05:42.151-0700][gc,metaspace] GC(104) Metaspace: 45755K(46400K)->45755K(46400K) NonClass: 40267K(40640K)->40267K(40640K) Class: 5487K(5760K)->5487K(5760K)
[2024-11-26T20:05:42.151-0700][gc          ] GC(104) Pause Young (Normal) (G1 Evacuation Pause) 237M->189M(1024M) 34.028ms
[2024-11-26T20:05:42.151-0700][gc,cpu      ] GC(104) User=0.02s Sys=0.05s Real=0.04s
[2024-11-26T20:16:17.571-0700][gc,start    ] GC(105) Pause Young (Normal) (G1 Evacuation Pause)
[2024-11-26T20:16:17.572-0700][gc,task     ] GC(105) Using 8 workers of 8 for evacuation
[2024-11-26T20:16:17.598-0700][gc,mmu      ] GC(105) MMU target violated: 21.0ms (20.0ms/21.0ms)
[2024-11-26T20:16:17.598-0700][gc,phases   ] GC(105)   Pre Evacuate Collection Set: 3.0ms
[2024-11-26T20:16:17.598-0700][gc,phases   ] GC(105)   Merge Heap Roots: 1.0ms
[2024-11-26T20:16:17.598-0700][gc,phases   ] GC(105)   Evacuate Collection Set: 16.8ms
[2024-11-26T20:16:17.598-0700][gc,phases   ] GC(105)   Post Evacuate Collection Set: 2.8ms
[2024-11-26T20:16:17.598-0700][gc,phases   ] GC(105)   Other: 5.5ms
[2024-11-26T20:16:17.598-0700][gc,heap     ] GC(105) Eden regions: 48->0(47)
[2024-11-26T20:16:17.598-0700][gc,heap     ] GC(105) Survivor regions: 3->4(7)
[2024-11-26T20:16:17.598-0700][gc,heap     ] GC(105) Old regions: 58->58
[2024-11-26T20:16:17.598-0700][gc,heap     ] GC(105) Archive regions: 2->2
[2024-11-26T20:16:17.598-0700][gc,heap     ] GC(105) Humongous regions: 129->129
[2024-11-26T20:16:17.598-0700][gc,metaspace] GC(105) Metaspace: 45756K(46400K)->45756K(46400K) NonClass: 40269K(40640K)->40269K(40640K) Class: 5487K(5760K)->5487K(5760K)
[2024-11-26T20:16:17.598-0700][gc          ] GC(105) Pause Young (Normal) (G1 Evacuation Pause) 237M->190M(1024M) 28.149ms
[2024-11-26T20:16:17.598-0700][gc,cpu      ] GC(105) User=0.02s Sys=0.05s Real=0.02s
[2024-11-26T20:26:02.088-0700][gc,start    ] GC(106) Pause Young (Normal) (G1 Evacuation Pause)
[2024-11-26T20:26:02.090-0700][gc,task     ] GC(106) Using 8 workers of 8 for evacuation
[2024-11-26T20:26:02.104-0700][gc,phases   ] GC(106)   Pre Evacuate Collection Set: 0.9ms
[2024-11-26T20:26:02.104-0700][gc,phases   ] GC(106)   Merge Heap Roots: 0.6ms
[2024-11-26T20:26:02.104-0700][gc,phases   ] GC(106)   Evacuate Collection Set: 9.4ms
[2024-11-26T20:26:02.104-0700][gc,phases   ] GC(106)   Post Evacuate Collection Set: 1.8ms
[2024-11-26T20:26:02.104-0700][gc,phases   ] GC(106)   Other: 4.3ms
[2024-11-26T20:26:02.104-0700][gc,heap     ] GC(106) Eden regions: 47->0(48)
[2024-11-26T20:26:02.104-0700][gc,heap     ] GC(106) Survivor regions: 4->3(7)
[2024-11-26T20:26:02.104-0700][gc,heap     ] GC(106) Old regions: 58->58
[2024-11-26T20:26:02.104-0700][gc,heap     ] GC(106) Archive regions: 2->2
[2024-11-26T20:26:02.104-0700][gc,heap     ] GC(106) Humongous regions: 129->129
[2024-11-26T20:26:02.104-0700][gc,metaspace] GC(106) Metaspace: 45756K(46400K)->45756K(46400K) NonClass: 40269K(40640K)->40269K(40640K) Class: 5487K(5760K)->5487K(5760K)
[2024-11-26T20:26:02.104-0700][gc          ] GC(106) Pause Young (Normal) (G1 Evacuation Pause) 237M->189M(1024M) 17.017ms
[2024-11-26T20:26:02.104-0700][gc,cpu      ] GC(106) User=0.01s Sys=0.02s Real=0.02s
[2024-11-26T21:27:03.075-0700][gc,start    ] GC(107) Pause Young (Normal) (G1 Evacuation Pause)
[2024-11-26T21:27:03.077-0700][gc,task     ] GC(107) Using 8 workers of 8 for evacuation
[2024-11-26T21:27:03.104-0700][gc,mmu      ] GC(107) MMU target violated: 21.0ms (20.0ms/21.0ms)
[2024-11-26T21:27:03.105-0700][gc,phases   ] GC(107)   Pre Evacuate Collection Set: 4.0ms
[2024-11-26T21:27:03.105-0700][gc,phases   ] GC(107)   Merge Heap Roots: 0.9ms
[2024-11-26T21:27:03.105-0700][gc,phases   ] GC(107)   Evacuate Collection Set: 18.3ms
[2024-11-26T21:27:03.105-0700][gc,phases   ] GC(107)   Post Evacuate Collection Set: 2.5ms
[2024-11-26T21:27:03.105-0700][gc,phases   ] GC(107)   Other: 6.4ms
[2024-11-26T21:27:03.105-0700][gc,heap     ] GC(107) Eden regions: 48->0(48)
[2024-11-26T21:27:03.105-0700][gc,heap     ] GC(107) Survivor regions: 3->3(7)
[2024-11-26T21:27:03.105-0700][gc,heap     ] GC(107) Old regions: 58->58
[2024-11-26T21:27:03.105-0700][gc,heap     ] GC(107) Archive regions: 2->2
[2024-11-26T21:27:03.105-0700][gc,heap     ] GC(107) Humongous regions: 129->129
[2024-11-26T21:27:03.105-0700][gc,metaspace] GC(107) Metaspace: 45757K(46400K)->45757K(46400K) NonClass: 40270K(40640K)->40270K(40640K) Class: 5487K(5760K)->5487K(5760K)
[2024-11-26T21:27:03.105-0700][gc          ] GC(107) Pause Young (Normal) (G1 Evacuation Pause) 237M->190M(1024M) 32.223ms
[2024-11-26T21:27:03.105-0700][gc,cpu      ] GC(107) User=0.01s Sys=0.04s Real=0.03s
[2024-11-26T22:20:12.414-0700][gc,start    ] GC(108) Pause Young (Normal) (G1 Evacuation Pause)
[2024-11-26T22:20:12.416-0700][gc,task     ] GC(108) Using 8 workers of 8 for evacuation
[2024-11-26T22:20:12.450-0700][gc,mmu      ] GC(108) MMU target violated: 21.0ms (20.0ms/21.0ms)
[2024-11-26T22:20:12.450-0700][gc,phases   ] GC(108)   Pre Evacuate Collection Set: 2.5ms
[2024-11-26T22:20:12.450-0700][gc,phases   ] GC(108)   Merge Heap Roots: 1.4ms
[2024-11-26T22:20:12.450-0700][gc,phases   ] GC(108)   Evacuate Collection Set: 23.8ms
[2024-11-26T22:20:12.450-0700][gc,phases   ] GC(108)   Post Evacuate Collection Set: 3.3ms
[2024-11-26T22:20:12.450-0700][gc,phases   ] GC(108)   Other: 8.9ms
[2024-11-26T22:20:12.450-0700][gc,heap     ] GC(108) Eden regions: 48->0(48)
[2024-11-26T22:20:12.450-0700][gc,heap     ] GC(108) Survivor regions: 3->3(7)
[2024-11-26T22:20:12.450-0700][gc,heap     ] GC(108) Old regions: 58->58
[2024-11-26T22:20:12.450-0700][gc,heap     ] GC(108) Archive regions: 2->2
[2024-11-26T22:20:12.450-0700][gc,heap     ] GC(108) Humongous regions: 129->129
[2024-11-26T22:20:12.451-0700][gc,metaspace] GC(108) Metaspace: 45757K(46400K)->45757K(46400K) NonClass: 40270K(40640K)->40270K(40640K) Class: 5487K(5760K)->5487K(5760K)
[2024-11-26T22:20:12.451-0700][gc          ] GC(108) Pause Young (Normal) (G1 Evacuation Pause) 238M->189M(1024M) 37.602ms
[2024-11-26T22:20:12.451-0700][gc,cpu      ] GC(108) User=0.02s Sys=0.05s Real=0.04s
[2024-11-26T22:30:46.231-0700][gc,start    ] GC(109) Pause Young (Normal) (G1 Evacuation Pause)
[2024-11-26T22:30:46.232-0700][gc,task     ] GC(109) Using 8 workers of 8 for evacuation
[2024-11-26T22:30:46.254-0700][gc,mmu      ] GC(109) MMU target violated: 21.0ms (20.0ms/21.0ms)
[2024-11-26T22:30:46.254-0700][gc,phases   ] GC(109)   Pre Evacuate Collection Set: 3.8ms
[2024-11-26T22:30:46.254-0700][gc,phases   ] GC(109)   Merge Heap Roots: 0.6ms
[2024-11-26T22:30:46.254-0700][gc,phases   ] GC(109)   Evacuate Collection Set: 10.7ms
[2024-11-26T22:30:46.254-0700][gc,phases   ] GC(109)   Post Evacuate Collection Set: 6.1ms
[2024-11-26T22:30:46.254-0700][gc,phases   ] GC(109)   Other: 4.3ms
[2024-11-26T22:30:46.254-0700][gc,heap     ] GC(109) Eden regions: 48->0(48)
[2024-11-26T22:30:46.254-0700][gc,heap     ] GC(109) Survivor regions: 3->3(7)
[2024-11-26T22:30:46.255-0700][gc,heap     ] GC(109) Old regions: 58->58
[2024-11-26T22:30:46.255-0700][gc,heap     ] GC(109) Archive regions: 2->2
[2024-11-26T22:30:46.255-0700][gc,heap     ] GC(109) Humongous regions: 129->129
[2024-11-26T22:30:46.255-0700][gc,metaspace] GC(109) Metaspace: 45757K(46400K)->45757K(46400K) NonClass: 40270K(40640K)->40270K(40640K) Class: 5487K(5760K)->5487K(5760K)
[2024-11-26T22:30:46.255-0700][gc          ] GC(109) Pause Young (Normal) (G1 Evacuation Pause) 237M->190M(1024M) 26.201ms
[2024-11-26T22:30:46.255-0700][gc,cpu      ] GC(109) User=0.02s Sys=0.03s Real=0.03s
[2024-11-26T22:41:17.415-0700][gc,start    ] GC(110) Pause Young (Normal) (G1 Evacuation Pause)
[2024-11-26T22:41:17.416-0700][gc,task     ] GC(110) Using 8 workers of 8 for evacuation
[2024-11-26T22:41:17.425-0700][gc,phases   ] GC(110)   Pre Evacuate Collection Set: 0.7ms
[2024-11-26T22:41:17.425-0700][gc,phases   ] GC(110)   Merge Heap Roots: 0.4ms
[2024-11-26T22:41:17.425-0700][gc,phases   ] GC(110)   Evacuate Collection Set: 6.2ms
[2024-11-26T22:41:17.425-0700][gc,phases   ] GC(110)   Post Evacuate Collection Set: 0.8ms
[2024-11-26T22:41:17.425-0700][gc,phases   ] GC(110)   Other: 3.5ms
[2024-11-26T22:41:17.425-0700][gc,heap     ] GC(110) Eden regions: 48->0(48)
[2024-11-26T22:41:17.425-0700][gc,heap     ] GC(110) Survivor regions: 3->3(7)
[2024-11-26T22:41:17.425-0700][gc,heap     ] GC(110) Old regions: 58->58
[2024-11-26T22:41:17.425-0700][gc,heap     ] GC(110) Archive regions: 2->2
[2024-11-26T22:41:17.425-0700][gc,heap     ] GC(110) Humongous regions: 129->129
[2024-11-26T22:41:17.426-0700][gc,metaspace] GC(110) Metaspace: 45766K(46400K)->45766K(46400K) NonClass: 40278K(40640K)->40278K(40640K) Class: 5487K(5760K)->5487K(5760K)
[2024-11-26T22:41:17.426-0700][gc          ] GC(110) Pause Young (Normal) (G1 Evacuation Pause) 238M->189M(1024M) 12.314ms
[2024-11-26T22:41:17.426-0700][gc,cpu      ] GC(110) User=0.02s Sys=0.01s Real=0.01s
[2024-11-26T22:51:26.753-0700][gc,start    ] GC(111) Pause Young (Normal) (G1 Evacuation Pause)
[2024-11-26T22:51:26.758-0700][gc,task     ] GC(111) Using 8 workers of 8 for evacuation
[2024-11-26T22:51:26.794-0700][gc,mmu      ] GC(111) MMU target violated: 21.0ms (20.0ms/21.0ms)
[2024-11-26T22:51:26.795-0700][gc,phases   ] GC(111)   Pre Evacuate Collection Set: 13.3ms
[2024-11-26T22:51:26.795-0700][gc,phases   ] GC(111)   Merge Heap Roots: 1.5ms
[2024-11-26T22:51:26.795-0700][gc,phases   ] GC(111)   Evacuate Collection Set: 15.8ms
[2024-11-26T22:51:26.795-0700][gc,phases   ] GC(111)   Post Evacuate Collection Set: 2.9ms
[2024-11-26T22:51:26.795-0700][gc,phases   ] GC(111)   Other: 9.7ms
[2024-11-26T22:51:26.795-0700][gc,heap     ] GC(111) Eden regions: 48->0(48)
[2024-11-26T22:51:26.795-0700][gc,heap     ] GC(111) Survivor regions: 3->3(7)
[2024-11-26T22:51:26.795-0700][gc,heap     ] GC(111) Old regions: 58->58
[2024-11-26T22:51:26.795-0700][gc,heap     ] GC(111) Archive regions: 2->2
[2024-11-26T22:51:26.795-0700][gc,heap     ] GC(111) Humongous regions: 129->129
[2024-11-26T22:51:26.795-0700][gc,metaspace] GC(111) Metaspace: 45766K(46400K)->45766K(46400K) NonClass: 40278K(40640K)->40278K(40640K) Class: 5487K(5760K)->5487K(5760K)
[2024-11-26T22:51:26.795-0700][gc          ] GC(111) Pause Young (Normal) (G1 Evacuation Pause) 237M->189M(1024M) 43.217ms
[2024-11-26T22:51:26.795-0700][gc,cpu      ] GC(111) User=0.01s Sys=0.04s Real=0.04s
[2024-11-26T23:01:49.226-0700][gc,start    ] GC(112) Pause Young (Normal) (G1 Evacuation Pause)
[2024-11-26T23:01:49.228-0700][gc,task     ] GC(112) Using 8 workers of 8 for evacuation
[2024-11-26T23:01:49.273-0700][gc,mmu      ] GC(112) MMU target violated: 21.0ms (20.0ms/21.0ms)
[2024-11-26T23:01:49.273-0700][gc,phases   ] GC(112)   Pre Evacuate Collection Set: 6.2ms
[2024-11-26T23:01:49.273-0700][gc,phases   ] GC(112)   Merge Heap Roots: 1.2ms
[2024-11-26T23:01:49.273-0700][gc,phases   ] GC(112)   Evacuate Collection Set: 31.1ms
[2024-11-26T23:01:49.273-0700][gc,phases   ] GC(112)   Post Evacuate Collection Set: 4.9ms
[2024-11-26T23:01:49.273-0700][gc,phases   ] GC(112)   Other: 5.4ms
[2024-11-26T23:01:49.273-0700][gc,heap     ] GC(112) Eden regions: 48->0(47)
[2024-11-26T23:01:49.273-0700][gc,heap     ] GC(112) Survivor regions: 3->4(7)
[2024-11-26T23:01:49.273-0700][gc,heap     ] GC(112) Old regions: 58->58
[2024-11-26T23:01:49.273-0700][gc,heap     ] GC(112) Archive regions: 2->2
[2024-11-26T23:01:49.273-0700][gc,heap     ] GC(112) Humongous regions: 129->129
[2024-11-26T23:01:49.273-0700][gc,metaspace] GC(112) Metaspace: 45766K(46400K)->45766K(46400K) NonClass: 40278K(40640K)->40278K(40640K) Class: 5487K(5760K)->5487K(5760K)
[2024-11-26T23:01:49.273-0700][gc          ] GC(112) Pause Young (Normal) (G1 Evacuation Pause) 237M->190M(1024M) 47.755ms
[2024-11-26T23:01:49.273-0700][gc,cpu      ] GC(112) User=0.02s Sys=0.04s Real=0.05s
[2024-11-26T23:12:07.369-0700][gc,start    ] GC(113) Pause Young (Normal) (G1 Evacuation Pause)
[2024-11-26T23:12:07.371-0700][gc,task     ] GC(113) Using 8 workers of 8 for evacuation
[2024-11-26T23:12:07.406-0700][gc,mmu      ] GC(113) MMU target violated: 21.0ms (20.0ms/21.0ms)
[2024-11-26T23:12:07.407-0700][gc,phases   ] GC(113)   Pre Evacuate Collection Set: 7.2ms
[2024-11-26T23:12:07.407-0700][gc,phases   ] GC(113)   Merge Heap Roots: 1.2ms
[2024-11-26T23:12:07.407-0700][gc,phases   ] GC(113)   Evacuate Collection Set: 20.4ms
[2024-11-26T23:12:07.407-0700][gc,phases   ] GC(113)   Post Evacuate Collection Set: 5.4ms
[2024-11-26T23:12:07.407-0700][gc,phases   ] GC(113)   Other: 5.3ms
[2024-11-26T23:12:07.407-0700][gc,heap     ] GC(113) Eden regions: 47->0(48)
[2024-11-26T23:12:07.407-0700][gc,heap     ] GC(113) Survivor regions: 4->3(7)
[2024-11-26T23:12:07.407-0700][gc,heap     ] GC(113) Old regions: 58->58
[2024-11-26T23:12:07.407-0700][gc,heap     ] GC(113) Archive regions: 2->2
[2024-11-26T23:12:07.407-0700][gc,heap     ] GC(113) Humongous regions: 129->129
[2024-11-26T23:12:07.408-0700][gc,metaspace] GC(113) Metaspace: 45767K(46400K)->45767K(46400K) NonClass: 40279K(40640K)->40279K(40640K) Class: 5487K(5760K)->5487K(5760K)
[2024-11-26T23:12:07.408-0700][gc          ] GC(113) Pause Young (Normal) (G1 Evacuation Pause) 237M->189M(1024M) 39.888ms
[2024-11-26T23:12:07.408-0700][gc,cpu      ] GC(113) User=0.02s Sys=0.04s Real=0.04s
[2024-11-26T23:22:42.026-0700][gc,start    ] GC(114) Pause Young (Normal) (G1 Evacuation Pause)
[2024-11-26T23:22:42.027-0700][gc,task     ] GC(114) Using 8 workers of 8 for evacuation
[2024-11-26T23:22:42.067-0700][gc,mmu      ] GC(114) MMU target violated: 21.0ms (20.0ms/21.0ms)
[2024-11-26T23:22:42.067-0700][gc,phases   ] GC(114)   Pre Evacuate Collection Set: 2.8ms
[2024-11-26T23:22:42.067-0700][gc,phases   ] GC(114)   Merge Heap Roots: 2.3ms
[2024-11-26T23:22:42.068-0700][gc,phases   ] GC(114)   Evacuate Collection Set: 30.5ms
[2024-11-26T23:22:42.068-0700][gc,phases   ] GC(114)   Post Evacuate Collection Set: 2.7ms
[2024-11-26T23:22:42.068-0700][gc,phases   ] GC(114)   Other: 6.2ms
[2024-11-26T23:22:42.068-0700][gc,heap     ] GC(114) Eden regions: 48->0(47)
[2024-11-26T23:22:42.068-0700][gc,heap     ] GC(114) Survivor regions: 3->4(7)
[2024-11-26T23:22:42.068-0700][gc,heap     ] GC(114) Old regions: 58->58
[2024-11-26T23:22:42.068-0700][gc,heap     ] GC(114) Archive regions: 2->2
[2024-11-26T23:22:42.068-0700][gc,heap     ] GC(114) Humongous regions: 129->129
[2024-11-26T23:22:42.068-0700][gc,metaspace] GC(114) Metaspace: 45767K(46400K)->45767K(46400K) NonClass: 40279K(40640K)->40279K(40640K) Class: 5487K(5760K)->5487K(5760K)
[2024-11-26T23:22:42.068-0700][gc          ] GC(114) Pause Young (Normal) (G1 Evacuation Pause) 237M->190M(1024M) 42.926ms
[2024-11-26T23:22:42.068-0700][gc,cpu      ] GC(114) User=0.02s Sys=0.05s Real=0.04s
[2024-11-26T23:33:02.512-0700][gc,start    ] GC(115) Pause Young (Normal) (G1 Evacuation Pause)
[2024-11-26T23:33:02.557-0700][gc,task     ] GC(115) Using 8 workers of 8 for evacuation
[2024-11-26T23:33:02.737-0700][gc,mmu      ] GC(115) MMU target violated: 21.0ms (20.0ms/21.0ms)
[2024-11-26T23:33:02.739-0700][gc,phases   ] GC(115)   Pre Evacuate Collection Set: 53.4ms
[2024-11-26T23:33:02.739-0700][gc,phases   ] GC(115)   Merge Heap Roots: 7.9ms
[2024-11-26T23:33:02.739-0700][gc,phases   ] GC(115)   Evacuate Collection Set: 74.8ms
[2024-11-26T23:33:02.739-0700][gc,phases   ] GC(115)   Post Evacuate Collection Set: 21.1ms
[2024-11-26T23:33:02.742-0700][gc,phases   ] GC(115)   Other: 74.9ms
[2024-11-26T23:33:02.742-0700][gc,heap     ] GC(115) Eden regions: 47->0(48)
[2024-11-26T23:33:02.742-0700][gc,heap     ] GC(115) Survivor regions: 4->3(7)
[2024-11-26T23:33:02.742-0700][gc,heap     ] GC(115) Old regions: 58->58
[2024-11-26T23:33:02.742-0700][gc,heap     ] GC(115) Archive regions: 2->2
[2024-11-26T23:33:02.742-0700][gc,heap     ] GC(115) Humongous regions: 129->129
[2024-11-26T23:33:02.743-0700][gc,metaspace] GC(115) Metaspace: 45768K(46400K)->45768K(46400K) NonClass: 40280K(40640K)->40280K(40640K) Class: 5487K(5760K)->5487K(5760K)
[2024-11-26T23:33:02.745-0700][gc          ] GC(115) Pause Young (Normal) (G1 Evacuation Pause) 237M->189M(1024M) 231.722ms
[2024-11-26T23:33:02.745-0700][gc,cpu      ] GC(115) User=0.01s Sys=0.04s Real=0.23s
[2024-11-26T23:43:40.989-0700][gc,start    ] GC(116) Pause Young (Normal) (G1 Evacuation Pause)
[2024-11-26T23:43:40.991-0700][gc,task     ] GC(116) Using 8 workers of 8 for evacuation
[2024-11-26T23:43:41.037-0700][gc,mmu      ] GC(116) MMU target violated: 21.0ms (20.0ms/21.0ms)
[2024-11-26T23:43:41.037-0700][gc,phases   ] GC(116)   Pre Evacuate Collection Set: 6.3ms
[2024-11-26T23:43:41.037-0700][gc,phases   ] GC(116)   Merge Heap Roots: 3.5ms
[2024-11-26T23:43:41.037-0700][gc,phases   ] GC(116)   Evacuate Collection Set: 30.6ms
[2024-11-26T23:43:41.037-0700][gc,phases   ] GC(116)   Post Evacuate Collection Set: 3.6ms
[2024-11-26T23:43:41.037-0700][gc,phases   ] GC(116)   Other: 7.4ms
[2024-11-26T23:43:41.037-0700][gc,heap     ] GC(116) Eden regions: 48->0(47)
[2024-11-26T23:43:41.037-0700][gc,heap     ] GC(116) Survivor regions: 3->4(7)
[2024-11-26T23:43:41.037-0700][gc,heap     ] GC(116) Old regions: 58->58
[2024-11-26T23:43:41.037-0700][gc,heap     ] GC(116) Archive regions: 2->2
[2024-11-26T23:43:41.037-0700][gc,heap     ] GC(116) Humongous regions: 129->129
[2024-11-26T23:43:41.037-0700][gc,metaspace] GC(116) Metaspace: 45785K(46400K)->45785K(46400K) NonClass: 40297K(40640K)->40297K(40640K) Class: 5487K(5760K)->5487K(5760K)
[2024-11-26T23:43:41.038-0700][gc          ] GC(116) Pause Young (Normal) (G1 Evacuation Pause) 237M->190M(1024M) 49.681ms
[2024-11-26T23:43:41.038-0700][gc,cpu      ] GC(116) User=0.03s Sys=0.07s Real=0.05s
[2024-11-26T23:53:22.968-0700][gc,start    ] GC(117) Pause Young (Normal) (G1 Evacuation Pause)
[2024-11-26T23:53:22.970-0700][gc,task     ] GC(117) Using 8 workers of 8 for evacuation
[2024-11-26T23:53:22.991-0700][gc,phases   ] GC(117)   Pre Evacuate Collection Set: 3.5ms
[2024-11-26T23:53:22.991-0700][gc,phases   ] GC(117)   Merge Heap Roots: 0.6ms
[2024-11-26T23:53:22.991-0700][gc,phases   ] GC(117)   Evacuate Collection Set: 11.1ms
[2024-11-26T23:53:22.991-0700][gc,phases   ] GC(117)   Post Evacuate Collection Set: 3.2ms
[2024-11-26T23:53:22.991-0700][gc,phases   ] GC(117)   Other: 7.2ms
[2024-11-26T23:53:22.992-0700][gc,heap     ] GC(117) Eden regions: 47->0(48)
[2024-11-26T23:53:22.992-0700][gc,heap     ] GC(117) Survivor regions: 4->3(7)
[2024-11-26T23:53:22.992-0700][gc,heap     ] GC(117) Old regions: 58->58
[2024-11-26T23:53:22.992-0700][gc,heap     ] GC(117) Archive regions: 2->2
[2024-11-26T23:53:22.992-0700][gc,heap     ] GC(117) Humongous regions: 129->129
[2024-11-26T23:53:22.992-0700][gc,metaspace] GC(117) Metaspace: 45785K(46400K)->45785K(46400K) NonClass: 40297K(40640K)->40297K(40640K) Class: 5487K(5760K)->5487K(5760K)
[2024-11-26T23:53:22.992-0700][gc          ] GC(117) Pause Young (Normal) (G1 Evacuation Pause) 237M->189M(1024M) 24.679ms
[2024-11-26T23:53:22.992-0700][gc,cpu      ] GC(117) User=0.01s Sys=0.03s Real=0.03s
[2024-11-27T00:04:01.995-0700][gc,start    ] GC(118) Pause Young (Normal) (G1 Evacuation Pause)
[2024-11-27T00:04:01.997-0700][gc,task     ] GC(118) Using 8 workers of 8 for evacuation
[2024-11-27T00:04:02.069-0700][gc,mmu      ] GC(118) MMU target violated: 21.0ms (20.0ms/21.0ms)
[2024-11-27T00:04:02.069-0700][gc,phases   ] GC(118)   Pre Evacuate Collection Set: 15.3ms
[2024-11-27T00:04:02.069-0700][gc,phases   ] GC(118)   Merge Heap Roots: 1.5ms
[2024-11-27T00:04:02.069-0700][gc,phases   ] GC(118)   Evacuate Collection Set: 47.6ms
[2024-11-27T00:04:02.069-0700][gc,phases   ] GC(118)   Post Evacuate Collection Set: 3.0ms
[2024-11-27T00:04:02.069-0700][gc,phases   ] GC(118)   Other: 10.2ms
[2024-11-27T00:04:02.069-0700][gc,heap     ] GC(118) Eden regions: 48->0(47)
[2024-11-27T00:04:02.069-0700][gc,heap     ] GC(118) Survivor regions: 3->4(7)
[2024-11-27T00:04:02.069-0700][gc,heap     ] GC(118) Old regions: 58->58
[2024-11-27T00:04:02.069-0700][gc,heap     ] GC(118) Archive regions: 2->2
[2024-11-27T00:04:02.069-0700][gc,heap     ] GC(118) Humongous regions: 129->129
[2024-11-27T00:04:02.070-0700][gc,metaspace] GC(118) Metaspace: 45785K(46400K)->45785K(46400K) NonClass: 40297K(40640K)->40297K(40640K) Class: 5487K(5760K)->5487K(5760K)
[2024-11-27T00:04:02.070-0700][gc          ] GC(118) Pause Young (Normal) (G1 Evacuation Pause) 237M->190M(1024M) 75.946ms
[2024-11-27T00:04:02.070-0700][gc,cpu      ] GC(118) User=0.02s Sys=0.07s Real=0.08s
[2024-11-27T00:14:18.724-0700][gc,start    ] GC(119) Pause Young (Normal) (G1 Evacuation Pause)
[2024-11-27T00:14:18.727-0700][gc,task     ] GC(119) Using 8 workers of 8 for evacuation
[2024-11-27T00:14:18.770-0700][gc,mmu      ] GC(119) MMU target violated: 21.0ms (20.0ms/21.0ms)
[2024-11-27T00:14:18.771-0700][gc,phases   ] GC(119)   Pre Evacuate Collection Set: 10.0ms
[2024-11-27T00:14:18.771-0700][gc,phases   ] GC(119)   Merge Heap Roots: 4.0ms
[2024-11-27T00:14:18.771-0700][gc,phases   ] GC(119)   Evacuate Collection Set: 19.2ms
[2024-11-27T00:14:18.771-0700][gc,phases   ] GC(119)   Post Evacuate Collection Set: 7.8ms
[2024-11-27T00:14:18.771-0700][gc,phases   ] GC(119)   Other: 7.9ms
[2024-11-27T00:14:18.771-0700][gc,heap     ] GC(119) Eden regions: 47->0(48)
[2024-11-27T00:14:18.771-0700][gc,heap     ] GC(119) Survivor regions: 4->3(7)
[2024-11-27T00:14:18.771-0700][gc,heap     ] GC(119) Old regions: 58->58
[2024-11-27T00:14:18.771-0700][gc,heap     ] GC(119) Archive regions: 2->2
[2024-11-27T00:14:18.771-0700][gc,heap     ] GC(119) Humongous regions: 129->129
[2024-11-27T00:14:18.771-0700][gc,metaspace] GC(119) Metaspace: 45785K(46400K)->45785K(46400K) NonClass: 40297K(40640K)->40297K(40640K) Class: 5487K(5760K)->5487K(5760K)
[2024-11-27T00:14:18.772-0700][gc          ] GC(119) Pause Young (Normal) (G1 Evacuation Pause) 237M->189M(1024M) 48.059ms
[2024-11-27T00:14:18.772-0700][gc,cpu      ] GC(119) User=0.01s Sys=0.05s Real=0.05s
[2024-11-27T00:24:58.047-0700][gc,start    ] GC(120) Pause Young (Normal) (G1 Evacuation Pause)
[2024-11-27T00:24:58.049-0700][gc,task     ] GC(120) Using 8 workers of 8 for evacuation
[2024-11-27T00:24:58.081-0700][gc,mmu      ] GC(120) MMU target violated: 21.0ms (20.0ms/21.0ms)
[2024-11-27T00:24:58.081-0700][gc,phases   ] GC(120)   Pre Evacuate Collection Set: 5.9ms
[2024-11-27T00:24:58.081-0700][gc,phases   ] GC(120)   Merge Heap Roots: 0.8ms
[2024-11-27T00:24:58.081-0700][gc,phases   ] GC(120)   Evacuate Collection Set: 18.4ms
[2024-11-27T00:24:58.081-0700][gc,phases   ] GC(120)   Post Evacuate Collection Set: 3.1ms
[2024-11-27T00:24:58.081-0700][gc,phases   ] GC(120)   Other: 7.8ms
[2024-11-27T00:24:58.081-0700][gc,heap     ] GC(120) Eden regions: 48->0(47)
[2024-11-27T00:24:58.081-0700][gc,heap     ] GC(120) Survivor regions: 3->4(7)
[2024-11-27T00:24:58.081-0700][gc,heap     ] GC(120) Old regions: 58->58
[2024-11-27T00:24:58.081-0700][gc,heap     ] GC(120) Archive regions: 2->2
[2024-11-27T00:24:58.081-0700][gc,heap     ] GC(120) Humongous regions: 129->129
[2024-11-27T00:24:58.081-0700][gc,metaspace] GC(120) Metaspace: 45786K(46400K)->45786K(46400K) NonClass: 40298K(40640K)->40298K(40640K) Class: 5487K(5760K)->5487K(5760K)
[2024-11-27T00:24:58.081-0700][gc          ] GC(120) Pause Young (Normal) (G1 Evacuation Pause) 237M->190M(1024M) 35.301ms
[2024-11-27T00:24:58.082-0700][gc,cpu      ] GC(120) User=0.01s Sys=0.06s Real=0.04s
[2024-11-27T00:35:27.303-0700][gc,start    ] GC(121) Pause Young (Normal) (G1 Evacuation Pause)
[2024-11-27T00:35:27.306-0700][gc,task     ] GC(121) Using 8 workers of 8 for evacuation
[2024-11-27T00:35:27.355-0700][gc,mmu      ] GC(121) MMU target violated: 21.0ms (20.0ms/21.0ms)
[2024-11-27T00:35:27.356-0700][gc,phases   ] GC(121)   Pre Evacuate Collection Set: 7.3ms
[2024-11-27T00:35:27.356-0700][gc,phases   ] GC(121)   Merge Heap Roots: 1.6ms
[2024-11-27T00:35:27.356-0700][gc,phases   ] GC(121)   Evacuate Collection Set: 30.7ms
[2024-11-27T00:35:27.356-0700][gc,phases   ] GC(121)   Post Evacuate Collection Set: 4.9ms
[2024-11-27T00:35:27.356-0700][gc,phases   ] GC(121)   Other: 10.8ms
[2024-11-27T00:35:27.356-0700][gc,heap     ] GC(121) Eden regions: 47->0(48)
[2024-11-27T00:35:27.356-0700][gc,heap     ] GC(121) Survivor regions: 4->3(7)
[2024-11-27T00:35:27.356-0700][gc,heap     ] GC(121) Old regions: 58->58
[2024-11-27T00:35:27.356-0700][gc,heap     ] GC(121) Archive regions: 2->2
[2024-11-27T00:35:27.356-0700][gc,heap     ] GC(121) Humongous regions: 129->129
[2024-11-27T00:35:27.356-0700][gc,metaspace] GC(121) Metaspace: 45786K(46400K)->45786K(46400K) NonClass: 40298K(40640K)->40298K(40640K) Class: 5487K(5760K)->5487K(5760K)
[2024-11-27T00:35:27.356-0700][gc          ] GC(121) Pause Young (Normal) (G1 Evacuation Pause) 237M->189M(1024M) 54.198ms
[2024-11-27T00:35:27.356-0700][gc,cpu      ] GC(121) User=0.01s Sys=0.06s Real=0.05s
[2024-11-27T00:46:02.095-0700][gc,start    ] GC(122) Pause Young (Normal) (G1 Evacuation Pause)
[2024-11-27T00:46:02.097-0700][gc,task     ] GC(122) Using 8 workers of 8 for evacuation
[2024-11-27T00:46:02.135-0700][gc,mmu      ] GC(122) MMU target violated: 21.0ms (20.0ms/21.0ms)
[2024-11-27T00:46:02.136-0700][gc,phases   ] GC(122)   Pre Evacuate Collection Set: 3.6ms
[2024-11-27T00:46:02.136-0700][gc,phases   ] GC(122)   Merge Heap Roots: 1.1ms
[2024-11-27T00:46:02.136-0700][gc,phases   ] GC(122)   Evacuate Collection Set: 29.4ms
[2024-11-27T00:46:02.136-0700][gc,phases   ] GC(122)   Post Evacuate Collection Set: 3.0ms
[2024-11-27T00:46:02.136-0700][gc,phases   ] GC(122)   Other: 5.7ms
[2024-11-27T00:46:02.136-0700][gc,heap     ] GC(122) Eden regions: 48->0(48)
[2024-11-27T00:46:02.136-0700][gc,heap     ] GC(122) Survivor regions: 3->3(7)
[2024-11-27T00:46:02.136-0700][gc,heap     ] GC(122) Old regions: 58->58
[2024-11-27T00:46:02.136-0700][gc,heap     ] GC(122) Archive regions: 2->2
[2024-11-27T00:46:02.136-0700][gc,heap     ] GC(122) Humongous regions: 129->129
[2024-11-27T00:46:02.136-0700][gc,metaspace] GC(122) Metaspace: 45802K(46400K)->45802K(46400K) NonClass: 40314K(40640K)->40314K(40640K) Class: 5487K(5760K)->5487K(5760K)
[2024-11-27T00:46:02.136-0700][gc          ] GC(122) Pause Young (Normal) (G1 Evacuation Pause) 237M->190M(1024M) 42.477ms
[2024-11-27T00:46:02.136-0700][gc,cpu      ] GC(122) User=0.02s Sys=0.05s Real=0.04s
[2024-11-27T00:56:03.033-0700][gc,start    ] GC(123) Pause Young (Normal) (G1 Evacuation Pause)
[2024-11-27T00:56:03.035-0700][gc,task     ] GC(123) Using 8 workers of 8 for evacuation
[2024-11-27T00:56:03.070-0700][gc,mmu      ] GC(123) MMU target violated: 21.0ms (20.0ms/21.0ms)
[2024-11-27T00:56:03.071-0700][gc,phases   ] GC(123)   Pre Evacuate Collection Set: 8.3ms
[2024-11-27T00:56:03.071-0700][gc,phases   ] GC(123)   Merge Heap Roots: 1.6ms
[2024-11-27T00:56:03.071-0700][gc,phases   ] GC(123)   Evacuate Collection Set: 17.3ms
[2024-11-27T00:56:03.071-0700][gc,phases   ] GC(123)   Post Evacuate Collection Set: 5.6ms
[2024-11-27T00:56:03.071-0700][gc,phases   ] GC(123)   Other: 6.5ms
[2024-11-27T00:56:03.071-0700][gc,heap     ] GC(123) Eden regions: 48->0(48)
[2024-11-27T00:56:03.071-0700][gc,heap     ] GC(123) Survivor regions: 3->3(7)
[2024-11-27T00:56:03.071-0700][gc,heap     ] GC(123) Old regions: 58->58
[2024-11-27T00:56:03.071-0700][gc,heap     ] GC(123) Archive regions: 2->2
[2024-11-27T00:56:03.071-0700][gc,heap     ] GC(123) Humongous regions: 129->129
[2024-11-27T00:56:03.072-0700][gc,metaspace] GC(123) Metaspace: 45802K(46400K)->45802K(46400K) NonClass: 40315K(40640K)->40315K(40640K) Class: 5487K(5760K)->5487K(5760K)
[2024-11-27T00:56:03.072-0700][gc          ] GC(123) Pause Young (Normal) (G1 Evacuation Pause) 238M->189M(1024M) 39.252ms
[2024-11-27T00:56:03.072-0700][gc,cpu      ] GC(123) User=0.01s Sys=0.04s Real=0.04s
[2024-11-27T01:06:41.165-0700][gc,start    ] GC(124) Pause Young (Normal) (G1 Evacuation Pause)
[2024-11-27T01:06:41.167-0700][gc,task     ] GC(124) Using 8 workers of 8 for evacuation
[2024-11-27T01:06:41.195-0700][gc,mmu      ] GC(124) MMU target violated: 21.0ms (20.0ms/21.0ms)
[2024-11-27T01:06:41.196-0700][gc,phases   ] GC(124)   Pre Evacuate Collection Set: 1.3ms
[2024-11-27T01:06:41.196-0700][gc,phases   ] GC(124)   Merge Heap Roots: 0.5ms
[2024-11-27T01:06:41.196-0700][gc,phases   ] GC(124)   Evacuate Collection Set: 21.9ms
[2024-11-27T01:06:41.196-0700][gc,phases   ] GC(124)   Post Evacuate Collection Set: 3.3ms
[2024-11-27T01:06:41.196-0700][gc,phases   ] GC(124)   Other: 6.7ms
[2024-11-27T01:06:41.196-0700][gc,heap     ] GC(124) Eden regions: 48->0(48)
[2024-11-27T01:06:41.196-0700][gc,heap     ] GC(124) Survivor regions: 3->3(7)
[2024-11-27T01:06:41.196-0700][gc,heap     ] GC(124) Old regions: 58->58
[2024-11-27T01:06:41.196-0700][gc,heap     ] GC(124) Archive regions: 2->2
[2024-11-27T01:06:41.196-0700][gc,heap     ] GC(124) Humongous regions: 129->129
[2024-11-27T01:06:41.196-0700][gc,metaspace] GC(124) Metaspace: 45804K(46400K)->45804K(46400K) NonClass: 40316K(40640K)->40316K(40640K) Class: 5487K(5760K)->5487K(5760K)
[2024-11-27T01:06:41.197-0700][gc          ] GC(124) Pause Young (Normal) (G1 Evacuation Pause) 237M->190M(1024M) 32.827ms
[2024-11-27T01:06:41.197-0700][gc,cpu      ] GC(124) User=0.01s Sys=0.04s Real=0.03s
[2024-11-27T01:17:12.367-0700][gc,start    ] GC(125) Pause Young (Normal) (G1 Evacuation Pause)
[2024-11-27T01:17:12.368-0700][gc,task     ] GC(125) Using 8 workers of 8 for evacuation
[2024-11-27T01:17:12.395-0700][gc,mmu      ] GC(125) MMU target violated: 21.0ms (20.0ms/21.0ms)
[2024-11-27T01:17:12.395-0700][gc,phases   ] GC(125)   Pre Evacuate Collection Set: 6.6ms
[2024-11-27T01:17:12.395-0700][gc,phases   ] GC(125)   Merge Heap Roots: 1.3ms
[2024-11-27T01:17:12.395-0700][gc,phases   ] GC(125)   Evacuate Collection Set: 15.7ms
[2024-11-27T01:17:12.395-0700][gc,phases   ] GC(125)   Post Evacuate Collection Set: 2.0ms
[2024-11-27T01:17:12.395-0700][gc,phases   ] GC(125)   Other: 4.8ms
[2024-11-27T01:17:12.395-0700][gc,heap     ] GC(125) Eden regions: 48->0(48)
[2024-11-27T01:17:12.395-0700][gc,heap     ] GC(125) Survivor regions: 3->3(7)
[2024-11-27T01:17:12.395-0700][gc,heap     ] GC(125) Old regions: 58->58
[2024-11-27T01:17:12.395-0700][gc,heap     ] GC(125) Archive regions: 2->2
[2024-11-27T01:17:12.395-0700][gc,heap     ] GC(125) Humongous regions: 129->129
[2024-11-27T01:17:12.396-0700][gc,metaspace] GC(125) Metaspace: 45804K(46400K)->45804K(46400K) NonClass: 40316K(40640K)->40316K(40640K) Class: 5487K(5760K)->5487K(5760K)
[2024-11-27T01:17:12.396-0700][gc          ] GC(125) Pause Young (Normal) (G1 Evacuation Pause) 238M->189M(1024M) 29.306ms
[2024-11-27T01:17:12.396-0700][gc,cpu      ] GC(125) User=0.01s Sys=0.03s Real=0.03s
[2024-11-27T01:27:51.129-0700][gc,start    ] GC(126) Pause Young (Normal) (G1 Evacuation Pause)
[2024-11-27T01:27:51.130-0700][gc,task     ] GC(126) Using 8 workers of 8 for evacuation
[2024-11-27T01:27:51.161-0700][gc,mmu      ] GC(126) MMU target violated: 21.0ms (20.0ms/21.0ms)
[2024-11-27T01:27:51.162-0700][gc,phases   ] GC(126)   Pre Evacuate Collection Set: 4.2ms
[2024-11-27T01:27:51.162-0700][gc,phases   ] GC(126)   Merge Heap Roots: 0.7ms
[2024-11-27T01:27:51.162-0700][gc,phases   ] GC(126)   Evacuate Collection Set: 19.9ms
[2024-11-27T01:27:51.162-0700][gc,phases   ] GC(126)   Post Evacuate Collection Set: 5.4ms
[2024-11-27T01:27:51.162-0700][gc,phases   ] GC(126)   Other: 7.6ms
[2024-11-27T01:27:51.162-0700][gc,heap     ] GC(126) Eden regions: 48->0(48)
[2024-11-27T01:27:51.162-0700][gc,heap     ] GC(126) Survivor regions: 3->3(7)
[2024-11-27T01:27:51.162-0700][gc,heap     ] GC(126) Old regions: 58->58
[2024-11-27T01:27:51.162-0700][gc,heap     ] GC(126) Archive regions: 2->2
[2024-11-27T01:27:51.162-0700][gc,heap     ] GC(126) Humongous regions: 129->129
[2024-11-27T01:27:51.162-0700][gc,metaspace] GC(126) Metaspace: 45804K(46400K)->45804K(46400K) NonClass: 40316K(40640K)->40316K(40640K) Class: 5487K(5760K)->5487K(5760K)
[2024-11-27T01:27:51.162-0700][gc          ] GC(126) Pause Young (Normal) (G1 Evacuation Pause) 237M->190M(1024M) 35.747ms
[2024-11-27T01:27:51.162-0700][gc,cpu      ] GC(126) User=0.01s Sys=0.04s Real=0.04s
[2024-11-27T01:38:24.280-0700][gc,start    ] GC(127) Pause Young (Normal) (G1 Evacuation Pause)
[2024-11-27T01:38:24.281-0700][gc,task     ] GC(127) Using 8 workers of 8 for evacuation
[2024-11-27T01:38:24.300-0700][gc,phases   ] GC(127)   Pre Evacuate Collection Set: 2.3ms
[2024-11-27T01:38:24.300-0700][gc,phases   ] GC(127)   Merge Heap Roots: 0.5ms
[2024-11-27T01:38:24.300-0700][gc,phases   ] GC(127)   Evacuate Collection Set: 11.9ms
[2024-11-27T01:38:24.300-0700][gc,phases   ] GC(127)   Post Evacuate Collection Set: 3.1ms
[2024-11-27T01:38:24.301-0700][gc,phases   ] GC(127)   Other: 5.9ms
[2024-11-27T01:38:24.301-0700][gc,heap     ] GC(127) Eden regions: 48->0(48)
[2024-11-27T01:38:24.301-0700][gc,heap     ] GC(127) Survivor regions: 3->3(7)
[2024-11-27T01:38:24.301-0700][gc,heap     ] GC(127) Old regions: 58->58
[2024-11-27T01:38:24.301-0700][gc,heap     ] GC(127) Archive regions: 2->2
[2024-11-27T01:38:24.301-0700][gc,heap     ] GC(127) Humongous regions: 129->129
[2024-11-27T01:38:24.301-0700][gc,metaspace] GC(127) Metaspace: 45805K(46400K)->45805K(46400K) NonClass: 40317K(40640K)->40317K(40640K) Class: 5487K(5760K)->5487K(5760K)
[2024-11-27T01:38:24.301-0700][gc          ] GC(127) Pause Young (Normal) (G1 Evacuation Pause) 238M->189M(1024M) 22.169ms
[2024-11-27T01:38:24.301-0700][gc,cpu      ] GC(127) User=0.01s Sys=0.03s Real=0.03s
[2024-11-27T01:48:59.774-0700][gc,start    ] GC(128) Pause Young (Normal) (G1 Evacuation Pause)
[2024-11-27T01:48:59.775-0700][gc,task     ] GC(128) Using 8 workers of 8 for evacuation
[2024-11-27T01:48:59.796-0700][gc,phases   ] GC(128)   Pre Evacuate Collection Set: 0.6ms
[2024-11-27T01:48:59.796-0700][gc,phases   ] GC(128)   Merge Heap Roots: 0.9ms
[2024-11-27T01:48:59.796-0700][gc,phases   ] GC(128)   Evacuate Collection Set: 15.3ms
[2024-11-27T01:48:59.796-0700][gc,phases   ] GC(128)   Post Evacuate Collection Set: 2.8ms
[2024-11-27T01:48:59.797-0700][gc,phases   ] GC(128)   Other: 4.5ms
[2024-11-27T01:48:59.797-0700][gc,heap     ] GC(128) Eden regions: 48->0(91)
[2024-11-27T01:48:59.797-0700][gc,heap     ] GC(128) Survivor regions: 3->3(7)
[2024-11-27T01:48:59.797-0700][gc,heap     ] GC(128) Old regions: 58->58
[2024-11-27T01:48:59.797-0700][gc,heap     ] GC(128) Archive regions: 2->2
[2024-11-27T01:48:59.797-0700][gc,heap     ] GC(128) Humongous regions: 129->129
[2024-11-27T01:48:59.797-0700][gc,metaspace] GC(128) Metaspace: 45805K(46400K)->45805K(46400K) NonClass: 40317K(40640K)->40317K(40640K) Class: 5487K(5760K)->5487K(5760K)
[2024-11-27T01:48:59.798-0700][gc          ] GC(128) Pause Young (Normal) (G1 Evacuation Pause) 237M->190M(1024M) 24.399ms
[2024-11-27T01:48:59.798-0700][gc,cpu      ] GC(128) User=0.01s Sys=0.03s Real=0.02s
[2024-11-27T02:12:41.916-0700][gc,start    ] GC(129) Pause Young (Normal) (G1 Evacuation Pause)
[2024-11-27T02:12:41.919-0700][gc,task     ] GC(129) Using 8 workers of 8 for evacuation
[2024-11-27T02:12:42.054-0700][gc,mmu      ] GC(129) MMU target violated: 21.0ms (20.0ms/21.0ms)
[2024-11-27T02:12:42.054-0700][gc,phases   ] GC(129)   Pre Evacuate Collection Set: 24.2ms
[2024-11-27T02:12:42.054-0700][gc,phases   ] GC(129)   Merge Heap Roots: 13.7ms
[2024-11-27T02:12:42.054-0700][gc,phases   ] GC(129)   Evacuate Collection Set: 82.6ms
[2024-11-27T02:12:42.054-0700][gc,phases   ] GC(129)   Post Evacuate Collection Set: 9.4ms
[2024-11-27T02:12:42.055-0700][gc,phases   ] GC(129)   Other: 12.8ms
[2024-11-27T02:12:42.055-0700][gc,heap     ] GC(129) Eden regions: 91->0(48)
[2024-11-27T02:12:42.055-0700][gc,heap     ] GC(129) Survivor regions: 3->3(12)
[2024-11-27T02:12:42.055-0700][gc,heap     ] GC(129) Old regions: 58->58
[2024-11-27T02:12:42.055-0700][gc,heap     ] GC(129) Archive regions: 2->2
[2024-11-27T02:12:42.055-0700][gc,heap     ] GC(129) Humongous regions: 129->129
[2024-11-27T02:12:42.055-0700][gc,metaspace] GC(129) Metaspace: 45817K(46464K)->45817K(46464K) NonClass: 40330K(40704K)->40330K(40704K) Class: 5487K(5760K)->5487K(5760K)
[2024-11-27T02:12:42.055-0700][gc          ] GC(129) Pause Young (Normal) (G1 Evacuation Pause) 281M->189M(1024M) 140.346ms
[2024-11-27T02:12:42.055-0700][gc,cpu      ] GC(129) User=0.01s Sys=0.03s Real=0.14s
[2024-11-27T02:23:14.054-0700][gc,start    ] GC(130) Pause Young (Normal) (G1 Evacuation Pause)
[2024-11-27T02:23:14.056-0700][gc,task     ] GC(130) Using 8 workers of 8 for evacuation
[2024-11-27T02:23:14.080-0700][gc,phases   ] GC(130)   Pre Evacuate Collection Set: 3.7ms
[2024-11-27T02:23:14.080-0700][gc,phases   ] GC(130)   Merge Heap Roots: 0.7ms
[2024-11-27T02:23:14.080-0700][gc,phases   ] GC(130)   Evacuate Collection Set: 14.5ms
[2024-11-27T02:23:14.080-0700][gc,phases   ] GC(130)   Post Evacuate Collection Set: 2.9ms
[2024-11-27T02:23:14.080-0700][gc,phases   ] GC(130)   Other: 5.9ms
[2024-11-27T02:23:14.080-0700][gc,heap     ] GC(130) Eden regions: 48->0(47)
[2024-11-27T02:23:14.080-0700][gc,heap     ] GC(130) Survivor regions: 3->4(7)
[2024-11-27T02:23:14.080-0700][gc,heap     ] GC(130) Old regions: 58->58
[2024-11-27T02:23:14.080-0700][gc,heap     ] GC(130) Archive regions: 2->2
[2024-11-27T02:23:14.080-0700][gc,heap     ] GC(130) Humongous regions: 129->129
[2024-11-27T02:23:14.080-0700][gc,metaspace] GC(130) Metaspace: 45818K(46464K)->45818K(46464K) NonClass: 40330K(40704K)->40330K(40704K) Class: 5487K(5760K)->5487K(5760K)
[2024-11-27T02:23:14.080-0700][gc          ] GC(130) Pause Young (Normal) (G1 Evacuation Pause) 237M->190M(1024M) 26.586ms
[2024-11-27T02:23:14.080-0700][gc,cpu      ] GC(130) User=0.01s Sys=0.04s Real=0.03s
[2024-11-27T02:33:32.200-0700][gc,start    ] GC(131) Pause Young (Normal) (G1 Evacuation Pause)
[2024-11-27T02:33:32.202-0700][gc,task     ] GC(131) Using 8 workers of 8 for evacuation
[2024-11-27T02:33:32.226-0700][gc,mmu      ] GC(131) MMU target violated: 21.0ms (20.0ms/21.0ms)
[2024-11-27T02:33:32.226-0700][gc,phases   ] GC(131)   Pre Evacuate Collection Set: 2.1ms
[2024-11-27T02:33:32.227-0700][gc,phases   ] GC(131)   Merge Heap Roots: 0.4ms
[2024-11-27T02:33:32.227-0700][gc,phases   ] GC(131)   Evacuate Collection Set: 18.8ms
[2024-11-27T02:33:32.227-0700][gc,phases   ] GC(131)   Post Evacuate Collection Set: 1.3ms
[2024-11-27T02:33:32.227-0700][gc,phases   ] GC(131)   Other: 5.0ms
[2024-11-27T02:33:32.227-0700][gc,heap     ] GC(131) Eden regions: 47->0(48)
[2024-11-27T02:33:32.227-0700][gc,heap     ] GC(131) Survivor regions: 4->3(7)
[2024-11-27T02:33:32.227-0700][gc,heap     ] GC(131) Old regions: 58->58
[2024-11-27T02:33:32.227-0700][gc,heap     ] GC(131) Archive regions: 2->2
[2024-11-27T02:33:32.227-0700][gc,heap     ] GC(131) Humongous regions: 129->129
[2024-11-27T02:33:32.227-0700][gc,metaspace] GC(131) Metaspace: 45818K(46464K)->45818K(46464K) NonClass: 40330K(40704K)->40330K(40704K) Class: 5487K(5760K)->5487K(5760K)
[2024-11-27T02:33:32.227-0700][gc          ] GC(131) Pause Young (Normal) (G1 Evacuation Pause) 237M->189M(1024M) 27.910ms
[2024-11-27T02:33:32.227-0700][gc,cpu      ] GC(131) User=0.02s Sys=0.04s Real=0.03s
[2024-11-27T02:44:05.981-0700][gc,start    ] GC(132) Pause Young (Normal) (G1 Evacuation Pause)
[2024-11-27T02:44:05.982-0700][gc,task     ] GC(132) Using 8 workers of 8 for evacuation
[2024-11-27T02:44:06.003-0700][gc,phases   ] GC(132)   Pre Evacuate Collection Set: 3.5ms
[2024-11-27T02:44:06.003-0700][gc,phases   ] GC(132)   Merge Heap Roots: 0.3ms
[2024-11-27T02:44:06.003-0700][gc,phases   ] GC(132)   Evacuate Collection Set: 13.5ms
[2024-11-27T02:44:06.003-0700][gc,phases   ] GC(132)   Post Evacuate Collection Set: 2.6ms
[2024-11-27T02:44:06.003-0700][gc,phases   ] GC(132)   Other: 4.9ms
[2024-11-27T02:44:06.004-0700][gc,heap     ] GC(132) Eden regions: 48->0(47)
[2024-11-27T02:44:06.004-0700][gc,heap     ] GC(132) Survivor regions: 3->4(7)
[2024-11-27T02:44:06.004-0700][gc,heap     ] GC(132) Old regions: 58->58
[2024-11-27T02:44:06.004-0700][gc,heap     ] GC(132) Archive regions: 2->2
[2024-11-27T02:44:06.004-0700][gc,heap     ] GC(132) Humongous regions: 129->129
[2024-11-27T02:44:06.004-0700][gc,metaspace] GC(132) Metaspace: 45818K(46464K)->45818K(46464K) NonClass: 40330K(40704K)->40330K(40704K) Class: 5487K(5760K)->5487K(5760K)
[2024-11-27T02:44:06.004-0700][gc          ] GC(132) Pause Young (Normal) (G1 Evacuation Pause) 237M->190M(1024M) 23.899ms
[2024-11-27T02:44:06.004-0700][gc,cpu      ] GC(132) User=0.01s Sys=0.04s Real=0.02s
[2024-11-27T02:54:20.896-0700][gc,start    ] GC(133) Pause Young (Normal) (G1 Evacuation Pause)
[2024-11-27T02:54:20.897-0700][gc,task     ] GC(133) Using 8 workers of 8 for evacuation
[2024-11-27T02:54:20.918-0700][gc,phases   ] GC(133)   Pre Evacuate Collection Set: 3.3ms
[2024-11-27T02:54:20.918-0700][gc,phases   ] GC(133)   Merge Heap Roots: 0.1ms
[2024-11-27T02:54:20.918-0700][gc,phases   ] GC(133)   Evacuate Collection Set: 14.8ms
[2024-11-27T02:54:20.918-0700][gc,phases   ] GC(133)   Post Evacuate Collection Set: 1.8ms
[2024-11-27T02:54:20.918-0700][gc,phases   ] GC(133)   Other: 3.4ms
[2024-11-27T02:54:20.919-0700][gc,heap     ] GC(133) Eden regions: 47->0(48)
[2024-11-27T02:54:20.919-0700][gc,heap     ] GC(133) Survivor regions: 4->3(7)
[2024-11-27T02:54:20.919-0700][gc,heap     ] GC(133) Old regions: 58->58
[2024-11-27T02:54:20.919-0700][gc,heap     ] GC(133) Archive regions: 2->2
[2024-11-27T02:54:20.919-0700][gc,heap     ] GC(133) Humongous regions: 129->129
[2024-11-27T02:54:20.919-0700][gc,metaspace] GC(133) Metaspace: 45824K(46464K)->45824K(46464K) NonClass: 40337K(40704K)->40337K(40704K) Class: 5487K(5760K)->5487K(5760K)
[2024-11-27T02:54:20.919-0700][gc          ] GC(133) Pause Young (Normal) (G1 Evacuation Pause) 237M->189M(1024M) 23.579ms
[2024-11-27T02:54:20.919-0700][gc,cpu      ] GC(133) User=0.01s Sys=0.05s Real=0.02s
[2024-11-27T03:04:14.177-0700][gc,start    ] GC(134) Pause Young (Normal) (G1 Evacuation Pause)
[2024-11-27T03:04:14.178-0700][gc,task     ] GC(134) Using 8 workers of 8 for evacuation
[2024-11-27T03:04:14.192-0700][gc,phases   ] GC(134)   Pre Evacuate Collection Set: 0.8ms
[2024-11-27T03:04:14.192-0700][gc,phases   ] GC(134)   Merge Heap Roots: 0.5ms
[2024-11-27T03:04:14.192-0700][gc,phases   ] GC(134)   Evacuate Collection Set: 10.2ms
[2024-11-27T03:04:14.192-0700][gc,phases   ] GC(134)   Post Evacuate Collection Set: 1.3ms
[2024-11-27T03:04:14.192-0700][gc,phases   ] GC(134)   Other: 3.4ms
[2024-11-27T03:04:14.193-0700][gc,heap     ] GC(134) Eden regions: 48->0(48)
[2024-11-27T03:04:14.193-0700][gc,heap     ] GC(134) Survivor regions: 3->3(7)
[2024-11-27T03:04:14.193-0700][gc,heap     ] GC(134) Old regions: 58->58
[2024-11-27T03:04:14.193-0700][gc,heap     ] GC(134) Archive regions: 2->2
[2024-11-27T03:04:14.193-0700][gc,heap     ] GC(134) Humongous regions: 129->129
[2024-11-27T03:04:14.193-0700][gc,metaspace] GC(134) Metaspace: 45825K(46464K)->45825K(46464K) NonClass: 40337K(40704K)->40337K(40704K) Class: 5487K(5760K)->5487K(5760K)
[2024-11-27T03:04:14.193-0700][gc          ] GC(134) Pause Young (Normal) (G1 Evacuation Pause) 237M->190M(1024M) 16.353ms
[2024-11-27T03:04:14.193-0700][gc,cpu      ] GC(134) User=0.02s Sys=0.03s Real=0.02s
[2024-11-27T03:14:45.893-0700][gc,start    ] GC(135) Pause Young (Normal) (G1 Evacuation Pause)
[2024-11-27T03:14:45.896-0700][gc,task     ] GC(135) Using 8 workers of 8 for evacuation
[2024-11-27T03:14:45.937-0700][gc,mmu      ] GC(135) MMU target violated: 21.0ms (20.0ms/21.0ms)
[2024-11-27T03:14:45.937-0700][gc,phases   ] GC(135)   Pre Evacuate Collection Set: 7.5ms
[2024-11-27T03:14:45.937-0700][gc,phases   ] GC(135)   Merge Heap Roots: 1.6ms
[2024-11-27T03:14:45.937-0700][gc,phases   ] GC(135)   Evacuate Collection Set: 25.5ms
[2024-11-27T03:14:45.937-0700][gc,phases   ] GC(135)   Post Evacuate Collection Set: 3.0ms
[2024-11-27T03:14:45.937-0700][gc,phases   ] GC(135)   Other: 10.1ms
[2024-11-27T03:14:45.938-0700][gc,heap     ] GC(135) Eden regions: 48->0(48)
[2024-11-27T03:14:45.938-0700][gc,heap     ] GC(135) Survivor regions: 3->3(7)
[2024-11-27T03:14:45.938-0700][gc,heap     ] GC(135) Old regions: 58->58
[2024-11-27T03:14:45.938-0700][gc,heap     ] GC(135) Archive regions: 2->2
[2024-11-27T03:14:45.938-0700][gc,heap     ] GC(135) Humongous regions: 129->129
[2024-11-27T03:14:45.938-0700][gc,metaspace] GC(135) Metaspace: 45825K(46464K)->45825K(46464K) NonClass: 40337K(40704K)->40337K(40704K) Class: 5487K(5760K)->5487K(5760K)
[2024-11-27T03:14:45.938-0700][gc          ] GC(135) Pause Young (Normal) (G1 Evacuation Pause) 238M->189M(1024M) 46.152ms
[2024-11-27T03:14:45.938-0700][gc,cpu      ] GC(135) User=0.01s Sys=0.06s Real=0.04s
[2024-11-27T03:25:20.969-0700][gc,start    ] GC(136) Pause Young (Normal) (G1 Evacuation Pause)
[2024-11-27T03:25:20.972-0700][gc,task     ] GC(136) Using 8 workers of 8 for evacuation
[2024-11-27T03:25:21.235-0700][gc,mmu      ] GC(136) MMU target violated: 21.0ms (20.0ms/21.0ms)
[2024-11-27T03:25:21.235-0700][gc,phases   ] GC(136)   Pre Evacuate Collection Set: 8.2ms
[2024-11-27T03:25:21.235-0700][gc,phases   ] GC(136)   Merge Heap Roots: 3.2ms
[2024-11-27T03:25:21.235-0700][gc,phases   ] GC(136)   Evacuate Collection Set: 238.8ms
[2024-11-27T03:25:21.235-0700][gc,phases   ] GC(136)   Post Evacuate Collection Set: 4.0ms
[2024-11-27T03:25:21.235-0700][gc,phases   ] GC(136)   Other: 15.7ms
[2024-11-27T03:25:21.236-0700][gc,heap     ] GC(136) Eden regions: 48->0(48)
[2024-11-27T03:25:21.236-0700][gc,heap     ] GC(136) Survivor regions: 3->3(7)
[2024-11-27T03:25:21.236-0700][gc,heap     ] GC(136) Old regions: 58->58
[2024-11-27T03:25:21.236-0700][gc,heap     ] GC(136) Archive regions: 2->2
[2024-11-27T03:25:21.236-0700][gc,heap     ] GC(136) Humongous regions: 129->129
[2024-11-27T03:25:21.236-0700][gc,metaspace] GC(136) Metaspace: 45825K(46464K)->45825K(46464K) NonClass: 40337K(40704K)->40337K(40704K) Class: 5487K(5760K)->5487K(5760K)
[2024-11-27T03:25:21.237-0700][gc          ] GC(136) Pause Young (Normal) (G1 Evacuation Pause) 237M->190M(1024M) 268.713ms
[2024-11-27T03:25:21.237-0700][gc,cpu      ] GC(136) User=0.01s Sys=0.06s Real=0.27s
[2024-11-27T03:35:55.328-0700][gc,start    ] GC(137) Pause Young (Normal) (G1 Evacuation Pause)
[2024-11-27T03:35:55.329-0700][gc,task     ] GC(137) Using 8 workers of 8 for evacuation
[2024-11-27T03:35:55.351-0700][gc,phases   ] GC(137)   Pre Evacuate Collection Set: 2.2ms
[2024-11-27T03:35:55.351-0700][gc,phases   ] GC(137)   Merge Heap Roots: 0.8ms
[2024-11-27T03:35:55.351-0700][gc,phases   ] GC(137)   Evacuate Collection Set: 12.2ms
[2024-11-27T03:35:55.351-0700][gc,phases   ] GC(137)   Post Evacuate Collection Set: 4.9ms
[2024-11-27T03:35:55.351-0700][gc,phases   ] GC(137)   Other: 5.9ms
[2024-11-27T03:35:55.352-0700][gc,heap     ] GC(137) Eden regions: 48->0(48)
[2024-11-27T03:35:55.352-0700][gc,heap     ] GC(137) Survivor regions: 3->3(7)
[2024-11-27T03:35:55.352-0700][gc,heap     ] GC(137) Old regions: 58->58
[2024-11-27T03:35:55.352-0700][gc,heap     ] GC(137) Archive regions: 2->2
[2024-11-27T03:35:55.352-0700][gc,heap     ] GC(137) Humongous regions: 129->129
[2024-11-27T03:35:55.352-0700][gc,metaspace] GC(137) Metaspace: 45825K(46464K)->45825K(46464K) NonClass: 40337K(40704K)->40337K(40704K) Class: 5487K(5760K)->5487K(5760K)
[2024-11-27T03:35:55.352-0700][gc          ] GC(137) Pause Young (Normal) (G1 Evacuation Pause) 238M->189M(1024M) 25.624ms
[2024-11-27T03:35:55.352-0700][gc,cpu      ] GC(137) User=0.01s Sys=0.03s Real=0.03s
[2024-11-27T03:46:35.933-0700][gc,start    ] GC(138) Pause Young (Normal) (G1 Evacuation Pause)
[2024-11-27T03:46:35.934-0700][gc,task     ] GC(138) Using 8 workers of 8 for evacuation
[2024-11-27T03:46:35.958-0700][gc,mmu      ] GC(138) MMU target violated: 21.0ms (20.0ms/21.0ms)
[2024-11-27T03:46:35.958-0700][gc,phases   ] GC(138)   Pre Evacuate Collection Set: 0.9ms
[2024-11-27T03:46:35.958-0700][gc,phases   ] GC(138)   Merge Heap Roots: 0.5ms
[2024-11-27T03:46:35.958-0700][gc,phases   ] GC(138)   Evacuate Collection Set: 16.7ms
[2024-11-27T03:46:35.958-0700][gc,phases   ] GC(138)   Post Evacuate Collection Set: 3.3ms
[2024-11-27T03:46:35.958-0700][gc,phases   ] GC(138)   Other: 4.7ms
[2024-11-27T03:46:35.958-0700][gc,heap     ] GC(138) Eden regions: 48->0(48)
[2024-11-27T03:46:35.958-0700][gc,heap     ] GC(138) Survivor regions: 3->3(7)
[2024-11-27T03:46:35.958-0700][gc,heap     ] GC(138) Old regions: 58->58
[2024-11-27T03:46:35.958-0700][gc,heap     ] GC(138) Archive regions: 2->2
[2024-11-27T03:46:35.958-0700][gc,heap     ] GC(138) Humongous regions: 129->129
[2024-11-27T03:46:35.958-0700][gc,metaspace] GC(138) Metaspace: 45825K(46464K)->45825K(46464K) NonClass: 40337K(40704K)->40337K(40704K) Class: 5487K(5760K)->5487K(5760K)
[2024-11-27T03:46:35.958-0700][gc          ] GC(138) Pause Young (Normal) (G1 Evacuation Pause) 237M->190M(1024M) 25.684ms
[2024-11-27T03:46:35.958-0700][gc,cpu      ] GC(138) User=0.02s Sys=0.03s Real=0.02s
[2024-11-27T03:55:22.588-0700][gc,start    ] GC(139) Pause Young (Normal) (G1 Evacuation Pause)
[2024-11-27T03:55:22.589-0700][gc,task     ] GC(139) Using 8 workers of 8 for evacuation
[2024-11-27T03:55:22.605-0700][gc,phases   ] GC(139)   Pre Evacuate Collection Set: 0.5ms
[2024-11-27T03:55:22.605-0700][gc,phases   ] GC(139)   Merge Heap Roots: 0.3ms
[2024-11-27T03:55:22.605-0700][gc,phases   ] GC(139)   Evacuate Collection Set: 13.9ms
[2024-11-27T03:55:22.605-0700][gc,phases   ] GC(139)   Post Evacuate Collection Set: 1.0ms
[2024-11-27T03:55:22.605-0700][gc,phases   ] GC(139)   Other: 2.6ms
[2024-11-27T03:55:22.605-0700][gc,heap     ] GC(139) Eden regions: 48->0(48)
[2024-11-27T03:55:22.605-0700][gc,heap     ] GC(139) Survivor regions: 3->3(7)
[2024-11-27T03:55:22.605-0700][gc,heap     ] GC(139) Old regions: 58->58
[2024-11-27T03:55:22.605-0700][gc,heap     ] GC(139) Archive regions: 2->2
[2024-11-27T03:55:22.605-0700][gc,heap     ] GC(139) Humongous regions: 129->129
[2024-11-27T03:55:22.605-0700][gc,metaspace] GC(139) Metaspace: 45825K(46464K)->45825K(46464K) NonClass: 40337K(40704K)->40337K(40704K) Class: 5487K(5760K)->5487K(5760K)
[2024-11-27T03:55:22.605-0700][gc          ] GC(139) Pause Young (Normal) (G1 Evacuation Pause) 238M->190M(1024M) 18.107ms
[2024-11-27T03:55:22.605-0700][gc,cpu      ] GC(139) User=0.01s Sys=0.03s Real=0.02s
[2024-11-27T03:59:38.522-0700][gc,start    ] GC(140) Pause Young (Normal) (G1 Evacuation Pause)
[2024-11-27T03:59:38.523-0700][gc,task     ] GC(140) Using 8 workers of 8 for evacuation
[2024-11-27T03:59:38.569-0700][gc,mmu      ] GC(140) MMU target violated: 21.0ms (20.0ms/21.0ms)
[2024-11-27T03:59:38.569-0700][gc,phases   ] GC(140)   Pre Evacuate Collection Set: 2.3ms
[2024-11-27T03:59:38.569-0700][gc,phases   ] GC(140)   Merge Heap Roots: 0.8ms
[2024-11-27T03:59:38.569-0700][gc,phases   ] GC(140)   Evacuate Collection Set: 40.4ms
[2024-11-27T03:59:38.569-0700][gc,phases   ] GC(140)   Post Evacuate Collection Set: 1.3ms
[2024-11-27T03:59:38.569-0700][gc,phases   ] GC(140)   Other: 3.5ms
[2024-11-27T03:59:38.569-0700][gc,heap     ] GC(140) Eden regions: 48->0(47)
[2024-11-27T03:59:38.569-0700][gc,heap     ] GC(140) Survivor regions: 3->4(7)
[2024-11-27T03:59:38.569-0700][gc,heap     ] GC(140) Old regions: 58->58
[2024-11-27T03:59:38.569-0700][gc,heap     ] GC(140) Archive regions: 2->2
[2024-11-27T03:59:38.569-0700][gc,heap     ] GC(140) Humongous regions: 129->129
[2024-11-27T03:59:38.569-0700][gc,metaspace] GC(140) Metaspace: 45849K(46464K)->45849K(46464K) NonClass: 40357K(40704K)->40357K(40704K) Class: 5491K(5760K)->5491K(5760K)
[2024-11-27T03:59:38.570-0700][gc          ] GC(140) Pause Young (Normal) (G1 Evacuation Pause) 238M->191M(1024M) 47.466ms
[2024-11-27T03:59:38.570-0700][gc,cpu      ] GC(140) User=0.02s Sys=0.08s Real=0.05s
[2024-11-27T04:03:53.612-0700][gc,start    ] GC(141) Pause Young (Normal) (G1 Evacuation Pause)
[2024-11-27T04:03:53.613-0700][gc,task     ] GC(141) Using 8 workers of 8 for evacuation
[2024-11-27T04:03:53.621-0700][gc,phases   ] GC(141)   Pre Evacuate Collection Set: 0.4ms
[2024-11-27T04:03:53.621-0700][gc,phases   ] GC(141)   Merge Heap Roots: 0.1ms
[2024-11-27T04:03:53.621-0700][gc,phases   ] GC(141)   Evacuate Collection Set: 6.0ms
[2024-11-27T04:03:53.621-0700][gc,phases   ] GC(141)   Post Evacuate Collection Set: 1.1ms
[2024-11-27T04:03:53.621-0700][gc,phases   ] GC(141)   Other: 2.3ms
[2024-11-27T04:03:53.621-0700][gc,heap     ] GC(141) Eden regions: 47->0(46)
[2024-11-27T04:03:53.621-0700][gc,heap     ] GC(141) Survivor regions: 4->5(7)
[2024-11-27T04:03:53.621-0700][gc,heap     ] GC(141) Old regions: 58->58
[2024-11-27T04:03:53.621-0700][gc,heap     ] GC(141) Archive regions: 2->2
[2024-11-27T04:03:53.621-0700][gc,heap     ] GC(141) Humongous regions: 129->129
[2024-11-27T04:03:53.621-0700][gc,metaspace] GC(141) Metaspace: 45854K(46464K)->45854K(46464K) NonClass: 40363K(40704K)->40363K(40704K) Class: 5491K(5760K)->5491K(5760K)
[2024-11-27T04:03:53.621-0700][gc          ] GC(141) Pause Young (Normal) (G1 Evacuation Pause) 238M->192M(1024M) 9.614ms
[2024-11-27T04:03:53.621-0700][gc,cpu      ] GC(141) User=0.02s Sys=0.01s Real=0.01s
[2024-11-27T04:09:23.119-0700][gc,start    ] GC(142) Pause Young (Normal) (G1 Evacuation Pause)
[2024-11-27T04:09:23.120-0700][gc,task     ] GC(142) Using 8 workers of 8 for evacuation
[2024-11-27T04:09:23.135-0700][gc,phases   ] GC(142)   Pre Evacuate Collection Set: 0.8ms
[2024-11-27T04:09:23.135-0700][gc,phases   ] GC(142)   Merge Heap Roots: 0.3ms
[2024-11-27T04:09:23.135-0700][gc,phases   ] GC(142)   Evacuate Collection Set: 12.0ms
[2024-11-27T04:09:23.135-0700][gc,phases   ] GC(142)   Post Evacuate Collection Set: 1.1ms
[2024-11-27T04:09:23.135-0700][gc,phases   ] GC(142)   Other: 2.7ms
[2024-11-27T04:09:23.135-0700][gc,heap     ] GC(142) Eden regions: 46->0(46)
[2024-11-27T04:09:23.135-0700][gc,heap     ] GC(142) Survivor regions: 5->5(7)
[2024-11-27T04:09:23.135-0700][gc,heap     ] GC(142) Old regions: 58->59
[2024-11-27T04:09:23.135-0700][gc,heap     ] GC(142) Archive regions: 2->2
[2024-11-27T04:09:23.135-0700][gc,heap     ] GC(142) Humongous regions: 129->129
[2024-11-27T04:09:23.135-0700][gc,metaspace] GC(142) Metaspace: 45912K(46528K)->45912K(46528K) NonClass: 40419K(40768K)->40419K(40768K) Class: 5492K(5760K)->5492K(5760K)
[2024-11-27T04:09:23.135-0700][gc          ] GC(142) Pause Young (Normal) (G1 Evacuation Pause) 238M->192M(1024M) 16.291ms
[2024-11-27T04:09:23.135-0700][gc,cpu      ] GC(142) User=0.02s Sys=0.03s Real=0.02s
[2024-11-27T04:13:30.405-0700][gc,start    ] GC(143) Pause Young (Normal) (G1 Evacuation Pause)
[2024-11-27T04:13:30.407-0700][gc,task     ] GC(143) Using 8 workers of 8 for evacuation
[2024-11-27T04:13:30.426-0700][gc,phases   ] GC(143)   Pre Evacuate Collection Set: 0.8ms
[2024-11-27T04:13:30.426-0700][gc,phases   ] GC(143)   Merge Heap Roots: 0.1ms
[2024-11-27T04:13:30.426-0700][gc,phases   ] GC(143)   Evacuate Collection Set: 14.1ms
[2024-11-27T04:13:30.426-0700][gc,phases   ] GC(143)   Post Evacuate Collection Set: 2.5ms
[2024-11-27T04:13:30.426-0700][gc,phases   ] GC(143)   Other: 4.2ms
[2024-11-27T04:13:30.426-0700][gc,heap     ] GC(143) Eden regions: 46->0(46)
[2024-11-27T04:13:30.426-0700][gc,heap     ] GC(143) Survivor regions: 5->5(7)
[2024-11-27T04:13:30.426-0700][gc,heap     ] GC(143) Old regions: 59->60
[2024-11-27T04:13:30.426-0700][gc,heap     ] GC(143) Archive regions: 2->2
[2024-11-27T04:13:30.426-0700][gc,heap     ] GC(143) Humongous regions: 129->129
[2024-11-27T04:13:30.426-0700][gc,metaspace] GC(143) Metaspace: 45913K(46528K)->45913K(46528K) NonClass: 40420K(40768K)->40420K(40768K) Class: 5492K(5760K)->5492K(5760K)
[2024-11-27T04:13:30.427-0700][gc          ] GC(143) Pause Young (Normal) (G1 Evacuation Pause) 238M->193M(1024M) 21.844ms
[2024-11-27T04:13:30.427-0700][gc,cpu      ] GC(143) User=0.01s Sys=0.03s Real=0.02s
[2024-11-27T04:17:32.907-0700][gc,start    ] GC(144) Pause Young (Normal) (G1 Evacuation Pause)
[2024-11-27T04:17:32.908-0700][gc,task     ] GC(144) Using 8 workers of 8 for evacuation
[2024-11-27T04:17:32.924-0700][gc,phases   ] GC(144)   Pre Evacuate Collection Set: 1.5ms
[2024-11-27T04:17:32.924-0700][gc,phases   ] GC(144)   Merge Heap Roots: 0.5ms
[2024-11-27T04:17:32.924-0700][gc,phases   ] GC(144)   Evacuate Collection Set: 13.5ms
[2024-11-27T04:17:32.924-0700][gc,phases   ] GC(144)   Post Evacuate Collection Set: 0.4ms
[2024-11-27T04:17:32.924-0700][gc,phases   ] GC(144)   Other: 2.0ms
[2024-11-27T04:17:32.924-0700][gc,heap     ] GC(144) Eden regions: 46->0(46)
[2024-11-27T04:17:32.924-0700][gc,heap     ] GC(144) Survivor regions: 5->5(7)
[2024-11-27T04:17:32.924-0700][gc,heap     ] GC(144) Old regions: 60->61
[2024-11-27T04:17:32.924-0700][gc,heap     ] GC(144) Archive regions: 2->2
[2024-11-27T04:17:32.924-0700][gc,heap     ] GC(144) Humongous regions: 129->129
[2024-11-27T04:17:32.924-0700][gc,metaspace] GC(144) Metaspace: 45915K(46528K)->45915K(46528K) NonClass: 40421K(40768K)->40421K(40768K) Class: 5493K(5760K)->5493K(5760K)
[2024-11-27T04:17:32.924-0700][gc          ] GC(144) Pause Young (Normal) (G1 Evacuation Pause) 239M->194M(1024M) 18.204ms
[2024-11-27T04:17:32.924-0700][gc,cpu      ] GC(144) User=0.01s Sys=0.03s Real=0.02s
[2024-11-27T04:21:41.197-0700][gc,start    ] GC(145) Pause Young (Normal) (G1 Evacuation Pause)
[2024-11-27T04:21:41.200-0700][gc,task     ] GC(145) Using 8 workers of 8 for evacuation
[2024-11-27T04:21:41.254-0700][gc,mmu      ] GC(145) MMU target violated: 21.0ms (20.0ms/21.0ms)
[2024-11-27T04:21:41.254-0700][gc,phases   ] GC(145)   Pre Evacuate Collection Set: 6.3ms
[2024-11-27T04:21:41.254-0700][gc,phases   ] GC(145)   Merge Heap Roots: 0.6ms
[2024-11-27T04:21:41.254-0700][gc,phases   ] GC(145)   Evacuate Collection Set: 43.4ms
[2024-11-27T04:21:41.254-0700][gc,phases   ] GC(145)   Post Evacuate Collection Set: 2.6ms
[2024-11-27T04:21:41.255-0700][gc,phases   ] GC(145)   Other: 32.3ms
[2024-11-27T04:21:41.255-0700][gc,heap     ] GC(145) Eden regions: 46->0(45)
[2024-11-27T04:21:41.255-0700][gc,heap     ] GC(145) Survivor regions: 5->6(7)
[2024-11-27T04:21:41.255-0700][gc,heap     ] GC(145) Old regions: 61->62
[2024-11-27T04:21:41.255-0700][gc,heap     ] GC(145) Archive regions: 2->2
[2024-11-27T04:21:41.255-0700][gc,heap     ] GC(145) Humongous regions: 129->129
[2024-11-27T04:21:41.255-0700][gc,metaspace] GC(145) Metaspace: 45915K(46528K)->45915K(46528K) NonClass: 40421K(40768K)->40421K(40768K) Class: 5493K(5760K)->5493K(5760K)
[2024-11-27T04:21:41.255-0700][gc          ] GC(145) Pause Young (Normal) (G1 Evacuation Pause) 240M->196M(1024M) 58.993ms
[2024-11-27T04:21:41.255-0700][gc,cpu      ] GC(145) User=0.02s Sys=0.06s Real=0.06s
[2024-11-27T04:25:09.388-0700][gc,start    ] GC(146) Pause Young (Normal) (G1 Evacuation Pause)
[2024-11-27T04:25:09.389-0700][gc,task     ] GC(146) Using 8 workers of 8 for evacuation
[2024-11-27T04:25:09.404-0700][gc,phases   ] GC(146)   Pre Evacuate Collection Set: 2.0ms
[2024-11-27T04:25:09.404-0700][gc,phases   ] GC(146)   Merge Heap Roots: 0.4ms
[2024-11-27T04:25:09.404-0700][gc,phases   ] GC(146)   Evacuate Collection Set: 11.5ms
[2024-11-27T04:25:09.404-0700][gc,phases   ] GC(146)   Post Evacuate Collection Set: 0.9ms
[2024-11-27T04:25:09.404-0700][gc,phases   ] GC(146)   Other: 3.7ms
[2024-11-27T04:25:09.404-0700][gc,heap     ] GC(146) Eden regions: 45->0(46)
[2024-11-27T04:25:09.404-0700][gc,heap     ] GC(146) Survivor regions: 6->5(7)
[2024-11-27T04:25:09.404-0700][gc,heap     ] GC(146) Old regions: 62->64
[2024-11-27T04:25:09.404-0700][gc,heap     ] GC(146) Archive regions: 2->2
[2024-11-27T04:25:09.404-0700][gc,heap     ] GC(146) Humongous regions: 129->129
[2024-11-27T04:25:09.404-0700][gc,metaspace] GC(146) Metaspace: 45915K(46528K)->45915K(46528K) NonClass: 40421K(40768K)->40421K(40768K) Class: 5493K(5760K)->5493K(5760K)
[2024-11-27T04:25:09.404-0700][gc          ] GC(146) Pause Young (Normal) (G1 Evacuation Pause) 241M->197M(1024M) 17.566ms
[2024-11-27T04:25:09.405-0700][gc,cpu      ] GC(146) User=0.02s Sys=0.03s Real=0.02s
[2024-11-27T04:29:30.539-0700][gc,start    ] GC(147) Pause Young (Normal) (G1 Evacuation Pause)
[2024-11-27T04:29:30.539-0700][gc,task     ] GC(147) Using 8 workers of 8 for evacuation
[2024-11-27T04:29:30.557-0700][gc,phases   ] GC(147)   Pre Evacuate Collection Set: 1.5ms
[2024-11-27T04:29:30.557-0700][gc,phases   ] GC(147)   Merge Heap Roots: 0.8ms
[2024-11-27T04:29:30.557-0700][gc,phases   ] GC(147)   Evacuate Collection Set: 13.5ms
[2024-11-27T04:29:30.557-0700][gc,phases   ] GC(147)   Post Evacuate Collection Set: 1.4ms
[2024-11-27T04:29:30.557-0700][gc,phases   ] GC(147)   Other: 2.6ms
[2024-11-27T04:29:30.557-0700][gc,heap     ] GC(147) Eden regions: 46->0(46)
[2024-11-27T04:29:30.557-0700][gc,heap     ] GC(147) Survivor regions: 5->5(7)
[2024-11-27T04:29:30.557-0700][gc,heap     ] GC(147) Old regions: 64->66
[2024-11-27T04:29:30.557-0700][gc,heap     ] GC(147) Archive regions: 2->2
[2024-11-27T04:29:30.557-0700][gc,heap     ] GC(147) Humongous regions: 129->129
[2024-11-27T04:29:30.558-0700][gc,metaspace] GC(147) Metaspace: 45915K(46528K)->45915K(46528K) NonClass: 40422K(40768K)->40422K(40768K) Class: 5493K(5760K)->5493K(5760K)
[2024-11-27T04:29:30.558-0700][gc          ] GC(147) Pause Young (Normal) (G1 Evacuation Pause) 243M->199M(1024M) 19.578ms
[2024-11-27T04:29:30.558-0700][gc,cpu      ] GC(147) User=0.02s Sys=0.03s Real=0.02s
[2024-11-27T04:33:20.737-0700][gc,start    ] GC(148) Pause Young (Normal) (G1 Evacuation Pause)
[2024-11-27T04:33:20.738-0700][gc,task     ] GC(148) Using 8 workers of 8 for evacuation
[2024-11-27T04:33:20.757-0700][gc,phases   ] GC(148)   Pre Evacuate Collection Set: 2.4ms
[2024-11-27T04:33:20.757-0700][gc,phases   ] GC(148)   Merge Heap Roots: 0.3ms
[2024-11-27T04:33:20.757-0700][gc,phases   ] GC(148)   Evacuate Collection Set: 14.2ms
[2024-11-27T04:33:20.757-0700][gc,phases   ] GC(148)   Post Evacuate Collection Set: 1.0ms
[2024-11-27T04:33:20.757-0700][gc,phases   ] GC(148)   Other: 2.6ms
[2024-11-27T04:33:20.757-0700][gc,heap     ] GC(148) Eden regions: 46->0(44)
[2024-11-27T04:33:20.757-0700][gc,heap     ] GC(148) Survivor regions: 5->7(7)
[2024-11-27T04:33:20.757-0700][gc,heap     ] GC(148) Old regions: 66->67
[2024-11-27T04:33:20.757-0700][gc,heap     ] GC(148) Archive regions: 2->2
[2024-11-27T04:33:20.757-0700][gc,heap     ] GC(148) Humongous regions: 129->129
[2024-11-27T04:33:20.758-0700][gc,metaspace] GC(148) Metaspace: 45915K(46528K)->45915K(46528K) NonClass: 40422K(40768K)->40422K(40768K) Class: 5493K(5760K)->5493K(5760K)
[2024-11-27T04:33:20.758-0700][gc          ] GC(148) Pause Young (Normal) (G1 Evacuation Pause) 245M->202M(1024M) 20.488ms
[2024-11-27T04:33:20.758-0700][gc,cpu      ] GC(148) User=0.02s Sys=0.03s Real=0.02s
[2024-11-27T04:37:23.664-0700][gc,start    ] GC(149) Pause Young (Normal) (G1 Evacuation Pause)
[2024-11-27T04:37:23.666-0700][gc,task     ] GC(149) Using 8 workers of 8 for evacuation
[2024-11-27T04:37:23.703-0700][gc,mmu      ] GC(149) MMU target violated: 21.0ms (20.0ms/21.0ms)
[2024-11-27T04:37:23.703-0700][gc,phases   ] GC(149)   Pre Evacuate Collection Set: 3.0ms
[2024-11-27T04:37:23.703-0700][gc,phases   ] GC(149)   Merge Heap Roots: 0.8ms
[2024-11-27T04:37:23.703-0700][gc,phases   ] GC(149)   Evacuate Collection Set: 28.2ms
[2024-11-27T04:37:23.703-0700][gc,phases   ] GC(149)   Post Evacuate Collection Set: 4.1ms
[2024-11-27T04:37:23.704-0700][gc,phases   ] GC(149)   Other: 4.2ms
[2024-11-27T04:37:23.704-0700][gc,heap     ] GC(149) Eden regions: 44->0(44)
[2024-11-27T04:37:23.704-0700][gc,heap     ] GC(149) Survivor regions: 7->7(7)
[2024-11-27T04:37:23.704-0700][gc,heap     ] GC(149) Old regions: 67->70
[2024-11-27T04:37:23.704-0700][gc,heap     ] GC(149) Archive regions: 2->2
[2024-11-27T04:37:23.704-0700][gc,heap     ] GC(149) Humongous regions: 129->129
[2024-11-27T04:37:23.704-0700][gc,metaspace] GC(149) Metaspace: 45916K(46528K)->45916K(46528K) NonClass: 40422K(40768K)->40422K(40768K) Class: 5493K(5760K)->5493K(5760K)
[2024-11-27T04:37:23.704-0700][gc          ] GC(149) Pause Young (Normal) (G1 Evacuation Pause) 246M->205M(1024M) 39.971ms
[2024-11-27T04:37:23.704-0700][gc,cpu      ] GC(149) User=0.03s Sys=0.05s Real=0.04s
[2024-11-27T04:41:24.828-0700][gc,start    ] GC(150) Pause Young (Normal) (G1 Evacuation Pause)
[2024-11-27T04:41:24.829-0700][gc,task     ] GC(150) Using 8 workers of 8 for evacuation
[2024-11-27T04:41:24.855-0700][gc,mmu      ] GC(150) MMU target violated: 21.0ms (20.0ms/21.0ms)
[2024-11-27T04:41:24.855-0700][gc,phases   ] GC(150)   Pre Evacuate Collection Set: 2.4ms
[2024-11-27T04:41:24.855-0700][gc,phases   ] GC(150)   Merge Heap Roots: 0.2ms
[2024-11-27T04:41:24.855-0700][gc,phases   ] GC(150)   Evacuate Collection Set: 19.9ms
[2024-11-27T04:41:24.855-0700][gc,phases   ] GC(150)   Post Evacuate Collection Set: 1.7ms
[2024-11-27T04:41:24.855-0700][gc,phases   ] GC(150)   Other: 4.5ms
[2024-11-27T04:41:24.855-0700][gc,heap     ] GC(150) Eden regions: 44->0(44)
[2024-11-27T04:41:24.855-0700][gc,heap     ] GC(150) Survivor regions: 7->7(7)
[2024-11-27T04:41:24.855-0700][gc,heap     ] GC(150) Old regions: 70->73
[2024-11-27T04:41:24.855-0700][gc,heap     ] GC(150) Archive regions: 2->2
[2024-11-27T04:41:24.855-0700][gc,heap     ] GC(150) Humongous regions: 129->129
[2024-11-27T04:41:24.855-0700][gc,metaspace] GC(150) Metaspace: 45917K(46528K)->45917K(46528K) NonClass: 40423K(40768K)->40423K(40768K) Class: 5493K(5760K)->5493K(5760K)
[2024-11-27T04:41:24.855-0700][gc          ] GC(150) Pause Young (Normal) (G1 Evacuation Pause) 249M->209M(1024M) 27.647ms
[2024-11-27T04:41:24.855-0700][gc,cpu      ] GC(150) User=0.03s Sys=0.03s Real=0.03s
[2024-11-27T04:45:00.126-0700][gc,start    ] GC(151) Pause Young (Normal) (G1 Evacuation Pause)
[2024-11-27T04:45:00.127-0700][gc,task     ] GC(151) Using 8 workers of 8 for evacuation
[2024-11-27T04:45:00.148-0700][gc,phases   ] GC(151)   Pre Evacuate Collection Set: 2.5ms
[2024-11-27T04:45:00.148-0700][gc,phases   ] GC(151)   Merge Heap Roots: 0.3ms
[2024-11-27T04:45:00.148-0700][gc,phases   ] GC(151)   Evacuate Collection Set: 15.9ms
[2024-11-27T04:45:00.148-0700][gc,phases   ] GC(151)   Post Evacuate Collection Set: 1.7ms
[2024-11-27T04:45:00.148-0700][gc,phases   ] GC(151)   Other: 2.7ms
[2024-11-27T04:45:00.149-0700][gc,heap     ] GC(151) Eden regions: 44->0(44)
[2024-11-27T04:45:00.149-0700][gc,heap     ] GC(151) Survivor regions: 7->7(7)
[2024-11-27T04:45:00.149-0700][gc,heap     ] GC(151) Old regions: 73->76
[2024-11-27T04:45:00.149-0700][gc,heap     ] GC(151) Archive regions: 2->2
[2024-11-27T04:45:00.149-0700][gc,heap     ] GC(151) Humongous regions: 129->129
[2024-11-27T04:45:00.149-0700][gc,metaspace] GC(151) Metaspace: 45918K(46528K)->45918K(46528K) NonClass: 40424K(40768K)->40424K(40768K) Class: 5493K(5760K)->5493K(5760K)
[2024-11-27T04:45:00.149-0700][gc          ] GC(151) Pause Young (Normal) (G1 Evacuation Pause) 253M->212M(1024M) 23.552ms
[2024-11-27T04:45:00.149-0700][gc,cpu      ] GC(151) User=0.02s Sys=0.04s Real=0.02s
[2024-11-27T04:49:16.613-0700][gc,start    ] GC(152) Pause Young (Normal) (G1 Evacuation Pause)
[2024-11-27T04:49:16.614-0700][gc,task     ] GC(152) Using 8 workers of 8 for evacuation
[2024-11-27T04:49:16.633-0700][gc,phases   ] GC(152)   Pre Evacuate Collection Set: 0.5ms
[2024-11-27T04:49:16.633-0700][gc,phases   ] GC(152)   Merge Heap Roots: 0.4ms
[2024-11-27T04:49:16.633-0700][gc,phases   ] GC(152)   Evacuate Collection Set: 16.6ms
[2024-11-27T04:49:16.633-0700][gc,phases   ] GC(152)   Post Evacuate Collection Set: 1.1ms
[2024-11-27T04:49:16.633-0700][gc,phases   ] GC(152)   Other: 2.4ms
[2024-11-27T04:49:16.633-0700][gc,heap     ] GC(152) Eden regions: 44->0(44)
[2024-11-27T04:49:16.633-0700][gc,heap     ] GC(152) Survivor regions: 7->7(7)
[2024-11-27T04:49:16.633-0700][gc,heap     ] GC(152) Old regions: 76->80
[2024-11-27T04:49:16.633-0700][gc,heap     ] GC(152) Archive regions: 2->2
[2024-11-27T04:49:16.633-0700][gc,heap     ] GC(152) Humongous regions: 129->129
[2024-11-27T04:49:16.633-0700][gc,metaspace] GC(152) Metaspace: 45918K(46528K)->45918K(46528K) NonClass: 40424K(40768K)->40424K(40768K) Class: 5493K(5760K)->5493K(5760K)
[2024-11-27T04:49:16.633-0700][gc          ] GC(152) Pause Young (Normal) (G1 Evacuation Pause) 256M->215M(1024M) 21.025ms
[2024-11-27T04:49:16.633-0700][gc,cpu      ] GC(152) User=0.02s Sys=0.04s Real=0.02s
[2024-11-27T04:53:12.296-0700][gc,start    ] GC(153) Pause Young (Normal) (G1 Evacuation Pause)
[2024-11-27T04:53:12.297-0700][gc,task     ] GC(153) Using 8 workers of 8 for evacuation
[2024-11-27T04:53:12.329-0700][gc,mmu      ] GC(153) MMU target violated: 21.0ms (20.0ms/21.0ms)
[2024-11-27T04:53:12.329-0700][gc,phases   ] GC(153)   Pre Evacuate Collection Set: 6.5ms
[2024-11-27T04:53:12.329-0700][gc,phases   ] GC(153)   Merge Heap Roots: 0.9ms
[2024-11-27T04:53:12.329-0700][gc,phases   ] GC(153)   Evacuate Collection Set: 22.3ms
[2024-11-27T04:53:12.329-0700][gc,phases   ] GC(153)   Post Evacuate Collection Set: 1.3ms
[2024-11-27T04:53:12.329-0700][gc,phases   ] GC(153)   Other: 2.5ms
[2024-11-27T04:53:12.329-0700][gc,heap     ] GC(153) Eden regions: 44->0(44)
[2024-11-27T04:53:12.329-0700][gc,heap     ] GC(153) Survivor regions: 7->7(7)
[2024-11-27T04:53:12.329-0700][gc,heap     ] GC(153) Old regions: 80->83
[2024-11-27T04:53:12.329-0700][gc,heap     ] GC(153) Archive regions: 2->2
[2024-11-27T04:53:12.329-0700][gc,heap     ] GC(153) Humongous regions: 129->129
[2024-11-27T04:53:12.329-0700][gc,metaspace] GC(153) Metaspace: 45918K(46528K)->45918K(46528K) NonClass: 40424K(40768K)->40424K(40768K) Class: 5493K(5760K)->5493K(5760K)
[2024-11-27T04:53:12.329-0700][gc          ] GC(153) Pause Young (Normal) (G1 Evacuation Pause) 259M->219M(1024M) 33.141ms
[2024-11-27T04:53:12.329-0700][gc,cpu      ] GC(153) User=0.03s Sys=0.04s Real=0.03s
[2024-11-27T04:56:37.999-0700][gc,start    ] GC(154) Pause Young (Normal) (G1 Evacuation Pause)
[2024-11-27T04:56:38.000-0700][gc,task     ] GC(154) Using 8 workers of 8 for evacuation
[2024-11-27T04:56:38.035-0700][gc,mmu      ] GC(154) MMU target violated: 21.0ms (20.0ms/21.0ms)
[2024-11-27T04:56:38.035-0700][gc,phases   ] GC(154)   Pre Evacuate Collection Set: 1.7ms
[2024-11-27T04:56:38.035-0700][gc,phases   ] GC(154)   Merge Heap Roots: 0.5ms
[2024-11-27T04:56:38.035-0700][gc,phases   ] GC(154)   Evacuate Collection Set: 31.0ms
[2024-11-27T04:56:38.035-0700][gc,phases   ] GC(154)   Post Evacuate Collection Set: 1.1ms
[2024-11-27T04:56:38.035-0700][gc,phases   ] GC(154)   Other: 3.3ms
[2024-11-27T04:56:38.035-0700][gc,heap     ] GC(154) Eden regions: 44->0(44)
[2024-11-27T04:56:38.035-0700][gc,heap     ] GC(154) Survivor regions: 7->7(7)
[2024-11-27T04:56:38.035-0700][gc,heap     ] GC(154) Old regions: 83->89
[2024-11-27T04:56:38.035-0700][gc,heap     ] GC(154) Archive regions: 2->2
[2024-11-27T04:56:38.035-0700][gc,heap     ] GC(154) Humongous regions: 129->129
[2024-11-27T04:56:38.036-0700][gc,metaspace] GC(154) Metaspace: 45919K(46528K)->45919K(46528K) NonClass: 40425K(40768K)->40425K(40768K) Class: 5493K(5760K)->5493K(5760K)
[2024-11-27T04:56:38.036-0700][gc          ] GC(154) Pause Young (Normal) (G1 Evacuation Pause) 263M->225M(1024M) 37.313ms
[2024-11-27T04:56:38.036-0700][gc,cpu      ] GC(154) User=0.03s Sys=0.06s Real=0.04s
[2024-11-27T05:00:44.413-0700][gc,start    ] GC(155) Pause Young (Normal) (G1 Evacuation Pause)
[2024-11-27T05:00:44.414-0700][gc,task     ] GC(155) Using 8 workers of 8 for evacuation
[2024-11-27T05:00:44.437-0700][gc,mmu      ] GC(155) MMU target violated: 21.0ms (20.0ms/21.0ms)
[2024-11-27T05:00:44.437-0700][gc,phases   ] GC(155)   Pre Evacuate Collection Set: 0.6ms
[2024-11-27T05:00:44.437-0700][gc,phases   ] GC(155)   Merge Heap Roots: 0.1ms
[2024-11-27T05:00:44.437-0700][gc,phases   ] GC(155)   Evacuate Collection Set: 21.1ms
[2024-11-27T05:00:44.437-0700][gc,phases   ] GC(155)   Post Evacuate Collection Set: 1.0ms
[2024-11-27T05:00:44.437-0700][gc,phases   ] GC(155)   Other: 2.4ms
[2024-11-27T05:00:44.437-0700][gc,heap     ] GC(155) Eden regions: 44->0(47)
[2024-11-27T05:00:44.437-0700][gc,heap     ] GC(155) Survivor regions: 7->4(7)
[2024-11-27T05:00:44.437-0700][gc,heap     ] GC(155) Old regions: 89->96
[2024-11-27T05:00:44.437-0700][gc,heap     ] GC(155) Archive regions: 2->2
[2024-11-27T05:00:44.437-0700][gc,heap     ] GC(155) Humongous regions: 129->129
[2024-11-27T05:00:44.438-0700][gc,metaspace] GC(155) Metaspace: 45929K(46528K)->45929K(46528K) NonClass: 40433K(40768K)->40433K(40768K) Class: 5495K(5760K)->5495K(5760K)
[2024-11-27T05:00:44.438-0700][gc          ] GC(155) Pause Young (Normal) (G1 Evacuation Pause) 269M->229M(1024M) 25.298ms
[2024-11-27T05:00:44.438-0700][gc,cpu      ] GC(155) User=0.02s Sys=0.04s Real=0.02s
[2024-11-27T05:05:21.039-0700][gc,start    ] GC(156) Pause Young (Normal) (G1 Evacuation Pause)
[2024-11-27T05:05:21.039-0700][gc,task     ] GC(156) Using 8 workers of 8 for evacuation
[2024-11-27T05:05:21.059-0700][gc,phases   ] GC(156)   Pre Evacuate Collection Set: 1.1ms
[2024-11-27T05:05:21.059-0700][gc,phases   ] GC(156)   Merge Heap Roots: 0.5ms
[2024-11-27T05:05:21.059-0700][gc,phases   ] GC(156)   Evacuate Collection Set: 16.3ms
[2024-11-27T05:05:21.059-0700][gc,phases   ] GC(156)   Post Evacuate Collection Set: 1.2ms
[2024-11-27T05:05:21.059-0700][gc,phases   ] GC(156)   Other: 2.3ms
[2024-11-27T05:05:21.059-0700][gc,heap     ] GC(156) Eden regions: 47->0(44)
[2024-11-27T05:05:21.059-0700][gc,heap     ] GC(156) Survivor regions: 4->7(7)
[2024-11-27T05:05:21.059-0700][gc,heap     ] GC(156) Old regions: 96->96
[2024-11-27T05:05:21.059-0700][gc,heap     ] GC(156) Archive regions: 2->2
[2024-11-27T05:05:21.059-0700][gc,heap     ] GC(156) Humongous regions: 129->129
[2024-11-27T05:05:21.059-0700][gc,metaspace] GC(156) Metaspace: 45929K(46528K)->45929K(46528K) NonClass: 40433K(40768K)->40433K(40768K) Class: 5495K(5760K)->5495K(5760K)
[2024-11-27T05:05:21.060-0700][gc          ] GC(156) Pause Young (Normal) (G1 Evacuation Pause) 276M->232M(1024M) 21.497ms
[2024-11-27T05:05:21.060-0700][gc,cpu      ] GC(156) User=0.02s Sys=0.03s Real=0.03s
[2024-11-27T05:09:30.580-0700][gc,start    ] GC(157) Pause Young (Normal) (G1 Evacuation Pause)
[2024-11-27T05:09:30.580-0700][gc,task     ] GC(157) Using 8 workers of 8 for evacuation
[2024-11-27T05:09:30.596-0700][gc,phases   ] GC(157)   Pre Evacuate Collection Set: 0.7ms
[2024-11-27T05:09:30.597-0700][gc,phases   ] GC(157)   Merge Heap Roots: 0.2ms
[2024-11-27T05:09:30.597-0700][gc,phases   ] GC(157)   Evacuate Collection Set: 13.6ms
[2024-11-27T05:09:30.597-0700][gc,phases   ] GC(157)   Post Evacuate Collection Set: 1.1ms
[2024-11-27T05:09:30.597-0700][gc,phases   ] GC(157)   Other: 2.3ms
[2024-11-27T05:09:30.597-0700][gc,heap     ] GC(157) Eden regions: 44->0(44)
[2024-11-27T05:09:30.597-0700][gc,heap     ] GC(157) Survivor regions: 7->7(7)
[2024-11-27T05:09:30.597-0700][gc,heap     ] GC(157) Old regions: 96->99
[2024-11-27T05:09:30.597-0700][gc,heap     ] GC(157) Archive regions: 2->2
[2024-11-27T05:09:30.597-0700][gc,heap     ] GC(157) Humongous regions: 129->129
[2024-11-27T05:09:30.597-0700][gc,metaspace] GC(157) Metaspace: 45931K(46528K)->45931K(46528K) NonClass: 40436K(40768K)->40436K(40768K) Class: 5495K(5760K)->5495K(5760K)
[2024-11-27T05:09:30.597-0700][gc          ] GC(157) Pause Young (Normal) (G1 Evacuation Pause) 276M->235M(1024M) 17.795ms
[2024-11-27T05:09:30.597-0700][gc,cpu      ] GC(157) User=0.02s Sys=0.04s Real=0.02s
[2024-11-27T05:16:16.370-0700][gc,start    ] GC(158) Pause Young (Normal) (G1 Evacuation Pause)
[2024-11-27T05:16:16.371-0700][gc,task     ] GC(158) Using 8 workers of 8 for evacuation
[2024-11-27T05:16:16.390-0700][gc,phases   ] GC(158)   Pre Evacuate Collection Set: 1.0ms
[2024-11-27T05:16:16.390-0700][gc,phases   ] GC(158)   Merge Heap Roots: 0.3ms
[2024-11-27T05:16:16.390-0700][gc,phases   ] GC(158)   Evacuate Collection Set: 16.8ms
[2024-11-27T05:16:16.390-0700][gc,phases   ] GC(158)   Post Evacuate Collection Set: 1.0ms
[2024-11-27T05:16:16.391-0700][gc,phases   ] GC(158)   Other: 2.3ms
[2024-11-27T05:16:16.391-0700][gc,heap     ] GC(158) Eden regions: 44->0(44)
[2024-11-27T05:16:16.391-0700][gc,heap     ] GC(158) Survivor regions: 7->7(7)
[2024-11-27T05:16:16.391-0700][gc,heap     ] GC(158) Old regions: 99->103
[2024-11-27T05:16:16.391-0700][gc,heap     ] GC(158) Archive regions: 2->2
[2024-11-27T05:16:16.391-0700][gc,heap     ] GC(158) Humongous regions: 129->129
[2024-11-27T05:16:16.391-0700][gc,metaspace] GC(158) Metaspace: 45932K(46528K)->45932K(46528K) NonClass: 40437K(40768K)->40437K(40768K) Class: 5495K(5760K)->5495K(5760K)
[2024-11-27T05:16:16.391-0700][gc          ] GC(158) Pause Young (Normal) (G1 Evacuation Pause) 279M->239M(1024M) 21.057ms
[2024-11-27T05:16:16.391-0700][gc,cpu      ] GC(158) User=0.03s Sys=0.05s Real=0.03s
[2024-11-27T05:24:10.810-0700][gc,start    ] GC(159) Pause Young (Normal) (G1 Evacuation Pause)
[2024-11-27T05:24:10.810-0700][gc,task     ] GC(159) Using 8 workers of 8 for evacuation
[2024-11-27T05:24:10.837-0700][gc,mmu      ] GC(159) MMU target violated: 21.0ms (20.0ms/21.0ms)
[2024-11-27T05:24:10.837-0700][gc,phases   ] GC(159)   Pre Evacuate Collection Set: 2.1ms
[2024-11-27T05:24:10.837-0700][gc,phases   ] GC(159)   Merge Heap Roots: 0.4ms
[2024-11-27T05:24:10.837-0700][gc,phases   ] GC(159)   Evacuate Collection Set: 21.8ms
[2024-11-27T05:24:10.837-0700][gc,phases   ] GC(159)   Post Evacuate Collection Set: 1.5ms
[2024-11-27T05:24:10.837-0700][gc,phases   ] GC(159)   Other: 3.7ms
[2024-11-27T05:24:10.837-0700][gc,heap     ] GC(159) Eden regions: 44->0(46)
[2024-11-27T05:24:10.837-0700][gc,heap     ] GC(159) Survivor regions: 7->5(7)
[2024-11-27T05:24:10.837-0700][gc,heap     ] GC(159) Old regions: 103->110
[2024-11-27T05:24:10.837-0700][gc,heap     ] GC(159) Archive regions: 2->2
[2024-11-27T05:24:10.837-0700][gc,heap     ] GC(159) Humongous regions: 129->129
[2024-11-27T05:24:10.837-0700][gc,metaspace] GC(159) Metaspace: 45932K(46528K)->45932K(46528K) NonClass: 40437K(40768K)->40437K(40768K) Class: 5495K(5760K)->5495K(5760K)
[2024-11-27T05:24:10.837-0700][gc          ] GC(159) Pause Young (Normal) (G1 Evacuation Pause) 283M->244M(1024M) 28.235ms
[2024-11-27T05:24:10.837-0700][gc,cpu      ] GC(159) User=0.03s Sys=0.05s Real=0.03s
[2024-11-27T05:28:20.951-0700][gc,start    ] GC(160) Pause Young (Normal) (G1 Evacuation Pause)
[2024-11-27T05:28:20.952-0700][gc,task     ] GC(160) Using 8 workers of 8 for evacuation
[2024-11-27T05:28:20.985-0700][gc,mmu      ] GC(160) MMU target violated: 21.0ms (20.0ms/21.0ms)
[2024-11-27T05:28:20.985-0700][gc,phases   ] GC(160)   Pre Evacuate Collection Set: 2.1ms
[2024-11-27T05:28:20.985-0700][gc,phases   ] GC(160)   Merge Heap Roots: 0.2ms
[2024-11-27T05:28:20.985-0700][gc,phases   ] GC(160)   Evacuate Collection Set: 28.5ms
[2024-11-27T05:28:20.985-0700][gc,phases   ] GC(160)   Post Evacuate Collection Set: 1.5ms
[2024-11-27T05:28:20.985-0700][gc,phases   ] GC(160)   Other: 3.1ms
[2024-11-27T05:28:20.986-0700][gc,heap     ] GC(160) Eden regions: 46->0(47)
[2024-11-27T05:28:20.986-0700][gc,heap     ] GC(160) Survivor regions: 5->4(7)
[2024-11-27T05:28:20.986-0700][gc,heap     ] GC(160) Old regions: 110->114
[2024-11-27T05:28:20.986-0700][gc,heap     ] GC(160) Archive regions: 2->2
[2024-11-27T05:28:20.986-0700][gc,heap     ] GC(160) Humongous regions: 129->129
[2024-11-27T05:28:20.986-0700][gc,metaspace] GC(160) Metaspace: 45933K(46528K)->45933K(46528K) NonClass: 40437K(40768K)->40437K(40768K) Class: 5495K(5760K)->5495K(5760K)
[2024-11-27T05:28:20.986-0700][gc          ] GC(160) Pause Young (Normal) (G1 Evacuation Pause) 290M->247M(1024M) 34.769ms
[2024-11-27T05:28:20.986-0700][gc,cpu      ] GC(160) User=0.02s Sys=0.05s Real=0.03s
[2024-11-27T05:32:40.062-0700][gc,start    ] GC(161) Pause Young (Normal) (G1 Evacuation Pause)
[2024-11-27T05:32:40.063-0700][gc,task     ] GC(161) Using 8 workers of 8 for evacuation
[2024-11-27T05:32:40.077-0700][gc,phases   ] GC(161)   Pre Evacuate Collection Set: 0.6ms
[2024-11-27T05:32:40.077-0700][gc,phases   ] GC(161)   Merge Heap Roots: 0.4ms
[2024-11-27T05:32:40.077-0700][gc,phases   ] GC(161)   Evacuate Collection Set: 11.9ms
[2024-11-27T05:32:40.077-0700][gc,phases   ] GC(161)   Post Evacuate Collection Set: 1.4ms
[2024-11-27T05:32:40.077-0700][gc,phases   ] GC(161)   Other: 2.7ms
[2024-11-27T05:32:40.077-0700][gc,heap     ] GC(161) Eden regions: 47->0(44)
[2024-11-27T05:32:40.077-0700][gc,heap     ] GC(161) Survivor regions: 4->7(7)
[2024-11-27T05:32:40.077-0700][gc,heap     ] GC(161) Old regions: 114->114
[2024-11-27T05:32:40.077-0700][gc,heap     ] GC(161) Archive regions: 2->2
[2024-11-27T05:32:40.077-0700][gc,heap     ] GC(161) Humongous regions: 129->129
[2024-11-27T05:32:40.077-0700][gc,metaspace] GC(161) Metaspace: 45933K(46528K)->45933K(46528K) NonClass: 40437K(40768K)->40437K(40768K) Class: 5495K(5760K)->5495K(5760K)
[2024-11-27T05:32:40.078-0700][gc          ] GC(161) Pause Young (Normal) (G1 Evacuation Pause) 294M->250M(1024M) 16.432ms
[2024-11-27T05:32:40.078-0700][gc,cpu      ] GC(161) User=0.02s Sys=0.03s Real=0.01s
[2024-11-27T05:36:51.121-0700][gc,start    ] GC(162) Pause Young (Normal) (G1 Evacuation Pause)
[2024-11-27T05:36:51.122-0700][gc,task     ] GC(162) Using 8 workers of 8 for evacuation
[2024-11-27T05:36:51.157-0700][gc,mmu      ] GC(162) MMU target violated: 21.0ms (20.0ms/21.0ms)
[2024-11-27T05:36:51.157-0700][gc,phases   ] GC(162)   Pre Evacuate Collection Set: 1.5ms
[2024-11-27T05:36:51.157-0700][gc,phases   ] GC(162)   Merge Heap Roots: 0.6ms
[2024-11-27T05:36:51.157-0700][gc,phases   ] GC(162)   Evacuate Collection Set: 30.8ms
[2024-11-27T05:36:51.157-0700][gc,phases   ] GC(162)   Post Evacuate Collection Set: 1.5ms
[2024-11-27T05:36:51.157-0700][gc,phases   ] GC(162)   Other: 3.5ms
[2024-11-27T05:36:51.158-0700][gc,heap     ] GC(162) Eden regions: 44->0(44)
[2024-11-27T05:36:51.158-0700][gc,heap     ] GC(162) Survivor regions: 7->7(7)
[2024-11-27T05:36:51.158-0700][gc,heap     ] GC(162) Old regions: 114->118
[2024-11-27T05:36:51.158-0700][gc,heap     ] GC(162) Archive regions: 2->2
[2024-11-27T05:36:51.158-0700][gc,heap     ] GC(162) Humongous regions: 129->129
[2024-11-27T05:36:51.158-0700][gc,metaspace] GC(162) Metaspace: 45934K(46528K)->45934K(46528K) NonClass: 40439K(40768K)->40439K(40768K) Class: 5495K(5760K)->5495K(5760K)
[2024-11-27T05:36:51.158-0700][gc          ] GC(162) Pause Young (Normal) (G1 Evacuation Pause) 294M->254M(1024M) 36.822ms
[2024-11-27T05:36:51.158-0700][gc,cpu      ] GC(162) User=0.03s Sys=0.05s Real=0.03s
[2024-11-27T05:41:13.117-0700][gc,start    ] GC(163) Pause Young (Normal) (G1 Evacuation Pause)
[2024-11-27T05:41:13.117-0700][gc,task     ] GC(163) Using 8 workers of 8 for evacuation
[2024-11-27T05:41:13.136-0700][gc,phases   ] GC(163)   Pre Evacuate Collection Set: 1.0ms
[2024-11-27T05:41:13.136-0700][gc,phases   ] GC(163)   Merge Heap Roots: 1.2ms
[2024-11-27T05:41:13.136-0700][gc,phases   ] GC(163)   Evacuate Collection Set: 14.6ms
[2024-11-27T05:41:13.136-0700][gc,phases   ] GC(163)   Post Evacuate Collection Set: 1.3ms
[2024-11-27T05:41:13.136-0700][gc,phases   ] GC(163)   Other: 2.1ms
[2024-11-27T05:41:13.136-0700][gc,heap     ] GC(163) Eden regions: 44->0(44)
[2024-11-27T05:41:13.136-0700][gc,heap     ] GC(163) Survivor regions: 7->7(7)
[2024-11-27T05:41:13.136-0700][gc,heap     ] GC(163) Old regions: 118->121
[2024-11-27T05:41:13.136-0700][gc,heap     ] GC(163) Archive regions: 2->2
[2024-11-27T05:41:13.136-0700][gc,heap     ] GC(163) Humongous regions: 129->129
[2024-11-27T05:41:13.136-0700][gc,metaspace] GC(163) Metaspace: 45934K(46528K)->45934K(46528K) NonClass: 40439K(40768K)->40439K(40768K) Class: 5495K(5760K)->5495K(5760K)
[2024-11-27T05:41:13.136-0700][gc          ] GC(163) Pause Young (Normal) (G1 Evacuation Pause) 298M->257M(1024M) 20.056ms
[2024-11-27T05:41:13.136-0700][gc,cpu      ] GC(163) User=0.02s Sys=0.03s Real=0.02s
[2024-11-27T05:45:36.579-0700][gc,start    ] GC(164) Pause Young (Normal) (G1 Evacuation Pause)
[2024-11-27T05:45:36.580-0700][gc,task     ] GC(164) Using 8 workers of 8 for evacuation
[2024-11-27T05:45:36.596-0700][gc,phases   ] GC(164)   Pre Evacuate Collection Set: 0.9ms
[2024-11-27T05:45:36.596-0700][gc,phases   ] GC(164)   Merge Heap Roots: 0.2ms
[2024-11-27T05:45:36.596-0700][gc,phases   ] GC(164)   Evacuate Collection Set: 13.2ms
[2024-11-27T05:45:36.596-0700][gc,phases   ] GC(164)   Post Evacuate Collection Set: 1.1ms
[2024-11-27T05:45:36.596-0700][gc,phases   ] GC(164)   Other: 2.6ms
[2024-11-27T05:45:36.596-0700][gc,heap     ] GC(164) Eden regions: 44->0(44)
[2024-11-27T05:45:36.596-0700][gc,heap     ] GC(164) Survivor regions: 7->7(7)
[2024-11-27T05:45:36.596-0700][gc,heap     ] GC(164) Old regions: 121->125
[2024-11-27T05:45:36.596-0700][gc,heap     ] GC(164) Archive regions: 2->2
[2024-11-27T05:45:36.596-0700][gc,heap     ] GC(164) Humongous regions: 129->129
[2024-11-27T05:45:36.596-0700][gc,metaspace] GC(164) Metaspace: 45934K(46528K)->45934K(46528K) NonClass: 40439K(40768K)->40439K(40768K) Class: 5495K(5760K)->5495K(5760K)
[2024-11-27T05:45:36.597-0700][gc          ] GC(164) Pause Young (Normal) (G1 Evacuation Pause) 301M->261M(1024M) 17.911ms
[2024-11-27T05:45:36.597-0700][gc,cpu      ] GC(164) User=0.02s Sys=0.04s Real=0.02s
[2024-11-27T05:49:58.716-0700][gc,start    ] GC(165) Pause Young (Normal) (G1 Evacuation Pause)
[2024-11-27T05:49:58.716-0700][gc,task     ] GC(165) Using 8 workers of 8 for evacuation
[2024-11-27T05:49:58.747-0700][gc,mmu      ] GC(165) MMU target violated: 21.0ms (20.0ms/21.0ms)
[2024-11-27T05:49:58.747-0700][gc,phases   ] GC(165)   Pre Evacuate Collection Set: 0.8ms
[2024-11-27T05:49:58.747-0700][gc,phases   ] GC(165)   Merge Heap Roots: 0.6ms
[2024-11-27T05:49:58.747-0700][gc,phases   ] GC(165)   Evacuate Collection Set: 25.8ms
[2024-11-27T05:49:58.747-0700][gc,phases   ] GC(165)   Post Evacuate Collection Set: 2.5ms
[2024-11-27T05:49:58.747-0700][gc,phases   ] GC(165)   Other: 2.1ms
[2024-11-27T05:49:58.747-0700][gc,heap     ] GC(165) Eden regions: 44->0(44)
[2024-11-27T05:49:58.747-0700][gc,heap     ] GC(165) Survivor regions: 7->7(7)
[2024-11-27T05:49:58.747-0700][gc,heap     ] GC(165) Old regions: 125->128
[2024-11-27T05:49:58.747-0700][gc,heap     ] GC(165) Archive regions: 2->2
[2024-11-27T05:49:58.747-0700][gc,heap     ] GC(165) Humongous regions: 129->129
[2024-11-27T05:49:58.747-0700][gc,metaspace] GC(165) Metaspace: 45934K(46528K)->45934K(46528K) NonClass: 40439K(40768K)->40439K(40768K) Class: 5495K(5760K)->5495K(5760K)
[2024-11-27T05:49:58.747-0700][gc          ] GC(165) Pause Young (Normal) (G1 Evacuation Pause) 305M->264M(1024M) 31.878ms
[2024-11-27T05:49:58.747-0700][gc,cpu      ] GC(165) User=0.04s Sys=0.05s Real=0.03s
[2024-11-27T05:53:29.014-0700][gc,start    ] GC(166) Pause Young (Normal) (G1 Evacuation Pause)
[2024-11-27T05:53:29.015-0700][gc,task     ] GC(166) Using 8 workers of 8 for evacuation
[2024-11-27T05:53:29.035-0700][gc,mmu      ] GC(166) MMU target violated: 20.0ms (20.0ms/21.0ms)
[2024-11-27T05:53:29.035-0700][gc,phases   ] GC(166)   Pre Evacuate Collection Set: 1.4ms
[2024-11-27T05:53:29.035-0700][gc,phases   ] GC(166)   Merge Heap Roots: 0.2ms
[2024-11-27T05:53:29.035-0700][gc,phases   ] GC(166)   Evacuate Collection Set: 17.4ms
[2024-11-27T05:53:29.035-0700][gc,phases   ] GC(166)   Post Evacuate Collection Set: 1.0ms
[2024-11-27T05:53:29.035-0700][gc,phases   ] GC(166)   Other: 2.4ms
[2024-11-27T05:53:29.036-0700][gc,heap     ] GC(166) Eden regions: 44->0(44)
[2024-11-27T05:53:29.036-0700][gc,heap     ] GC(166) Survivor regions: 7->7(7)
[2024-11-27T05:53:29.036-0700][gc,heap     ] GC(166) Old regions: 128->131
[2024-11-27T05:53:29.036-0700][gc,heap     ] GC(166) Archive regions: 2->2
[2024-11-27T05:53:29.036-0700][gc,heap     ] GC(166) Humongous regions: 129->129
[2024-11-27T05:53:29.036-0700][gc,metaspace] GC(166) Metaspace: 45934K(46528K)->45934K(46528K) NonClass: 40439K(40768K)->40439K(40768K) Class: 5495K(5760K)->5495K(5760K)
[2024-11-27T05:53:29.036-0700][gc          ] GC(166) Pause Young (Normal) (G1 Evacuation Pause) 308M->267M(1024M) 22.822ms
[2024-11-27T05:53:29.036-0700][gc,cpu      ] GC(166) User=0.03s Sys=0.05s Real=0.02s
[2024-11-27T05:56:51.068-0700][gc,start    ] GC(167) Pause Young (Normal) (G1 Evacuation Pause)
[2024-11-27T05:56:51.069-0700][gc,task     ] GC(167) Using 8 workers of 8 for evacuation
[2024-11-27T05:56:51.097-0700][gc,mmu      ] GC(167) MMU target violated: 21.0ms (20.0ms/21.0ms)
[2024-11-27T05:56:51.097-0700][gc,phases   ] GC(167)   Pre Evacuate Collection Set: 2.5ms
[2024-11-27T05:56:51.097-0700][gc,phases   ] GC(167)   Merge Heap Roots: 0.2ms
[2024-11-27T05:56:51.097-0700][gc,phases   ] GC(167)   Evacuate Collection Set: 22.0ms
[2024-11-27T05:56:51.097-0700][gc,phases   ] GC(167)   Post Evacuate Collection Set: 1.3ms
[2024-11-27T05:56:51.097-0700][gc,phases   ] GC(167)   Other: 4.1ms
[2024-11-27T05:56:51.097-0700][gc,heap     ] GC(167) Eden regions: 44->0(44)
[2024-11-27T05:56:51.097-0700][gc,heap     ] GC(167) Survivor regions: 7->7(7)
[2024-11-27T05:56:51.098-0700][gc,heap     ] GC(167) Old regions: 131->138
[2024-11-27T05:56:51.098-0700][gc,heap     ] GC(167) Archive regions: 2->2
[2024-11-27T05:56:51.098-0700][gc,heap     ] GC(167) Humongous regions: 129->129
[2024-11-27T05:56:51.098-0700][gc,metaspace] GC(167) Metaspace: 45934K(46528K)->45934K(46528K) NonClass: 40439K(40768K)->40439K(40768K) Class: 5495K(5760K)->5495K(5760K)
[2024-11-27T05:56:51.098-0700][gc          ] GC(167) Pause Young (Normal) (G1 Evacuation Pause) 311M->274M(1024M) 30.139ms
[2024-11-27T05:56:51.098-0700][gc,cpu      ] GC(167) User=0.03s Sys=0.05s Real=0.03s
[2024-11-27T06:00:36.184-0700][gc,start    ] GC(168) Pause Young (Normal) (G1 Evacuation Pause)
[2024-11-27T06:00:36.185-0700][gc,task     ] GC(168) Using 8 workers of 8 for evacuation
[2024-11-27T06:00:36.198-0700][gc,phases   ] GC(168)   Pre Evacuate Collection Set: 0.6ms
[2024-11-27T06:00:36.198-0700][gc,phases   ] GC(168)   Merge Heap Roots: 0.2ms
[2024-11-27T06:00:36.198-0700][gc,phases   ] GC(168)   Evacuate Collection Set: 11.0ms
[2024-11-27T06:00:36.198-0700][gc,phases   ] GC(168)   Post Evacuate Collection Set: 1.3ms
[2024-11-27T06:00:36.198-0700][gc,phases   ] GC(168)   Other: 2.4ms
[2024-11-27T06:00:36.198-0700][gc,heap     ] GC(168) Eden regions: 44->0(72)
[2024-11-27T06:00:36.198-0700][gc,heap     ] GC(168) Survivor regions: 7->4(7)
[2024-11-27T06:00:36.198-0700][gc,heap     ] GC(168) Old regions: 138->144
[2024-11-27T06:00:36.198-0700][gc,heap     ] GC(168) Archive regions: 2->2
[2024-11-27T06:00:36.198-0700][gc,heap     ] GC(168) Humongous regions: 129->129
[2024-11-27T06:00:36.198-0700][gc,metaspace] GC(168) Metaspace: 45935K(46528K)->45935K(46528K) NonClass: 40440K(40768K)->40440K(40768K) Class: 5495K(5760K)->5495K(5760K)
[2024-11-27T06:00:36.198-0700][gc          ] GC(168) Pause Young (Normal) (G1 Evacuation Pause) 318M->276M(1024M) 15.228ms
[2024-11-27T06:00:36.198-0700][gc,cpu      ] GC(168) User=0.02s Sys=0.03s Real=0.01s
[2024-11-27T06:06:19.259-0700][gc,start    ] GC(169) Pause Young (Normal) (G1 Evacuation Pause)
[2024-11-27T06:06:19.260-0700][gc,task     ] GC(169) Using 8 workers of 8 for evacuation
[2024-11-27T06:06:19.324-0700][gc,mmu      ] GC(169) MMU target violated: 21.0ms (20.0ms/21.0ms)
[2024-11-27T06:06:19.324-0700][gc,phases   ] GC(169)   Pre Evacuate Collection Set: 2.2ms
[2024-11-27T06:06:19.324-0700][gc,phases   ] GC(169)   Merge Heap Roots: 2.2ms
[2024-11-27T06:06:19.324-0700][gc,phases   ] GC(169)   Evacuate Collection Set: 57.6ms
[2024-11-27T06:06:19.324-0700][gc,phases   ] GC(169)   Post Evacuate Collection Set: 2.1ms
[2024-11-27T06:06:19.325-0700][gc,phases   ] GC(169)   Other: 2.8ms
[2024-11-27T06:06:19.325-0700][gc,heap     ] GC(169) Eden regions: 72->0(42)
[2024-11-27T06:06:19.325-0700][gc,heap     ] GC(169) Survivor regions: 4->9(10)
[2024-11-27T06:06:19.325-0700][gc,heap     ] GC(169) Old regions: 144->144
[2024-11-27T06:06:19.325-0700][gc,heap     ] GC(169) Archive regions: 2->2
[2024-11-27T06:06:19.325-0700][gc,heap     ] GC(169) Humongous regions: 129->129
[2024-11-27T06:06:19.325-0700][gc,metaspace] GC(169) Metaspace: 45935K(46528K)->45935K(46528K) NonClass: 40440K(40768K)->40440K(40768K) Class: 5495K(5760K)->5495K(5760K)
[2024-11-27T06:06:19.325-0700][gc          ] GC(169) Pause Young (Normal) (G1 Evacuation Pause) 348M->281M(1024M) 66.257ms
[2024-11-27T06:06:19.325-0700][gc,cpu      ] GC(169) User=0.03s Sys=0.03s Real=0.07s
[2024-11-27T06:09:37.793-0700][gc,start    ] GC(170) Pause Young (Normal) (G1 Evacuation Pause)
[2024-11-27T06:09:37.794-0700][gc,task     ] GC(170) Using 8 workers of 8 for evacuation
[2024-11-27T06:09:37.808-0700][gc,phases   ] GC(170)   Pre Evacuate Collection Set: 1.3ms
[2024-11-27T06:09:37.808-0700][gc,phases   ] GC(170)   Merge Heap Roots: 0.4ms
[2024-11-27T06:09:37.808-0700][gc,phases   ] GC(170)   Evacuate Collection Set: 10.8ms
[2024-11-27T06:09:37.808-0700][gc,phases   ] GC(170)   Post Evacuate Collection Set: 1.0ms
[2024-11-27T06:09:37.808-0700][gc,phases   ] GC(170)   Other: 1.9ms
[2024-11-27T06:09:37.808-0700][gc,heap     ] GC(170) Eden regions: 42->0(46)
[2024-11-27T06:09:37.808-0700][gc,heap     ] GC(170) Survivor regions: 9->5(7)
[2024-11-27T06:09:37.808-0700][gc,heap     ] GC(170) Old regions: 144->152
[2024-11-27T06:09:37.808-0700][gc,heap     ] GC(170) Archive regions: 2->2
[2024-11-27T06:09:37.808-0700][gc,heap     ] GC(170) Humongous regions: 129->129
[2024-11-27T06:09:37.808-0700][gc,metaspace] GC(170) Metaspace: 45935K(46528K)->45935K(46528K) NonClass: 40440K(40768K)->40440K(40768K) Class: 5495K(5760K)->5495K(5760K)
[2024-11-27T06:09:37.808-0700][gc          ] GC(170) Pause Young (Normal) (G1 Evacuation Pause) 323M->285M(1024M) 15.452ms
[2024-11-27T06:09:37.808-0700][gc,cpu      ] GC(170) User=0.03s Sys=0.02s Real=0.01s
[2024-11-27T06:19:07.371-0700][gc,start    ] GC(171) Pause Young (Normal) (G1 Evacuation Pause)
[2024-11-27T06:19:07.373-0700][gc,task     ] GC(171) Using 8 workers of 8 for evacuation
[2024-11-27T06:19:07.416-0700][gc,mmu      ] GC(171) MMU target violated: 21.0ms (20.0ms/21.0ms)
[2024-11-27T06:19:07.417-0700][gc,phases   ] GC(171)   Pre Evacuate Collection Set: 7.6ms
[2024-11-27T06:19:07.417-0700][gc,phases   ] GC(171)   Merge Heap Roots: 0.5ms
[2024-11-27T06:19:07.417-0700][gc,phases   ] GC(171)   Evacuate Collection Set: 33.4ms
[2024-11-27T06:19:07.417-0700][gc,phases   ] GC(171)   Post Evacuate Collection Set: 1.9ms
[2024-11-27T06:19:07.417-0700][gc,phases   ] GC(171)   Other: 3.6ms
[2024-11-27T06:19:07.417-0700][gc,heap     ] GC(171) Eden regions: 46->0(44)
[2024-11-27T06:19:07.417-0700][gc,heap     ] GC(171) Survivor regions: 5->7(7)
[2024-11-27T06:19:07.417-0700][gc,heap     ] GC(171) Old regions: 152->153
[2024-11-27T06:19:07.417-0700][gc,heap     ] GC(171) Archive regions: 2->2
[2024-11-27T06:19:07.417-0700][gc,heap     ] GC(171) Humongous regions: 129->129
[2024-11-27T06:19:07.417-0700][gc,metaspace] GC(171) Metaspace: 45936K(46528K)->45936K(46528K) NonClass: 40441K(40768K)->40441K(40768K) Class: 5495K(5760K)->5495K(5760K)
[2024-11-27T06:19:07.417-0700][gc          ] GC(171) Pause Young (Normal) (G1 Evacuation Pause) 331M->289M(1024M) 46.552ms
[2024-11-27T06:19:07.417-0700][gc,cpu      ] GC(171) User=0.04s Sys=0.07s Real=0.04s
[2024-11-27T06:28:29.958-0700][gc,start    ] GC(172) Pause Young (Normal) (G1 Evacuation Pause)
[2024-11-27T06:28:29.961-0700][gc,task     ] GC(172) Using 8 workers of 8 for evacuation
[2024-11-27T06:28:30.018-0700][gc,mmu      ] GC(172) MMU target violated: 21.0ms (20.0ms/21.0ms)
[2024-11-27T06:28:30.018-0700][gc,phases   ] GC(172)   Pre Evacuate Collection Set: 1.2ms
[2024-11-27T06:28:30.018-0700][gc,phases   ] GC(172)   Merge Heap Roots: 0.4ms
[2024-11-27T06:28:30.018-0700][gc,phases   ] GC(172)   Evacuate Collection Set: 47.9ms
[2024-11-27T06:28:30.018-0700][gc,phases   ] GC(172)   Post Evacuate Collection Set: 4.0ms
[2024-11-27T06:28:30.018-0700][gc,phases   ] GC(172)   Other: 10.4ms
[2024-11-27T06:28:30.018-0700][gc,heap     ] GC(172) Eden regions: 44->0(45)
[2024-11-27T06:28:30.018-0700][gc,heap     ] GC(172) Survivor regions: 7->6(7)
[2024-11-27T06:28:30.018-0700][gc,heap     ] GC(172) Old regions: 153->160
[2024-11-27T06:28:30.018-0700][gc,heap     ] GC(172) Archive regions: 2->2
[2024-11-27T06:28:30.018-0700][gc,heap     ] GC(172) Humongous regions: 129->129
[2024-11-27T06:28:30.018-0700][gc,metaspace] GC(172) Metaspace: 45936K(46528K)->45936K(46528K) NonClass: 40441K(40768K)->40441K(40768K) Class: 5495K(5760K)->5495K(5760K)
[2024-11-27T06:28:30.019-0700][gc          ] GC(172) Pause Young (Normal) (G1 Evacuation Pause) 333M->295M(1024M) 62.761ms
[2024-11-27T06:28:30.019-0700][gc,cpu      ] GC(172) User=0.04s Sys=0.08s Real=0.06s
[2024-11-27T06:38:21.273-0700][gc,start    ] GC(173) Pause Young (Normal) (G1 Evacuation Pause)
[2024-11-27T06:38:21.274-0700][gc,task     ] GC(173) Using 8 workers of 8 for evacuation
[2024-11-27T06:38:21.307-0700][gc,mmu      ] GC(173) MMU target violated: 21.0ms (20.0ms/21.0ms)
[2024-11-27T06:38:21.307-0700][gc,phases   ] GC(173)   Pre Evacuate Collection Set: 3.9ms
[2024-11-27T06:38:21.307-0700][gc,phases   ] GC(173)   Merge Heap Roots: 0.5ms
[2024-11-27T06:38:21.307-0700][gc,phases   ] GC(173)   Evacuate Collection Set: 23.2ms
[2024-11-27T06:38:21.307-0700][gc,phases   ] GC(173)   Post Evacuate Collection Set: 4.6ms
[2024-11-27T06:38:21.307-0700][gc,phases   ] GC(173)   Other: 3.6ms
[2024-11-27T06:38:21.307-0700][gc,heap     ] GC(173) Eden regions: 45->0(46)
[2024-11-27T06:38:21.307-0700][gc,heap     ] GC(173) Survivor regions: 6->5(7)
[2024-11-27T06:38:21.307-0700][gc,heap     ] GC(173) Old regions: 160->165
[2024-11-27T06:38:21.307-0700][gc,heap     ] GC(173) Archive regions: 2->2
[2024-11-27T06:38:21.307-0700][gc,heap     ] GC(173) Humongous regions: 129->129
[2024-11-27T06:38:21.308-0700][gc,metaspace] GC(173) Metaspace: 45936K(46528K)->45936K(46528K) NonClass: 40441K(40768K)->40441K(40768K) Class: 5495K(5760K)->5495K(5760K)
[2024-11-27T06:38:21.308-0700][gc          ] GC(173) Pause Young (Normal) (G1 Evacuation Pause) 340M->299M(1024M) 35.719ms
[2024-11-27T06:38:21.308-0700][gc,cpu      ] GC(173) User=0.04s Sys=0.05s Real=0.03s
[2024-11-27T06:48:20.302-0700][gc,start    ] GC(174) Pause Young (Normal) (G1 Evacuation Pause)
[2024-11-27T06:48:20.304-0700][gc,task     ] GC(174) Using 8 workers of 8 for evacuation
[2024-11-27T06:48:20.334-0700][gc,mmu      ] GC(174) MMU target violated: 21.0ms (20.0ms/21.0ms)
[2024-11-27T06:48:20.334-0700][gc,phases   ] GC(174)   Pre Evacuate Collection Set: 1.1ms
[2024-11-27T06:48:20.334-0700][gc,phases   ] GC(174)   Merge Heap Roots: 0.4ms
[2024-11-27T06:48:20.334-0700][gc,phases   ] GC(174)   Evacuate Collection Set: 25.5ms
[2024-11-27T06:48:20.334-0700][gc,phases   ] GC(174)   Post Evacuate Collection Set: 1.7ms
[2024-11-27T06:48:20.334-0700][gc,phases   ] GC(174)   Other: 4.5ms
[2024-11-27T06:48:20.335-0700][gc,heap     ] GC(174) Eden regions: 46->0(45)
[2024-11-27T06:48:20.335-0700][gc,heap     ] GC(174) Survivor regions: 5->6(7)
[2024-11-27T06:48:20.335-0700][gc,heap     ] GC(174) Old regions: 165->169
[2024-11-27T06:48:20.335-0700][gc,heap     ] GC(174) Archive regions: 2->2
[2024-11-27T06:48:20.335-0700][gc,heap     ] GC(174) Humongous regions: 129->129
[2024-11-27T06:48:20.335-0700][gc,metaspace] GC(174) Metaspace: 45936K(46528K)->45936K(46528K) NonClass: 40441K(40768K)->40441K(40768K) Class: 5495K(5760K)->5495K(5760K)
[2024-11-27T06:48:20.335-0700][gc          ] GC(174) Pause Young (Normal) (G1 Evacuation Pause) 345M->304M(1024M) 32.943ms
[2024-11-27T06:48:20.335-0700][gc,cpu      ] GC(174) User=0.04s Sys=0.06s Real=0.03s
[2024-11-27T06:57:35.055-0700][gc,start    ] GC(175) Pause Young (Normal) (G1 Evacuation Pause)
[2024-11-27T06:57:35.057-0700][gc,task     ] GC(175) Using 8 workers of 8 for evacuation
[2024-11-27T06:57:35.110-0700][gc,mmu      ] GC(175) MMU target violated: 21.0ms (20.0ms/21.0ms)
[2024-11-27T06:57:35.110-0700][gc,phases   ] GC(175)   Pre Evacuate Collection Set: 4.4ms
[2024-11-27T06:57:35.110-0700][gc,phases   ] GC(175)   Merge Heap Roots: 8.1ms
[2024-11-27T06:57:35.110-0700][gc,phases   ] GC(175)   Evacuate Collection Set: 36.7ms
[2024-11-27T06:57:35.110-0700][gc,phases   ] GC(175)   Post Evacuate Collection Set: 3.1ms
[2024-11-27T06:57:35.110-0700][gc,phases   ] GC(175)   Other: 4.7ms
[2024-11-27T06:57:35.110-0700][gc,heap     ] GC(175) Eden regions: 45->0(44)
[2024-11-27T06:57:35.110-0700][gc,heap     ] GC(175) Survivor regions: 6->7(7)
[2024-11-27T06:57:35.111-0700][gc,heap     ] GC(175) Old regions: 169->173
[2024-11-27T06:57:35.111-0700][gc,heap     ] GC(175) Archive regions: 2->2
[2024-11-27T06:57:35.111-0700][gc,heap     ] GC(175) Humongous regions: 129->129
[2024-11-27T06:57:35.111-0700][gc,metaspace] GC(175) Metaspace: 45936K(46528K)->45936K(46528K) NonClass: 40441K(40768K)->40441K(40768K) Class: 5495K(5760K)->5495K(5760K)
[2024-11-27T06:57:35.111-0700][gc          ] GC(175) Pause Young (Normal) (G1 Evacuation Pause) 349M->309M(1024M) 55.817ms
[2024-11-27T06:57:35.111-0700][gc,cpu      ] GC(175) User=0.04s Sys=0.08s Real=0.06s
[2024-11-27T11:57:59.130-0700][gc,start    ] GC(176) Pause Young (Normal) (G1 Evacuation Pause)
[2024-11-27T11:57:59.132-0700][gc,task     ] GC(176) Using 8 workers of 8 for evacuation
[2024-11-27T11:57:59.193-0700][gc,mmu      ] GC(176) MMU target violated: 21.0ms (20.0ms/21.0ms)
[2024-11-27T11:57:59.193-0700][gc,phases   ] GC(176)   Pre Evacuate Collection Set: 8.0ms
[2024-11-27T11:57:59.194-0700][gc,phases   ] GC(176)   Merge Heap Roots: 3.2ms
[2024-11-27T11:57:59.194-0700][gc,phases   ] GC(176)   Evacuate Collection Set: 45.0ms
[2024-11-27T11:57:59.194-0700][gc,phases   ] GC(176)   Post Evacuate Collection Set: 3.0ms
[2024-11-27T11:57:59.194-0700][gc,phases   ] GC(176)   Other: 7.1ms
[2024-11-27T11:57:59.194-0700][gc,heap     ] GC(176) Eden regions: 44->0(46)
[2024-11-27T11:57:59.194-0700][gc,heap     ] GC(176) Survivor regions: 7->5(7)
[2024-11-27T11:57:59.194-0700][gc,heap     ] GC(176) Old regions: 173->177
[2024-11-27T11:57:59.194-0700][gc,heap     ] GC(176) Archive regions: 2->2
[2024-11-27T11:57:59.194-0700][gc,heap     ] GC(176) Humongous regions: 129->129
[2024-11-27T11:57:59.194-0700][gc,metaspace] GC(176) Metaspace: 45936K(46528K)->45936K(46528K) NonClass: 40441K(40768K)->40441K(40768K) Class: 5495K(5760K)->5495K(5760K)
[2024-11-27T11:57:59.194-0700][gc          ] GC(176) Pause Young (Normal) (G1 Evacuation Pause) 353M->311M(1024M) 64.645ms
[2024-11-27T11:57:59.194-0700][gc,cpu      ] GC(176) User=0.03s Sys=0.10s Real=0.07s
[2024-11-27T12:07:59.979-0700][gc,start    ] GC(177) Pause Young (Normal) (G1 Evacuation Pause)
[2024-11-27T12:07:59.981-0700][gc,task     ] GC(177) Using 8 workers of 8 for evacuation
[2024-11-27T12:08:00.036-0700][gc,mmu      ] GC(177) MMU target violated: 21.0ms (20.0ms/21.0ms)
[2024-11-27T12:08:00.036-0700][gc,phases   ] GC(177)   Pre Evacuate Collection Set: 4.7ms
[2024-11-27T12:08:00.036-0700][gc,phases   ] GC(177)   Merge Heap Roots: 1.2ms
[2024-11-27T12:08:00.036-0700][gc,phases   ] GC(177)   Evacuate Collection Set: 42.8ms
[2024-11-27T12:08:00.036-0700][gc,phases   ] GC(177)   Post Evacuate Collection Set: 4.2ms
[2024-11-27T12:08:00.037-0700][gc,phases   ] GC(177)   Other: 6.6ms
[2024-11-27T12:08:00.037-0700][gc,heap     ] GC(177) Eden regions: 46->0(48)
[2024-11-27T12:08:00.037-0700][gc,heap     ] GC(177) Survivor regions: 5->3(7)
[2024-11-27T12:08:00.037-0700][gc,heap     ] GC(177) Old regions: 177->179
[2024-11-27T12:08:00.037-0700][gc,heap     ] GC(177) Archive regions: 2->2
[2024-11-27T12:08:00.037-0700][gc,heap     ] GC(177) Humongous regions: 129->129
[2024-11-27T12:08:00.037-0700][gc,metaspace] GC(177) Metaspace: 45936K(46528K)->45936K(46528K) NonClass: 40441K(40768K)->40441K(40768K) Class: 5495K(5760K)->5495K(5760K)
[2024-11-27T12:08:00.037-0700][gc          ] GC(177) Pause Young (Normal) (G1 Evacuation Pause) 357M->310M(1024M) 58.869ms
[2024-11-27T12:08:00.037-0700][gc,cpu      ] GC(177) User=0.02s Sys=0.05s Real=0.06s
[2024-11-27T12:18:20.389-0700][gc,start    ] GC(178) Pause Young (Normal) (G1 Evacuation Pause)
[2024-11-27T12:18:20.391-0700][gc,task     ] GC(178) Using 8 workers of 8 for evacuation
[2024-11-27T12:18:20.441-0700][gc,mmu      ] GC(178) MMU target violated: 21.0ms (20.0ms/21.0ms)
[2024-11-27T12:18:20.441-0700][gc,phases   ] GC(178)   Pre Evacuate Collection Set: 10.3ms
[2024-11-27T12:18:20.441-0700][gc,phases   ] GC(178)   Merge Heap Roots: 3.9ms
[2024-11-27T12:18:20.441-0700][gc,phases   ] GC(178)   Evacuate Collection Set: 29.9ms
[2024-11-27T12:18:20.441-0700][gc,phases   ] GC(178)   Post Evacuate Collection Set: 2.7ms
[2024-11-27T12:18:20.441-0700][gc,phases   ] GC(178)   Other: 7.5ms
[2024-11-27T12:18:20.441-0700][gc,heap     ] GC(178) Eden regions: 48->0(46)
[2024-11-27T12:18:20.442-0700][gc,heap     ] GC(178) Survivor regions: 3->5(7)
[2024-11-27T12:18:20.442-0700][gc,heap     ] GC(178) Old regions: 179->179
[2024-11-27T12:18:20.442-0700][gc,heap     ] GC(178) Archive regions: 2->2
[2024-11-27T12:18:20.442-0700][gc,heap     ] GC(178) Humongous regions: 129->129
[2024-11-27T12:18:20.442-0700][gc,metaspace] GC(178) Metaspace: 45936K(46528K)->45936K(46528K) NonClass: 40441K(40768K)->40441K(40768K) Class: 5495K(5760K)->5495K(5760K)
[2024-11-27T12:18:20.442-0700][gc          ] GC(178) Pause Young (Normal) (G1 Evacuation Pause) 358M->313M(1024M) 53.581ms
[2024-11-27T12:18:20.442-0700][gc,cpu      ] GC(178) User=0.02s Sys=0.06s Real=0.06s
[2024-11-27T12:58:29.728-0700][gc,start    ] GC(179) Pause Young (Normal) (G1 Evacuation Pause)
[2024-11-27T12:58:29.730-0700][gc,task     ] GC(179) Using 8 workers of 8 for evacuation
[2024-11-27T12:58:29.813-0700][gc,mmu      ] GC(179) MMU target violated: 21.0ms (20.0ms/21.0ms)
[2024-11-27T12:58:29.814-0700][gc,phases   ] GC(179)   Pre Evacuate Collection Set: 8.2ms
[2024-11-27T12:58:29.814-0700][gc,phases   ] GC(179)   Merge Heap Roots: 1.1ms
[2024-11-27T12:58:29.814-0700][gc,phases   ] GC(179)   Evacuate Collection Set: 65.2ms
[2024-11-27T12:58:29.814-0700][gc,phases   ] GC(179)   Post Evacuate Collection Set: 5.9ms
[2024-11-27T12:58:29.815-0700][gc,phases   ] GC(179)   Other: 9.7ms
[2024-11-27T12:58:29.816-0700][gc,heap     ] GC(179) Eden regions: 46->0(48)
[2024-11-27T12:58:29.816-0700][gc,heap     ] GC(179) Survivor regions: 5->3(7)
[2024-11-27T12:58:29.816-0700][gc,heap     ] GC(179) Old regions: 179->182
[2024-11-27T12:58:29.816-0700][gc,heap     ] GC(179) Archive regions: 2->2
[2024-11-27T12:58:29.816-0700][gc,heap     ] GC(179) Humongous regions: 129->129
[2024-11-27T12:58:29.816-0700][gc,metaspace] GC(179) Metaspace: 45936K(46528K)->45936K(46528K) NonClass: 40441K(40768K)->40441K(40768K) Class: 5495K(5760K)->5495K(5760K)
[2024-11-27T12:58:29.817-0700][gc          ] GC(179) Pause Young (Normal) (G1 Evacuation Pause) 359M->314M(1024M) 89.217ms
[2024-11-27T12:58:29.817-0700][gc,cpu      ] GC(179) User=0.02s Sys=0.06s Real=0.09s
[2024-11-27T13:09:06.579-0700][gc,start    ] GC(180) Pause Young (Normal) (G1 Evacuation Pause)
[2024-11-27T13:09:06.581-0700][gc,task     ] GC(180) Using 8 workers of 8 for evacuation
[2024-11-27T13:09:06.638-0700][gc,mmu      ] GC(180) MMU target violated: 21.0ms (20.0ms/21.0ms)
[2024-11-27T13:09:06.639-0700][gc,phases   ] GC(180)   Pre Evacuate Collection Set: 5.4ms
[2024-11-27T13:09:06.639-0700][gc,phases   ] GC(180)   Merge Heap Roots: 1.0ms
[2024-11-27T13:09:06.639-0700][gc,phases   ] GC(180)   Evacuate Collection Set: 41.9ms
[2024-11-27T13:09:06.639-0700][gc,phases   ] GC(180)   Post Evacuate Collection Set: 3.6ms
[2024-11-27T13:09:06.639-0700][gc,phases   ] GC(180)   Other: 10.7ms
[2024-11-27T13:09:06.640-0700][gc,heap     ] GC(180) Eden regions: 48->0(45)
[2024-11-27T13:09:06.640-0700][gc,heap     ] GC(180) Survivor regions: 3->6(7)
[2024-11-27T13:09:06.640-0700][gc,heap     ] GC(180) Old regions: 182->182
[2024-11-27T13:09:06.640-0700][gc,heap     ] GC(180) Archive regions: 2->2
[2024-11-27T13:09:06.640-0700][gc,heap     ] GC(180) Humongous regions: 129->129
[2024-11-27T13:09:06.640-0700][gc,metaspace] GC(180) Metaspace: 45936K(46528K)->45936K(46528K) NonClass: 40441K(40768K)->40441K(40768K) Class: 5495K(5760K)->5495K(5760K)
[2024-11-27T13:09:06.641-0700][gc          ] GC(180) Pause Young (Normal) (G1 Evacuation Pause) 362M->317M(1024M) 62.875ms
[2024-11-27T13:09:06.641-0700][gc,cpu      ] GC(180) User=0.02s Sys=0.04s Real=0.07s
[2024-11-27T13:18:25.357-0700][gc,start    ] GC(181) Pause Young (Normal) (G1 Evacuation Pause)
[2024-11-27T13:18:25.358-0700][gc,task     ] GC(181) Using 8 workers of 8 for evacuation
[2024-11-27T13:18:25.392-0700][gc,mmu      ] GC(181) MMU target violated: 21.0ms (20.0ms/21.0ms)
[2024-11-27T13:18:25.392-0700][gc,phases   ] GC(181)   Pre Evacuate Collection Set: 4.6ms
[2024-11-27T13:18:25.392-0700][gc,phases   ] GC(181)   Merge Heap Roots: 0.6ms
[2024-11-27T13:18:25.392-0700][gc,phases   ] GC(181)   Evacuate Collection Set: 24.7ms
[2024-11-27T13:18:25.392-0700][gc,phases   ] GC(181)   Post Evacuate Collection Set: 2.1ms
[2024-11-27T13:18:25.392-0700][gc,phases   ] GC(181)   Other: 4.2ms
[2024-11-27T13:18:25.392-0700][gc,heap     ] GC(181) Eden regions: 45->0(45)
[2024-11-27T13:18:25.392-0700][gc,heap     ] GC(181) Survivor regions: 6->6(7)
[2024-11-27T13:18:25.392-0700][gc,heap     ] GC(181) Old regions: 182->186
[2024-11-27T13:18:25.392-0700][gc,heap     ] GC(181) Archive regions: 2->2
[2024-11-27T13:18:25.392-0700][gc,heap     ] GC(181) Humongous regions: 129->129
[2024-11-27T13:18:25.392-0700][gc,metaspace] GC(181) Metaspace: 45936K(46528K)->45936K(46528K) NonClass: 40441K(40768K)->40441K(40768K) Class: 5495K(5760K)->5495K(5760K)
[2024-11-27T13:18:25.392-0700][gc          ] GC(181) Pause Young (Normal) (G1 Evacuation Pause) 362M->320M(1024M) 35.941ms
[2024-11-27T13:18:25.392-0700][gc,cpu      ] GC(181) User=0.03s Sys=0.05s Real=0.04s
[2024-11-27T13:28:19.432-0700][gc,start    ] GC(182) Pause Young (Normal) (G1 Evacuation Pause)
[2024-11-27T13:28:19.433-0700][gc,task     ] GC(182) Using 8 workers of 8 for evacuation
[2024-11-27T13:28:19.477-0700][gc,mmu      ] GC(182) MMU target violated: 21.0ms (20.0ms/21.0ms)
[2024-11-27T13:28:19.478-0700][gc,phases   ] GC(182)   Pre Evacuate Collection Set: 5.3ms
[2024-11-27T13:28:19.478-0700][gc,phases   ] GC(182)   Merge Heap Roots: 3.3ms
[2024-11-27T13:28:19.478-0700][gc,phases   ] GC(182)   Evacuate Collection Set: 28.1ms
[2024-11-27T13:28:19.478-0700][gc,phases   ] GC(182)   Post Evacuate Collection Set: 5.1ms
[2024-11-27T13:28:19.478-0700][gc,phases   ] GC(182)   Other: 6.7ms
[2024-11-27T13:28:19.478-0700][gc,heap     ] GC(182) Eden regions: 45->0(48)
[2024-11-27T13:28:19.478-0700][gc,heap     ] GC(182) Survivor regions: 6->3(7)
[2024-11-27T13:28:19.478-0700][gc,heap     ] GC(182) Old regions: 186->189
[2024-11-27T13:28:19.478-0700][gc,heap     ] GC(182) Archive regions: 2->2
[2024-11-27T13:28:19.478-0700][gc,heap     ] GC(182) Humongous regions: 129->129
[2024-11-27T13:28:19.478-0700][gc,metaspace] GC(182) Metaspace: 45936K(46528K)->45936K(46528K) NonClass: 40441K(40768K)->40441K(40768K) Class: 5495K(5760K)->5495K(5760K)
[2024-11-27T13:28:19.478-0700][gc          ] GC(182) Pause Young (Normal) (G1 Evacuation Pause) 365M->320M(1024M) 47.471ms
[2024-11-27T13:28:19.478-0700][gc,cpu      ] GC(182) User=0.02s Sys=0.08s Real=0.04s
[2024-11-27T13:38:50.867-0700][gc,start    ] GC(183) Pause Young (Normal) (G1 Evacuation Pause)
[2024-11-27T13:38:50.870-0700][gc,task     ] GC(183) Using 8 workers of 8 for evacuation
[2024-11-27T13:38:50.909-0700][gc,mmu      ] GC(183) MMU target violated: 21.0ms (20.0ms/21.0ms)
[2024-11-27T13:38:50.910-0700][gc,phases   ] GC(183)   Pre Evacuate Collection Set: 2.6ms
[2024-11-27T13:38:50.910-0700][gc,phases   ] GC(183)   Merge Heap Roots: 1.1ms
[2024-11-27T13:38:50.910-0700][gc,phases   ] GC(183)   Evacuate Collection Set: 30.1ms
[2024-11-27T13:38:50.910-0700][gc,phases   ] GC(183)   Post Evacuate Collection Set: 3.8ms
[2024-11-27T13:38:50.910-0700][gc,phases   ] GC(183)   Other: 8.1ms
[2024-11-27T13:38:50.910-0700][gc,heap     ] GC(183) Eden regions: 48->0(46)
[2024-11-27T13:38:50.910-0700][gc,heap     ] GC(183) Survivor regions: 3->5(7)
[2024-11-27T13:38:50.910-0700][gc,heap     ] GC(183) Old regions: 189->189
[2024-11-27T13:38:50.910-0700][gc,heap     ] GC(183) Archive regions: 2->2
[2024-11-27T13:38:50.910-0700][gc,heap     ] GC(183) Humongous regions: 129->129
[2024-11-27T13:38:50.911-0700][gc,metaspace] GC(183) Metaspace: 45944K(46528K)->45944K(46528K) NonClass: 40448K(40768K)->40448K(40768K) Class: 5495K(5760K)->5495K(5760K)
[2024-11-27T13:38:50.911-0700][gc          ] GC(183) Pause Young (Normal) (G1 Evacuation Pause) 368M->322M(1024M) 44.786ms
[2024-11-27T13:38:50.911-0700][gc,cpu      ] GC(183) User=0.02s Sys=0.07s Real=0.05s
[2024-11-27T13:48:41.590-0700][gc,start    ] GC(184) Pause Young (Normal) (G1 Evacuation Pause)
[2024-11-27T13:48:41.592-0700][gc,task     ] GC(184) Using 8 workers of 8 for evacuation
[2024-11-27T13:48:41.629-0700][gc,mmu      ] GC(184) MMU target violated: 21.0ms (20.0ms/21.0ms)
[2024-11-27T13:48:41.630-0700][gc,phases   ] GC(184)   Pre Evacuate Collection Set: 2.4ms
[2024-11-27T13:48:41.630-0700][gc,phases   ] GC(184)   Merge Heap Roots: 0.9ms
[2024-11-27T13:48:41.630-0700][gc,phases   ] GC(184)   Evacuate Collection Set: 29.1ms
[2024-11-27T13:48:41.630-0700][gc,phases   ] GC(184)   Post Evacuate Collection Set: 3.4ms
[2024-11-27T13:48:41.630-0700][gc,phases   ] GC(184)   Other: 6.4ms
[2024-11-27T13:48:41.630-0700][gc,heap     ] GC(184) Eden regions: 46->0(45)
[2024-11-27T13:48:41.630-0700][gc,heap     ] GC(184) Survivor regions: 5->6(7)
[2024-11-27T13:48:41.630-0700][gc,heap     ] GC(184) Old regions: 189->189
[2024-11-27T13:48:41.630-0700][gc,heap     ] GC(184) Archive regions: 2->2
[2024-11-27T13:48:41.630-0700][gc,heap     ] GC(184) Humongous regions: 129->129
[2024-11-27T13:48:41.631-0700][gc,metaspace] GC(184) Metaspace: 45944K(46528K)->45944K(46528K) NonClass: 40448K(40768K)->40448K(40768K) Class: 5495K(5760K)->5495K(5760K)
[2024-11-27T13:48:41.631-0700][gc          ] GC(184) Pause Young (Normal) (G1 Evacuation Pause) 368M->324M(1024M) 42.006ms
[2024-11-27T13:48:41.631-0700][gc,cpu      ] GC(184) User=0.03s Sys=0.06s Real=0.05s
[2024-11-27T13:58:34.406-0700][gc,start    ] GC(185) Pause Young (Normal) (G1 Evacuation Pause)
[2024-11-27T13:58:34.408-0700][gc,task     ] GC(185) Using 8 workers of 8 for evacuation
[2024-11-27T13:58:34.448-0700][gc,mmu      ] GC(185) MMU target violated: 21.0ms (20.0ms/21.0ms)
[2024-11-27T13:58:34.448-0700][gc,phases   ] GC(185)   Pre Evacuate Collection Set: 2.3ms
[2024-11-27T13:58:34.448-0700][gc,phases   ] GC(185)   Merge Heap Roots: 0.8ms
[2024-11-27T13:58:34.448-0700][gc,phases   ] GC(185)   Evacuate Collection Set: 32.7ms
[2024-11-27T13:58:34.448-0700][gc,phases   ] GC(185)   Post Evacuate Collection Set: 1.9ms
[2024-11-27T13:58:34.448-0700][gc,phases   ] GC(185)   Other: 14.2ms
[2024-11-27T13:58:34.448-0700][gc,heap     ] GC(185) Eden regions: 45->0(45)
[2024-11-27T13:58:34.448-0700][gc,heap     ] GC(185) Survivor regions: 6->6(7)
[2024-11-27T13:58:34.448-0700][gc,heap     ] GC(185) Old regions: 189->191
[2024-11-27T13:58:34.448-0700][gc,heap     ] GC(185) Archive regions: 2->2
[2024-11-27T13:58:34.448-0700][gc,heap     ] GC(185) Humongous regions: 129->129
[2024-11-27T13:58:34.448-0700][gc,metaspace] GC(185) Metaspace: 45951K(46528K)->45951K(46528K) NonClass: 40455K(40768K)->40455K(40768K) Class: 5495K(5760K)->5495K(5760K)
[2024-11-27T13:58:34.448-0700][gc          ] GC(185) Pause Young (Normal) (G1 Evacuation Pause) 369M->326M(1024M) 43.546ms
[2024-11-27T13:58:34.449-0700][gc,cpu      ] GC(185) User=0.03s Sys=0.07s Real=0.04s
[2024-11-27T14:08:23.056-0700][gc,start    ] GC(186) Pause Young (Normal) (G1 Evacuation Pause)
[2024-11-27T14:08:23.058-0700][gc,task     ] GC(186) Using 8 workers of 8 for evacuation
[2024-11-27T14:08:23.111-0700][gc,mmu      ] GC(186) MMU target violated: 21.0ms (20.0ms/21.0ms)
[2024-11-27T14:08:23.112-0700][gc,phases   ] GC(186)   Pre Evacuate Collection Set: 9.2ms
[2024-11-27T14:08:23.112-0700][gc,phases   ] GC(186)   Merge Heap Roots: 4.0ms
[2024-11-27T14:08:23.112-0700][gc,phases   ] GC(186)   Evacuate Collection Set: 36.1ms
[2024-11-27T14:08:23.112-0700][gc,phases   ] GC(186)   Post Evacuate Collection Set: 2.8ms
[2024-11-27T14:08:23.112-0700][gc,phases   ] GC(186)   Other: 7.1ms
[2024-11-27T14:08:23.112-0700][gc,heap     ] GC(186) Eden regions: 45->0(45)
[2024-11-27T14:08:23.112-0700][gc,heap     ] GC(186) Survivor regions: 6->6(7)
[2024-11-27T14:08:23.112-0700][gc,heap     ] GC(186) Old regions: 191->194
[2024-11-27T14:08:23.112-0700][gc,heap     ] GC(186) Archive regions: 2->2
[2024-11-27T14:08:23.112-0700][gc,heap     ] GC(186) Humongous regions: 129->129
[2024-11-27T14:08:23.112-0700][gc,metaspace] GC(186) Metaspace: 45951K(46528K)->45951K(46528K) NonClass: 40455K(40768K)->40455K(40768K) Class: 5495K(5760K)->5495K(5760K)
[2024-11-27T14:08:23.112-0700][gc          ] GC(186) Pause Young (Normal) (G1 Evacuation Pause) 371M->328M(1024M) 57.838ms
[2024-11-27T14:08:23.112-0700][gc,cpu      ] GC(186) User=0.03s Sys=0.10s Real=0.06s
[2024-11-27T14:17:47.748-0700][gc,start    ] GC(187) Pause Young (Normal) (G1 Evacuation Pause)
[2024-11-27T14:17:47.750-0700][gc,task     ] GC(187) Using 8 workers of 8 for evacuation
[2024-11-27T14:17:47.838-0700][gc,mmu      ] GC(187) MMU target violated: 21.0ms (20.0ms/21.0ms)
[2024-11-27T14:17:47.838-0700][gc,phases   ] GC(187)   Pre Evacuate Collection Set: 5.9ms
[2024-11-27T14:17:47.839-0700][gc,phases   ] GC(187)   Merge Heap Roots: 0.4ms
[2024-11-27T14:17:47.839-0700][gc,phases   ] GC(187)   Evacuate Collection Set: 75.7ms
[2024-11-27T14:17:47.839-0700][gc,phases   ] GC(187)   Post Evacuate Collection Set: 1.9ms
[2024-11-27T14:17:47.839-0700][gc,phases   ] GC(187)   Other: 8.2ms
[2024-11-27T14:17:47.839-0700][gc,heap     ] GC(187) Eden regions: 45->0(44)
[2024-11-27T14:17:47.839-0700][gc,heap     ] GC(187) Survivor regions: 6->7(7)
[2024-11-27T14:17:47.839-0700][gc,heap     ] GC(187) Old regions: 194->196
[2024-11-27T14:17:47.839-0700][gc,heap     ] GC(187) Archive regions: 2->2
[2024-11-27T14:17:47.839-0700][gc,heap     ] GC(187) Humongous regions: 129->129
[2024-11-27T14:17:47.839-0700][gc,metaspace] GC(187) Metaspace: 45951K(46528K)->45951K(46528K) NonClass: 40455K(40768K)->40455K(40768K) Class: 5495K(5760K)->5495K(5760K)
[2024-11-27T14:17:47.839-0700][gc          ] GC(187) Pause Young (Normal) (G1 Evacuation Pause) 373M->331M(1024M) 91.820ms
[2024-11-27T14:17:47.840-0700][gc,cpu      ] GC(187) User=0.03s Sys=0.07s Real=0.10s
[2024-11-27T14:27:14.437-0700][gc,start    ] GC(188) Pause Young (Normal) (G1 Evacuation Pause)
[2024-11-27T14:27:14.438-0700][gc,task     ] GC(188) Using 8 workers of 8 for evacuation
[2024-11-27T14:27:14.470-0700][gc,mmu      ] GC(188) MMU target violated: 21.0ms (20.0ms/21.0ms)
[2024-11-27T14:27:14.470-0700][gc,phases   ] GC(188)   Pre Evacuate Collection Set: 5.9ms
[2024-11-27T14:27:14.470-0700][gc,phases   ] GC(188)   Merge Heap Roots: 5.0ms
[2024-11-27T14:27:14.470-0700][gc,phases   ] GC(188)   Evacuate Collection Set: 17.5ms
[2024-11-27T14:27:14.470-0700][gc,phases   ] GC(188)   Post Evacuate Collection Set: 2.4ms
[2024-11-27T14:27:14.470-0700][gc,phases   ] GC(188)   Other: 3.1ms
[2024-11-27T14:27:14.470-0700][gc,heap     ] GC(188) Eden regions: 44->0(48)
[2024-11-27T14:27:14.470-0700][gc,heap     ] GC(188) Survivor regions: 7->3(7)
[2024-11-27T14:27:14.470-0700][gc,heap     ] GC(188) Old regions: 196->199
[2024-11-27T14:27:14.470-0700][gc,heap     ] GC(188) Archive regions: 2->2
[2024-11-27T14:27:14.470-0700][gc,heap     ] GC(188) Humongous regions: 129->129
[2024-11-27T14:27:14.470-0700][gc,metaspace] GC(188) Metaspace: 45952K(46528K)->45952K(46528K) NonClass: 40456K(40768K)->40456K(40768K) Class: 5495K(5760K)->5495K(5760K)
[2024-11-27T14:27:14.470-0700][gc          ] GC(188) Pause Young (Normal) (G1 Evacuation Pause) 375M->331M(1024M) 33.737ms
[2024-11-27T14:27:14.470-0700][gc,cpu      ] GC(188) User=0.01s Sys=0.05s Real=0.04s
[2024-11-27T14:37:44.437-0700][gc,start    ] GC(189) Pause Young (Normal) (G1 Evacuation Pause)
[2024-11-27T14:37:44.439-0700][gc,task     ] GC(189) Using 8 workers of 8 for evacuation
[2024-11-27T14:37:44.470-0700][gc,mmu      ] GC(189) MMU target violated: 21.0ms (20.0ms/21.0ms)
[2024-11-27T14:37:44.470-0700][gc,phases   ] GC(189)   Pre Evacuate Collection Set: 2.9ms
[2024-11-27T14:37:44.470-0700][gc,phases   ] GC(189)   Merge Heap Roots: 1.0ms
[2024-11-27T14:37:44.470-0700][gc,phases   ] GC(189)   Evacuate Collection Set: 23.3ms
[2024-11-27T14:37:44.470-0700][gc,phases   ] GC(189)   Post Evacuate Collection Set: 2.3ms
[2024-11-27T14:37:44.470-0700][gc,phases   ] GC(189)   Other: 6.0ms
[2024-11-27T14:37:44.470-0700][gc,heap     ] GC(189) Eden regions: 48->0(46)
[2024-11-27T14:37:44.470-0700][gc,heap     ] GC(189) Survivor regions: 3->5(7)
[2024-11-27T14:37:44.470-0700][gc,heap     ] GC(189) Old regions: 199->199
[2024-11-27T14:37:44.470-0700][gc,heap     ] GC(189) Archive regions: 2->2
[2024-11-27T14:37:44.470-0700][gc,heap     ] GC(189) Humongous regions: 129->129
[2024-11-27T14:37:44.470-0700][gc,metaspace] GC(189) Metaspace: 45952K(46528K)->45952K(46528K) NonClass: 40457K(40768K)->40457K(40768K) Class: 5495K(5760K)->5495K(5760K)
[2024-11-27T14:37:44.470-0700][gc          ] GC(189) Pause Young (Normal) (G1 Evacuation Pause) 379M->333M(1024M) 34.457ms
[2024-11-27T14:37:44.470-0700][gc,cpu      ] GC(189) User=0.02s Sys=0.06s Real=0.04s
[2024-11-27T14:47:34.437-0700][gc,start    ] GC(190) Pause Young (Normal) (G1 Evacuation Pause)
[2024-11-27T14:47:34.438-0700][gc,task     ] GC(190) Using 8 workers of 8 for evacuation
[2024-11-27T14:47:34.468-0700][gc,mmu      ] GC(190) MMU target violated: 21.0ms (20.0ms/21.0ms)
[2024-11-27T14:47:34.468-0700][gc,phases   ] GC(190)   Pre Evacuate Collection Set: 0.8ms
[2024-11-27T14:47:34.468-0700][gc,phases   ] GC(190)   Merge Heap Roots: 0.5ms
[2024-11-27T14:47:34.468-0700][gc,phases   ] GC(190)   Evacuate Collection Set: 24.7ms
[2024-11-27T14:47:34.468-0700][gc,phases   ] GC(190)   Post Evacuate Collection Set: 2.1ms
[2024-11-27T14:47:34.468-0700][gc,phases   ] GC(190)   Other: 4.4ms
[2024-11-27T14:47:34.468-0700][gc,heap     ] GC(190) Eden regions: 46->0(45)
[2024-11-27T14:47:34.468-0700][gc,heap     ] GC(190) Survivor regions: 5->6(7)
[2024-11-27T14:47:34.468-0700][gc,heap     ] GC(190) Old regions: 199->200
[2024-11-27T14:47:34.468-0700][gc,heap     ] GC(190) Archive regions: 2->2
[2024-11-27T14:47:34.468-0700][gc,heap     ] GC(190) Humongous regions: 129->129
[2024-11-27T14:47:34.469-0700][gc,metaspace] GC(190) Metaspace: 45952K(46528K)->45952K(46528K) NonClass: 40457K(40768K)->40457K(40768K) Class: 5495K(5760K)->5495K(5760K)
[2024-11-27T14:47:34.469-0700][gc          ] GC(190) Pause Young (Normal) (G1 Evacuation Pause) 379M->334M(1024M) 32.368ms
[2024-11-27T14:47:34.469-0700][gc,cpu      ] GC(190) User=0.03s Sys=0.04s Real=0.03s
[2024-11-27T14:57:27.974-0700][gc,start    ] GC(191) Pause Young (Normal) (G1 Evacuation Pause)
[2024-11-27T14:57:27.975-0700][gc,task     ] GC(191) Using 8 workers of 8 for evacuation
[2024-11-27T14:57:28.015-0700][gc,mmu      ] GC(191) MMU target violated: 21.0ms (20.0ms/21.0ms)
[2024-11-27T14:57:28.015-0700][gc,phases   ] GC(191)   Pre Evacuate Collection Set: 3.2ms
[2024-11-27T14:57:28.015-0700][gc,phases   ] GC(191)   Merge Heap Roots: 0.2ms
[2024-11-27T14:57:28.015-0700][gc,phases   ] GC(191)   Evacuate Collection Set: 32.2ms
[2024-11-27T14:57:28.015-0700][gc,phases   ] GC(191)   Post Evacuate Collection Set: 3.7ms
[2024-11-27T14:57:28.015-0700][gc,phases   ] GC(191)   Other: 4.2ms
[2024-11-27T14:57:28.016-0700][gc,heap     ] GC(191) Eden regions: 45->0(45)
[2024-11-27T14:57:28.016-0700][gc,heap     ] GC(191) Survivor regions: 6->6(7)
[2024-11-27T14:57:28.016-0700][gc,heap     ] GC(191) Old regions: 200->202
[2024-11-27T14:57:28.016-0700][gc,heap     ] GC(191) Archive regions: 2->2
[2024-11-27T14:57:28.016-0700][gc,heap     ] GC(191) Humongous regions: 129->129
[2024-11-27T14:57:28.016-0700][gc,metaspace] GC(191) Metaspace: 45952K(46528K)->45952K(46528K) NonClass: 40457K(40768K)->40457K(40768K) Class: 5495K(5760K)->5495K(5760K)
[2024-11-27T14:57:28.016-0700][gc          ] GC(191) Pause Young (Normal) (G1 Evacuation Pause) 379M->337M(1024M) 43.167ms
[2024-11-27T14:57:28.016-0700][gc,cpu      ] GC(191) User=0.04s Sys=0.06s Real=0.04s
[2024-11-27T15:07:17.101-0700][gc,start    ] GC(192) Pause Young (Normal) (G1 Evacuation Pause)
[2024-11-27T15:07:17.103-0700][gc,task     ] GC(192) Using 8 workers of 8 for evacuation
[2024-11-27T15:07:17.138-0700][gc,mmu      ] GC(192) MMU target violated: 21.0ms (20.0ms/21.0ms)
[2024-11-27T15:07:17.139-0700][gc,phases   ] GC(192)   Pre Evacuate Collection Set: 0.7ms
[2024-11-27T15:07:17.139-0700][gc,phases   ] GC(192)   Merge Heap Roots: 0.9ms
[2024-11-27T15:07:17.139-0700][gc,phases   ] GC(192)   Evacuate Collection Set: 28.2ms
[2024-11-27T15:07:17.139-0700][gc,phases   ] GC(192)   Post Evacuate Collection Set: 4.0ms
[2024-11-27T15:07:17.139-0700][gc,phases   ] GC(192)   Other: 5.0ms
[2024-11-27T15:07:17.139-0700][gc,heap     ] GC(192) Eden regions: 45->0(45)
[2024-11-27T15:07:17.139-0700][gc,heap     ] GC(192) Survivor regions: 6->6(7)
[2024-11-27T15:07:17.139-0700][gc,heap     ] GC(192) Old regions: 202->205
[2024-11-27T15:07:17.139-0700][gc,heap     ] GC(192) Archive regions: 2->2
[2024-11-27T15:07:17.139-0700][gc,heap     ] GC(192) Humongous regions: 129->129
[2024-11-27T15:07:17.139-0700][gc,metaspace] GC(192) Metaspace: 45952K(46528K)->45952K(46528K) NonClass: 40457K(40768K)->40457K(40768K) Class: 5495K(5760K)->5495K(5760K)
[2024-11-27T15:07:17.140-0700][gc          ] GC(192) Pause Young (Normal) (G1 Evacuation Pause) 382M->339M(1024M) 39.169ms
[2024-11-27T15:07:17.140-0700][gc,cpu      ] GC(192) User=0.03s Sys=0.04s Real=0.04s
[2024-11-27T15:53:57.695-0700][gc,start    ] GC(193) Pause Young (Normal) (G1 Evacuation Pause)
[2024-11-27T15:53:57.697-0700][gc,task     ] GC(193) Using 8 workers of 8 for evacuation
[2024-11-27T15:53:57.770-0700][gc,mmu      ] GC(193) MMU target violated: 21.0ms (20.0ms/21.0ms)
[2024-11-27T15:53:57.770-0700][gc,phases   ] GC(193)   Pre Evacuate Collection Set: 7.1ms
[2024-11-27T15:53:57.770-0700][gc,phases   ] GC(193)   Merge Heap Roots: 1.6ms
[2024-11-27T15:53:57.770-0700][gc,phases   ] GC(193)   Evacuate Collection Set: 49.1ms
[2024-11-27T15:53:57.770-0700][gc,phases   ] GC(193)   Post Evacuate Collection Set: 7.3ms
[2024-11-27T15:53:57.770-0700][gc,phases   ] GC(193)   Other: 13.1ms
[2024-11-27T15:53:57.770-0700][gc,heap     ] GC(193) Eden regions: 45->0(45)
[2024-11-27T15:53:57.770-0700][gc,heap     ] GC(193) Survivor regions: 6->6(7)
[2024-11-27T15:53:57.770-0700][gc,heap     ] GC(193) Old regions: 205->206
[2024-11-27T15:53:57.770-0700][gc,heap     ] GC(193) Archive regions: 2->2
[2024-11-27T15:53:57.770-0700][gc,heap     ] GC(193) Humongous regions: 129->129
[2024-11-27T15:53:57.771-0700][gc,metaspace] GC(193) Metaspace: 45952K(46528K)->45952K(46528K) NonClass: 40457K(40768K)->40457K(40768K) Class: 5495K(5760K)->5495K(5760K)
[2024-11-27T15:53:57.771-0700][gc          ] GC(193) Pause Young (Normal) (G1 Evacuation Pause) 384M->341M(1024M) 76.568ms
[2024-11-27T15:53:57.771-0700][gc,cpu      ] GC(193) User=0.02s Sys=0.05s Real=0.08s
[2024-11-27T16:03:08.174-0700][gc,start    ] GC(194) Pause Young (Normal) (G1 Evacuation Pause)
[2024-11-27T16:03:08.176-0700][gc,task     ] GC(194) Using 8 workers of 8 for evacuation
[2024-11-27T16:03:08.218-0700][gc,mmu      ] GC(194) MMU target violated: 21.0ms (20.0ms/21.0ms)
[2024-11-27T16:03:08.218-0700][gc,phases   ] GC(194)   Pre Evacuate Collection Set: 7.2ms
[2024-11-27T16:03:08.218-0700][gc,phases   ] GC(194)   Merge Heap Roots: 0.6ms
[2024-11-27T16:03:08.218-0700][gc,phases   ] GC(194)   Evacuate Collection Set: 29.2ms
[2024-11-27T16:03:08.218-0700][gc,phases   ] GC(194)   Post Evacuate Collection Set: 2.7ms
[2024-11-27T16:03:08.218-0700][gc,phases   ] GC(194)   Other: 7.7ms
[2024-11-27T16:03:08.219-0700][gc,heap     ] GC(194) Eden regions: 45->0(48)
[2024-11-27T16:03:08.219-0700][gc,heap     ] GC(194) Survivor regions: 6->3(7)
[2024-11-27T16:03:08.219-0700][gc,heap     ] GC(194) Old regions: 206->211
[2024-11-27T16:03:08.219-0700][gc,heap     ] GC(194) Archive regions: 2->2
[2024-11-27T16:03:08.219-0700][gc,heap     ] GC(194) Humongous regions: 129->129
[2024-11-27T16:03:08.219-0700][gc,metaspace] GC(194) Metaspace: 45952K(46528K)->45952K(46528K) NonClass: 40457K(40768K)->40457K(40768K) Class: 5495K(5760K)->5495K(5760K)
[2024-11-27T16:03:08.219-0700][gc          ] GC(194) Pause Young (Normal) (G1 Evacuation Pause) 386M->343M(1024M) 46.155ms
[2024-11-27T16:03:08.219-0700][gc,cpu      ] GC(194) User=0.03s Sys=0.09s Real=0.04s
[2024-11-27T16:13:40.671-0700][gc,start    ] GC(195) Pause Young (Normal) (G1 Evacuation Pause)
[2024-11-27T16:13:40.673-0700][gc,task     ] GC(195) Using 8 workers of 8 for evacuation
[2024-11-27T16:13:40.715-0700][gc,mmu      ] GC(195) MMU target violated: 21.0ms (20.0ms/21.0ms)
[2024-11-27T16:13:40.715-0700][gc,phases   ] GC(195)   Pre Evacuate Collection Set: 10.2ms
[2024-11-27T16:13:40.715-0700][gc,phases   ] GC(195)   Merge Heap Roots: 0.9ms
[2024-11-27T16:13:40.715-0700][gc,phases   ] GC(195)   Evacuate Collection Set: 24.5ms
[2024-11-27T16:13:40.715-0700][gc,phases   ] GC(195)   Post Evacuate Collection Set: 3.5ms
[2024-11-27T16:13:40.716-0700][gc,phases   ] GC(195)   Other: 7.1ms
[2024-11-27T16:13:40.716-0700][gc,heap     ] GC(195) Eden regions: 48->0(47)
[2024-11-27T16:13:40.716-0700][gc,heap     ] GC(195) Survivor regions: 3->4(7)
[2024-11-27T16:13:40.716-0700][gc,heap     ] GC(195) Old regions: 211->211
[2024-11-27T16:13:40.716-0700][gc,heap     ] GC(195) Archive regions: 2->2
[2024-11-27T16:13:40.716-0700][gc,heap     ] GC(195) Humongous regions: 129->129
[2024-11-27T16:13:40.717-0700][gc,metaspace] GC(195) Metaspace: 45952K(46528K)->45952K(46528K) NonClass: 40457K(40768K)->40457K(40768K) Class: 5495K(5760K)->5495K(5760K)
[2024-11-27T16:13:40.717-0700][gc          ] GC(195) Pause Young (Normal) (G1 Evacuation Pause) 391M->344M(1024M) 46.235ms
[2024-11-27T16:13:40.717-0700][gc,cpu      ] GC(195) User=0.01s Sys=0.05s Real=0.04s
[2024-11-27T16:23:59.682-0700][gc,start    ] GC(196) Pause Young (Normal) (G1 Evacuation Pause)
[2024-11-27T16:23:59.684-0700][gc,task     ] GC(196) Using 8 workers of 8 for evacuation
[2024-11-27T16:23:59.727-0700][gc,mmu      ] GC(196) MMU target violated: 21.0ms (20.0ms/21.0ms)
[2024-11-27T16:23:59.727-0700][gc,phases   ] GC(196)   Pre Evacuate Collection Set: 7.7ms
[2024-11-27T16:23:59.727-0700][gc,phases   ] GC(196)   Merge Heap Roots: 2.2ms
[2024-11-27T16:23:59.727-0700][gc,phases   ] GC(196)   Evacuate Collection Set: 25.8ms
[2024-11-27T16:23:59.727-0700][gc,phases   ] GC(196)   Post Evacuate Collection Set: 5.6ms
[2024-11-27T16:23:59.727-0700][gc,phases   ] GC(196)   Other: 5.9ms
[2024-11-27T16:23:59.727-0700][gc,heap     ] GC(196) Eden regions: 47->0(48)
[2024-11-27T16:23:59.727-0700][gc,heap     ] GC(196) Survivor regions: 4->3(7)
[2024-11-27T16:23:59.727-0700][gc,heap     ] GC(196) Old regions: 211->211
[2024-11-27T16:23:59.727-0700][gc,heap     ] GC(196) Archive regions: 2->2
[2024-11-27T16:23:59.727-0700][gc,heap     ] GC(196) Humongous regions: 129->129
[2024-11-27T16:23:59.728-0700][gc,metaspace] GC(196) Metaspace: 45952K(46528K)->45952K(46528K) NonClass: 40457K(40768K)->40457K(40768K) Class: 5495K(5760K)->5495K(5760K)
[2024-11-27T16:23:59.728-0700][gc          ] GC(196) Pause Young (Normal) (G1 Evacuation Pause) 391M->343M(1024M) 46.592ms
[2024-11-27T16:23:59.728-0700][gc,cpu      ] GC(196) User=0.01s Sys=0.04s Real=0.04s
[2024-11-27T16:34:20.456-0700][gc,start    ] GC(197) Pause Young (Normal) (G1 Evacuation Pause)
[2024-11-27T16:34:20.459-0700][gc,task     ] GC(197) Using 8 workers of 8 for evacuation
[2024-11-27T16:34:20.497-0700][gc,mmu      ] GC(197) MMU target violated: 21.0ms (20.0ms/21.0ms)
[2024-11-27T16:34:20.497-0700][gc,phases   ] GC(197)   Pre Evacuate Collection Set: 11.1ms
[2024-11-27T16:34:20.497-0700][gc,phases   ] GC(197)   Merge Heap Roots: 0.8ms
[2024-11-27T16:34:20.497-0700][gc,phases   ] GC(197)   Evacuate Collection Set: 21.7ms
[2024-11-27T16:34:20.497-0700][gc,phases   ] GC(197)   Post Evacuate Collection Set: 2.4ms
[2024-11-27T16:34:20.497-0700][gc,phases   ] GC(197)   Other: 8.4ms
[2024-11-27T16:34:20.497-0700][gc,heap     ] GC(197) Eden regions: 48->0(47)
[2024-11-27T16:34:20.497-0700][gc,heap     ] GC(197) Survivor regions: 3->4(7)
[2024-11-27T16:34:20.497-0700][gc,heap     ] GC(197) Old regions: 211->211
[2024-11-27T16:34:20.497-0700][gc,heap     ] GC(197) Archive regions: 2->2
[2024-11-27T16:34:20.497-0700][gc,heap     ] GC(197) Humongous regions: 129->129
[2024-11-27T16:34:20.498-0700][gc,metaspace] GC(197) Metaspace: 45952K(46528K)->45952K(46528K) NonClass: 40457K(40768K)->40457K(40768K) Class: 5495K(5760K)->5495K(5760K)
[2024-11-27T16:34:20.498-0700][gc          ] GC(197) Pause Young (Normal) (G1 Evacuation Pause) 391M->344M(1024M) 43.059ms
[2024-11-27T16:34:20.498-0700][gc,cpu      ] GC(197) User=0.01s Sys=0.03s Real=0.04s
[2024-11-27T16:44:38.769-0700][gc,start    ] GC(198) Pause Young (Normal) (G1 Evacuation Pause)
[2024-11-27T16:44:38.771-0700][gc,task     ] GC(198) Using 8 workers of 8 for evacuation
[2024-11-27T16:44:38.821-0700][gc,mmu      ] GC(198) MMU target violated: 21.0ms (20.0ms/21.0ms)
[2024-11-27T16:44:38.822-0700][gc,phases   ] GC(198)   Pre Evacuate Collection Set: 10.9ms
[2024-11-27T16:44:38.822-0700][gc,phases   ] GC(198)   Merge Heap Roots: 2.7ms
[2024-11-27T16:44:38.822-0700][gc,phases   ] GC(198)   Evacuate Collection Set: 28.9ms
[2024-11-27T16:44:38.822-0700][gc,phases   ] GC(198)   Post Evacuate Collection Set: 5.1ms
[2024-11-27T16:44:38.822-0700][gc,phases   ] GC(198)   Other: 7.0ms
[2024-11-27T16:44:38.822-0700][gc,heap     ] GC(198) Eden regions: 47->0(48)
[2024-11-27T16:44:38.822-0700][gc,heap     ] GC(198) Survivor regions: 4->3(7)
[2024-11-27T16:44:38.822-0700][gc,heap     ] GC(198) Old regions: 211->212
[2024-11-27T16:44:38.822-0700][gc,heap     ] GC(198) Archive regions: 2->2
[2024-11-27T16:44:38.822-0700][gc,heap     ] GC(198) Humongous regions: 129->129
[2024-11-27T16:44:38.822-0700][gc,metaspace] GC(198) Metaspace: 45952K(46528K)->45952K(46528K) NonClass: 40457K(40768K)->40457K(40768K) Class: 5495K(5760K)->5495K(5760K)
[2024-11-27T16:44:38.822-0700][gc          ] GC(198) Pause Young (Normal) (G1 Evacuation Pause) 391M->343M(1024M) 53.526ms
[2024-11-27T16:44:38.822-0700][gc,cpu      ] GC(198) User=0.01s Sys=0.03s Real=0.06s
[2024-11-27T16:54:43.580-0700][gc,start    ] GC(199) Pause Young (Normal) (G1 Evacuation Pause)
[2024-11-27T16:54:43.585-0700][gc,task     ] GC(199) Using 8 workers of 8 for evacuation
[2024-11-27T16:54:43.618-0700][gc,mmu      ] GC(199) MMU target violated: 21.0ms (20.0ms/21.0ms)
[2024-11-27T16:54:43.618-0700][gc,phases   ] GC(199)   Pre Evacuate Collection Set: 5.6ms
[2024-11-27T16:54:43.618-0700][gc,phases   ] GC(199)   Merge Heap Roots: 0.1ms
[2024-11-27T16:54:43.618-0700][gc,phases   ] GC(199)   Evacuate Collection Set: 21.8ms
[2024-11-27T16:54:43.618-0700][gc,phases   ] GC(199)   Post Evacuate Collection Set: 3.3ms
[2024-11-27T16:54:43.618-0700][gc,phases   ] GC(199)   Other: 8.6ms
[2024-11-27T16:54:43.618-0700][gc,heap     ] GC(199) Eden regions: 48->0(47)
[2024-11-27T16:54:43.618-0700][gc,heap     ] GC(199) Survivor regions: 3->4(7)
[2024-11-27T16:54:43.618-0700][gc,heap     ] GC(199) Old regions: 212->212
[2024-11-27T16:54:43.618-0700][gc,heap     ] GC(199) Archive regions: 2->2
[2024-11-27T16:54:43.618-0700][gc,heap     ] GC(199) Humongous regions: 129->129
[2024-11-27T16:54:43.618-0700][gc,metaspace] GC(199) Metaspace: 45952K(46528K)->45952K(46528K) NonClass: 40457K(40768K)->40457K(40768K) Class: 5495K(5760K)->5495K(5760K)
[2024-11-27T16:54:43.619-0700][gc          ] GC(199) Pause Young (Normal) (G1 Evacuation Pause) 391M->344M(1024M) 38.992ms
[2024-11-27T16:54:43.619-0700][gc,cpu      ] GC(199) User=0.01s Sys=0.05s Real=0.04s
[2024-11-27T17:04:49.456-0700][gc,start    ] GC(200) Pause Young (Normal) (G1 Evacuation Pause)
[2024-11-27T17:04:49.458-0700][gc,task     ] GC(200) Using 8 workers of 8 for evacuation
[2024-11-27T17:04:49.507-0700][gc,mmu      ] GC(200) MMU target violated: 21.0ms (20.0ms/21.0ms)
[2024-11-27T17:04:49.508-0700][gc,phases   ] GC(200)   Pre Evacuate Collection Set: 4.1ms
[2024-11-27T17:04:49.508-0700][gc,phases   ] GC(200)   Merge Heap Roots: 1.2ms
[2024-11-27T17:04:49.508-0700][gc,phases   ] GC(200)   Evacuate Collection Set: 38.1ms
[2024-11-27T17:04:49.508-0700][gc,phases   ] GC(200)   Post Evacuate Collection Set: 4.2ms
[2024-11-27T17:04:49.508-0700][gc,phases   ] GC(200)   Other: 6.3ms
[2024-11-27T17:04:49.508-0700][gc,heap     ] GC(200) Eden regions: 47->0(47)
[2024-11-27T17:04:49.508-0700][gc,heap     ] GC(200) Survivor regions: 4->4(7)
[2024-11-27T17:04:49.508-0700][gc,heap     ] GC(200) Old regions: 212->212
[2024-11-27T17:04:49.508-0700][gc,heap     ] GC(200) Archive regions: 2->2
[2024-11-27T17:04:49.508-0700][gc,heap     ] GC(200) Humongous regions: 129->129
[2024-11-27T17:04:49.508-0700][gc,metaspace] GC(200) Metaspace: 45952K(46528K)->45952K(46528K) NonClass: 40457K(40768K)->40457K(40768K) Class: 5495K(5760K)->5495K(5760K)
[2024-11-27T17:04:49.509-0700][gc          ] GC(200) Pause Young (Normal) (G1 Evacuation Pause) 391M->345M(1024M) 53.515ms
[2024-11-27T17:04:49.509-0700][gc,cpu      ] GC(200) User=0.02s Sys=0.06s Real=0.05s
[2024-11-27T17:15:04.915-0700][gc,start    ] GC(201) Pause Young (Normal) (G1 Evacuation Pause)
[2024-11-27T17:15:04.917-0700][gc,task     ] GC(201) Using 8 workers of 8 for evacuation
[2024-11-27T17:15:04.962-0700][gc,mmu      ] GC(201) MMU target violated: 21.0ms (20.0ms/21.0ms)
[2024-11-27T17:15:04.963-0700][gc,phases   ] GC(201)   Pre Evacuate Collection Set: 4.8ms
[2024-11-27T17:15:04.963-0700][gc,phases   ] GC(201)   Merge Heap Roots: 0.9ms
[2024-11-27T17:15:04.963-0700][gc,phases   ] GC(201)   Evacuate Collection Set: 32.2ms
[2024-11-27T17:15:04.963-0700][gc,phases   ] GC(201)   Post Evacuate Collection Set: 5.3ms
[2024-11-27T17:15:04.963-0700][gc,phases   ] GC(201)   Other: 7.3ms
[2024-11-27T17:15:04.963-0700][gc,heap     ] GC(201) Eden regions: 47->0(48)
[2024-11-27T17:15:04.963-0700][gc,heap     ] GC(201) Survivor regions: 4->3(7)
[2024-11-27T17:15:04.963-0700][gc,heap     ] GC(201) Old regions: 212->212
[2024-11-27T17:15:04.963-0700][gc,heap     ] GC(201) Archive regions: 2->2
[2024-11-27T17:15:04.963-0700][gc,heap     ] GC(201) Humongous regions: 129->129
[2024-11-27T17:15:04.963-0700][gc,metaspace] GC(201) Metaspace: 45952K(46528K)->45952K(46528K) NonClass: 40457K(40768K)->40457K(40768K) Class: 5495K(5760K)->5495K(5760K)
[2024-11-27T17:15:04.964-0700][gc          ] GC(201) Pause Young (Normal) (G1 Evacuation Pause) 392M->344M(1024M) 49.500ms
[2024-11-27T17:15:04.964-0700][gc,cpu      ] GC(201) User=0.01s Sys=0.07s Real=0.05s
[2024-11-27T17:25:38.814-0700][gc,start    ] GC(202) Pause Young (Normal) (G1 Evacuation Pause)
[2024-11-27T17:25:38.815-0700][gc,task     ] GC(202) Using 8 workers of 8 for evacuation
[2024-11-27T17:25:38.868-0700][gc,mmu      ] GC(202) MMU target violated: 21.0ms (20.0ms/21.0ms)
[2024-11-27T17:25:38.868-0700][gc,phases   ] GC(202)   Pre Evacuate Collection Set: 7.6ms
[2024-11-27T17:25:38.868-0700][gc,phases   ] GC(202)   Merge Heap Roots: 1.0ms
[2024-11-27T17:25:38.868-0700][gc,phases   ] GC(202)   Evacuate Collection Set: 38.2ms
[2024-11-27T17:25:38.868-0700][gc,phases   ] GC(202)   Post Evacuate Collection Set: 2.8ms
[2024-11-27T17:25:38.868-0700][gc,phases   ] GC(202)   Other: 5.7ms
[2024-11-27T17:25:38.868-0700][gc,heap     ] GC(202) Eden regions: 48->0(47)
[2024-11-27T17:25:38.868-0700][gc,heap     ] GC(202) Survivor regions: 3->4(7)
[2024-11-27T17:25:38.868-0700][gc,heap     ] GC(202) Old regions: 212->212
[2024-11-27T17:25:38.868-0700][gc,heap     ] GC(202) Archive regions: 2->2
[2024-11-27T17:25:38.868-0700][gc,heap     ] GC(202) Humongous regions: 129->129
[2024-11-27T17:25:38.868-0700][gc,metaspace] GC(202) Metaspace: 45952K(46528K)->45952K(46528K) NonClass: 40457K(40768K)->40457K(40768K) Class: 5495K(5760K)->5495K(5760K)
[2024-11-27T17:25:38.868-0700][gc          ] GC(202) Pause Young (Normal) (G1 Evacuation Pause) 392M->345M(1024M) 54.294ms
[2024-11-27T17:25:38.868-0700][gc,cpu      ] GC(202) User=0.02s Sys=0.03s Real=0.05s
[2024-11-27T17:35:45.864-0700][gc,start    ] GC(203) Pause Young (Normal) (G1 Evacuation Pause)
[2024-11-27T17:35:45.866-0700][gc,task     ] GC(203) Using 8 workers of 8 for evacuation
[2024-11-27T17:35:45.915-0700][gc,mmu      ] GC(203) MMU target violated: 21.0ms (20.0ms/21.0ms)
[2024-11-27T17:35:45.915-0700][gc,phases   ] GC(203)   Pre Evacuate Collection Set: 8.1ms
[2024-11-27T17:35:45.915-0700][gc,phases   ] GC(203)   Merge Heap Roots: 1.0ms
[2024-11-27T17:35:45.915-0700][gc,phases   ] GC(203)   Evacuate Collection Set: 30.0ms
[2024-11-27T17:35:45.915-0700][gc,phases   ] GC(203)   Post Evacuate Collection Set: 7.1ms
[2024-11-27T17:35:45.915-0700][gc,phases   ] GC(203)   Other: 7.4ms
[2024-11-27T17:35:45.916-0700][gc,heap     ] GC(203) Eden regions: 47->0(48)
[2024-11-27T17:35:45.916-0700][gc,heap     ] GC(203) Survivor regions: 4->3(7)
[2024-11-27T17:35:45.916-0700][gc,heap     ] GC(203) Old regions: 212->212
[2024-11-27T17:35:45.916-0700][gc,heap     ] GC(203) Archive regions: 2->2
[2024-11-27T17:35:45.916-0700][gc,heap     ] GC(203) Humongous regions: 129->129
[2024-11-27T17:35:45.916-0700][gc,metaspace] GC(203) Metaspace: 45952K(46528K)->45952K(46528K) NonClass: 40457K(40768K)->40457K(40768K) Class: 5495K(5760K)->5495K(5760K)
[2024-11-27T17:35:45.916-0700][gc          ] GC(203) Pause Young (Normal) (G1 Evacuation Pause) 392M->344M(1024M) 53.223ms
[2024-11-27T17:35:45.916-0700][gc,cpu      ] GC(203) User=0.01s Sys=0.05s Real=0.05s
[2024-11-27T17:46:17.065-0700][gc,start    ] GC(204) Pause Young (Normal) (G1 Evacuation Pause)
[2024-11-27T17:46:17.067-0700][gc,task     ] GC(204) Using 8 workers of 8 for evacuation
[2024-11-27T17:46:17.128-0700][gc,mmu      ] GC(204) MMU target violated: 21.0ms (20.0ms/21.0ms)
[2024-11-27T17:46:17.128-0700][gc,phases   ] GC(204)   Pre Evacuate Collection Set: 14.2ms
[2024-11-27T17:46:17.128-0700][gc,phases   ] GC(204)   Merge Heap Roots: 5.1ms
[2024-11-27T17:46:17.128-0700][gc,phases   ] GC(204)   Evacuate Collection Set: 37.5ms
[2024-11-27T17:46:17.128-0700][gc,phases   ] GC(204)   Post Evacuate Collection Set: 2.3ms
[2024-11-27T17:46:17.128-0700][gc,phases   ] GC(204)   Other: 6.2ms
[2024-11-27T17:46:17.128-0700][gc,heap     ] GC(204) Eden regions: 48->0(47)
[2024-11-27T17:46:17.128-0700][gc,heap     ] GC(204) Survivor regions: 3->4(7)
[2024-11-27T17:46:17.128-0700][gc,heap     ] GC(204) Old regions: 212->212
[2024-11-27T17:46:17.128-0700][gc,heap     ] GC(204) Archive regions: 2->2
[2024-11-27T17:46:17.128-0700][gc,heap     ] GC(204) Humongous regions: 129->129
[2024-11-27T17:46:17.128-0700][gc,metaspace] GC(204) Metaspace: 45952K(46528K)->45952K(46528K) NonClass: 40457K(40768K)->40457K(40768K) Class: 5495K(5760K)->5495K(5760K)
[2024-11-27T17:46:17.128-0700][gc          ] GC(204) Pause Young (Normal) (G1 Evacuation Pause) 392M->344M(1024M) 64.476ms
[2024-11-27T17:46:17.128-0700][gc,cpu      ] GC(204) User=0.02s Sys=0.05s Real=0.06s
[2024-11-27T17:55:59.166-0700][gc,start    ] GC(205) Pause Young (Normal) (G1 Evacuation Pause)
[2024-11-27T17:55:59.167-0700][gc,task     ] GC(205) Using 8 workers of 8 for evacuation
[2024-11-27T17:55:59.203-0700][gc,mmu      ] GC(205) MMU target violated: 21.0ms (20.0ms/21.0ms)
[2024-11-27T17:55:59.203-0700][gc,phases   ] GC(205)   Pre Evacuate Collection Set: 3.2ms
[2024-11-27T17:55:59.203-0700][gc,phases   ] GC(205)   Merge Heap Roots: 0.5ms
[2024-11-27T17:55:59.203-0700][gc,phases   ] GC(205)   Evacuate Collection Set: 27.4ms
[2024-11-27T17:55:59.203-0700][gc,phases   ] GC(205)   Post Evacuate Collection Set: 3.9ms
[2024-11-27T17:55:59.204-0700][gc,phases   ] GC(205)   Other: 3.2ms
[2024-11-27T17:55:59.204-0700][gc,heap     ] GC(205) Eden regions: 47->0(46)
[2024-11-27T17:55:59.204-0700][gc,heap     ] GC(205) Survivor regions: 4->5(7)
[2024-11-27T17:55:59.204-0700][gc,heap     ] GC(205) Old regions: 212->212
[2024-11-27T17:55:59.204-0700][gc,heap     ] GC(205) Archive regions: 2->2
[2024-11-27T17:55:59.204-0700][gc,heap     ] GC(205) Humongous regions: 129->129
[2024-11-27T17:55:59.204-0700][gc,metaspace] GC(205) Metaspace: 45952K(46528K)->45952K(46528K) NonClass: 40457K(40768K)->40457K(40768K) Class: 5495K(5760K)->5495K(5760K)
[2024-11-27T17:55:59.204-0700][gc          ] GC(205) Pause Young (Normal) (G1 Evacuation Pause) 391M->345M(1024M) 38.558ms
[2024-11-27T17:55:59.204-0700][gc,cpu      ] GC(205) User=0.02s Sys=0.05s Real=0.04s
[2024-11-27T18:05:59.314-0700][gc,start    ] GC(206) Pause Young (Normal) (G1 Evacuation Pause)
[2024-11-27T18:05:59.316-0700][gc,task     ] GC(206) Using 8 workers of 8 for evacuation
[2024-11-27T18:05:59.360-0700][gc,mmu      ] GC(206) MMU target violated: 21.0ms (20.0ms/21.0ms)
[2024-11-27T18:05:59.361-0700][gc,phases   ] GC(206)   Pre Evacuate Collection Set: 8.3ms
[2024-11-27T18:05:59.361-0700][gc,phases   ] GC(206)   Merge Heap Roots: 1.0ms
[2024-11-27T18:05:59.361-0700][gc,phases   ] GC(206)   Evacuate Collection Set: 27.4ms
[2024-11-27T18:05:59.361-0700][gc,phases   ] GC(206)   Post Evacuate Collection Set: 3.3ms
[2024-11-27T18:05:59.361-0700][gc,phases   ] GC(206)   Other: 9.1ms
[2024-11-27T18:05:59.361-0700][gc,heap     ] GC(206) Eden regions: 46->0(48)
[2024-11-27T18:05:59.361-0700][gc,heap     ] GC(206) Survivor regions: 5->3(7)
[2024-11-27T18:05:59.361-0700][gc,heap     ] GC(206) Old regions: 212->212
[2024-11-27T18:05:59.361-0700][gc,heap     ] GC(206) Archive regions: 2->2
[2024-11-27T18:05:59.361-0700][gc,heap     ] GC(206) Humongous regions: 129->129
[2024-11-27T18:05:59.361-0700][gc,metaspace] GC(206) Metaspace: 45952K(46528K)->45952K(46528K) NonClass: 40457K(40768K)->40457K(40768K) Class: 5495K(5760K)->5495K(5760K)
[2024-11-27T18:05:59.361-0700][gc          ] GC(206) Pause Young (Normal) (G1 Evacuation Pause) 391M->344M(1024M) 47.535ms
[2024-11-27T18:05:59.361-0700][gc,cpu      ] GC(206) User=0.01s Sys=0.07s Real=0.05s
[2024-11-27T18:16:30.943-0700][gc,start    ] GC(207) Pause Young (Normal) (G1 Evacuation Pause)
[2024-11-27T18:16:30.946-0700][gc,task     ] GC(207) Using 8 workers of 8 for evacuation
[2024-11-27T18:16:31.000-0700][gc,mmu      ] GC(207) MMU target violated: 21.0ms (20.0ms/21.0ms)
[2024-11-27T18:16:31.000-0700][gc,phases   ] GC(207)   Pre Evacuate Collection Set: 13.6ms
[2024-11-27T18:16:31.000-0700][gc,phases   ] GC(207)   Merge Heap Roots: 0.9ms
[2024-11-27T18:16:31.000-0700][gc,phases   ] GC(207)   Evacuate Collection Set: 32.9ms
[2024-11-27T18:16:31.000-0700][gc,phases   ] GC(207)   Post Evacuate Collection Set: 3.6ms
[2024-11-27T18:16:31.001-0700][gc,phases   ] GC(207)   Other: 9.3ms
[2024-11-27T18:16:31.001-0700][gc,heap     ] GC(207) Eden regions: 48->0(47)
[2024-11-27T18:16:31.001-0700][gc,heap     ] GC(207) Survivor regions: 3->4(7)
[2024-11-27T18:16:31.001-0700][gc,heap     ] GC(207) Old regions: 212->212
[2024-11-27T18:16:31.001-0700][gc,heap     ] GC(207) Archive regions: 2->2
[2024-11-27T18:16:31.001-0700][gc,heap     ] GC(207) Humongous regions: 129->129
[2024-11-27T18:16:31.001-0700][gc,metaspace] GC(207) Metaspace: 45952K(46528K)->45952K(46528K) NonClass: 40457K(40768K)->40457K(40768K) Class: 5495K(5760K)->5495K(5760K)
[2024-11-27T18:16:31.001-0700][gc          ] GC(207) Pause Young (Normal) (G1 Evacuation Pause) 392M->345M(1024M) 59.061ms
[2024-11-27T18:16:31.001-0700][gc,cpu      ] GC(207) User=0.02s Sys=0.08s Real=0.06s
[2024-11-27T18:56:28.494-0700][gc,start    ] GC(208) Pause Young (Normal) (G1 Evacuation Pause)
[2024-11-27T18:56:28.496-0700][gc,task     ] GC(208) Using 8 workers of 8 for evacuation
[2024-11-27T18:56:28.559-0700][gc,mmu      ] GC(208) MMU target violated: 21.0ms (20.0ms/21.0ms)
[2024-11-27T18:56:28.559-0700][gc,phases   ] GC(208)   Pre Evacuate Collection Set: 12.7ms
[2024-11-27T18:56:28.559-0700][gc,phases   ] GC(208)   Merge Heap Roots: 1.6ms
[2024-11-27T18:56:28.559-0700][gc,phases   ] GC(208)   Evacuate Collection Set: 31.3ms
[2024-11-27T18:56:28.559-0700][gc,phases   ] GC(208)   Post Evacuate Collection Set: 3.5ms
[2024-11-27T18:56:28.560-0700][gc,phases   ] GC(208)   Other: 19.5ms
[2024-11-27T18:56:28.560-0700][gc,heap     ] GC(208) Eden regions: 47->0(46)
[2024-11-27T18:56:28.560-0700][gc,heap     ] GC(208) Survivor regions: 4->5(7)
[2024-11-27T18:56:28.560-0700][gc,heap     ] GC(208) Old regions: 212->212
[2024-11-27T18:56:28.560-0700][gc,heap     ] GC(208) Archive regions: 2->2
[2024-11-27T18:56:28.560-0700][gc,heap     ] GC(208) Humongous regions: 129->129
[2024-11-27T18:56:28.560-0700][gc,metaspace] GC(208) Metaspace: 45952K(46528K)->45952K(46528K) NonClass: 40457K(40768K)->40457K(40768K) Class: 5495K(5760K)->5495K(5760K)
[2024-11-27T18:56:28.560-0700][gc          ] GC(208) Pause Young (Normal) (G1 Evacuation Pause) 392M->345M(1024M) 66.921ms
[2024-11-27T18:56:28.560-0700][gc,cpu      ] GC(208) User=0.01s Sys=0.03s Real=0.07s
[2024-11-27T19:47:51.159-0700][gc,start    ] GC(209) Pause Young (Normal) (G1 Evacuation Pause)
[2024-11-27T19:47:51.161-0700][gc,task     ] GC(209) Using 8 workers of 8 for evacuation
[2024-11-27T19:47:51.231-0700][gc,mmu      ] GC(209) MMU target violated: 21.0ms (20.0ms/21.0ms)
[2024-11-27T19:47:51.232-0700][gc,phases   ] GC(209)   Pre Evacuate Collection Set: 8.6ms
[2024-11-27T19:47:51.232-0700][gc,phases   ] GC(209)   Merge Heap Roots: 1.5ms
[2024-11-27T19:47:51.232-0700][gc,phases   ] GC(209)   Evacuate Collection Set: 50.4ms
[2024-11-27T19:47:51.232-0700][gc,phases   ] GC(209)   Post Evacuate Collection Set: 4.5ms
[2024-11-27T19:47:51.233-0700][gc,phases   ] GC(209)   Other: 12.6ms
[2024-11-27T19:47:51.233-0700][gc,heap     ] GC(209) Eden regions: 46->0(46)
[2024-11-27T19:47:51.233-0700][gc,heap     ] GC(209) Survivor regions: 5->5(7)
[2024-11-27T19:47:51.233-0700][gc,heap     ] GC(209) Old regions: 212->212
[2024-11-27T19:47:51.233-0700][gc,heap     ] GC(209) Archive regions: 2->2
[2024-11-27T19:47:51.233-0700][gc,heap     ] GC(209) Humongous regions: 129->129
[2024-11-27T19:47:51.234-0700][gc,metaspace] GC(209) Metaspace: 45952K(46528K)->45952K(46528K) NonClass: 40457K(40768K)->40457K(40768K) Class: 5495K(5760K)->5495K(5760K)
[2024-11-27T19:47:51.234-0700][gc          ] GC(209) Pause Young (Normal) (G1 Evacuation Pause) 391M->346M(1024M) 76.104ms
[2024-11-27T19:47:51.234-0700][gc,cpu      ] GC(209) User=0.01s Sys=0.05s Real=0.08s
[2024-11-27T19:57:56.958-0700][gc,start    ] GC(210) Pause Young (Normal) (G1 Evacuation Pause)
[2024-11-27T19:57:56.960-0700][gc,task     ] GC(210) Using 8 workers of 8 for evacuation
[2024-11-27T19:57:57.018-0700][gc,mmu      ] GC(210) MMU target violated: 21.0ms (20.0ms/21.0ms)
[2024-11-27T19:57:57.018-0700][gc,phases   ] GC(210)   Pre Evacuate Collection Set: 8.4ms
[2024-11-27T19:57:57.018-0700][gc,phases   ] GC(210)   Merge Heap Roots: 1.3ms
[2024-11-27T19:57:57.018-0700][gc,phases   ] GC(210)   Evacuate Collection Set: 40.7ms
[2024-11-27T19:57:57.018-0700][gc,phases   ] GC(210)   Post Evacuate Collection Set: 2.6ms
[2024-11-27T19:57:57.019-0700][gc,phases   ] GC(210)   Other: 18.3ms
[2024-11-27T19:57:57.019-0700][gc,heap     ] GC(210) Eden regions: 46->0(47)
[2024-11-27T19:57:57.019-0700][gc,heap     ] GC(210) Survivor regions: 5->4(7)
[2024-11-27T19:57:57.019-0700][gc,heap     ] GC(210) Old regions: 212->214
[2024-11-27T19:57:57.019-0700][gc,heap     ] GC(210) Archive regions: 2->2
[2024-11-27T19:57:57.019-0700][gc,heap     ] GC(210) Humongous regions: 129->129
[2024-11-27T19:57:57.019-0700][gc,metaspace] GC(210) Metaspace: 45953K(46528K)->45953K(46528K) NonClass: 40457K(40768K)->40457K(40768K) Class: 5495K(5760K)->5495K(5760K)
[2024-11-27T19:57:57.019-0700][gc          ] GC(210) Pause Young (Normal) (G1 Evacuation Pause) 392M->346M(1024M) 65.729ms
[2024-11-27T19:57:57.019-0700][gc,cpu      ] GC(210) User=0.03s Sys=0.05s Real=0.06s
[2024-11-27T20:07:36.296-0700][gc,start    ] GC(211) Pause Young (Normal) (G1 Evacuation Pause)
[2024-11-27T20:07:36.297-0700][gc,task     ] GC(211) Using 8 workers of 8 for evacuation
[2024-11-27T20:07:36.348-0700][gc,mmu      ] GC(211) MMU target violated: 21.0ms (20.0ms/21.0ms)
[2024-11-27T20:07:36.348-0700][gc,phases   ] GC(211)   Pre Evacuate Collection Set: 17.7ms
[2024-11-27T20:07:36.348-0700][gc,phases   ] GC(211)   Merge Heap Roots: 1.2ms
[2024-11-27T20:07:36.348-0700][gc,phases   ] GC(211)   Evacuate Collection Set: 25.1ms
[2024-11-27T20:07:36.348-0700][gc,phases   ] GC(211)   Post Evacuate Collection Set: 2.8ms
[2024-11-27T20:07:36.348-0700][gc,phases   ] GC(211)   Other: 8.1ms
[2024-11-27T20:07:36.348-0700][gc,heap     ] GC(211) Eden regions: 47->0(47)
[2024-11-27T20:07:36.348-0700][gc,heap     ] GC(211) Survivor regions: 4->4(7)
[2024-11-27T20:07:36.348-0700][gc,heap     ] GC(211) Old regions: 214->214
[2024-11-27T20:07:36.348-0700][gc,heap     ] GC(211) Archive regions: 2->2
[2024-11-27T20:07:36.348-0700][gc,heap     ] GC(211) Humongous regions: 129->129
[2024-11-27T20:07:36.349-0700][gc,metaspace] GC(211) Metaspace: 45957K(46528K)->45957K(46528K) NonClass: 40462K(40768K)->40462K(40768K) Class: 5495K(5760K)->5495K(5760K)
[2024-11-27T20:07:36.349-0700][gc          ] GC(211) Pause Young (Normal) (G1 Evacuation Pause) 393M->346M(1024M) 53.947ms
[2024-11-27T20:07:36.349-0700][gc,cpu      ] GC(211) User=0.01s Sys=0.06s Real=0.05s
[2024-11-27T20:17:57.398-0700][gc,start    ] GC(212) Pause Young (Normal) (G1 Evacuation Pause)
[2024-11-27T20:17:57.400-0700][gc,task     ] GC(212) Using 8 workers of 8 for evacuation
[2024-11-27T20:17:57.446-0700][gc,mmu      ] GC(212) MMU target violated: 21.0ms (20.0ms/21.0ms)
[2024-11-27T20:17:57.446-0700][gc,phases   ] GC(212)   Pre Evacuate Collection Set: 8.4ms
[2024-11-27T20:17:57.446-0700][gc,phases   ] GC(212)   Merge Heap Roots: 0.8ms
[2024-11-27T20:17:57.446-0700][gc,phases   ] GC(212)   Evacuate Collection Set: 30.1ms
[2024-11-27T20:17:57.446-0700][gc,phases   ] GC(212)   Post Evacuate Collection Set: 4.1ms
[2024-11-27T20:17:57.446-0700][gc,phases   ] GC(212)   Other: 8.6ms
[2024-11-27T20:17:57.447-0700][gc,heap     ] GC(212) Eden regions: 47->0(47)
[2024-11-27T20:17:57.447-0700][gc,heap     ] GC(212) Survivor regions: 4->4(7)
[2024-11-27T20:17:57.447-0700][gc,heap     ] GC(212) Old regions: 214->214
[2024-11-27T20:17:57.447-0700][gc,heap     ] GC(212) Archive regions: 2->2
[2024-11-27T20:17:57.447-0700][gc,heap     ] GC(212) Humongous regions: 129->129
[2024-11-27T20:17:57.447-0700][gc,metaspace] GC(212) Metaspace: 45957K(46528K)->45957K(46528K) NonClass: 40462K(40768K)->40462K(40768K) Class: 5495K(5760K)->5495K(5760K)
[2024-11-27T20:17:57.447-0700][gc          ] GC(212) Pause Young (Normal) (G1 Evacuation Pause) 393M->347M(1024M) 50.618ms
[2024-11-27T20:17:57.447-0700][gc,cpu      ] GC(212) User=0.02s Sys=0.07s Real=0.05s
[2024-11-27T20:28:16.131-0700][gc,start    ] GC(213) Pause Young (Normal) (G1 Evacuation Pause)
[2024-11-27T20:28:16.132-0700][gc,task     ] GC(213) Using 8 workers of 8 for evacuation
[2024-11-27T20:28:16.170-0700][gc,mmu      ] GC(213) MMU target violated: 21.0ms (20.0ms/21.0ms)
[2024-11-27T20:28:16.170-0700][gc,phases   ] GC(213)   Pre Evacuate Collection Set: 6.4ms
[2024-11-27T20:28:16.170-0700][gc,phases   ] GC(213)   Merge Heap Roots: 2.3ms
[2024-11-27T20:28:16.170-0700][gc,phases   ] GC(213)   Evacuate Collection Set: 22.4ms
[2024-11-27T20:28:16.170-0700][gc,phases   ] GC(213)   Post Evacuate Collection Set: 3.6ms
[2024-11-27T20:28:16.170-0700][gc,phases   ] GC(213)   Other: 7.2ms
[2024-11-27T20:28:16.170-0700][gc,heap     ] GC(213) Eden regions: 47->0(47)
[2024-11-27T20:28:16.170-0700][gc,heap     ] GC(213) Survivor regions: 4->4(7)
[2024-11-27T20:28:16.170-0700][gc,heap     ] GC(213) Old regions: 214->214
[2024-11-27T20:28:16.170-0700][gc,heap     ] GC(213) Archive regions: 2->2
[2024-11-27T20:28:16.171-0700][gc,heap     ] GC(213) Humongous regions: 129->129
[2024-11-27T20:28:16.171-0700][gc,metaspace] GC(213) Metaspace: 45957K(46528K)->45957K(46528K) NonClass: 40462K(40768K)->40462K(40768K) Class: 5495K(5760K)->5495K(5760K)
[2024-11-27T20:28:16.171-0700][gc          ] GC(213) Pause Young (Normal) (G1 Evacuation Pause) 394M->346M(1024M) 41.117ms
[2024-11-27T20:28:16.171-0700][gc,cpu      ] GC(213) User=0.01s Sys=0.06s Real=0.04s
[2024-11-27T20:38:22.465-0700][gc,start    ] GC(214) Pause Young (Normal) (G1 Evacuation Pause)
[2024-11-27T20:38:22.466-0700][gc,task     ] GC(214) Using 8 workers of 8 for evacuation
[2024-11-27T20:38:22.513-0700][gc,mmu      ] GC(214) MMU target violated: 21.0ms (20.0ms/21.0ms)
[2024-11-27T20:38:22.513-0700][gc,phases   ] GC(214)   Pre Evacuate Collection Set: 11.9ms
[2024-11-27T20:38:22.513-0700][gc,phases   ] GC(214)   Merge Heap Roots: 0.8ms
[2024-11-27T20:38:22.513-0700][gc,phases   ] GC(214)   Evacuate Collection Set: 18.8ms
[2024-11-27T20:38:22.513-0700][gc,phases   ] GC(214)   Post Evacuate Collection Set: 2.1ms
[2024-11-27T20:38:22.513-0700][gc,phases   ] GC(214)   Other: 17.7ms
[2024-11-27T20:38:22.513-0700][gc,heap     ] GC(214) Eden regions: 47->0(47)
[2024-11-27T20:38:22.513-0700][gc,heap     ] GC(214) Survivor regions: 4->4(7)
[2024-11-27T20:38:22.513-0700][gc,heap     ] GC(214) Old regions: 214->214
[2024-11-27T20:38:22.513-0700][gc,heap     ] GC(214) Archive regions: 2->2
[2024-11-27T20:38:22.513-0700][gc,heap     ] GC(214) Humongous regions: 129->129
[2024-11-27T20:38:22.513-0700][gc,metaspace] GC(214) Metaspace: 45957K(46528K)->45957K(46528K) NonClass: 40462K(40768K)->40462K(40768K) Class: 5495K(5760K)->5495K(5760K)
[2024-11-27T20:38:22.513-0700][gc          ] GC(214) Pause Young (Normal) (G1 Evacuation Pause) 393M->347M(1024M) 49.461ms
[2024-11-27T20:38:22.513-0700][gc,cpu      ] GC(214) User=0.01s Sys=0.04s Real=0.05s
[2024-11-27T20:48:41.225-0700][gc,start    ] GC(215) Pause Young (Normal) (G1 Evacuation Pause)
[2024-11-27T20:48:41.227-0700][gc,task     ] GC(215) Using 8 workers of 8 for evacuation
[2024-11-27T20:48:41.327-0700][gc,mmu      ] GC(215) MMU target violated: 21.0ms (20.0ms/21.0ms)
[2024-11-27T20:48:41.328-0700][gc,phases   ] GC(215)   Pre Evacuate Collection Set: 14.2ms
[2024-11-27T20:48:41.328-0700][gc,phases   ] GC(215)   Merge Heap Roots: 5.8ms
[2024-11-27T20:48:41.328-0700][gc,phases   ] GC(215)   Evacuate Collection Set: 51.7ms
[2024-11-27T20:48:41.328-0700][gc,phases   ] GC(215)   Post Evacuate Collection Set: 8.3ms
[2024-11-27T20:48:41.328-0700][gc,phases   ] GC(215)   Other: 46.0ms
[2024-11-27T20:48:41.328-0700][gc,heap     ] GC(215) Eden regions: 47->0(46)
[2024-11-27T20:48:41.328-0700][gc,heap     ] GC(215) Survivor regions: 4->5(7)
[2024-11-27T20:48:41.328-0700][gc,heap     ] GC(215) Old regions: 214->214
[2024-11-27T20:48:41.328-0700][gc,heap     ] GC(215) Archive regions: 2->2
[2024-11-27T20:48:41.328-0700][gc,heap     ] GC(215) Humongous regions: 129->129
[2024-11-27T20:48:41.328-0700][gc,metaspace] GC(215) Metaspace: 45957K(46528K)->45957K(46528K) NonClass: 40462K(40768K)->40462K(40768K) Class: 5495K(5760K)->5495K(5760K)
[2024-11-27T20:48:41.328-0700][gc          ] GC(215) Pause Young (Normal) (G1 Evacuation Pause) 394M->347M(1024M) 104.453ms
[2024-11-27T20:48:41.329-0700][gc,cpu      ] GC(215) User=0.02s Sys=0.06s Real=0.11s
[2024-11-27T20:58:41.476-0700][gc,start    ] GC(216) Pause Young (Normal) (G1 Evacuation Pause)
[2024-11-27T20:58:41.482-0700][gc,task     ] GC(216) Using 8 workers of 8 for evacuation
[2024-11-27T20:58:41.554-0700][gc,mmu      ] GC(216) MMU target violated: 21.0ms (20.0ms/21.0ms)
[2024-11-27T20:58:41.555-0700][gc,phases   ] GC(216)   Pre Evacuate Collection Set: 16.3ms
[2024-11-27T20:58:41.555-0700][gc,phases   ] GC(216)   Merge Heap Roots: 2.2ms
[2024-11-27T20:58:41.555-0700][gc,phases   ] GC(216)   Evacuate Collection Set: 38.0ms
[2024-11-27T20:58:41.555-0700][gc,phases   ] GC(216)   Post Evacuate Collection Set: 9.5ms
[2024-11-27T20:58:41.555-0700][gc,phases   ] GC(216)   Other: 21.4ms
[2024-11-27T20:58:41.555-0700][gc,heap     ] GC(216) Eden regions: 46->0(48)
[2024-11-27T20:58:41.555-0700][gc,heap     ] GC(216) Survivor regions: 5->3(7)
[2024-11-27T20:58:41.555-0700][gc,heap     ] GC(216) Old regions: 214->215
[2024-11-27T20:58:41.555-0700][gc,heap     ] GC(216) Archive regions: 2->2
[2024-11-27T20:58:41.555-0700][gc,heap     ] GC(216) Humongous regions: 129->129
[2024-11-27T20:58:41.555-0700][gc,metaspace] GC(216) Metaspace: 45957K(46528K)->45957K(46528K) NonClass: 40462K(40768K)->40462K(40768K) Class: 5495K(5760K)->5495K(5760K)
[2024-11-27T20:58:41.556-0700][gc          ] GC(216) Pause Young (Normal) (G1 Evacuation Pause) 393M->347M(1024M) 82.005ms
[2024-11-27T20:58:41.556-0700][gc,cpu      ] GC(216) User=0.01s Sys=0.03s Real=0.08s
[2024-11-27T21:08:41.177-0700][gc,start    ] GC(217) Pause Young (Normal) (G1 Evacuation Pause)
[2024-11-27T21:08:41.179-0700][gc,task     ] GC(217) Using 8 workers of 8 for evacuation
[2024-11-27T21:08:41.279-0700][gc,mmu      ] GC(217) MMU target violated: 21.0ms (20.0ms/21.0ms)
[2024-11-27T21:08:41.279-0700][gc,phases   ] GC(217)   Pre Evacuate Collection Set: 23.5ms
[2024-11-27T21:08:41.280-0700][gc,phases   ] GC(217)   Merge Heap Roots: 1.0ms
[2024-11-27T21:08:41.280-0700][gc,phases   ] GC(217)   Evacuate Collection Set: 60.4ms
[2024-11-27T21:08:41.280-0700][gc,phases   ] GC(217)   Post Evacuate Collection Set: 10.3ms
[2024-11-27T21:08:41.280-0700][gc,phases   ] GC(217)   Other: 11.9ms
[2024-11-27T21:08:41.280-0700][gc,heap     ] GC(217) Eden regions: 48->0(47)
[2024-11-27T21:08:41.280-0700][gc,heap     ] GC(217) Survivor regions: 3->4(7)
[2024-11-27T21:08:41.280-0700][gc,heap     ] GC(217) Old regions: 215->215
[2024-11-27T21:08:41.281-0700][gc,heap     ] GC(217) Archive regions: 2->2
[2024-11-27T21:08:41.281-0700][gc,heap     ] GC(217) Humongous regions: 129->129
[2024-11-27T21:08:41.281-0700][gc,metaspace] GC(217) Metaspace: 45957K(46528K)->45957K(46528K) NonClass: 40462K(40768K)->40462K(40768K) Class: 5495K(5760K)->5495K(5760K)
[2024-11-27T21:08:41.282-0700][gc          ] GC(217) Pause Young (Normal) (G1 Evacuation Pause) 395M->347M(1024M) 105.439ms
[2024-11-27T21:08:41.282-0700][gc,cpu      ] GC(217) User=0.02s Sys=0.04s Real=0.11s
[2024-11-27T21:19:00.804-0700][gc,start    ] GC(218) Pause Young (Normal) (G1 Evacuation Pause)
[2024-11-27T21:19:00.807-0700][gc,task     ] GC(218) Using 8 workers of 8 for evacuation
[2024-11-27T21:19:00.846-0700][gc,mmu      ] GC(218) MMU target violated: 21.0ms (20.0ms/21.0ms)
[2024-11-27T21:19:00.846-0700][gc,phases   ] GC(218)   Pre Evacuate Collection Set: 6.5ms
[2024-11-27T21:19:00.846-0700][gc,phases   ] GC(218)   Merge Heap Roots: 1.6ms
[2024-11-27T21:19:00.846-0700][gc,phases   ] GC(218)   Evacuate Collection Set: 25.8ms
[2024-11-27T21:19:00.846-0700][gc,phases   ] GC(218)   Post Evacuate Collection Set: 2.8ms
[2024-11-27T21:19:00.846-0700][gc,phases   ] GC(218)   Other: 8.0ms
[2024-11-27T21:19:00.847-0700][gc,heap     ] GC(218) Eden regions: 47->0(48)
[2024-11-27T21:19:00.847-0700][gc,heap     ] GC(218) Survivor regions: 4->3(7)
[2024-11-27T21:19:00.847-0700][gc,heap     ] GC(218) Old regions: 215->215
[2024-11-27T21:19:00.847-0700][gc,heap     ] GC(218) Archive regions: 2->2
[2024-11-27T21:19:00.847-0700][gc,heap     ] GC(218) Humongous regions: 129->129
[2024-11-27T21:19:00.847-0700][gc,metaspace] GC(218) Metaspace: 45957K(46528K)->45957K(46528K) NonClass: 40462K(40768K)->40462K(40768K) Class: 5495K(5760K)->5495K(5760K)
[2024-11-27T21:19:00.847-0700][gc          ] GC(218) Pause Young (Normal) (G1 Evacuation Pause) 394M->346M(1024M) 43.276ms
[2024-11-27T21:19:00.847-0700][gc,cpu      ] GC(218) User=0.01s Sys=0.06s Real=0.04s
[2024-11-27T21:33:37.850-0700][gc,start    ] GC(219) Pause Young (Normal) (G1 Evacuation Pause)
[2024-11-27T21:33:37.851-0700][gc,task     ] GC(219) Using 8 workers of 8 for evacuation
[2024-11-27T21:33:37.912-0700][gc,mmu      ] GC(219) MMU target violated: 21.0ms (20.0ms/21.0ms)
[2024-11-27T21:33:37.912-0700][gc,phases   ] GC(219)   Pre Evacuate Collection Set: 9.6ms
[2024-11-27T21:33:37.912-0700][gc,phases   ] GC(219)   Merge Heap Roots: 2.8ms
[2024-11-27T21:33:37.912-0700][gc,phases   ] GC(219)   Evacuate Collection Set: 42.7ms
[2024-11-27T21:33:37.912-0700][gc,phases   ] GC(219)   Post Evacuate Collection Set: 3.6ms
[2024-11-27T21:33:37.912-0700][gc,phases   ] GC(219)   Other: 7.2ms
[2024-11-27T21:33:37.912-0700][gc,heap     ] GC(219) Eden regions: 48->0(47)
[2024-11-27T21:33:37.912-0700][gc,heap     ] GC(219) Survivor regions: 3->4(7)
[2024-11-27T21:33:37.912-0700][gc,heap     ] GC(219) Old regions: 215->215
[2024-11-27T21:33:37.912-0700][gc,heap     ] GC(219) Archive regions: 2->2
[2024-11-27T21:33:37.912-0700][gc,heap     ] GC(219) Humongous regions: 129->129
[2024-11-27T21:33:37.912-0700][gc,metaspace] GC(219) Metaspace: 45957K(46528K)->45957K(46528K) NonClass: 40462K(40768K)->40462K(40768K) Class: 5495K(5760K)->5495K(5760K)
[2024-11-27T21:33:37.912-0700][gc          ] GC(219) Pause Young (Normal) (G1 Evacuation Pause) 394M->347M(1024M) 63.762ms
[2024-11-27T21:33:37.912-0700][gc,cpu      ] GC(219) User=0.01s Sys=0.04s Real=0.07s
[2024-11-27T21:43:51.158-0700][gc,start    ] GC(220) Pause Young (Normal) (G1 Evacuation Pause)
[2024-11-27T21:43:51.159-0700][gc,task     ] GC(220) Using 8 workers of 8 for evacuation
[2024-11-27T21:43:51.211-0700][gc,mmu      ] GC(220) MMU target violated: 21.0ms (20.0ms/21.0ms)
[2024-11-27T21:43:51.212-0700][gc,phases   ] GC(220)   Pre Evacuate Collection Set: 6.3ms
[2024-11-27T21:43:51.212-0700][gc,phases   ] GC(220)   Merge Heap Roots: 0.9ms
[2024-11-27T21:43:51.212-0700][gc,phases   ] GC(220)   Evacuate Collection Set: 39.6ms
[2024-11-27T21:43:51.212-0700][gc,phases   ] GC(220)   Post Evacuate Collection Set: 2.8ms
[2024-11-27T21:43:51.212-0700][gc,phases   ] GC(220)   Other: 8.6ms
[2024-11-27T21:43:51.212-0700][gc,heap     ] GC(220) Eden regions: 47->0(46)
[2024-11-27T21:43:51.212-0700][gc,heap     ] GC(220) Survivor regions: 4->5(7)
[2024-11-27T21:43:51.212-0700][gc,heap     ] GC(220) Old regions: 215->215
[2024-11-27T21:43:51.212-0700][gc,heap     ] GC(220) Archive regions: 2->2
[2024-11-27T21:43:51.212-0700][gc,heap     ] GC(220) Humongous regions: 129->129
[2024-11-27T21:43:51.212-0700][gc,metaspace] GC(220) Metaspace: 45957K(46528K)->45957K(46528K) NonClass: 40462K(40768K)->40462K(40768K) Class: 5495K(5760K)->5495K(5760K)
[2024-11-27T21:43:51.212-0700][gc          ] GC(220) Pause Young (Normal) (G1 Evacuation Pause) 394M->348M(1024M) 54.854ms
[2024-11-27T21:43:51.212-0700][gc,cpu      ] GC(220) User=0.02s Sys=0.05s Real=0.06s
[2024-11-27T21:53:54.492-0700][gc,start    ] GC(221) Pause Young (Normal) (G1 Evacuation Pause)
[2024-11-27T21:53:54.493-0700][gc,task     ] GC(221) Using 8 workers of 8 for evacuation
[2024-11-27T21:53:54.533-0700][gc,mmu      ] GC(221) MMU target violated: 21.0ms (20.0ms/21.0ms)
[2024-11-27T21:53:54.534-0700][gc,phases   ] GC(221)   Pre Evacuate Collection Set: 14.0ms
[2024-11-27T21:53:54.534-0700][gc,phases   ] GC(221)   Merge Heap Roots: 2.9ms
[2024-11-27T21:53:54.534-0700][gc,phases   ] GC(221)   Evacuate Collection Set: 19.7ms
[2024-11-27T21:53:54.534-0700][gc,phases   ] GC(221)   Post Evacuate Collection Set: 2.8ms
[2024-11-27T21:53:54.534-0700][gc,phases   ] GC(221)   Other: 4.2ms
[2024-11-27T21:53:54.534-0700][gc,heap     ] GC(221) Eden regions: 46->0(48)
[2024-11-27T21:53:54.534-0700][gc,heap     ] GC(221) Survivor regions: 5->3(7)
[2024-11-27T21:53:54.534-0700][gc,heap     ] GC(221) Old regions: 215->215
[2024-11-27T21:53:54.534-0700][gc,heap     ] GC(221) Archive regions: 2->2
[2024-11-27T21:53:54.534-0700][gc,heap     ] GC(221) Humongous regions: 129->129
[2024-11-27T21:53:54.534-0700][gc,metaspace] GC(221) Metaspace: 45959K(46528K)->45959K(46528K) NonClass: 40464K(40768K)->40464K(40768K) Class: 5495K(5760K)->5495K(5760K)
[2024-11-27T21:53:54.534-0700][gc          ] GC(221) Pause Young (Normal) (G1 Evacuation Pause) 394M->347M(1024M) 43.558ms
[2024-11-27T21:53:54.535-0700][gc,cpu      ] GC(221) User=0.02s Sys=0.06s Real=0.04s
[2024-11-27T22:04:30.065-0700][gc,start    ] GC(222) Pause Young (Normal) (G1 Evacuation Pause)
[2024-11-27T22:04:30.067-0700][gc,task     ] GC(222) Using 8 workers of 8 for evacuation
[2024-11-27T22:04:30.106-0700][gc,mmu      ] GC(222) MMU target violated: 21.0ms (20.0ms/21.0ms)
[2024-11-27T22:04:30.107-0700][gc,phases   ] GC(222)   Pre Evacuate Collection Set: 9.4ms
[2024-11-27T22:04:30.107-0700][gc,phases   ] GC(222)   Merge Heap Roots: 0.9ms
[2024-11-27T22:04:30.107-0700][gc,phases   ] GC(222)   Evacuate Collection Set: 23.8ms
[2024-11-27T22:04:30.107-0700][gc,phases   ] GC(222)   Post Evacuate Collection Set: 2.1ms
[2024-11-27T22:04:30.107-0700][gc,phases   ] GC(222)   Other: 7.7ms
[2024-11-27T22:04:30.107-0700][gc,heap     ] GC(222) Eden regions: 48->0(47)
[2024-11-27T22:04:30.107-0700][gc,heap     ] GC(222) Survivor regions: 3->4(7)
[2024-11-27T22:04:30.107-0700][gc,heap     ] GC(222) Old regions: 215->215
[2024-11-27T22:04:30.107-0700][gc,heap     ] GC(222) Archive regions: 2->2
[2024-11-27T22:04:30.107-0700][gc,heap     ] GC(222) Humongous regions: 129->129
[2024-11-27T22:04:30.107-0700][gc,metaspace] GC(222) Metaspace: 45959K(46528K)->45959K(46528K) NonClass: 40464K(40768K)->40464K(40768K) Class: 5495K(5760K)->5495K(5760K)
[2024-11-27T22:04:30.107-0700][gc          ] GC(222) Pause Young (Normal) (G1 Evacuation Pause) 395M->348M(1024M) 42.649ms
[2024-11-27T22:04:30.107-0700][gc,cpu      ] GC(222) User=0.01s Sys=0.04s Real=0.04s
[2024-11-27T22:14:09.229-0700][gc,start    ] GC(223) Pause Young (Normal) (G1 Evacuation Pause)
[2024-11-27T22:14:09.233-0700][gc,task     ] GC(223) Using 8 workers of 8 for evacuation
[2024-11-27T22:14:09.266-0700][gc,mmu      ] GC(223) MMU target violated: 20.5ms (20.0ms/21.0ms)
[2024-11-27T22:14:09.267-0700][gc,phases   ] GC(223)   Pre Evacuate Collection Set: 12.7ms
[2024-11-27T22:14:09.267-0700][gc,phases   ] GC(223)   Merge Heap Roots: 1.3ms
[2024-11-27T22:14:09.267-0700][gc,phases   ] GC(223)   Evacuate Collection Set: 13.7ms
[2024-11-27T22:14:09.267-0700][gc,phases   ] GC(223)   Post Evacuate Collection Set: 3.6ms
[2024-11-27T22:14:09.267-0700][gc,phases   ] GC(223)   Other: 8.3ms
[2024-11-27T22:14:09.267-0700][gc,heap     ] GC(223) Eden regions: 47->0(48)
[2024-11-27T22:14:09.267-0700][gc,heap     ] GC(223) Survivor regions: 4->3(7)
[2024-11-27T22:14:09.267-0700][gc,heap     ] GC(223) Old regions: 215->215
[2024-11-27T22:14:09.267-0700][gc,heap     ] GC(223) Archive regions: 2->2
[2024-11-27T22:14:09.267-0700][gc,heap     ] GC(223) Humongous regions: 129->129
[2024-11-27T22:14:09.268-0700][gc,metaspace] GC(223) Metaspace: 45959K(46528K)->45959K(46528K) NonClass: 40464K(40768K)->40464K(40768K) Class: 5495K(5760K)->5495K(5760K)
[2024-11-27T22:14:09.268-0700][gc          ] GC(223) Pause Young (Normal) (G1 Evacuation Pause) 395M->347M(1024M) 39.636ms
[2024-11-27T22:14:09.268-0700][gc,cpu      ] GC(223) User=0.01s Sys=0.04s Real=0.04s
[2024-11-27T22:24:40.080-0700][gc,start    ] GC(224) Pause Young (Normal) (G1 Evacuation Pause)
[2024-11-27T22:24:40.083-0700][gc,task     ] GC(224) Using 8 workers of 8 for evacuation
[2024-11-27T22:24:40.133-0700][gc,mmu      ] GC(224) MMU target violated: 21.0ms (20.0ms/21.0ms)
[2024-11-27T22:24:40.134-0700][gc,phases   ] GC(224)   Pre Evacuate Collection Set: 12.2ms
[2024-11-27T22:24:40.134-0700][gc,phases   ] GC(224)   Merge Heap Roots: 2.8ms
[2024-11-27T22:24:40.134-0700][gc,phases   ] GC(224)   Evacuate Collection Set: 26.3ms
[2024-11-27T22:24:40.134-0700][gc,phases   ] GC(224)   Post Evacuate Collection Set: 5.3ms
[2024-11-27T22:24:40.134-0700][gc,phases   ] GC(224)   Other: 8.9ms
[2024-11-27T22:24:40.134-0700][gc,heap     ] GC(224) Eden regions: 48->0(47)
[2024-11-27T22:24:40.134-0700][gc,heap     ] GC(224) Survivor regions: 3->4(7)
[2024-11-27T22:24:40.134-0700][gc,heap     ] GC(224) Old regions: 215->215
[2024-11-27T22:24:40.134-0700][gc,heap     ] GC(224) Archive regions: 2->2
[2024-11-27T22:24:40.134-0700][gc,heap     ] GC(224) Humongous regions: 129->129
[2024-11-27T22:24:40.134-0700][gc,metaspace] GC(224) Metaspace: 45959K(46528K)->45959K(46528K) NonClass: 40464K(40768K)->40464K(40768K) Class: 5495K(5760K)->5495K(5760K)
[2024-11-27T22:24:40.135-0700][gc          ] GC(224) Pause Young (Normal) (G1 Evacuation Pause) 395M->348M(1024M) 54.918ms
[2024-11-27T22:24:40.135-0700][gc,cpu      ] GC(224) User=0.02s Sys=0.08s Real=0.06s
[2024-11-27T22:34:57.852-0700][gc,start    ] GC(225) Pause Young (Normal) (G1 Evacuation Pause)
[2024-11-27T22:34:57.856-0700][gc,task     ] GC(225) Using 8 workers of 8 for evacuation
[2024-11-27T22:34:57.901-0700][gc,mmu      ] GC(225) MMU target violated: 21.0ms (20.0ms/21.0ms)
[2024-11-27T22:34:57.902-0700][gc,phases   ] GC(225)   Pre Evacuate Collection Set: 7.5ms
[2024-11-27T22:34:57.902-0700][gc,phases   ] GC(225)   Merge Heap Roots: 0.6ms
[2024-11-27T22:34:57.902-0700][gc,phases   ] GC(225)   Evacuate Collection Set: 30.3ms
[2024-11-27T22:34:57.902-0700][gc,phases   ] GC(225)   Post Evacuate Collection Set: 3.4ms
[2024-11-27T22:34:57.902-0700][gc,phases   ] GC(225)   Other: 14.0ms
[2024-11-27T22:34:57.902-0700][gc,heap     ] GC(225) Eden regions: 47->0(48)
[2024-11-27T22:34:57.902-0700][gc,heap     ] GC(225) Survivor regions: 4->3(7)
[2024-11-27T22:34:57.902-0700][gc,heap     ] GC(225) Old regions: 215->215
[2024-11-27T22:34:57.902-0700][gc,heap     ] GC(225) Archive regions: 2->2
[2024-11-27T22:34:57.902-0700][gc,heap     ] GC(225) Humongous regions: 129->129
[2024-11-27T22:34:57.903-0700][gc,metaspace] GC(225) Metaspace: 45959K(46528K)->45959K(46528K) NonClass: 40464K(40768K)->40464K(40768K) Class: 5495K(5760K)->5495K(5760K)
[2024-11-27T22:34:57.903-0700][gc          ] GC(225) Pause Young (Normal) (G1 Evacuation Pause) 395M->347M(1024M) 52.502ms
[2024-11-27T22:34:57.903-0700][gc,cpu      ] GC(225) User=0.01s Sys=0.04s Real=0.05s
[2024-11-27T22:45:26.713-0700][gc,start    ] GC(226) Pause Young (Normal) (G1 Evacuation Pause)
[2024-11-27T22:45:26.716-0700][gc,task     ] GC(226) Using 8 workers of 8 for evacuation
[2024-11-27T22:45:26.790-0700][gc,mmu      ] GC(226) MMU target violated: 21.0ms (20.0ms/21.0ms)
[2024-11-27T22:45:26.791-0700][gc,phases   ] GC(226)   Pre Evacuate Collection Set: 13.2ms
[2024-11-27T22:45:26.791-0700][gc,phases   ] GC(226)   Merge Heap Roots: 0.9ms
[2024-11-27T22:45:26.791-0700][gc,phases   ] GC(226)   Evacuate Collection Set: 47.4ms
[2024-11-27T22:45:26.791-0700][gc,phases   ] GC(226)   Post Evacuate Collection Set: 5.7ms
[2024-11-27T22:45:26.791-0700][gc,phases   ] GC(226)   Other: 13.8ms
[2024-11-27T22:45:26.791-0700][gc,heap     ] GC(226) Eden regions: 48->0(47)
[2024-11-27T22:45:26.791-0700][gc,heap     ] GC(226) Survivor regions: 3->4(7)
[2024-11-27T22:45:26.791-0700][gc,heap     ] GC(226) Old regions: 215->215
[2024-11-27T22:45:26.791-0700][gc,heap     ] GC(226) Archive regions: 2->2
[2024-11-27T22:45:26.791-0700][gc,heap     ] GC(226) Humongous regions: 129->129
[2024-11-27T22:45:26.792-0700][gc,metaspace] GC(226) Metaspace: 45959K(46528K)->45959K(46528K) NonClass: 40464K(40768K)->40464K(40768K) Class: 5495K(5760K)->5495K(5760K)
[2024-11-27T22:45:26.792-0700][gc          ] GC(226) Pause Young (Normal) (G1 Evacuation Pause) 395M->348M(1024M) 79.680ms
[2024-11-27T22:45:26.792-0700][gc,cpu      ] GC(226) User=0.03s Sys=0.06s Real=0.08s
[2024-11-27T22:55:44.127-0700][gc,start    ] GC(227) Pause Young (Normal) (G1 Evacuation Pause)
[2024-11-27T22:55:44.129-0700][gc,task     ] GC(227) Using 8 workers of 8 for evacuation
[2024-11-27T22:55:44.163-0700][gc,mmu      ] GC(227) MMU target violated: 21.0ms (20.0ms/21.0ms)
[2024-11-27T22:55:44.163-0700][gc,phases   ] GC(227)   Pre Evacuate Collection Set: 9.9ms
[2024-11-27T22:55:44.163-0700][gc,phases   ] GC(227)   Merge Heap Roots: 0.5ms
[2024-11-27T22:55:44.163-0700][gc,phases   ] GC(227)   Evacuate Collection Set: 15.2ms
[2024-11-27T22:55:44.163-0700][gc,phases   ] GC(227)   Post Evacuate Collection Set: 3.2ms
[2024-11-27T22:55:44.163-0700][gc,phases   ] GC(227)   Other: 10.0ms
[2024-11-27T22:55:44.163-0700][gc,heap     ] GC(227) Eden regions: 47->0(48)
[2024-11-27T22:55:44.163-0700][gc,heap     ] GC(227) Survivor regions: 4->3(7)
[2024-11-27T22:55:44.163-0700][gc,heap     ] GC(227) Old regions: 215->215
[2024-11-27T22:55:44.163-0700][gc,heap     ] GC(227) Archive regions: 2->2
[2024-11-27T22:55:44.163-0700][gc,heap     ] GC(227) Humongous regions: 129->129
[2024-11-27T22:55:44.163-0700][gc,metaspace] GC(227) Metaspace: 45959K(46528K)->45959K(46528K) NonClass: 40464K(40768K)->40464K(40768K) Class: 5495K(5760K)->5495K(5760K)
[2024-11-27T22:55:44.163-0700][gc          ] GC(227) Pause Young (Normal) (G1 Evacuation Pause) 395M->347M(1024M) 37.611ms
[2024-11-27T22:55:44.164-0700][gc,cpu      ] GC(227) User=0.01s Sys=0.03s Real=0.04s
[2024-11-27T23:06:15.980-0700][gc,start    ] GC(228) Pause Young (Normal) (G1 Evacuation Pause)
[2024-11-27T23:06:15.982-0700][gc,task     ] GC(228) Using 8 workers of 8 for evacuation
[2024-11-27T23:06:16.032-0700][gc,mmu      ] GC(228) MMU target violated: 21.0ms (20.0ms/21.0ms)
[2024-11-27T23:06:16.032-0700][gc,phases   ] GC(228)   Pre Evacuate Collection Set: 12.5ms
[2024-11-27T23:06:16.032-0700][gc,phases   ] GC(228)   Merge Heap Roots: 3.6ms
[2024-11-27T23:06:16.032-0700][gc,phases   ] GC(228)   Evacuate Collection Set: 26.6ms
[2024-11-27T23:06:16.032-0700][gc,phases   ] GC(228)   Post Evacuate Collection Set: 3.1ms
[2024-11-27T23:06:16.032-0700][gc,phases   ] GC(228)   Other: 7.5ms
[2024-11-27T23:06:16.033-0700][gc,heap     ] GC(228) Eden regions: 48->0(47)
[2024-11-27T23:06:16.033-0700][gc,heap     ] GC(228) Survivor regions: 3->4(7)
[2024-11-27T23:06:16.033-0700][gc,heap     ] GC(228) Old regions: 215->215
[2024-11-27T23:06:16.033-0700][gc,heap     ] GC(228) Archive regions: 2->2
[2024-11-27T23:06:16.033-0700][gc,heap     ] GC(228) Humongous regions: 129->129
[2024-11-27T23:06:16.033-0700][gc,metaspace] GC(228) Metaspace: 45959K(46528K)->45959K(46528K) NonClass: 40464K(40768K)->40464K(40768K) Class: 5495K(5760K)->5495K(5760K)
[2024-11-27T23:06:16.034-0700][gc          ] GC(228) Pause Young (Normal) (G1 Evacuation Pause) 395M->347M(1024M) 53.801ms
[2024-11-27T23:06:16.034-0700][gc,cpu      ] GC(228) User=0.01s Sys=0.05s Real=0.06s
[2024-11-27T23:15:54.771-0700][gc,start    ] GC(229) Pause Young (Normal) (G1 Evacuation Pause)
[2024-11-27T23:15:54.773-0700][gc,task     ] GC(229) Using 8 workers of 8 for evacuation
[2024-11-27T23:15:54.822-0700][gc,mmu      ] GC(229) MMU target violated: 21.0ms (20.0ms/21.0ms)
[2024-11-27T23:15:54.822-0700][gc,phases   ] GC(229)   Pre Evacuate Collection Set: 11.3ms
[2024-11-27T23:15:54.822-0700][gc,phases   ] GC(229)   Merge Heap Roots: 3.3ms
[2024-11-27T23:15:54.822-0700][gc,phases   ] GC(229)   Evacuate Collection Set: 27.4ms
[2024-11-27T23:15:54.822-0700][gc,phases   ] GC(229)   Post Evacuate Collection Set: 3.0ms
[2024-11-27T23:15:54.822-0700][gc,phases   ] GC(229)   Other: 8.2ms
[2024-11-27T23:15:54.822-0700][gc,heap     ] GC(229) Eden regions: 47->0(47)
[2024-11-27T23:15:54.822-0700][gc,heap     ] GC(229) Survivor regions: 4->4(7)
[2024-11-27T23:15:54.822-0700][gc,heap     ] GC(229) Old regions: 215->215
[2024-11-27T23:15:54.822-0700][gc,heap     ] GC(229) Archive regions: 2->2
[2024-11-27T23:15:54.822-0700][gc,heap     ] GC(229) Humongous regions: 129->129
[2024-11-27T23:15:54.823-0700][gc,metaspace] GC(229) Metaspace: 45959K(46528K)->45959K(46528K) NonClass: 40464K(40768K)->40464K(40768K) Class: 5495K(5760K)->5495K(5760K)
[2024-11-27T23:15:54.823-0700][gc          ] GC(229) Pause Young (Normal) (G1 Evacuation Pause) 394M->348M(1024M) 52.337ms
[2024-11-27T23:15:54.823-0700][gc,cpu      ] GC(229) User=0.01s Sys=0.04s Real=0.05s
[2024-11-27T23:26:11.986-0700][gc,start    ] GC(230) Pause Young (Normal) (G1 Evacuation Pause)
[2024-11-27T23:26:11.987-0700][gc,task     ] GC(230) Using 8 workers of 8 for evacuation
[2024-11-27T23:26:12.030-0700][gc,mmu      ] GC(230) MMU target violated: 21.0ms (20.0ms/21.0ms)
[2024-11-27T23:26:12.030-0700][gc,phases   ] GC(230)   Pre Evacuate Collection Set: 4.7ms
[2024-11-27T23:26:12.030-0700][gc,phases   ] GC(230)   Merge Heap Roots: 0.8ms
[2024-11-27T23:26:12.030-0700][gc,phases   ] GC(230)   Evacuate Collection Set: 32.3ms
[2024-11-27T23:26:12.030-0700][gc,phases   ] GC(230)   Post Evacuate Collection Set: 3.5ms
[2024-11-27T23:26:12.030-0700][gc,phases   ] GC(230)   Other: 4.7ms
[2024-11-27T23:26:12.030-0700][gc,heap     ] GC(230) Eden regions: 47->0(47)
[2024-11-27T23:26:12.030-0700][gc,heap     ] GC(230) Survivor regions: 4->4(7)
[2024-11-27T23:26:12.030-0700][gc,heap     ] GC(230) Old regions: 215->215
[2024-11-27T23:26:12.030-0700][gc,heap     ] GC(230) Archive regions: 2->2
[2024-11-27T23:26:12.030-0700][gc,heap     ] GC(230) Humongous regions: 129->129
[2024-11-27T23:26:12.031-0700][gc,metaspace] GC(230) Metaspace: 45959K(46528K)->45959K(46528K) NonClass: 40464K(40768K)->40464K(40768K) Class: 5495K(5760K)->5495K(5760K)
[2024-11-27T23:26:12.031-0700][gc          ] GC(230) Pause Young (Normal) (G1 Evacuation Pause) 395M->347M(1024M) 45.443ms
[2024-11-27T23:26:12.031-0700][gc,cpu      ] GC(230) User=0.01s Sys=0.04s Real=0.05s
[2024-11-27T23:36:26.825-0700][gc,start    ] GC(231) Pause Young (Normal) (G1 Evacuation Pause)
[2024-11-27T23:36:26.827-0700][gc,task     ] GC(231) Using 8 workers of 8 for evacuation
[2024-11-27T23:36:26.848-0700][gc,phases   ] GC(231)   Pre Evacuate Collection Set: 1.3ms
[2024-11-27T23:36:26.848-0700][gc,phases   ] GC(231)   Merge Heap Roots: 0.4ms
[2024-11-27T23:36:26.848-0700][gc,phases   ] GC(231)   Evacuate Collection Set: 14.8ms
[2024-11-27T23:36:26.848-0700][gc,phases   ] GC(231)   Post Evacuate Collection Set: 3.0ms
[2024-11-27T23:36:26.848-0700][gc,phases   ] GC(231)   Other: 6.3ms
[2024-11-27T23:36:26.848-0700][gc,heap     ] GC(231) Eden regions: 47->0(47)
[2024-11-27T23:36:26.848-0700][gc,heap     ] GC(231) Survivor regions: 4->4(7)
[2024-11-27T23:36:26.848-0700][gc,heap     ] GC(231) Old regions: 215->215
[2024-11-27T23:36:26.848-0700][gc,heap     ] GC(231) Archive regions: 2->2
[2024-11-27T23:36:26.848-0700][gc,heap     ] GC(231) Humongous regions: 129->129
[2024-11-27T23:36:26.849-0700][gc,metaspace] GC(231) Metaspace: 45959K(46528K)->45959K(46528K) NonClass: 40464K(40768K)->40464K(40768K) Class: 5495K(5760K)->5495K(5760K)
[2024-11-27T23:36:26.849-0700][gc          ] GC(231) Pause Young (Normal) (G1 Evacuation Pause) 394M->348M(1024M) 25.052ms
[2024-11-27T23:36:26.849-0700][gc,cpu      ] GC(231) User=0.01s Sys=0.03s Real=0.02s
[2024-11-27T23:46:44.116-0700][gc,start    ] GC(232) Pause Young (Normal) (G1 Evacuation Pause)
[2024-11-27T23:46:44.117-0700][gc,task     ] GC(232) Using 8 workers of 8 for evacuation
[2024-11-27T23:46:44.152-0700][gc,mmu      ] GC(232) MMU target violated: 21.0ms (20.0ms/21.0ms)
[2024-11-27T23:46:44.152-0700][gc,phases   ] GC(232)   Pre Evacuate Collection Set: 15.5ms
[2024-11-27T23:46:44.152-0700][gc,phases   ] GC(232)   Merge Heap Roots: 0.5ms
[2024-11-27T23:46:44.152-0700][gc,phases   ] GC(232)   Evacuate Collection Set: 13.7ms
[2024-11-27T23:46:44.152-0700][gc,phases   ] GC(232)   Post Evacuate Collection Set: 3.3ms
[2024-11-27T23:46:44.152-0700][gc,phases   ] GC(232)   Other: 4.9ms
[2024-11-27T23:46:44.152-0700][gc,heap     ] GC(232) Eden regions: 47->0(48)
[2024-11-27T23:46:44.152-0700][gc,heap     ] GC(232) Survivor regions: 4->3(7)
[2024-11-27T23:46:44.152-0700][gc,heap     ] GC(232) Old regions: 215->215
[2024-11-27T23:46:44.152-0700][gc,heap     ] GC(232) Archive regions: 2->2
[2024-11-27T23:46:44.152-0700][gc,heap     ] GC(232) Humongous regions: 129->129
[2024-11-27T23:46:44.153-0700][gc,metaspace] GC(232) Metaspace: 45959K(46528K)->45959K(46528K) NonClass: 40464K(40768K)->40464K(40768K) Class: 5495K(5760K)->5495K(5760K)
[2024-11-27T23:46:44.153-0700][gc          ] GC(232) Pause Young (Normal) (G1 Evacuation Pause) 395M->347M(1024M) 38.017ms
[2024-11-27T23:46:44.153-0700][gc,cpu      ] GC(232) User=0.01s Sys=0.04s Real=0.04s
[2024-11-27T23:57:19.898-0700][gc,start    ] GC(233) Pause Young (Normal) (G1 Evacuation Pause)
[2024-11-27T23:57:19.901-0700][gc,task     ] GC(233) Using 8 workers of 8 for evacuation
[2024-11-27T23:57:19.948-0700][gc,mmu      ] GC(233) MMU target violated: 21.0ms (20.0ms/21.0ms)
[2024-11-27T23:57:19.948-0700][gc,phases   ] GC(233)   Pre Evacuate Collection Set: 3.3ms
[2024-11-27T23:57:19.948-0700][gc,phases   ] GC(233)   Merge Heap Roots: 1.3ms
[2024-11-27T23:57:19.948-0700][gc,phases   ] GC(233)   Evacuate Collection Set: 24.6ms
[2024-11-27T23:57:19.948-0700][gc,phases   ] GC(233)   Post Evacuate Collection Set: 15.9ms
[2024-11-27T23:57:19.948-0700][gc,phases   ] GC(233)   Other: 8.9ms
[2024-11-27T23:57:19.948-0700][gc,heap     ] GC(233) Eden regions: 48->0(47)
[2024-11-27T23:57:19.948-0700][gc,heap     ] GC(233) Survivor regions: 3->4(7)
[2024-11-27T23:57:19.948-0700][gc,heap     ] GC(233) Old regions: 215->215
[2024-11-27T23:57:19.948-0700][gc,heap     ] GC(233) Archive regions: 2->2
[2024-11-27T23:57:19.948-0700][gc,heap     ] GC(233) Humongous regions: 129->129
[2024-11-27T23:57:19.948-0700][gc,metaspace] GC(233) Metaspace: 45959K(46528K)->45959K(46528K) NonClass: 40464K(40768K)->40464K(40768K) Class: 5495K(5760K)->5495K(5760K)
[2024-11-27T23:57:19.949-0700][gc          ] GC(233) Pause Young (Normal) (G1 Evacuation Pause) 395M->348M(1024M) 52.073ms
[2024-11-27T23:57:19.949-0700][gc,cpu      ] GC(233) User=0.01s Sys=0.04s Real=0.05s
[2024-11-28T00:07:37.160-0700][gc,start    ] GC(234) Pause Young (Normal) (G1 Evacuation Pause)
[2024-11-28T00:07:37.163-0700][gc,task     ] GC(234) Using 8 workers of 8 for evacuation
[2024-11-28T00:07:37.194-0700][gc,mmu      ] GC(234) MMU target violated: 21.0ms (20.0ms/21.0ms)
[2024-11-28T00:07:37.194-0700][gc,phases   ] GC(234)   Pre Evacuate Collection Set: 7.6ms
[2024-11-28T00:07:37.194-0700][gc,phases   ] GC(234)   Merge Heap Roots: 0.6ms
[2024-11-28T00:07:37.194-0700][gc,phases   ] GC(234)   Evacuate Collection Set: 14.5ms
[2024-11-28T00:07:37.194-0700][gc,phases   ] GC(234)   Post Evacuate Collection Set: 2.1ms
[2024-11-28T00:07:37.194-0700][gc,phases   ] GC(234)   Other: 10.6ms
[2024-11-28T00:07:37.194-0700][gc,heap     ] GC(234) Eden regions: 47->0(48)
[2024-11-28T00:07:37.194-0700][gc,heap     ] GC(234) Survivor regions: 4->3(7)
[2024-11-28T00:07:37.194-0700][gc,heap     ] GC(234) Old regions: 215->216
[2024-11-28T00:07:37.194-0700][gc,heap     ] GC(234) Archive regions: 2->2
[2024-11-28T00:07:37.194-0700][gc,heap     ] GC(234) Humongous regions: 129->129
[2024-11-28T00:07:37.194-0700][gc,metaspace] GC(234) Metaspace: 45959K(46528K)->45959K(46528K) NonClass: 40464K(40768K)->40464K(40768K) Class: 5495K(5760K)->5495K(5760K)
[2024-11-28T00:07:37.194-0700][gc          ] GC(234) Pause Young (Normal) (G1 Evacuation Pause) 395M->347M(1024M) 34.716ms
[2024-11-28T00:07:37.194-0700][gc,cpu      ] GC(234) User=0.00s Sys=0.02s Real=0.04s
[2024-11-28T00:17:30.634-0700][gc,start    ] GC(235) Pause Young (Normal) (G1 Evacuation Pause)
[2024-11-28T00:17:30.636-0700][gc,task     ] GC(235) Using 8 workers of 8 for evacuation
[2024-11-28T00:17:30.668-0700][gc,mmu      ] GC(235) MMU target violated: 21.0ms (20.0ms/21.0ms)
[2024-11-28T00:17:30.668-0700][gc,phases   ] GC(235)   Pre Evacuate Collection Set: 2.8ms
[2024-11-28T00:17:30.668-0700][gc,phases   ] GC(235)   Merge Heap Roots: 0.5ms
[2024-11-28T00:17:30.668-0700][gc,phases   ] GC(235)   Evacuate Collection Set: 21.3ms
[2024-11-28T00:17:30.668-0700][gc,phases   ] GC(235)   Post Evacuate Collection Set: 4.8ms
[2024-11-28T00:17:30.668-0700][gc,phases   ] GC(235)   Other: 7.1ms
[2024-11-28T00:17:30.668-0700][gc,heap     ] GC(235) Eden regions: 48->0(48)
[2024-11-28T00:17:30.668-0700][gc,heap     ] GC(235) Survivor regions: 3->3(7)
[2024-11-28T00:17:30.668-0700][gc,heap     ] GC(235) Old regions: 216->216
[2024-11-28T00:17:30.668-0700][gc,heap     ] GC(235) Archive regions: 2->2
[2024-11-28T00:17:30.668-0700][gc,heap     ] GC(235) Humongous regions: 129->129
[2024-11-28T00:17:30.668-0700][gc,metaspace] GC(235) Metaspace: 45959K(46528K)->45959K(46528K) NonClass: 40464K(40768K)->40464K(40768K) Class: 5495K(5760K)->5495K(5760K)
[2024-11-28T00:17:30.668-0700][gc          ] GC(235) Pause Young (Normal) (G1 Evacuation Pause) 395M->347M(1024M) 35.208ms
[2024-11-28T00:17:30.668-0700][gc,cpu      ] GC(235) User=0.01s Sys=0.05s Real=0.03s
[2024-11-28T00:27:07.785-0700][gc,start    ] GC(236) Pause Young (Normal) (G1 Evacuation Pause)
[2024-11-28T00:27:07.786-0700][gc,task     ] GC(236) Using 8 workers of 8 for evacuation
[2024-11-28T00:27:07.836-0700][gc,mmu      ] GC(236) MMU target violated: 21.0ms (20.0ms/21.0ms)
[2024-11-28T00:27:07.836-0700][gc,phases   ] GC(236)   Pre Evacuate Collection Set: 4.0ms
[2024-11-28T00:27:07.836-0700][gc,phases   ] GC(236)   Merge Heap Roots: 0.9ms
[2024-11-28T00:27:07.836-0700][gc,phases   ] GC(236)   Evacuate Collection Set: 40.1ms
[2024-11-28T00:27:07.836-0700][gc,phases   ] GC(236)   Post Evacuate Collection Set: 3.1ms
[2024-11-28T00:27:07.836-0700][gc,phases   ] GC(236)   Other: 5.8ms
[2024-11-28T00:27:07.836-0700][gc,heap     ] GC(236) Eden regions: 48->0(47)
[2024-11-28T00:27:07.836-0700][gc,heap     ] GC(236) Survivor regions: 3->4(7)
[2024-11-28T00:27:07.836-0700][gc,heap     ] GC(236) Old regions: 216->216
[2024-11-28T00:27:07.836-0700][gc,heap     ] GC(236) Archive regions: 2->2
[2024-11-28T00:27:07.836-0700][gc,heap     ] GC(236) Humongous regions: 129->129
[2024-11-28T00:27:07.836-0700][gc,metaspace] GC(236) Metaspace: 46002K(46592K)->46002K(46592K) NonClass: 40507K(40832K)->40507K(40832K) Class: 5495K(5760K)->5495K(5760K)
[2024-11-28T00:27:07.836-0700][gc          ] GC(236) Pause Young (Normal) (G1 Evacuation Pause) 395M->348M(1024M) 52.608ms
[2024-11-28T00:27:07.836-0700][gc,cpu      ] GC(236) User=0.02s Sys=0.07s Real=0.05s
[2024-11-28T00:37:32.486-0700][gc,start    ] GC(237) Pause Young (Normal) (G1 Evacuation Pause)
[2024-11-28T00:37:32.487-0700][gc,task     ] GC(237) Using 8 workers of 8 for evacuation
[2024-11-28T00:37:32.503-0700][gc,phases   ] GC(237)   Pre Evacuate Collection Set: 1.7ms
[2024-11-28T00:37:32.503-0700][gc,phases   ] GC(237)   Merge Heap Roots: 0.4ms
[2024-11-28T00:37:32.503-0700][gc,phases   ] GC(237)   Evacuate Collection Set: 11.9ms
[2024-11-28T00:37:32.503-0700][gc,phases   ] GC(237)   Post Evacuate Collection Set: 1.4ms
[2024-11-28T00:37:32.503-0700][gc,phases   ] GC(237)   Other: 2.9ms
[2024-11-28T00:37:32.503-0700][gc,heap     ] GC(237) Eden regions: 47->0(47)
[2024-11-28T00:37:32.503-0700][gc,heap     ] GC(237) Survivor regions: 4->4(7)
[2024-11-28T00:37:32.503-0700][gc,heap     ] GC(237) Old regions: 216->216
[2024-11-28T00:37:32.503-0700][gc,heap     ] GC(237) Archive regions: 2->2
[2024-11-28T00:37:32.503-0700][gc,heap     ] GC(237) Humongous regions: 129->129
[2024-11-28T00:37:32.503-0700][gc,metaspace] GC(237) Metaspace: 46002K(46592K)->46002K(46592K) NonClass: 40507K(40832K)->40507K(40832K) Class: 5495K(5760K)->5495K(5760K)
[2024-11-28T00:37:32.503-0700][gc          ] GC(237) Pause Young (Normal) (G1 Evacuation Pause) 395M->348M(1024M) 17.911ms
[2024-11-28T00:37:32.503-0700][gc,cpu      ] GC(237) User=0.02s Sys=0.03s Real=0.02s
[2024-11-28T01:29:22.821-0700][gc,start    ] GC(238) Pause Young (Normal) (G1 Evacuation Pause)
[2024-11-28T01:29:22.823-0700][gc,task     ] GC(238) Using 8 workers of 8 for evacuation
[2024-11-28T01:29:22.891-0700][gc,mmu      ] GC(238) MMU target violated: 21.0ms (20.0ms/21.0ms)
[2024-11-28T01:29:22.891-0700][gc,phases   ] GC(238)   Pre Evacuate Collection Set: 6.8ms
[2024-11-28T01:29:22.891-0700][gc,phases   ] GC(238)   Merge Heap Roots: 3.1ms
[2024-11-28T01:29:22.891-0700][gc,phases   ] GC(238)   Evacuate Collection Set: 51.7ms
[2024-11-28T01:29:22.891-0700][gc,phases   ] GC(238)   Post Evacuate Collection Set: 3.5ms
[2024-11-28T01:29:22.893-0700][gc,phases   ] GC(238)   Other: 7.4ms
[2024-11-28T01:29:22.893-0700][gc,heap     ] GC(238) Eden regions: 47->0(47)
[2024-11-28T01:29:22.893-0700][gc,heap     ] GC(238) Survivor regions: 4->4(7)
[2024-11-28T01:29:22.893-0700][gc,heap     ] GC(238) Old regions: 216->216
[2024-11-28T01:29:22.893-0700][gc,heap     ] GC(238) Archive regions: 2->2
[2024-11-28T01:29:22.893-0700][gc,heap     ] GC(238) Humongous regions: 129->129
[2024-11-28T01:29:22.893-0700][gc,metaspace] GC(238) Metaspace: 46002K(46592K)->46002K(46592K) NonClass: 40507K(40832K)->40507K(40832K) Class: 5495K(5760K)->5495K(5760K)
[2024-11-28T01:29:22.893-0700][gc          ] GC(238) Pause Young (Normal) (G1 Evacuation Pause) 395M->348M(1024M) 72.058ms
[2024-11-28T01:29:22.893-0700][gc,cpu      ] GC(238) User=0.02s Sys=0.08s Real=0.07s
[2024-11-28T01:39:23.882-0700][gc,start    ] GC(239) Pause Young (Normal) (G1 Evacuation Pause)
[2024-11-28T01:39:23.883-0700][gc,task     ] GC(239) Using 8 workers of 8 for evacuation
[2024-11-28T01:39:23.947-0700][gc,mmu      ] GC(239) MMU target violated: 21.0ms (20.0ms/21.0ms)
[2024-11-28T01:39:23.947-0700][gc,phases   ] GC(239)   Pre Evacuate Collection Set: 4.1ms
[2024-11-28T01:39:23.947-0700][gc,phases   ] GC(239)   Merge Heap Roots: 1.3ms
[2024-11-28T01:39:23.947-0700][gc,phases   ] GC(239)   Evacuate Collection Set: 54.4ms
[2024-11-28T01:39:23.947-0700][gc,phases   ] GC(239)   Post Evacuate Collection Set: 2.3ms
[2024-11-28T01:39:23.947-0700][gc,phases   ] GC(239)   Other: 6.3ms
[2024-11-28T01:39:23.947-0700][gc,heap     ] GC(239) Eden regions: 47->0(46)
[2024-11-28T01:39:23.947-0700][gc,heap     ] GC(239) Survivor regions: 4->5(7)
[2024-11-28T01:39:23.947-0700][gc,heap     ] GC(239) Old regions: 216->216
[2024-11-28T01:39:23.947-0700][gc,heap     ] GC(239) Archive regions: 2->2
[2024-11-28T01:39:23.947-0700][gc,heap     ] GC(239) Humongous regions: 129->129
[2024-11-28T01:39:23.947-0700][gc,metaspace] GC(239) Metaspace: 46063K(46656K)->46063K(46656K) NonClass: 40568K(40896K)->40568K(40896K) Class: 5495K(5760K)->5495K(5760K)
[2024-11-28T01:39:23.947-0700][gc          ] GC(239) Pause Young (Normal) (G1 Evacuation Pause) 395M->349M(1024M) 65.795ms
[2024-11-28T01:39:23.947-0700][gc,cpu      ] GC(239) User=0.02s Sys=0.06s Real=0.06s
[2024-11-28T01:49:32.064-0700][gc,start    ] GC(240) Pause Young (Normal) (G1 Evacuation Pause)
[2024-11-28T01:49:32.065-0700][gc,task     ] GC(240) Using 8 workers of 8 for evacuation
[2024-11-28T01:49:32.110-0700][gc,mmu      ] GC(240) MMU target violated: 21.0ms (20.0ms/21.0ms)
[2024-11-28T01:49:32.110-0700][gc,phases   ] GC(240)   Pre Evacuate Collection Set: 9.2ms
[2024-11-28T01:49:32.110-0700][gc,phases   ] GC(240)   Merge Heap Roots: 1.3ms
[2024-11-28T01:49:32.110-0700][gc,phases   ] GC(240)   Evacuate Collection Set: 28.0ms
[2024-11-28T01:49:32.110-0700][gc,phases   ] GC(240)   Post Evacuate Collection Set: 4.1ms
[2024-11-28T01:49:32.110-0700][gc,phases   ] GC(240)   Other: 6.1ms
[2024-11-28T01:49:32.110-0700][gc,heap     ] GC(240) Eden regions: 46->0(48)
[2024-11-28T01:49:32.110-0700][gc,heap     ] GC(240) Survivor regions: 5->3(7)
[2024-11-28T01:49:32.110-0700][gc,heap     ] GC(240) Old regions: 216->217
[2024-11-28T01:49:32.110-0700][gc,heap     ] GC(240) Archive regions: 2->2
[2024-11-28T01:49:32.110-0700][gc,heap     ] GC(240) Humongous regions: 129->129
[2024-11-28T01:49:32.111-0700][gc,metaspace] GC(240) Metaspace: 46063K(46656K)->46063K(46656K) NonClass: 40568K(40896K)->40568K(40896K) Class: 5495K(5760K)->5495K(5760K)
[2024-11-28T01:49:32.111-0700][gc          ] GC(240) Pause Young (Normal) (G1 Evacuation Pause) 395M->348M(1024M) 47.309ms
[2024-11-28T01:49:32.111-0700][gc,cpu      ] GC(240) User=0.02s Sys=0.07s Real=0.05s
[2024-11-28T01:59:29.162-0700][gc,start    ] GC(241) Pause Young (Normal) (G1 Evacuation Pause)
[2024-11-28T01:59:29.163-0700][gc,task     ] GC(241) Using 8 workers of 8 for evacuation
[2024-11-28T01:59:29.190-0700][gc,mmu      ] GC(241) MMU target violated: 21.0ms (20.0ms/21.0ms)
[2024-11-28T01:59:29.190-0700][gc,phases   ] GC(241)   Pre Evacuate Collection Set: 4.2ms
[2024-11-28T01:59:29.190-0700][gc,phases   ] GC(241)   Merge Heap Roots: 2.8ms
[2024-11-28T01:59:29.190-0700][gc,phases   ] GC(241)   Evacuate Collection Set: 16.0ms
[2024-11-28T01:59:29.190-0700][gc,phases   ] GC(241)   Post Evacuate Collection Set: 2.4ms
[2024-11-28T01:59:29.190-0700][gc,phases   ] GC(241)   Other: 4.3ms
[2024-11-28T01:59:29.190-0700][gc,heap     ] GC(241) Eden regions: 48->0(47)
[2024-11-28T01:59:29.190-0700][gc,heap     ] GC(241) Survivor regions: 3->4(7)
[2024-11-28T01:59:29.190-0700][gc,heap     ] GC(241) Old regions: 217->217
[2024-11-28T01:59:29.190-0700][gc,heap     ] GC(241) Archive regions: 2->2
[2024-11-28T01:59:29.190-0700][gc,heap     ] GC(241) Humongous regions: 129->129
[2024-11-28T01:59:29.190-0700][gc,metaspace] GC(241) Metaspace: 46063K(46656K)->46063K(46656K) NonClass: 40568K(40896K)->40568K(40896K) Class: 5495K(5760K)->5495K(5760K)
[2024-11-28T01:59:29.190-0700][gc          ] GC(241) Pause Young (Normal) (G1 Evacuation Pause) 396M->349M(1024M) 28.905ms
[2024-11-28T01:59:29.190-0700][gc,cpu      ] GC(241) User=0.01s Sys=0.03s Real=0.03s
[2024-11-28T02:09:44.975-0700][gc,start    ] GC(242) Pause Young (Normal) (G1 Evacuation Pause)
[2024-11-28T02:09:44.977-0700][gc,task     ] GC(242) Using 8 workers of 8 for evacuation
[2024-11-28T02:09:44.999-0700][gc,mmu      ] GC(242) MMU target violated: 20.1ms (20.0ms/21.0ms)
[2024-11-28T02:09:44.999-0700][gc,phases   ] GC(242)   Pre Evacuate Collection Set: 1.5ms
[2024-11-28T02:09:44.999-0700][gc,phases   ] GC(242)   Merge Heap Roots: 1.2ms
[2024-11-28T02:09:44.999-0700][gc,phases   ] GC(242)   Evacuate Collection Set: 15.4ms
[2024-11-28T02:09:44.999-0700][gc,phases   ] GC(242)   Post Evacuate Collection Set: 2.3ms
[2024-11-28T02:09:44.999-0700][gc,phases   ] GC(242)   Other: 4.5ms
[2024-11-28T02:09:44.999-0700][gc,heap     ] GC(242) Eden regions: 47->0(48)
[2024-11-28T02:09:44.999-0700][gc,heap     ] GC(242) Survivor regions: 4->3(7)
[2024-11-28T02:09:44.999-0700][gc,heap     ] GC(242) Old regions: 217->217
[2024-11-28T02:09:44.999-0700][gc,heap     ] GC(242) Archive regions: 2->2
[2024-11-28T02:09:44.999-0700][gc,heap     ] GC(242) Humongous regions: 129->129
[2024-11-28T02:09:45.000-0700][gc,metaspace] GC(242) Metaspace: 46063K(46656K)->46063K(46656K) NonClass: 40568K(40896K)->40568K(40896K) Class: 5495K(5760K)->5495K(5760K)
[2024-11-28T02:09:45.000-0700][gc          ] GC(242) Pause Young (Normal) (G1 Evacuation Pause) 396M->348M(1024M) 24.929ms
[2024-11-28T02:09:45.000-0700][gc,cpu      ] GC(242) User=0.02s Sys=0.03s Real=0.03s
[2024-11-28T02:20:19.863-0700][gc,start    ] GC(243) Pause Young (Normal) (G1 Evacuation Pause)
[2024-11-28T02:20:19.864-0700][gc,task     ] GC(243) Using 8 workers of 8 for evacuation
[2024-11-28T02:20:19.891-0700][gc,mmu      ] GC(243) MMU target violated: 21.0ms (20.0ms/21.0ms)
[2024-11-28T02:20:19.891-0700][gc,phases   ] GC(243)   Pre Evacuate Collection Set: 1.5ms
[2024-11-28T02:20:19.891-0700][gc,phases   ] GC(243)   Merge Heap Roots: 0.3ms
[2024-11-28T02:20:19.891-0700][gc,phases   ] GC(243)   Evacuate Collection Set: 22.8ms
[2024-11-28T02:20:19.891-0700][gc,phases   ] GC(243)   Post Evacuate Collection Set: 1.8ms
[2024-11-28T02:20:19.891-0700][gc,phases   ] GC(243)   Other: 3.8ms
[2024-11-28T02:20:19.891-0700][gc,heap     ] GC(243) Eden regions: 48->0(47)
[2024-11-28T02:20:19.891-0700][gc,heap     ] GC(243) Survivor regions: 3->4(7)
[2024-11-28T02:20:19.891-0700][gc,heap     ] GC(243) Old regions: 217->217
[2024-11-28T02:20:19.891-0700][gc,heap     ] GC(243) Archive regions: 2->2
[2024-11-28T02:20:19.891-0700][gc,heap     ] GC(243) Humongous regions: 129->129
[2024-11-28T02:20:19.892-0700][gc,metaspace] GC(243) Metaspace: 46063K(46656K)->46063K(46656K) NonClass: 40568K(40896K)->40568K(40896K) Class: 5495K(5760K)->5495K(5760K)
[2024-11-28T02:20:19.892-0700][gc          ] GC(243) Pause Young (Normal) (G1 Evacuation Pause) 396M->349M(1024M) 30.328ms
[2024-11-28T02:20:19.892-0700][gc,cpu      ] GC(243) User=0.02s Sys=0.03s Real=0.03s
[2024-11-28T02:30:01.365-0700][gc,start    ] GC(244) Pause Young (Normal) (G1 Evacuation Pause)
[2024-11-28T02:30:01.367-0700][gc,task     ] GC(244) Using 8 workers of 8 for evacuation
[2024-11-28T02:30:01.400-0700][gc,mmu      ] GC(244) MMU target violated: 21.0ms (20.0ms/21.0ms)
[2024-11-28T02:30:01.401-0700][gc,phases   ] GC(244)   Pre Evacuate Collection Set: 12.7ms
[2024-11-28T02:30:01.401-0700][gc,phases   ] GC(244)   Merge Heap Roots: 3.0ms
[2024-11-28T02:30:01.401-0700][gc,phases   ] GC(244)   Evacuate Collection Set: 15.7ms
[2024-11-28T02:30:01.401-0700][gc,phases   ] GC(244)   Post Evacuate Collection Set: 1.4ms
[2024-11-28T02:30:01.401-0700][gc,phases   ] GC(244)   Other: 11.7ms
[2024-11-28T02:30:01.401-0700][gc,heap     ] GC(244) Eden regions: 47->0(48)
[2024-11-28T02:30:01.401-0700][gc,heap     ] GC(244) Survivor regions: 4->3(7)
[2024-11-28T02:30:01.401-0700][gc,heap     ] GC(244) Old regions: 217->217
[2024-11-28T02:30:01.401-0700][gc,heap     ] GC(244) Archive regions: 2->2
[2024-11-28T02:30:01.401-0700][gc,heap     ] GC(244) Humongous regions: 129->129
[2024-11-28T02:30:01.401-0700][gc,metaspace] GC(244) Metaspace: 46065K(46656K)->46065K(46656K) NonClass: 40570K(40896K)->40570K(40896K) Class: 5495K(5760K)->5495K(5760K)
[2024-11-28T02:30:01.401-0700][gc          ] GC(244) Pause Young (Normal) (G1 Evacuation Pause) 396M->348M(1024M) 36.454ms
[2024-11-28T02:30:01.401-0700][gc,cpu      ] GC(244) User=0.01s Sys=0.03s Real=0.04s
[2024-11-28T02:36:50.100-0700][gc,start    ] GC(245) Pause Young (Normal) (G1 Evacuation Pause)
[2024-11-28T02:36:50.106-0700][gc,task     ] GC(245) Using 8 workers of 8 for evacuation
[2024-11-28T02:36:50.153-0700][gc,mmu      ] GC(245) MMU target violated: 21.0ms (20.0ms/21.0ms)
[2024-11-28T02:36:50.153-0700][gc,phases   ] GC(245)   Pre Evacuate Collection Set: 3.8ms
[2024-11-28T02:36:50.153-0700][gc,phases   ] GC(245)   Merge Heap Roots: 1.8ms
[2024-11-28T02:36:50.153-0700][gc,phases   ] GC(245)   Evacuate Collection Set: 35.4ms
[2024-11-28T02:36:50.153-0700][gc,phases   ] GC(245)   Post Evacuate Collection Set: 3.8ms
[2024-11-28T02:36:50.153-0700][gc,phases   ] GC(245)   Other: 20.0ms
[2024-11-28T02:36:50.153-0700][gc,heap     ] GC(245) Eden regions: 48->0(47)
[2024-11-28T02:36:50.153-0700][gc,heap     ] GC(245) Survivor regions: 3->4(7)
[2024-11-28T02:36:50.153-0700][gc,heap     ] GC(245) Old regions: 217->217
[2024-11-28T02:36:50.153-0700][gc,heap     ] GC(245) Archive regions: 2->2
[2024-11-28T02:36:50.153-0700][gc,heap     ] GC(245) Humongous regions: 129->129
[2024-11-28T02:36:50.153-0700][gc,metaspace] GC(245) Metaspace: 46067K(46656K)->46067K(46656K) NonClass: 40572K(40896K)->40572K(40896K) Class: 5495K(5760K)->5495K(5760K)
[2024-11-28T02:36:50.153-0700][gc          ] GC(245) Pause Young (Normal) (G1 Evacuation Pause) 396M->349M(1024M) 57.676ms
[2024-11-28T02:36:50.153-0700][gc,cpu      ] GC(245) User=0.01s Sys=0.04s Real=0.06s
[2024-11-28T02:42:16.838-0700][gc,start    ] GC(246) Pause Young (Normal) (G1 Evacuation Pause)
[2024-11-28T02:42:16.838-0700][gc,task     ] GC(246) Using 8 workers of 8 for evacuation
[2024-11-28T02:42:16.892-0700][gc,mmu      ] GC(246) MMU target violated: 21.0ms (20.0ms/21.0ms)
[2024-11-28T02:42:16.892-0700][gc,phases   ] GC(246)   Pre Evacuate Collection Set: 4.8ms
[2024-11-28T02:42:16.892-0700][gc,phases   ] GC(246)   Merge Heap Roots: 1.0ms
[2024-11-28T02:42:16.892-0700][gc,phases   ] GC(246)   Evacuate Collection Set: 35.0ms
[2024-11-28T02:42:16.892-0700][gc,phases   ] GC(246)   Post Evacuate Collection Set: 10.8ms
[2024-11-28T02:42:16.892-0700][gc,phases   ] GC(246)   Other: 5.4ms
[2024-11-28T02:42:16.892-0700][gc,heap     ] GC(246) Eden regions: 47->0(47)
[2024-11-28T02:42:16.892-0700][gc,heap     ] GC(246) Survivor regions: 4->4(7)
[2024-11-28T02:42:16.892-0700][gc,heap     ] GC(246) Old regions: 217->217
[2024-11-28T02:42:16.892-0700][gc,heap     ] GC(246) Archive regions: 2->2
[2024-11-28T02:42:16.892-0700][gc,heap     ] GC(246) Humongous regions: 129->129
[2024-11-28T02:42:16.893-0700][gc,metaspace] GC(246) Metaspace: 46067K(46656K)->46067K(46656K) NonClass: 40572K(40896K)->40572K(40896K) Class: 5495K(5760K)->5495K(5760K)
[2024-11-28T02:42:16.893-0700][gc          ] GC(246) Pause Young (Normal) (G1 Evacuation Pause) 396M->349M(1024M) 55.518ms
[2024-11-28T02:42:16.893-0700][gc,cpu      ] GC(246) User=0.01s Sys=0.05s Real=0.06s
[2024-11-28T02:47:47.212-0700][gc,start    ] GC(247) Pause Young (Normal) (G1 Evacuation Pause)
[2024-11-28T02:47:47.305-0700][gc,task     ] GC(247) Using 8 workers of 8 for evacuation
[2024-11-28T02:47:47.467-0700][gc,mmu      ] GC(247) MMU target violated: 21.0ms (20.0ms/21.0ms)
[2024-11-28T02:47:47.467-0700][gc,phases   ] GC(247)   Pre Evacuate Collection Set: 17.8ms
[2024-11-28T02:47:47.467-0700][gc,phases   ] GC(247)   Merge Heap Roots: 2.6ms
[2024-11-28T02:47:47.467-0700][gc,phases   ] GC(247)   Evacuate Collection Set: 82.1ms
[2024-11-28T02:47:47.467-0700][gc,phases   ] GC(247)   Post Evacuate Collection Set: 7.7ms
[2024-11-28T02:47:47.468-0700][gc,phases   ] GC(247)   Other: 151.5ms
[2024-11-28T02:47:47.468-0700][gc,heap     ] GC(247) Eden regions: 47->0(46)
[2024-11-28T02:47:47.468-0700][gc,heap     ] GC(247) Survivor regions: 4->5(7)
[2024-11-28T02:47:47.468-0700][gc,heap     ] GC(247) Old regions: 217->217
[2024-11-28T02:47:47.468-0700][gc,heap     ] GC(247) Archive regions: 2->2
[2024-11-28T02:47:47.468-0700][gc,heap     ] GC(247) Humongous regions: 129->129
[2024-11-28T02:47:47.468-0700][gc,metaspace] GC(247) Metaspace: 46067K(46656K)->46067K(46656K) NonClass: 40572K(40896K)->40572K(40896K) Class: 5495K(5760K)->5495K(5760K)
[2024-11-28T02:47:47.468-0700][gc          ] GC(247) Pause Young (Normal) (G1 Evacuation Pause) 396M->350M(1024M) 257.507ms
[2024-11-28T02:47:47.468-0700][gc,cpu      ] GC(247) User=0.01s Sys=0.07s Real=0.25s
[2024-11-28T02:53:12.098-0700][gc,start    ] GC(248) Pause Young (Normal) (G1 Evacuation Pause)
[2024-11-28T02:53:12.099-0700][gc,task     ] GC(248) Using 8 workers of 8 for evacuation
[2024-11-28T02:53:12.126-0700][gc,mmu      ] GC(248) MMU target violated: 21.0ms (20.0ms/21.0ms)
[2024-11-28T02:53:12.126-0700][gc,phases   ] GC(248)   Pre Evacuate Collection Set: 2.9ms
[2024-11-28T02:53:12.126-0700][gc,phases   ] GC(248)   Merge Heap Roots: 1.5ms
[2024-11-28T02:53:12.126-0700][gc,phases   ] GC(248)   Evacuate Collection Set: 19.1ms
[2024-11-28T02:53:12.126-0700][gc,phases   ] GC(248)   Post Evacuate Collection Set: 2.7ms
[2024-11-28T02:53:12.126-0700][gc,phases   ] GC(248)   Other: 3.8ms
[2024-11-28T02:53:12.126-0700][gc,heap     ] GC(248) Eden regions: 46->0(46)
[2024-11-28T02:53:12.126-0700][gc,heap     ] GC(248) Survivor regions: 5->5(7)
[2024-11-28T02:53:12.126-0700][gc,heap     ] GC(248) Old regions: 217->217
[2024-11-28T02:53:12.126-0700][gc,heap     ] GC(248) Archive regions: 2->2
[2024-11-28T02:53:12.126-0700][gc,heap     ] GC(248) Humongous regions: 129->129
[2024-11-28T02:53:12.126-0700][gc,metaspace] GC(248) Metaspace: 46067K(46656K)->46067K(46656K) NonClass: 40572K(40896K)->40572K(40896K) Class: 5495K(5760K)->5495K(5760K)
[2024-11-28T02:53:12.126-0700][gc          ] GC(248) Pause Young (Normal) (G1 Evacuation Pause) 396M->350M(1024M) 28.652ms
[2024-11-28T02:53:12.126-0700][gc,cpu      ] GC(248) User=0.01s Sys=0.02s Real=0.03s
[2024-11-28T02:58:58.488-0700][gc,start    ] GC(249) Pause Young (Normal) (G1 Evacuation Pause)
[2024-11-28T02:58:58.489-0700][gc,task     ] GC(249) Using 8 workers of 8 for evacuation
[2024-11-28T02:58:58.514-0700][gc,mmu      ] GC(249) MMU target violated: 21.0ms (20.0ms/21.0ms)
[2024-11-28T02:58:58.515-0700][gc,phases   ] GC(249)   Pre Evacuate Collection Set: 1.7ms
[2024-11-28T02:58:58.515-0700][gc,phases   ] GC(249)   Merge Heap Roots: 0.4ms
[2024-11-28T02:58:58.515-0700][gc,phases   ] GC(249)   Evacuate Collection Set: 20.8ms
[2024-11-28T02:58:58.515-0700][gc,phases   ] GC(249)   Post Evacuate Collection Set: 2.4ms
[2024-11-28T02:58:58.515-0700][gc,phases   ] GC(249)   Other: 2.5ms
[2024-11-28T02:58:58.515-0700][gc,heap     ] GC(249) Eden regions: 46->0(46)
[2024-11-28T02:58:58.515-0700][gc,heap     ] GC(249) Survivor regions: 5->5(7)
[2024-11-28T02:58:58.515-0700][gc,heap     ] GC(249) Old regions: 217->217
[2024-11-28T02:58:58.515-0700][gc,heap     ] GC(249) Archive regions: 2->2
[2024-11-28T02:58:58.515-0700][gc,heap     ] GC(249) Humongous regions: 129->129
[2024-11-28T02:58:58.515-0700][gc,metaspace] GC(249) Metaspace: 46067K(46656K)->46067K(46656K) NonClass: 40572K(40896K)->40572K(40896K) Class: 5495K(5760K)->5495K(5760K)
[2024-11-28T02:58:58.515-0700][gc          ] GC(249) Pause Young (Normal) (G1 Evacuation Pause) 396M->350M(1024M) 27.659ms
[2024-11-28T02:58:58.515-0700][gc,cpu      ] GC(249) User=0.02s Sys=0.03s Real=0.03s
[2024-11-28T03:04:47.515-0700][gc,start    ] GC(250) Pause Young (Normal) (G1 Evacuation Pause)
[2024-11-28T03:04:47.516-0700][gc,task     ] GC(250) Using 8 workers of 8 for evacuation
[2024-11-28T03:04:47.535-0700][gc,phases   ] GC(250)   Pre Evacuate Collection Set: 2.4ms
[2024-11-28T03:04:47.535-0700][gc,phases   ] GC(250)   Merge Heap Roots: 0.6ms
[2024-11-28T03:04:47.535-0700][gc,phases   ] GC(250)   Evacuate Collection Set: 14.1ms
[2024-11-28T03:04:47.535-0700][gc,phases   ] GC(250)   Post Evacuate Collection Set: 1.6ms
[2024-11-28T03:04:47.535-0700][gc,phases   ] GC(250)   Other: 2.7ms
[2024-11-28T03:04:47.536-0700][gc,heap     ] GC(250) Eden regions: 46->0(46)
[2024-11-28T03:04:47.536-0700][gc,heap     ] GC(250) Survivor regions: 5->5(7)
[2024-11-28T03:04:47.536-0700][gc,heap     ] GC(250) Old regions: 217->218
[2024-11-28T03:04:47.536-0700][gc,heap     ] GC(250) Archive regions: 2->2
[2024-11-28T03:04:47.536-0700][gc,heap     ] GC(250) Humongous regions: 129->129
[2024-11-28T03:04:47.536-0700][gc,metaspace] GC(250) Metaspace: 46068K(46656K)->46068K(46656K) NonClass: 40573K(40896K)->40573K(40896K) Class: 5495K(5760K)->5495K(5760K)
[2024-11-28T03:04:47.536-0700][gc          ] GC(250) Pause Young (Normal) (G1 Evacuation Pause) 396M->351M(1024M) 21.067ms
[2024-11-28T03:04:47.536-0700][gc,cpu      ] GC(250) User=0.01s Sys=0.04s Real=0.02s
[2024-11-28T03:08:39.005-0700][gc,start    ] GC(251) Pause Young (Normal) (G1 Evacuation Pause)
[2024-11-28T03:08:39.005-0700][gc,task     ] GC(251) Using 8 workers of 8 for evacuation
[2024-11-28T03:08:39.023-0700][gc,phases   ] GC(251)   Pre Evacuate Collection Set: 1.1ms
[2024-11-28T03:08:39.023-0700][gc,phases   ] GC(251)   Merge Heap Roots: 0.3ms
[2024-11-28T03:08:39.023-0700][gc,phases   ] GC(251)   Evacuate Collection Set: 15.9ms
[2024-11-28T03:08:39.023-0700][gc,phases   ] GC(251)   Post Evacuate Collection Set: 0.6ms
[2024-11-28T03:08:39.023-0700][gc,phases   ] GC(251)   Other: 2.6ms
[2024-11-28T03:08:39.024-0700][gc,heap     ] GC(251) Eden regions: 46->0(46)
[2024-11-28T03:08:39.024-0700][gc,heap     ] GC(251) Survivor regions: 5->5(7)
[2024-11-28T03:08:39.024-0700][gc,heap     ] GC(251) Old regions: 218->218
[2024-11-28T03:08:39.024-0700][gc,heap     ] GC(251) Archive regions: 2->2
[2024-11-28T03:08:39.024-0700][gc,heap     ] GC(251) Humongous regions: 129->129
[2024-11-28T03:08:39.024-0700][gc,metaspace] GC(251) Metaspace: 46068K(46656K)->46068K(46656K) NonClass: 40573K(40896K)->40573K(40896K) Class: 5495K(5760K)->5495K(5760K)
[2024-11-28T03:08:39.024-0700][gc          ] GC(251) Pause Young (Normal) (G1 Evacuation Pause) 397M->352M(1024M) 19.759ms
[2024-11-28T03:08:39.024-0700][gc,cpu      ] GC(251) User=0.01s Sys=0.03s Real=0.02s
[2024-11-28T03:13:09.294-0700][gc,start    ] GC(252) Pause Young (Normal) (G1 Evacuation Pause)
[2024-11-28T03:13:09.295-0700][gc,task     ] GC(252) Using 8 workers of 8 for evacuation
[2024-11-28T03:13:09.319-0700][gc,mmu      ] GC(252) MMU target violated: 21.0ms (20.0ms/21.0ms)
[2024-11-28T03:13:09.319-0700][gc,phases   ] GC(252)   Pre Evacuate Collection Set: 2.1ms
[2024-11-28T03:13:09.319-0700][gc,phases   ] GC(252)   Merge Heap Roots: 0.6ms
[2024-11-28T03:13:09.319-0700][gc,phases   ] GC(252)   Evacuate Collection Set: 18.1ms
[2024-11-28T03:13:09.319-0700][gc,phases   ] GC(252)   Post Evacuate Collection Set: 1.8ms
[2024-11-28T03:13:09.319-0700][gc,phases   ] GC(252)   Other: 4.3ms
[2024-11-28T03:13:09.319-0700][gc,heap     ] GC(252) Eden regions: 46->0(46)
[2024-11-28T03:13:09.319-0700][gc,heap     ] GC(252) Survivor regions: 5->5(7)
[2024-11-28T03:13:09.319-0700][gc,heap     ] GC(252) Old regions: 218->219
[2024-11-28T03:13:09.319-0700][gc,heap     ] GC(252) Archive regions: 2->2
[2024-11-28T03:13:09.319-0700][gc,heap     ] GC(252) Humongous regions: 129->129
[2024-11-28T03:13:09.319-0700][gc,metaspace] GC(252) Metaspace: 46068K(46656K)->46068K(46656K) NonClass: 40573K(40896K)->40573K(40896K) Class: 5495K(5760K)->5495K(5760K)
[2024-11-28T03:13:09.319-0700][gc          ] GC(252) Pause Young (Normal) (G1 Evacuation Pause) 398M->352M(1024M) 25.616ms
[2024-11-28T03:13:09.319-0700][gc,cpu      ] GC(252) User=0.01s Sys=0.03s Real=0.02s
[2024-11-28T03:17:34.172-0700][gc,start    ] GC(253) Pause Young (Normal) (G1 Evacuation Pause)
[2024-11-28T03:17:34.173-0700][gc,task     ] GC(253) Using 8 workers of 8 for evacuation
[2024-11-28T03:17:34.189-0700][gc,phases   ] GC(253)   Pre Evacuate Collection Set: 1.0ms
[2024-11-28T03:17:34.189-0700][gc,phases   ] GC(253)   Merge Heap Roots: 0.1ms
[2024-11-28T03:17:34.189-0700][gc,phases   ] GC(253)   Evacuate Collection Set: 11.3ms
[2024-11-28T03:17:34.189-0700][gc,phases   ] GC(253)   Post Evacuate Collection Set: 3.0ms
[2024-11-28T03:17:34.189-0700][gc,phases   ] GC(253)   Other: 2.4ms
[2024-11-28T03:17:34.189-0700][gc,heap     ] GC(253) Eden regions: 46->0(47)
[2024-11-28T03:17:34.189-0700][gc,heap     ] GC(253) Survivor regions: 5->4(7)
[2024-11-28T03:17:34.189-0700][gc,heap     ] GC(253) Old regions: 219->220
[2024-11-28T03:17:34.189-0700][gc,heap     ] GC(253) Archive regions: 2->2
[2024-11-28T03:17:34.189-0700][gc,heap     ] GC(253) Humongous regions: 129->129
[2024-11-28T03:17:34.189-0700][gc,metaspace] GC(253) Metaspace: 46068K(46656K)->46068K(46656K) NonClass: 40573K(40896K)->40573K(40896K) Class: 5495K(5760K)->5495K(5760K)
[2024-11-28T03:17:34.189-0700][gc          ] GC(253) Pause Young (Normal) (G1 Evacuation Pause) 398M->353M(1024M) 17.483ms
[2024-11-28T03:17:34.189-0700][gc,cpu      ] GC(253) User=0.01s Sys=0.03s Real=0.01s
[2024-11-28T07:23:20.431-0700][gc,start    ] GC(254) Pause Young (Normal) (G1 Evacuation Pause)
[2024-11-28T07:23:20.432-0700][gc,task     ] GC(254) Using 8 workers of 8 for evacuation
[2024-11-28T07:23:20.480-0700][gc,mmu      ] GC(254) MMU target violated: 21.0ms (20.0ms/21.0ms)
[2024-11-28T07:23:20.480-0700][gc,phases   ] GC(254)   Pre Evacuate Collection Set: 4.4ms
[2024-11-28T07:23:20.480-0700][gc,phases   ] GC(254)   Merge Heap Roots: 0.7ms
[2024-11-28T07:23:20.480-0700][gc,phases   ] GC(254)   Evacuate Collection Set: 38.0ms
[2024-11-28T07:23:20.480-0700][gc,phases   ] GC(254)   Post Evacuate Collection Set: 2.4ms
[2024-11-28T07:23:20.481-0700][gc,phases   ] GC(254)   Other: 7.1ms
[2024-11-28T07:23:20.481-0700][gc,heap     ] GC(254) Eden regions: 47->0(46)
[2024-11-28T07:23:20.481-0700][gc,heap     ] GC(254) Survivor regions: 4->5(7)
[2024-11-28T07:23:20.481-0700][gc,heap     ] GC(254) Old regions: 220->221
[2024-11-28T07:23:20.481-0700][gc,heap     ] GC(254) Archive regions: 2->2
[2024-11-28T07:23:20.481-0700][gc,heap     ] GC(254) Humongous regions: 129->129
[2024-11-28T07:23:20.481-0700][gc,metaspace] GC(254) Metaspace: 46068K(46656K)->46068K(46656K) NonClass: 40573K(40896K)->40573K(40896K) Class: 5495K(5760K)->5495K(5760K)
[2024-11-28T07:23:20.481-0700][gc          ] GC(254) Pause Young (Normal) (G1 Evacuation Pause) 400M->354M(1024M) 51.315ms
[2024-11-28T07:23:20.481-0700][gc,cpu      ] GC(254) User=0.02s Sys=0.08s Real=0.06s
[2024-11-28T13:16:55.792-0700][gc,start    ] GC(255) Pause Young (Normal) (G1 Evacuation Pause)
[2024-11-28T13:16:55.794-0700][gc,task     ] GC(255) Using 8 workers of 8 for evacuation
[2024-11-28T13:16:55.849-0700][gc,mmu      ] GC(255) MMU target violated: 21.0ms (20.0ms/21.0ms)
[2024-11-28T13:16:55.849-0700][gc,phases   ] GC(255)   Pre Evacuate Collection Set: 6.2ms
[2024-11-28T13:16:55.849-0700][gc,phases   ] GC(255)   Merge Heap Roots: 3.9ms
[2024-11-28T13:16:55.849-0700][gc,phases   ] GC(255)   Evacuate Collection Set: 39.2ms
[2024-11-28T13:16:55.849-0700][gc,phases   ] GC(255)   Post Evacuate Collection Set: 3.7ms
[2024-11-28T13:16:55.850-0700][gc,phases   ] GC(255)   Other: 8.9ms
[2024-11-28T13:16:55.850-0700][gc,heap     ] GC(255) Eden regions: 46->0(47)
[2024-11-28T13:16:55.850-0700][gc,heap     ] GC(255) Survivor regions: 5->4(7)
[2024-11-28T13:16:55.850-0700][gc,heap     ] GC(255) Old regions: 221->223
[2024-11-28T13:16:55.850-0700][gc,heap     ] GC(255) Archive regions: 2->2
[2024-11-28T13:16:55.850-0700][gc,heap     ] GC(255) Humongous regions: 129->129
[2024-11-28T13:16:55.850-0700][gc,metaspace] GC(255) Metaspace: 46068K(46656K)->46068K(46656K) NonClass: 40573K(40896K)->40573K(40896K) Class: 5495K(5760K)->5495K(5760K)
[2024-11-28T13:16:55.850-0700][gc          ] GC(255) Pause Young (Normal) (G1 Evacuation Pause) 400M->355M(1024M) 58.106ms
[2024-11-28T13:16:55.850-0700][gc,cpu      ] GC(255) User=0.02s Sys=0.06s Real=0.06s
[2024-11-28T13:26:56.676-0700][gc,start    ] GC(256) Pause Young (Normal) (G1 Evacuation Pause)
[2024-11-28T13:26:56.678-0700][gc,task     ] GC(256) Using 8 workers of 8 for evacuation
[2024-11-28T13:26:56.714-0700][gc,mmu      ] GC(256) MMU target violated: 21.0ms (20.0ms/21.0ms)
[2024-11-28T13:26:56.714-0700][gc,phases   ] GC(256)   Pre Evacuate Collection Set: 4.5ms
[2024-11-28T13:26:56.714-0700][gc,phases   ] GC(256)   Merge Heap Roots: 1.0ms
[2024-11-28T13:26:56.714-0700][gc,phases   ] GC(256)   Evacuate Collection Set: 27.1ms
[2024-11-28T13:26:56.714-0700][gc,phases   ] GC(256)   Post Evacuate Collection Set: 2.3ms
[2024-11-28T13:26:56.715-0700][gc,phases   ] GC(256)   Other: 7.2ms
[2024-11-28T13:26:56.715-0700][gc,heap     ] GC(256) Eden regions: 47->0(47)
[2024-11-28T13:26:56.715-0700][gc,heap     ] GC(256) Survivor regions: 4->4(7)
[2024-11-28T13:26:56.715-0700][gc,heap     ] GC(256) Old regions: 223->223
[2024-11-28T13:26:56.715-0700][gc,heap     ] GC(256) Archive regions: 2->2
[2024-11-28T13:26:56.715-0700][gc,heap     ] GC(256) Humongous regions: 129->129
[2024-11-28T13:26:56.715-0700][gc,metaspace] GC(256) Metaspace: 46068K(46656K)->46068K(46656K) NonClass: 40573K(40896K)->40573K(40896K) Class: 5495K(5760K)->5495K(5760K)
[2024-11-28T13:26:56.715-0700][gc          ] GC(256) Pause Young (Normal) (G1 Evacuation Pause) 402M->355M(1024M) 39.689ms
[2024-11-28T13:26:56.715-0700][gc,cpu      ] GC(256) User=0.01s Sys=0.04s Real=0.04s
[2024-11-28T13:36:48.871-0700][gc,start    ] GC(257) Pause Young (Normal) (G1 Evacuation Pause)
[2024-11-28T13:36:48.874-0700][gc,task     ] GC(257) Using 8 workers of 8 for evacuation
[2024-11-28T13:36:48.917-0700][gc,mmu      ] GC(257) MMU target violated: 21.0ms (20.0ms/21.0ms)
[2024-11-28T13:36:48.918-0700][gc,phases   ] GC(257)   Pre Evacuate Collection Set: 4.3ms
[2024-11-28T13:36:48.918-0700][gc,phases   ] GC(257)   Merge Heap Roots: 0.8ms
[2024-11-28T13:36:48.918-0700][gc,phases   ] GC(257)   Evacuate Collection Set: 32.7ms
[2024-11-28T13:36:48.918-0700][gc,phases   ] GC(257)   Post Evacuate Collection Set: 2.9ms
[2024-11-28T13:36:48.918-0700][gc,phases   ] GC(257)   Other: 8.1ms
[2024-11-28T13:36:48.918-0700][gc,heap     ] GC(257) Eden regions: 47->0(46)
[2024-11-28T13:36:48.918-0700][gc,heap     ] GC(257) Survivor regions: 4->5(7)
[2024-11-28T13:36:48.918-0700][gc,heap     ] GC(257) Old regions: 223->223
[2024-11-28T13:36:48.918-0700][gc,heap     ] GC(257) Archive regions: 2->2
[2024-11-28T13:36:48.918-0700][gc,heap     ] GC(257) Humongous regions: 129->129
[2024-11-28T13:36:48.918-0700][gc,metaspace] GC(257) Metaspace: 46068K(46656K)->46068K(46656K) NonClass: 40573K(40896K)->40573K(40896K) Class: 5495K(5760K)->5495K(5760K)
[2024-11-28T13:36:48.918-0700][gc          ] GC(257) Pause Young (Normal) (G1 Evacuation Pause) 402M->356M(1024M) 47.615ms
[2024-11-28T13:36:48.918-0700][gc,cpu      ] GC(257) User=0.02s Sys=0.08s Real=0.04s
[2024-11-28T13:46:39.755-0700][gc,start    ] GC(258) Pause Young (Normal) (G1 Evacuation Pause)
[2024-11-28T13:46:39.759-0700][gc,task     ] GC(258) Using 8 workers of 8 for evacuation
[2024-11-28T13:46:39.803-0700][gc,mmu      ] GC(258) MMU target violated: 21.0ms (20.0ms/21.0ms)
[2024-11-28T13:46:39.803-0700][gc,phases   ] GC(258)   Pre Evacuate Collection Set: 1.5ms
[2024-11-28T13:46:39.803-0700][gc,phases   ] GC(258)   Merge Heap Roots: 2.4ms
[2024-11-28T13:46:39.803-0700][gc,phases   ] GC(258)   Evacuate Collection Set: 29.2ms
[2024-11-28T13:46:39.803-0700][gc,phases   ] GC(258)   Post Evacuate Collection Set: 9.1ms
[2024-11-28T13:46:39.803-0700][gc,phases   ] GC(258)   Other: 8.8ms
[2024-11-28T13:46:39.803-0700][gc,heap     ] GC(258) Eden regions: 46->0(46)
[2024-11-28T13:46:39.803-0700][gc,heap     ] GC(258) Survivor regions: 5->5(7)
[2024-11-28T13:46:39.803-0700][gc,heap     ] GC(258) Old regions: 223->223
[2024-11-28T13:46:39.803-0700][gc,heap     ] GC(258) Archive regions: 2->2
[2024-11-28T13:46:39.803-0700][gc,heap     ] GC(258) Humongous regions: 129->129
[2024-11-28T13:46:39.805-0700][gc,metaspace] GC(258) Metaspace: 46068K(46656K)->46068K(46656K) NonClass: 40573K(40896K)->40573K(40896K) Class: 5495K(5760K)->5495K(5760K)
[2024-11-28T13:46:39.805-0700][gc          ] GC(258) Pause Young (Normal) (G1 Evacuation Pause) 402M->357M(1024M) 51.622ms
[2024-11-28T13:46:39.805-0700][gc,cpu      ] GC(258) User=0.03s Sys=0.07s Real=0.05s
[2024-11-28T14:06:24.747-0700][gc,start    ] GC(259) Pause Young (Normal) (G1 Evacuation Pause)
[2024-11-28T14:06:24.749-0700][gc,task     ] GC(259) Using 8 workers of 8 for evacuation
[2024-11-28T14:06:24.783-0700][gc,mmu      ] GC(259) MMU target violated: 21.0ms (20.0ms/21.0ms)
[2024-11-28T14:06:24.783-0700][gc,phases   ] GC(259)   Pre Evacuate Collection Set: 4.2ms
[2024-11-28T14:06:24.783-0700][gc,phases   ] GC(259)   Merge Heap Roots: 1.0ms
[2024-11-28T14:06:24.783-0700][gc,phases   ] GC(259)   Evacuate Collection Set: 25.2ms
[2024-11-28T14:06:24.783-0700][gc,phases   ] GC(259)   Post Evacuate Collection Set: 2.0ms
[2024-11-28T14:06:24.783-0700][gc,phases   ] GC(259)   Other: 5.0ms
[2024-11-28T14:06:24.783-0700][gc,heap     ] GC(259) Eden regions: 46->0(48)
[2024-11-28T14:06:24.783-0700][gc,heap     ] GC(259) Survivor regions: 5->3(7)
[2024-11-28T14:06:24.783-0700][gc,heap     ] GC(259) Old regions: 223->225
[2024-11-28T14:06:24.783-0700][gc,heap     ] GC(259) Archive regions: 2->2
[2024-11-28T14:06:24.783-0700][gc,heap     ] GC(259) Humongous regions: 129->129
[2024-11-28T14:06:24.784-0700][gc,metaspace] GC(259) Metaspace: 46068K(46656K)->46068K(46656K) NonClass: 40573K(40896K)->40573K(40896K) Class: 5495K(5760K)->5495K(5760K)
[2024-11-28T14:06:24.784-0700][gc          ] GC(259) Pause Young (Normal) (G1 Evacuation Pause) 403M->357M(1024M) 37.843ms
[2024-11-28T14:06:24.784-0700][gc,cpu      ] GC(259) User=0.02s Sys=0.02s Real=0.04s
[2024-11-29T00:59:22.651-0700][gc,start    ] GC(260) Pause Young (Normal) (G1 Evacuation Pause)
[2024-11-29T00:59:22.655-0700][gc,task     ] GC(260) Using 8 workers of 8 for evacuation
[2024-11-29T00:59:22.739-0700][gc,mmu      ] GC(260) MMU target violated: 21.0ms (20.0ms/21.0ms)
[2024-11-29T00:59:22.740-0700][gc,phases   ] GC(260)   Pre Evacuate Collection Set: 9.6ms
[2024-11-29T00:59:22.740-0700][gc,phases   ] GC(260)   Merge Heap Roots: 2.1ms
[2024-11-29T00:59:22.740-0700][gc,phases   ] GC(260)   Evacuate Collection Set: 62.9ms
[2024-11-29T00:59:22.740-0700][gc,phases   ] GC(260)   Post Evacuate Collection Set: 4.8ms
[2024-11-29T00:59:22.740-0700][gc,phases   ] GC(260)   Other: 12.4ms
[2024-11-29T00:59:22.741-0700][gc,heap     ] GC(260) Eden regions: 48->0(46)
[2024-11-29T00:59:22.741-0700][gc,heap     ] GC(260) Survivor regions: 3->5(7)
[2024-11-29T00:59:22.741-0700][gc,heap     ] GC(260) Old regions: 225->225
[2024-11-29T00:59:22.741-0700][gc,heap     ] GC(260) Archive regions: 2->2
[2024-11-29T00:59:22.741-0700][gc,heap     ] GC(260) Humongous regions: 129->129
[2024-11-29T00:59:22.741-0700][gc,metaspace] GC(260) Metaspace: 46068K(46656K)->46068K(46656K) NonClass: 40573K(40896K)->40573K(40896K) Class: 5495K(5760K)->5495K(5760K)
[2024-11-29T00:59:22.741-0700][gc          ] GC(260) Pause Young (Normal) (G1 Evacuation Pause) 405M->358M(1024M) 90.780ms
[2024-11-29T00:59:22.741-0700][gc,cpu      ] GC(260) User=0.01s Sys=0.03s Real=0.09s
[2024-11-29T01:09:26.382-0700][gc,start    ] GC(261) Pause Young (Normal) (G1 Evacuation Pause)
[2024-11-29T01:09:26.384-0700][gc,task     ] GC(261) Using 8 workers of 8 for evacuation
[2024-11-29T01:09:26.444-0700][gc,mmu      ] GC(261) MMU target violated: 21.0ms (20.0ms/21.0ms)
[2024-11-29T01:09:26.444-0700][gc,phases   ] GC(261)   Pre Evacuate Collection Set: 6.6ms
[2024-11-29T01:09:26.444-0700][gc,phases   ] GC(261)   Merge Heap Roots: 1.3ms
[2024-11-29T01:09:26.444-0700][gc,phases   ] GC(261)   Evacuate Collection Set: 45.6ms
[2024-11-29T01:09:26.444-0700][gc,phases   ] GC(261)   Post Evacuate Collection Set: 4.3ms
[2024-11-29T01:09:26.444-0700][gc,phases   ] GC(261)   Other: 7.2ms
[2024-11-29T01:09:26.445-0700][gc,heap     ] GC(261) Eden regions: 46->0(46)
[2024-11-29T01:09:26.445-0700][gc,heap     ] GC(261) Survivor regions: 5->5(7)
[2024-11-29T01:09:26.445-0700][gc,heap     ] GC(261) Old regions: 225->225
[2024-11-29T01:09:26.445-0700][gc,heap     ] GC(261) Archive regions: 2->2
[2024-11-29T01:09:26.445-0700][gc,heap     ] GC(261) Humongous regions: 129->129
[2024-11-29T01:09:26.445-0700][gc,metaspace] GC(261) Metaspace: 46068K(46656K)->46068K(46656K) NonClass: 40573K(40896K)->40573K(40896K) Class: 5495K(5760K)->5495K(5760K)
[2024-11-29T01:09:26.445-0700][gc          ] GC(261) Pause Young (Normal) (G1 Evacuation Pause) 404M->358M(1024M) 64.703ms
[2024-11-29T01:09:26.446-0700][gc,cpu      ] GC(261) User=0.02s Sys=0.05s Real=0.06s
[2024-11-29T01:19:23.633-0700][gc,start    ] GC(262) Pause Young (Normal) (G1 Evacuation Pause)
[2024-11-29T01:19:23.634-0700][gc,task     ] GC(262) Using 8 workers of 8 for evacuation
[2024-11-29T01:19:23.672-0700][gc,mmu      ] GC(262) MMU target violated: 21.0ms (20.0ms/21.0ms)
[2024-11-29T01:19:23.672-0700][gc,phases   ] GC(262)   Pre Evacuate Collection Set: 5.0ms
[2024-11-29T01:19:23.672-0700][gc,phases   ] GC(262)   Merge Heap Roots: 0.5ms
[2024-11-29T01:19:23.672-0700][gc,phases   ] GC(262)   Evacuate Collection Set: 26.2ms
[2024-11-29T01:19:23.672-0700][gc,phases   ] GC(262)   Post Evacuate Collection Set: 3.9ms
[2024-11-29T01:19:23.672-0700][gc,phases   ] GC(262)   Other: 5.2ms
[2024-11-29T01:19:23.672-0700][gc,heap     ] GC(262) Eden regions: 46->0(46)
[2024-11-29T01:19:23.672-0700][gc,heap     ] GC(262) Survivor regions: 5->5(7)
[2024-11-29T01:19:23.672-0700][gc,heap     ] GC(262) Old regions: 225->226
[2024-11-29T01:19:23.672-0700][gc,heap     ] GC(262) Archive regions: 2->2
[2024-11-29T01:19:23.672-0700][gc,heap     ] GC(262) Humongous regions: 129->129
[2024-11-29T01:19:23.672-0700][gc,metaspace] GC(262) Metaspace: 46068K(46656K)->46068K(46656K) NonClass: 40573K(40896K)->40573K(40896K) Class: 5495K(5760K)->5495K(5760K)
[2024-11-29T01:19:23.672-0700][gc          ] GC(262) Pause Young (Normal) (G1 Evacuation Pause) 404M->359M(1024M) 40.644ms
[2024-11-29T01:19:23.672-0700][gc,cpu      ] GC(262) User=0.03s Sys=0.05s Real=0.04s
[2024-11-29T01:29:29.243-0700][gc,start    ] GC(263) Pause Young (Normal) (G1 Evacuation Pause)
[2024-11-29T01:29:29.244-0700][gc,task     ] GC(263) Using 8 workers of 8 for evacuation
[2024-11-29T01:29:29.270-0700][gc,mmu      ] GC(263) MMU target violated: 21.0ms (20.0ms/21.0ms)
[2024-11-29T01:29:29.270-0700][gc,phases   ] GC(263)   Pre Evacuate Collection Set: 5.0ms
[2024-11-29T01:29:29.270-0700][gc,phases   ] GC(263)   Merge Heap Roots: 1.6ms
[2024-11-29T01:29:29.270-0700][gc,phases   ] GC(263)   Evacuate Collection Set: 12.3ms
[2024-11-29T01:29:29.270-0700][gc,phases   ] GC(263)   Post Evacuate Collection Set: 4.8ms
[2024-11-29T01:29:29.270-0700][gc,phases   ] GC(263)   Other: 4.5ms
[2024-11-29T01:29:29.270-0700][gc,heap     ] GC(263) Eden regions: 46->0(48)
[2024-11-29T01:29:29.270-0700][gc,heap     ] GC(263) Survivor regions: 5->3(7)
[2024-11-29T01:29:29.270-0700][gc,heap     ] GC(263) Old regions: 226->227
[2024-11-29T01:29:29.270-0700][gc,heap     ] GC(263) Archive regions: 2->2
[2024-11-29T01:29:29.270-0700][gc,heap     ] GC(263) Humongous regions: 129->129
[2024-11-29T01:29:29.270-0700][gc,metaspace] GC(263) Metaspace: 46068K(46656K)->46068K(46656K) NonClass: 40573K(40896K)->40573K(40896K) Class: 5495K(5760K)->5495K(5760K)
[2024-11-29T01:29:29.270-0700][gc          ] GC(263) Pause Young (Normal) (G1 Evacuation Pause) 405M->359M(1024M) 28.012ms
[2024-11-29T01:29:29.270-0700][gc,cpu      ] GC(263) User=0.01s Sys=0.03s Real=0.03s
[2024-11-29T01:39:31.700-0700][gc,start    ] GC(264) Pause Young (Normal) (G1 Evacuation Pause)
[2024-11-29T01:39:31.702-0700][gc,task     ] GC(264) Using 8 workers of 8 for evacuation
[2024-11-29T01:39:31.736-0700][gc,mmu      ] GC(264) MMU target violated: 21.0ms (20.0ms/21.0ms)
[2024-11-29T01:39:31.736-0700][gc,phases   ] GC(264)   Pre Evacuate Collection Set: 3.4ms
[2024-11-29T01:39:31.736-0700][gc,phases   ] GC(264)   Merge Heap Roots: 0.4ms
[2024-11-29T01:39:31.736-0700][gc,phases   ] GC(264)   Evacuate Collection Set: 25.2ms
[2024-11-29T01:39:31.736-0700][gc,phases   ] GC(264)   Post Evacuate Collection Set: 3.4ms
[2024-11-29T01:39:31.736-0700][gc,phases   ] GC(264)   Other: 5.6ms
[2024-11-29T01:39:31.737-0700][gc,heap     ] GC(264) Eden regions: 48->0(47)
[2024-11-29T01:39:31.737-0700][gc,heap     ] GC(264) Survivor regions: 3->4(7)
[2024-11-29T01:39:31.737-0700][gc,heap     ] GC(264) Old regions: 227->227
[2024-11-29T01:39:31.737-0700][gc,heap     ] GC(264) Archive regions: 2->2
[2024-11-29T01:39:31.737-0700][gc,heap     ] GC(264) Humongous regions: 129->129
[2024-11-29T01:39:31.737-0700][gc,metaspace] GC(264) Metaspace: 46068K(46656K)->46068K(46656K) NonClass: 40573K(40896K)->40573K(40896K) Class: 5495K(5760K)->5495K(5760K)
[2024-11-29T01:39:31.737-0700][gc          ] GC(264) Pause Young (Normal) (G1 Evacuation Pause) 407M->359M(1024M) 37.978ms
[2024-11-29T01:39:31.737-0700][gc,cpu      ] GC(264) User=0.02s Sys=0.07s Real=0.04s
[2024-11-29T01:49:52.694-0700][gc,start    ] GC(265) Pause Young (Normal) (G1 Evacuation Pause)
[2024-11-29T01:49:52.695-0700][gc,task     ] GC(265) Using 8 workers of 8 for evacuation
[2024-11-29T01:49:52.713-0700][gc,phases   ] GC(265)   Pre Evacuate Collection Set: 0.7ms
[2024-11-29T01:49:52.713-0700][gc,phases   ] GC(265)   Merge Heap Roots: 0.4ms
[2024-11-29T01:49:52.713-0700][gc,phases   ] GC(265)   Evacuate Collection Set: 13.9ms
[2024-11-29T01:49:52.713-0700][gc,phases   ] GC(265)   Post Evacuate Collection Set: 1.7ms
[2024-11-29T01:49:52.714-0700][gc,phases   ] GC(265)   Other: 4.4ms
[2024-11-29T01:49:52.714-0700][gc,heap     ] GC(265) Eden regions: 47->0(48)
[2024-11-29T01:49:52.714-0700][gc,heap     ] GC(265) Survivor regions: 4->3(7)
[2024-11-29T01:49:52.714-0700][gc,heap     ] GC(265) Old regions: 227->227
[2024-11-29T01:49:52.714-0700][gc,heap     ] GC(265) Archive regions: 2->2
[2024-11-29T01:49:52.714-0700][gc,heap     ] GC(265) Humongous regions: 129->129
[2024-11-29T01:49:52.714-0700][gc,metaspace] GC(265) Metaspace: 46068K(46656K)->46068K(46656K) NonClass: 40573K(40896K)->40573K(40896K) Class: 5495K(5760K)->5495K(5760K)
[2024-11-29T01:49:52.714-0700][gc          ] GC(265) Pause Young (Normal) (G1 Evacuation Pause) 406M->358M(1024M) 21.139ms
[2024-11-29T01:49:52.714-0700][gc,cpu      ] GC(265) User=0.02s Sys=0.03s Real=0.02s
[2024-11-29T02:00:25.951-0700][gc,start    ] GC(266) Pause Young (Normal) (G1 Evacuation Pause)
[2024-11-29T02:00:25.952-0700][gc,task     ] GC(266) Using 8 workers of 8 for evacuation
[2024-11-29T02:00:25.971-0700][gc,phases   ] GC(266)   Pre Evacuate Collection Set: 0.8ms
[2024-11-29T02:00:25.971-0700][gc,phases   ] GC(266)   Merge Heap Roots: 0.1ms
[2024-11-29T02:00:25.971-0700][gc,phases   ] GC(266)   Evacuate Collection Set: 14.9ms
[2024-11-29T02:00:25.971-0700][gc,phases   ] GC(266)   Post Evacuate Collection Set: 1.7ms
[2024-11-29T02:00:25.971-0700][gc,phases   ] GC(266)   Other: 3.9ms
[2024-11-29T02:00:25.971-0700][gc,heap     ] GC(266) Eden regions: 48->0(47)
[2024-11-29T02:00:25.971-0700][gc,heap     ] GC(266) Survivor regions: 3->4(7)
[2024-11-29T02:00:25.971-0700][gc,heap     ] GC(266) Old regions: 227->227
[2024-11-29T02:00:25.971-0700][gc,heap     ] GC(266) Archive regions: 2->2
[2024-11-29T02:00:25.971-0700][gc,heap     ] GC(266) Humongous regions: 129->129
[2024-11-29T02:00:25.972-0700][gc,metaspace] GC(266) Metaspace: 46068K(46656K)->46068K(46656K) NonClass: 40573K(40896K)->40573K(40896K) Class: 5495K(5760K)->5495K(5760K)
[2024-11-29T02:00:25.972-0700][gc          ] GC(266) Pause Young (Normal) (G1 Evacuation Pause) 406M->359M(1024M) 21.532ms
[2024-11-29T02:00:25.972-0700][gc,cpu      ] GC(266) User=0.02s Sys=0.03s Real=0.02s
[2024-11-29T02:10:45.487-0700][gc,start    ] GC(267) Pause Young (Normal) (G1 Evacuation Pause)
[2024-11-29T02:10:45.488-0700][gc,task     ] GC(267) Using 8 workers of 8 for evacuation
[2024-11-29T02:10:45.505-0700][gc,phases   ] GC(267)   Pre Evacuate Collection Set: 1.6ms
[2024-11-29T02:10:45.505-0700][gc,phases   ] GC(267)   Merge Heap Roots: 0.5ms
[2024-11-29T02:10:45.505-0700][gc,phases   ] GC(267)   Evacuate Collection Set: 10.5ms
[2024-11-29T02:10:45.505-0700][gc,phases   ] GC(267)   Post Evacuate Collection Set: 2.0ms
[2024-11-29T02:10:45.505-0700][gc,phases   ] GC(267)   Other: 4.5ms
[2024-11-29T02:10:45.505-0700][gc,heap     ] GC(267) Eden regions: 47->0(48)
[2024-11-29T02:10:45.505-0700][gc,heap     ] GC(267) Survivor regions: 4->3(7)
[2024-11-29T02:10:45.505-0700][gc,heap     ] GC(267) Old regions: 227->227
[2024-11-29T02:10:45.505-0700][gc,heap     ] GC(267) Archive regions: 2->2
[2024-11-29T02:10:45.505-0700][gc,heap     ] GC(267) Humongous regions: 129->129
[2024-11-29T02:10:45.506-0700][gc,metaspace] GC(267) Metaspace: 46068K(46656K)->46068K(46656K) NonClass: 40573K(40896K)->40573K(40896K) Class: 5495K(5760K)->5495K(5760K)
[2024-11-29T02:10:45.506-0700][gc          ] GC(267) Pause Young (Normal) (G1 Evacuation Pause) 406M->359M(1024M) 19.860ms
[2024-11-29T02:10:45.506-0700][gc,cpu      ] GC(267) User=0.01s Sys=0.02s Real=0.02s
[2024-11-29T02:21:09.904-0700][gc,start    ] GC(268) Pause Young (Normal) (G1 Evacuation Pause)
[2024-11-29T02:21:09.906-0700][gc,task     ] GC(268) Using 8 workers of 8 for evacuation
[2024-11-29T02:21:09.931-0700][gc,mmu      ] GC(268) MMU target violated: 21.0ms (20.0ms/21.0ms)
[2024-11-29T02:21:09.931-0700][gc,phases   ] GC(268)   Pre Evacuate Collection Set: 2.5ms
[2024-11-29T02:21:09.931-0700][gc,phases   ] GC(268)   Merge Heap Roots: 0.5ms
[2024-11-29T02:21:09.931-0700][gc,phases   ] GC(268)   Evacuate Collection Set: 17.0ms
[2024-11-29T02:21:09.931-0700][gc,phases   ] GC(268)   Post Evacuate Collection Set: 3.4ms
[2024-11-29T02:21:09.931-0700][gc,phases   ] GC(268)   Other: 5.5ms
[2024-11-29T02:21:09.932-0700][gc,heap     ] GC(268) Eden regions: 48->0(47)
[2024-11-29T02:21:09.932-0700][gc,heap     ] GC(268) Survivor regions: 3->4(7)
[2024-11-29T02:21:09.932-0700][gc,heap     ] GC(268) Old regions: 227->227
[2024-11-29T02:21:09.932-0700][gc,heap     ] GC(268) Archive regions: 2->2
[2024-11-29T02:21:09.932-0700][gc,heap     ] GC(268) Humongous regions: 129->129
[2024-11-29T02:21:09.932-0700][gc,metaspace] GC(268) Metaspace: 46068K(46656K)->46068K(46656K) NonClass: 40573K(40896K)->40573K(40896K) Class: 5495K(5760K)->5495K(5760K)
[2024-11-29T02:21:09.932-0700][gc          ] GC(268) Pause Young (Normal) (G1 Evacuation Pause) 407M->359M(1024M) 29.266ms
[2024-11-29T02:21:09.932-0700][gc,cpu      ] GC(268) User=0.01s Sys=0.04s Real=0.03s
[2024-11-29T02:30:53.394-0700][gc,start    ] GC(269) Pause Young (Normal) (G1 Evacuation Pause)
[2024-11-29T02:30:53.395-0700][gc,task     ] GC(269) Using 8 workers of 8 for evacuation
[2024-11-29T02:30:53.415-0700][gc,phases   ] GC(269)   Pre Evacuate Collection Set: 1.4ms
[2024-11-29T02:30:53.415-0700][gc,phases   ] GC(269)   Merge Heap Roots: 0.4ms
[2024-11-29T02:30:53.415-0700][gc,phases   ] GC(269)   Evacuate Collection Set: 11.7ms
[2024-11-29T02:30:53.415-0700][gc,phases   ] GC(269)   Post Evacuate Collection Set: 5.2ms
[2024-11-29T02:30:53.415-0700][gc,phases   ] GC(269)   Other: 4.1ms
[2024-11-29T02:30:53.415-0700][gc,heap     ] GC(269) Eden regions: 47->0(50)
[2024-11-29T02:30:53.415-0700][gc,heap     ] GC(269) Survivor regions: 4->3(7)
[2024-11-29T02:30:53.415-0700][gc,heap     ] GC(269) Old regions: 227->227
[2024-11-29T02:30:53.415-0700][gc,heap     ] GC(269) Archive regions: 2->2
[2024-11-29T02:30:53.415-0700][gc,heap     ] GC(269) Humongous regions: 129->129
[2024-11-29T02:30:53.415-0700][gc,metaspace] GC(269) Metaspace: 46068K(46656K)->46068K(46656K) NonClass: 40573K(40896K)->40573K(40896K) Class: 5495K(5760K)->5495K(5760K)
[2024-11-29T02:30:53.415-0700][gc          ] GC(269) Pause Young (Normal) (G1 Evacuation Pause) 406M->358M(1024M) 22.744ms
[2024-11-29T02:30:53.415-0700][gc,cpu      ] GC(269) User=0.02s Sys=0.03s Real=0.02s
[2024-11-29T02:41:49.382-0700][gc,start    ] GC(270) Pause Young (Normal) (G1 Evacuation Pause)
[2024-11-29T02:41:49.383-0700][gc,task     ] GC(270) Using 8 workers of 8 for evacuation
[2024-11-29T02:41:49.406-0700][gc,mmu      ] GC(270) MMU target violated: 21.0ms (20.0ms/21.0ms)
[2024-11-29T02:41:49.406-0700][gc,phases   ] GC(270)   Pre Evacuate Collection Set: 1.1ms
[2024-11-29T02:41:49.406-0700][gc,phases   ] GC(270)   Merge Heap Roots: 0.4ms
[2024-11-29T02:41:49.406-0700][gc,phases   ] GC(270)   Evacuate Collection Set: 17.2ms
[2024-11-29T02:41:49.406-0700][gc,phases   ] GC(270)   Post Evacuate Collection Set: 3.2ms
[2024-11-29T02:41:49.406-0700][gc,phases   ] GC(270)   Other: 4.0ms
[2024-11-29T02:41:49.406-0700][gc,heap     ] GC(270) Eden regions: 50->0(47)
[2024-11-29T02:41:49.406-0700][gc,heap     ] GC(270) Survivor regions: 3->4(7)
[2024-11-29T02:41:49.406-0700][gc,heap     ] GC(270) Old regions: 227->227
[2024-11-29T02:41:49.407-0700][gc,heap     ] GC(270) Archive regions: 2->2
[2024-11-29T02:41:49.407-0700][gc,heap     ] GC(270) Humongous regions: 129->129
[2024-11-29T02:41:49.407-0700][gc,metaspace] GC(270) Metaspace: 46068K(46656K)->46068K(46656K) NonClass: 40573K(40896K)->40573K(40896K) Class: 5495K(5760K)->5495K(5760K)
[2024-11-29T02:41:49.407-0700][gc          ] GC(270) Pause Young (Normal) (G1 Evacuation Pause) 408M->359M(1024M) 26.143ms
[2024-11-29T02:41:49.407-0700][gc,cpu      ] GC(270) User=0.01s Sys=0.03s Real=0.02s
[2024-11-29T10:05:00.064-0700][gc,start    ] GC(271) Pause Young (Normal) (G1 Evacuation Pause)
[2024-11-29T10:05:00.065-0700][gc,task     ] GC(271) Using 8 workers of 8 for evacuation
[2024-11-29T10:05:00.171-0700][gc,mmu      ] GC(271) MMU target violated: 21.0ms (20.0ms/21.0ms)
[2024-11-29T10:05:00.171-0700][gc,phases   ] GC(271)   Pre Evacuate Collection Set: 5.1ms
[2024-11-29T10:05:00.171-0700][gc,phases   ] GC(271)   Merge Heap Roots: 0.5ms
[2024-11-29T10:05:00.171-0700][gc,phases   ] GC(271)   Evacuate Collection Set: 83.6ms
[2024-11-29T10:05:00.171-0700][gc,phases   ] GC(271)   Post Evacuate Collection Set: 15.5ms
[2024-11-29T10:05:00.172-0700][gc,phases   ] GC(271)   Other: 3.8ms
[2024-11-29T10:05:00.172-0700][gc,heap     ] GC(271) Eden regions: 47->0(46)
[2024-11-29T10:05:00.172-0700][gc,heap     ] GC(271) Survivor regions: 4->5(7)
[2024-11-29T10:05:00.172-0700][gc,heap     ] GC(271) Old regions: 227->227
[2024-11-29T10:05:00.172-0700][gc,heap     ] GC(271) Archive regions: 2->2
[2024-11-29T10:05:00.172-0700][gc,heap     ] GC(271) Humongous regions: 129->129
[2024-11-29T10:05:00.172-0700][gc,metaspace] GC(271) Metaspace: 46068K(46656K)->46068K(46656K) NonClass: 40573K(40896K)->40573K(40896K) Class: 5495K(5760K)->5495K(5760K)
[2024-11-29T10:05:00.172-0700][gc          ] GC(271) Pause Young (Normal) (G1 Evacuation Pause) 406M->360M(1024M) 108.142ms
[2024-11-29T10:05:00.172-0700][gc,cpu      ] GC(271) User=0.02s Sys=0.04s Real=0.11s
[2024-11-29T10:15:06.851-0700][gc,start    ] GC(272) Pause Young (Normal) (G1 Evacuation Pause)
[2024-11-29T10:15:06.852-0700][gc,task     ] GC(272) Using 8 workers of 8 for evacuation
[2024-11-29T10:15:06.886-0700][gc,mmu      ] GC(272) MMU target violated: 21.0ms (20.0ms/21.0ms)
[2024-11-29T10:15:06.886-0700][gc,phases   ] GC(272)   Pre Evacuate Collection Set: 4.9ms
[2024-11-29T10:15:06.886-0700][gc,phases   ] GC(272)   Merge Heap Roots: 7.5ms
[2024-11-29T10:15:06.886-0700][gc,phases   ] GC(272)   Evacuate Collection Set: 18.3ms
[2024-11-29T10:15:06.886-0700][gc,phases   ] GC(272)   Post Evacuate Collection Set: 2.1ms
[2024-11-29T10:15:06.887-0700][gc,phases   ] GC(272)   Other: 4.0ms
[2024-11-29T10:15:06.887-0700][gc,heap     ] GC(272) Eden regions: 46->0(47)
[2024-11-29T10:15:06.887-0700][gc,heap     ] GC(272) Survivor regions: 5->4(7)
[2024-11-29T10:15:06.887-0700][gc,heap     ] GC(272) Old regions: 227->227
[2024-11-29T10:15:06.887-0700][gc,heap     ] GC(272) Archive regions: 2->2
[2024-11-29T10:15:06.887-0700][gc,heap     ] GC(272) Humongous regions: 129->129
[2024-11-29T10:15:06.887-0700][gc,metaspace] GC(272) Metaspace: 46069K(46656K)->46069K(46656K) NonClass: 40574K(40896K)->40574K(40896K) Class: 5495K(5760K)->5495K(5760K)
[2024-11-29T10:15:06.887-0700][gc          ] GC(272) Pause Young (Normal) (G1 Evacuation Pause) 406M->359M(1024M) 36.791ms
[2024-11-29T10:15:06.887-0700][gc,cpu      ] GC(272) User=0.01s Sys=0.03s Real=0.03s
[2024-11-29T10:25:26.286-0700][gc,start    ] GC(273) Pause Young (Normal) (G1 Evacuation Pause)
[2024-11-29T10:25:26.288-0700][gc,task     ] GC(273) Using 8 workers of 8 for evacuation
[2024-11-29T10:25:26.320-0700][gc,mmu      ] GC(273) MMU target violated: 21.0ms (20.0ms/21.0ms)
[2024-11-29T10:25:26.320-0700][gc,phases   ] GC(273)   Pre Evacuate Collection Set: 5.0ms
[2024-11-29T10:25:26.320-0700][gc,phases   ] GC(273)   Merge Heap Roots: 0.3ms
[2024-11-29T10:25:26.320-0700][gc,phases   ] GC(273)   Evacuate Collection Set: 23.0ms
[2024-11-29T10:25:26.320-0700][gc,phases   ] GC(273)   Post Evacuate Collection Set: 2.5ms
[2024-11-29T10:25:26.320-0700][gc,phases   ] GC(273)   Other: 6.9ms
[2024-11-29T10:25:26.320-0700][gc,heap     ] GC(273) Eden regions: 47->0(47)
[2024-11-29T10:25:26.320-0700][gc,heap     ] GC(273) Survivor regions: 4->4(7)
[2024-11-29T10:25:26.320-0700][gc,heap     ] GC(273) Old regions: 227->227
[2024-11-29T10:25:26.320-0700][gc,heap     ] GC(273) Archive regions: 2->2
[2024-11-29T10:25:26.320-0700][gc,heap     ] GC(273) Humongous regions: 129->129
[2024-11-29T10:25:26.320-0700][gc,metaspace] GC(273) Metaspace: 46069K(46656K)->46069K(46656K) NonClass: 40574K(40896K)->40574K(40896K) Class: 5495K(5760K)->5495K(5760K)
[2024-11-29T10:25:26.320-0700][gc          ] GC(273) Pause Young (Normal) (G1 Evacuation Pause) 406M->360M(1024M) 35.845ms
[2024-11-29T10:25:26.320-0700][gc,cpu      ] GC(273) User=0.02s Sys=0.03s Real=0.04s
[2024-11-29T12:24:35.495-0700][gc,start    ] GC(274) Pause Young (Normal) (G1 Evacuation Pause)
[2024-11-29T12:24:35.497-0700][gc,task     ] GC(274) Using 8 workers of 8 for evacuation
[2024-11-29T12:24:35.562-0700][gc,mmu      ] GC(274) MMU target violated: 21.0ms (20.0ms/21.0ms)
[2024-11-29T12:24:35.562-0700][gc,phases   ] GC(274)   Pre Evacuate Collection Set: 6.6ms
[2024-11-29T12:24:35.562-0700][gc,phases   ] GC(274)   Merge Heap Roots: 1.2ms
[2024-11-29T12:24:35.562-0700][gc,phases   ] GC(274)   Evacuate Collection Set: 50.6ms
[2024-11-29T12:24:35.562-0700][gc,phases   ] GC(274)   Post Evacuate Collection Set: 4.1ms
[2024-11-29T12:24:35.563-0700][gc,phases   ] GC(274)   Other: 8.1ms
[2024-11-29T12:24:35.563-0700][gc,heap     ] GC(274) Eden regions: 47->0(46)
[2024-11-29T12:24:35.563-0700][gc,heap     ] GC(274) Survivor regions: 4->5(7)
[2024-11-29T12:24:35.563-0700][gc,heap     ] GC(274) Old regions: 227->227
[2024-11-29T12:24:35.563-0700][gc,heap     ] GC(274) Archive regions: 2->2
[2024-11-29T12:24:35.563-0700][gc,heap     ] GC(274) Humongous regions: 129->129
[2024-11-29T12:24:35.563-0700][gc,metaspace] GC(274) Metaspace: 46072K(46656K)->46072K(46656K) NonClass: 40576K(40896K)->40576K(40896K) Class: 5495K(5760K)->5495K(5760K)
[2024-11-29T12:24:35.563-0700][gc          ] GC(274) Pause Young (Normal) (G1 Evacuation Pause) 407M->360M(1024M) 68.886ms
[2024-11-29T12:24:35.563-0700][gc,cpu      ] GC(274) User=0.03s Sys=0.08s Real=0.07s
