[2024-12-01T22:04:15.876-0700][gc] Using G1
[2024-12-01T22:04:15.877-0700][gc,init] Version: 17.0.13+0 (release)
[2024-12-01T22:04:15.877-0700][gc,init] CPUs: 8 total, 8 available
[2024-12-01T22:04:15.877-0700][gc,init] Memory: 8192M
[2024-12-01T22:04:15.877-0700][gc,init] Large Page Support: Disabled
[2024-12-01T22:04:15.877-0700][gc,init] NUMA Support: Disabled
[2024-12-01T22:04:15.877-0700][gc,init] Compressed Oops: Enabled (Zero based)
[2024-12-01T22:04:15.877-0700][gc,init] Heap Region Size: 1M
[2024-12-01T22:04:15.877-0700][gc,init] Heap Min Capacity: 1G
[2024-12-01T22:04:15.877-0700][gc,init] Heap Initial Capacity: 1G
[2024-12-01T22:04:15.877-0700][gc,init] Heap Max Capacity: 1G
[2024-12-01T22:04:15.877-0700][gc,init] Pre-touch: Disabled
[2024-12-01T22:04:15.877-0700][gc,init] Parallel Workers: 8
[2024-12-01T22:04:15.877-0700][gc,init] Concurrent Workers: 2
[2024-12-01T22:04:15.877-0700][gc,init] Concurrent Refinement Workers: 8
[2024-12-01T22:04:15.877-0700][gc,init] Periodic GC: Disabled
[2024-12-01T22:04:15.881-0700][gc,metaspace] CDS archive(s) mapped at: [0x000000e000000000-0x000000e000bc0000-0x000000e000bc0000), size 12320768, SharedBaseAddress: 0x000000e000000000, ArchiveRelocationMode: 1.
[2024-12-01T22:04:15.881-0700][gc,metaspace] Compressed class space mapped at: 0x000000e001000000-0x000000e041000000, reserved size: 1073741824
[2024-12-01T22:04:15.881-0700][gc,metaspace] Narrow klass base: 0x000000e000000000, Narrow klass shift: 0, Narrow klass range: 0x100000000
[2024-12-01T22:04:16.732-0700][gc,start    ] GC(0) Pause Young (Normal) (G1 Evacuation Pause)
[2024-12-01T22:04:16.732-0700][gc,task     ] GC(0) Using 8 workers of 8 for evacuation
[2024-12-01T22:04:16.737-0700][gc,phases   ] GC(0)   Pre Evacuate Collection Set: 0.3ms
[2024-12-01T22:04:16.737-0700][gc,phases   ] GC(0)   Merge Heap Roots: 0.1ms
[2024-12-01T22:04:16.737-0700][gc,phases   ] GC(0)   Evacuate Collection Set: 3.6ms
[2024-12-01T22:04:16.737-0700][gc,phases   ] GC(0)   Post Evacuate Collection Set: 0.9ms
[2024-12-01T22:04:16.737-0700][gc,phases   ] GC(0)   Other: 0.5ms
[2024-12-01T22:04:16.737-0700][gc,heap     ] GC(0) Eden regions: 51->0(44)
[2024-12-01T22:04:16.737-0700][gc,heap     ] GC(0) Survivor regions: 0->7(7)
[2024-12-01T22:04:16.737-0700][gc,heap     ] GC(0) Old regions: 0->1
[2024-12-01T22:04:16.737-0700][gc,heap     ] GC(0) Archive regions: 2->2
[2024-12-01T22:04:16.737-0700][gc,heap     ] GC(0) Humongous regions: 0->0
[2024-12-01T22:04:16.737-0700][gc,metaspace] GC(0) Metaspace: 17414K(17664K)->17414K(17664K) NonClass: 15289K(15424K)->15289K(15424K) Class: 2125K(2240K)->2125K(2240K)
[2024-12-01T22:04:16.737-0700][gc          ] GC(0) Pause Young (Normal) (G1 Evacuation Pause) 51M->8M(1024M) 5.489ms
[2024-12-01T22:04:16.737-0700][gc,cpu      ] GC(0) User=0.01s Sys=0.00s Real=0.00s
[2024-12-01T22:04:16.908-0700][gc,start    ] GC(1) Pause Young (Concurrent Start) (Metadata GC Threshold)
[2024-12-01T22:04:16.908-0700][gc,task     ] GC(1) Using 8 workers of 8 for evacuation
[2024-12-01T22:04:16.911-0700][gc,phases   ] GC(1)   Pre Evacuate Collection Set: 0.1ms
[2024-12-01T22:04:16.911-0700][gc,phases   ] GC(1)   Merge Heap Roots: 0.0ms
[2024-12-01T22:04:16.911-0700][gc,phases   ] GC(1)   Evacuate Collection Set: 1.9ms
[2024-12-01T22:04:16.911-0700][gc,phases   ] GC(1)   Post Evacuate Collection Set: 0.2ms
[2024-12-01T22:04:16.911-0700][gc,phases   ] GC(1)   Other: 0.1ms
[2024-12-01T22:04:16.911-0700][gc,heap     ] GC(1) Eden regions: 17->0(49)
[2024-12-01T22:04:16.911-0700][gc,heap     ] GC(1) Survivor regions: 7->2(7)
[2024-12-01T22:04:16.911-0700][gc,heap     ] GC(1) Old regions: 1->8
[2024-12-01T22:04:16.911-0700][gc,heap     ] GC(1) Archive regions: 2->2
[2024-12-01T22:04:16.911-0700][gc,heap     ] GC(1) Humongous regions: 129->129
[2024-12-01T22:04:16.911-0700][gc,metaspace] GC(1) Metaspace: 21305K(21504K)->21305K(21504K) NonClass: 18693K(18816K)->18693K(18816K) Class: 2612K(2688K)->2612K(2688K)
[2024-12-01T22:04:16.911-0700][gc          ] GC(1) Pause Young (Concurrent Start) (Metadata GC Threshold) 154M->139M(1024M) 2.415ms
[2024-12-01T22:04:16.911-0700][gc,cpu      ] GC(1) User=0.01s Sys=0.00s Real=0.01s
[2024-12-01T22:04:16.911-0700][gc          ] GC(2) Concurrent Mark Cycle
[2024-12-01T22:04:16.911-0700][gc,marking  ] GC(2) Concurrent Clear Claimed Marks
[2024-12-01T22:04:16.911-0700][gc,marking  ] GC(2) Concurrent Clear Claimed Marks 0.013ms
[2024-12-01T22:04:16.911-0700][gc,marking  ] GC(2) Concurrent Scan Root Regions
[2024-12-01T22:04:16.913-0700][gc,marking  ] GC(2) Concurrent Scan Root Regions 2.043ms
[2024-12-01T22:04:16.913-0700][gc,marking  ] GC(2) Concurrent Mark
[2024-12-01T22:04:16.913-0700][gc,marking  ] GC(2) Concurrent Mark From Roots
[2024-12-01T22:04:16.913-0700][gc,task     ] GC(2) Using 2 workers of 2 for marking
[2024-12-01T22:04:16.914-0700][gc,marking  ] GC(2) Concurrent Mark From Roots 0.996ms
[2024-12-01T22:04:16.914-0700][gc,marking  ] GC(2) Concurrent Preclean
[2024-12-01T22:04:16.914-0700][gc,marking  ] GC(2) Concurrent Preclean 0.015ms
[2024-12-01T22:04:16.914-0700][gc,start    ] GC(2) Pause Remark
[2024-12-01T22:04:16.915-0700][gc          ] GC(2) Pause Remark 140M->140M(1024M) 1.009ms
[2024-12-01T22:04:16.915-0700][gc,cpu      ] GC(2) User=0.01s Sys=0.00s Real=0.00s
[2024-12-01T22:04:16.915-0700][gc,marking  ] GC(2) Concurrent Mark 2.170ms
[2024-12-01T22:04:16.915-0700][gc,marking  ] GC(2) Concurrent Rebuild Remembered Sets
[2024-12-01T22:04:16.915-0700][gc,marking  ] GC(2) Concurrent Rebuild Remembered Sets 0.011ms
[2024-12-01T22:04:16.915-0700][gc,start    ] GC(2) Pause Cleanup
[2024-12-01T22:04:16.915-0700][gc          ] GC(2) Pause Cleanup 140M->140M(1024M) 0.016ms
[2024-12-01T22:04:16.915-0700][gc,cpu      ] GC(2) User=0.00s Sys=0.00s Real=0.00s
[2024-12-01T22:04:16.915-0700][gc,marking  ] GC(2) Concurrent Cleanup for Next Mark
[2024-12-01T22:04:16.917-0700][gc,marking  ] GC(2) Concurrent Cleanup for Next Mark 1.369ms
[2024-12-01T22:04:16.917-0700][gc          ] GC(2) Concurrent Mark Cycle 5.856ms
[2024-12-01T22:04:17.207-0700][gc,start    ] GC(3) Pause Young (Normal) (G1 Evacuation Pause)
[2024-12-01T22:04:17.207-0700][gc,task     ] GC(3) Using 8 workers of 8 for evacuation
[2024-12-01T22:04:17.210-0700][gc,phases   ] GC(3)   Pre Evacuate Collection Set: 0.1ms
[2024-12-01T22:04:17.210-0700][gc,phases   ] GC(3)   Merge Heap Roots: 0.0ms
[2024-12-01T22:04:17.210-0700][gc,phases   ] GC(3)   Evacuate Collection Set: 2.1ms
[2024-12-01T22:04:17.210-0700][gc,phases   ] GC(3)   Post Evacuate Collection Set: 0.2ms
[2024-12-01T22:04:17.210-0700][gc,phases   ] GC(3)   Other: 0.1ms
[2024-12-01T22:04:17.210-0700][gc,heap     ] GC(3) Eden regions: 49->0(44)
[2024-12-01T22:04:17.210-0700][gc,heap     ] GC(3) Survivor regions: 2->7(7)
[2024-12-01T22:04:17.210-0700][gc,heap     ] GC(3) Old regions: 8->8
[2024-12-01T22:04:17.210-0700][gc,heap     ] GC(3) Archive regions: 2->2
[2024-12-01T22:04:17.210-0700][gc,heap     ] GC(3) Humongous regions: 129->129
[2024-12-01T22:04:17.210-0700][gc,metaspace] GC(3) Metaspace: 32648K(32896K)->32648K(32896K) NonClass: 29001K(29120K)->29001K(29120K) Class: 3646K(3776K)->3646K(3776K)
[2024-12-01T22:04:17.210-0700][gc          ] GC(3) Pause Young (Normal) (G1 Evacuation Pause) 188M->143M(1024M) 2.560ms
[2024-12-01T22:04:17.210-0700][gc,cpu      ] GC(3) User=0.01s Sys=0.00s Real=0.01s
[2024-12-01T22:04:17.372-0700][gc,start    ] GC(4) Pause Young (Concurrent Start) (Metadata GC Threshold)
[2024-12-01T22:04:17.372-0700][gc,task     ] GC(4) Using 8 workers of 8 for evacuation
[2024-12-01T22:04:17.375-0700][gc,phases   ] GC(4)   Pre Evacuate Collection Set: 0.1ms
[2024-12-01T22:04:17.375-0700][gc,phases   ] GC(4)   Merge Heap Roots: 0.0ms
[2024-12-01T22:04:17.375-0700][gc,phases   ] GC(4)   Evacuate Collection Set: 2.5ms
[2024-12-01T22:04:17.375-0700][gc,phases   ] GC(4)   Post Evacuate Collection Set: 0.2ms
[2024-12-01T22:04:17.375-0700][gc,phases   ] GC(4)   Other: 0.1ms
[2024-12-01T22:04:17.375-0700][gc,heap     ] GC(4) Eden regions: 14->0(49)
[2024-12-01T22:04:17.375-0700][gc,heap     ] GC(4) Survivor regions: 7->2(7)
[2024-12-01T22:04:17.375-0700][gc,heap     ] GC(4) Old regions: 8->15
[2024-12-01T22:04:17.375-0700][gc,heap     ] GC(4) Archive regions: 2->2
[2024-12-01T22:04:17.375-0700][gc,heap     ] GC(4) Humongous regions: 129->129
[2024-12-01T22:04:17.375-0700][gc,metaspace] GC(4) Metaspace: 35658K(35968K)->35658K(35968K) NonClass: 31620K(31808K)->31620K(31808K) Class: 4037K(4160K)->4037K(4160K)
[2024-12-01T22:04:17.375-0700][gc          ] GC(4) Pause Young (Concurrent Start) (Metadata GC Threshold) 156M->145M(1024M) 3.136ms
[2024-12-01T22:04:17.375-0700][gc,cpu      ] GC(4) User=0.02s Sys=0.01s Real=0.00s
[2024-12-01T22:04:17.375-0700][gc          ] GC(5) Concurrent Mark Cycle
[2024-12-01T22:04:17.375-0700][gc,marking  ] GC(5) Concurrent Clear Claimed Marks
[2024-12-01T22:04:17.375-0700][gc,marking  ] GC(5) Concurrent Clear Claimed Marks 0.018ms
[2024-12-01T22:04:17.375-0700][gc,marking  ] GC(5) Concurrent Scan Root Regions
[2024-12-01T22:04:17.377-0700][gc,marking  ] GC(5) Concurrent Scan Root Regions 2.210ms
[2024-12-01T22:04:17.377-0700][gc,marking  ] GC(5) Concurrent Mark
[2024-12-01T22:04:17.377-0700][gc,marking  ] GC(5) Concurrent Mark From Roots
[2024-12-01T22:04:17.377-0700][gc,task     ] GC(5) Using 2 workers of 2 for marking
[2024-12-01T22:04:17.380-0700][gc,marking  ] GC(5) Concurrent Mark From Roots 3.186ms
[2024-12-01T22:04:17.380-0700][gc,marking  ] GC(5) Concurrent Preclean
[2024-12-01T22:04:17.380-0700][gc,marking  ] GC(5) Concurrent Preclean 0.036ms
[2024-12-01T22:04:17.381-0700][gc,start    ] GC(5) Pause Remark
[2024-12-01T22:04:17.381-0700][gc          ] GC(5) Pause Remark 145M->145M(1024M) 0.937ms
[2024-12-01T22:04:17.381-0700][gc,cpu      ] GC(5) User=0.01s Sys=0.00s Real=0.00s
[2024-12-01T22:04:17.382-0700][gc,marking  ] GC(5) Concurrent Mark 4.326ms
[2024-12-01T22:04:17.382-0700][gc,marking  ] GC(5) Concurrent Rebuild Remembered Sets
[2024-12-01T22:04:17.386-0700][gc,marking  ] GC(5) Concurrent Rebuild Remembered Sets 4.008ms
[2024-12-01T22:04:17.386-0700][gc,start    ] GC(5) Pause Cleanup
[2024-12-01T22:04:17.386-0700][gc          ] GC(5) Pause Cleanup 146M->146M(1024M) 0.101ms
[2024-12-01T22:04:17.386-0700][gc,cpu      ] GC(5) User=0.00s Sys=0.00s Real=0.00s
[2024-12-01T22:04:17.386-0700][gc,marking  ] GC(5) Concurrent Cleanup for Next Mark
[2024-12-01T22:04:17.387-0700][gc,marking  ] GC(5) Concurrent Cleanup for Next Mark 1.191ms
[2024-12-01T22:04:17.387-0700][gc          ] GC(5) Concurrent Mark Cycle 12.062ms
[2024-12-01T22:07:56.842-0700][gc,start    ] GC(6) Pause Young (Prepare Mixed) (G1 Evacuation Pause)
[2024-12-01T22:07:56.843-0700][gc,task     ] GC(6) Using 8 workers of 8 for evacuation
[2024-12-01T22:07:56.881-0700][gc,mmu      ] GC(6) MMU target violated: 21.0ms (20.0ms/21.0ms)
[2024-12-01T22:07:56.881-0700][gc,phases   ] GC(6)   Pre Evacuate Collection Set: 1.1ms
[2024-12-01T22:07:56.881-0700][gc,phases   ] GC(6)   Merge Heap Roots: 3.5ms
[2024-12-01T22:07:56.881-0700][gc,phases   ] GC(6)   Evacuate Collection Set: 30.1ms
[2024-12-01T22:07:56.881-0700][gc,phases   ] GC(6)   Post Evacuate Collection Set: 2.6ms
[2024-12-01T22:07:56.881-0700][gc,phases   ] GC(6)   Other: 1.9ms
[2024-12-01T22:07:56.881-0700][gc,heap     ] GC(6) Eden regions: 49->0(46)
[2024-12-01T22:07:56.881-0700][gc,heap     ] GC(6) Survivor regions: 2->5(7)
[2024-12-01T22:07:56.881-0700][gc,heap     ] GC(6) Old regions: 15->15
[2024-12-01T22:07:56.881-0700][gc,heap     ] GC(6) Archive regions: 2->2
[2024-12-01T22:07:56.881-0700][gc,heap     ] GC(6) Humongous regions: 129->129
[2024-12-01T22:07:56.881-0700][gc,metaspace] GC(6) Metaspace: 41857K(42432K)->41857K(42432K) NonClass: 36768K(37120K)->36768K(37120K) Class: 5089K(5312K)->5089K(5312K)
[2024-12-01T22:07:56.881-0700][gc          ] GC(6) Pause Young (Prepare Mixed) (G1 Evacuation Pause) 194M->148M(1024M) 39.175ms
[2024-12-01T22:07:56.881-0700][gc,cpu      ] GC(6) User=0.02s Sys=0.03s Real=0.04s
[2024-12-01T22:14:43.214-0700][gc,start    ] GC(7) Pause Young (Mixed) (G1 Evacuation Pause)
[2024-12-01T22:14:43.215-0700][gc,task     ] GC(7) Using 8 workers of 8 for evacuation
[2024-12-01T22:14:43.231-0700][gc,phases   ] GC(7)   Pre Evacuate Collection Set: 0.3ms
[2024-12-01T22:14:43.231-0700][gc,phases   ] GC(7)   Merge Heap Roots: 0.2ms
[2024-12-01T22:14:43.231-0700][gc,phases   ] GC(7)   Evacuate Collection Set: 13.5ms
[2024-12-01T22:14:43.231-0700][gc,phases   ] GC(7)   Post Evacuate Collection Set: 1.7ms
[2024-12-01T22:14:43.231-0700][gc,phases   ] GC(7)   Other: 2.0ms
[2024-12-01T22:14:43.231-0700][gc,heap     ] GC(7) Eden regions: 46->0(46)
[2024-12-01T22:14:43.231-0700][gc,heap     ] GC(7) Survivor regions: 5->5(7)
[2024-12-01T22:14:43.231-0700][gc,heap     ] GC(7) Old regions: 15->15
[2024-12-01T22:14:43.231-0700][gc,heap     ] GC(7) Archive regions: 2->2
[2024-12-01T22:14:43.231-0700][gc,heap     ] GC(7) Humongous regions: 129->129
[2024-12-01T22:14:43.231-0700][gc,metaspace] GC(7) Metaspace: 43376K(44032K)->43376K(44032K) NonClass: 38202K(38592K)->38202K(38592K) Class: 5173K(5440K)->5173K(5440K)
[2024-12-01T22:14:43.231-0700][gc          ] GC(7) Pause Young (Mixed) (G1 Evacuation Pause) 194M->149M(1024M) 17.629ms
[2024-12-01T22:14:43.231-0700][gc,cpu      ] GC(7) User=0.02s Sys=0.02s Real=0.02s
[2024-12-01T22:20:43.583-0700][gc,start    ] GC(8) Pause Young (Normal) (G1 Evacuation Pause)
[2024-12-01T22:20:43.584-0700][gc,task     ] GC(8) Using 8 workers of 8 for evacuation
[2024-12-01T22:20:43.596-0700][gc,phases   ] GC(8)   Pre Evacuate Collection Set: 3.0ms
[2024-12-01T22:20:43.596-0700][gc,phases   ] GC(8)   Merge Heap Roots: 0.1ms
[2024-12-01T22:20:43.596-0700][gc,phases   ] GC(8)   Evacuate Collection Set: 8.7ms
[2024-12-01T22:20:43.596-0700][gc,phases   ] GC(8)   Post Evacuate Collection Set: 0.3ms
[2024-12-01T22:20:43.596-0700][gc,phases   ] GC(8)   Other: 1.8ms
[2024-12-01T22:20:43.596-0700][gc,heap     ] GC(8) Eden regions: 46->0(47)
[2024-12-01T22:20:43.596-0700][gc,heap     ] GC(8) Survivor regions: 5->4(7)
[2024-12-01T22:20:43.596-0700][gc,heap     ] GC(8) Old regions: 15->18
[2024-12-01T22:20:43.596-0700][gc,heap     ] GC(8) Archive regions: 2->2
[2024-12-01T22:20:43.596-0700][gc,heap     ] GC(8) Humongous regions: 129->129
[2024-12-01T22:20:43.596-0700][gc,metaspace] GC(8) Metaspace: 43904K(44480K)->43904K(44480K) NonClass: 38727K(39040K)->38727K(39040K) Class: 5176K(5440K)->5176K(5440K)
[2024-12-01T22:20:43.596-0700][gc          ] GC(8) Pause Young (Normal) (G1 Evacuation Pause) 195M->151M(1024M) 13.786ms
[2024-12-01T22:20:43.596-0700][gc,cpu      ] GC(8) User=0.02s Sys=0.02s Real=0.01s
[2024-12-01T22:27:05.315-0700][gc,start    ] GC(9) Pause Young (Normal) (G1 Evacuation Pause)
[2024-12-01T22:27:05.316-0700][gc,task     ] GC(9) Using 8 workers of 8 for evacuation
[2024-12-01T22:27:05.337-0700][gc,mmu      ] GC(9) MMU target violated: 20.5ms (20.0ms/21.0ms)
[2024-12-01T22:27:05.337-0700][gc,phases   ] GC(9)   Pre Evacuate Collection Set: 0.9ms
[2024-12-01T22:27:05.337-0700][gc,phases   ] GC(9)   Merge Heap Roots: 0.2ms
[2024-12-01T22:27:05.337-0700][gc,phases   ] GC(9)   Evacuate Collection Set: 18.4ms
[2024-12-01T22:27:05.337-0700][gc,phases   ] GC(9)   Post Evacuate Collection Set: 1.0ms
[2024-12-01T22:27:05.337-0700][gc,phases   ] GC(9)   Other: 2.9ms
[2024-12-01T22:27:05.337-0700][gc,heap     ] GC(9) Eden regions: 47->0(46)
[2024-12-01T22:27:05.337-0700][gc,heap     ] GC(9) Survivor regions: 4->5(7)
[2024-12-01T22:27:05.337-0700][gc,heap     ] GC(9) Old regions: 18->18
[2024-12-01T22:27:05.337-0700][gc,heap     ] GC(9) Archive regions: 2->2
[2024-12-01T22:27:05.337-0700][gc,heap     ] GC(9) Humongous regions: 129->129
[2024-12-01T22:27:05.337-0700][gc,metaspace] GC(9) Metaspace: 44052K(44672K)->44052K(44672K) NonClass: 38872K(39232K)->38872K(39232K) Class: 5180K(5440K)->5180K(5440K)
[2024-12-01T22:27:05.337-0700][gc          ] GC(9) Pause Young (Normal) (G1 Evacuation Pause) 198M->151M(1024M) 23.197ms
[2024-12-01T22:27:05.337-0700][gc,cpu      ] GC(9) User=0.01s Sys=0.04s Real=0.02s
[2024-12-01T22:33:27.748-0700][gc,start    ] GC(10) Pause Young (Normal) (G1 Evacuation Pause)
[2024-12-01T22:33:27.748-0700][gc,task     ] GC(10) Using 8 workers of 8 for evacuation
[2024-12-01T22:33:27.765-0700][gc,phases   ] GC(10)   Pre Evacuate Collection Set: 0.9ms
[2024-12-01T22:33:27.765-0700][gc,phases   ] GC(10)   Merge Heap Roots: 0.1ms
[2024-12-01T22:33:27.765-0700][gc,phases   ] GC(10)   Evacuate Collection Set: 14.8ms
[2024-12-01T22:33:27.765-0700][gc,phases   ] GC(10)   Post Evacuate Collection Set: 1.0ms
[2024-12-01T22:33:27.766-0700][gc,phases   ] GC(10)   Other: 1.8ms
[2024-12-01T22:33:27.766-0700][gc,heap     ] GC(10) Eden regions: 46->0(46)
[2024-12-01T22:33:27.766-0700][gc,heap     ] GC(10) Survivor regions: 5->5(7)
[2024-12-01T22:33:27.766-0700][gc,heap     ] GC(10) Old regions: 18->19
[2024-12-01T22:33:27.766-0700][gc,heap     ] GC(10) Archive regions: 2->2
[2024-12-01T22:33:27.766-0700][gc,heap     ] GC(10) Humongous regions: 129->129
[2024-12-01T22:33:27.766-0700][gc,metaspace] GC(10) Metaspace: 44150K(44736K)->44150K(44736K) NonClass: 38970K(39296K)->38970K(39296K) Class: 5180K(5440K)->5180K(5440K)
[2024-12-01T22:33:27.766-0700][gc          ] GC(10) Pause Young (Normal) (G1 Evacuation Pause) 197M->152M(1024M) 18.464ms
[2024-12-01T22:33:27.766-0700][gc,cpu      ] GC(10) User=0.01s Sys=0.04s Real=0.02s
[2024-12-01T22:39:55.400-0700][gc,start    ] GC(11) Pause Young (Normal) (G1 Evacuation Pause)
[2024-12-01T22:39:55.400-0700][gc,task     ] GC(11) Using 8 workers of 8 for evacuation
[2024-12-01T22:39:55.411-0700][gc,phases   ] GC(11)   Pre Evacuate Collection Set: 0.3ms
[2024-12-01T22:39:55.411-0700][gc,phases   ] GC(11)   Merge Heap Roots: 0.1ms
[2024-12-01T22:39:55.411-0700][gc,phases   ] GC(11)   Evacuate Collection Set: 9.1ms
[2024-12-01T22:39:55.411-0700][gc,phases   ] GC(11)   Post Evacuate Collection Set: 1.0ms
[2024-12-01T22:39:55.411-0700][gc,phases   ] GC(11)   Other: 1.7ms
[2024-12-01T22:39:55.411-0700][gc,heap     ] GC(11) Eden regions: 46->0(46)
[2024-12-01T22:39:55.411-0700][gc,heap     ] GC(11) Survivor regions: 5->5(7)
[2024-12-01T22:39:55.411-0700][gc,heap     ] GC(11) Old regions: 19->20
[2024-12-01T22:39:55.411-0700][gc,heap     ] GC(11) Archive regions: 2->2
[2024-12-01T22:39:55.411-0700][gc,heap     ] GC(11) Humongous regions: 129->129
[2024-12-01T22:39:55.411-0700][gc,metaspace] GC(11) Metaspace: 44195K(44800K)->44195K(44800K) NonClass: 39015K(39360K)->39015K(39360K) Class: 5180K(5440K)->5180K(5440K)
[2024-12-01T22:39:55.411-0700][gc          ] GC(11) Pause Young (Normal) (G1 Evacuation Pause) 198M->153M(1024M) 12.087ms
[2024-12-01T22:39:55.411-0700][gc,cpu      ] GC(11) User=0.01s Sys=0.03s Real=0.02s
[2024-12-01T22:46:24.461-0700][gc,start    ] GC(12) Pause Young (Normal) (G1 Evacuation Pause)
[2024-12-01T22:46:24.461-0700][gc,task     ] GC(12) Using 8 workers of 8 for evacuation
[2024-12-01T22:46:24.476-0700][gc,phases   ] GC(12)   Pre Evacuate Collection Set: 1.0ms
[2024-12-01T22:46:24.476-0700][gc,phases   ] GC(12)   Merge Heap Roots: 0.3ms
[2024-12-01T22:46:24.476-0700][gc,phases   ] GC(12)   Evacuate Collection Set: 10.9ms
[2024-12-01T22:46:24.476-0700][gc,phases   ] GC(12)   Post Evacuate Collection Set: 1.3ms
[2024-12-01T22:46:24.476-0700][gc,phases   ] GC(12)   Other: 2.5ms
[2024-12-01T22:46:24.476-0700][gc,heap     ] GC(12) Eden regions: 46->0(46)
[2024-12-01T22:46:24.476-0700][gc,heap     ] GC(12) Survivor regions: 5->5(7)
[2024-12-01T22:46:24.476-0700][gc,heap     ] GC(12) Old regions: 20->21
[2024-12-01T22:46:24.476-0700][gc,heap     ] GC(12) Archive regions: 2->2
[2024-12-01T22:46:24.476-0700][gc,heap     ] GC(12) Humongous regions: 129->129
[2024-12-01T22:46:24.476-0700][gc,metaspace] GC(12) Metaspace: 44241K(44800K)->44241K(44800K) NonClass: 39061K(39360K)->39061K(39360K) Class: 5180K(5440K)->5180K(5440K)
[2024-12-01T22:46:24.476-0700][gc          ] GC(12) Pause Young (Normal) (G1 Evacuation Pause) 199M->154M(1024M) 15.781ms
[2024-12-01T22:46:24.476-0700][gc,cpu      ] GC(12) User=0.01s Sys=0.03s Real=0.01s
[2024-12-01T22:51:20.368-0700][gc,heap,exit] Heap
[2024-12-01T22:51:20.368-0700][gc,heap,exit]  garbage-first heap   total 1048576K, used 204836K [0x00000007c0000000, 0x0000000800000000)
[2024-12-01T22:51:20.368-0700][gc,heap,exit]   region size 1024K, 51 young (52224K), 5 survivors (5120K)
[2024-12-01T22:51:20.368-0700][gc,heap,exit]  Metaspace       used 45161K, committed 45760K, reserved 1114112K
[2024-12-01T22:51:20.368-0700][gc,heap,exit]   class space    used 5365K, committed 5632K, reserved 1048576K
