[2024-11-15T02:09:11.484-0700][gc] Using G1
[2024-11-15T02:09:11.485-0700][gc,init] Version: 17.0.13+0 (release)
[2024-11-15T02:09:11.485-0700][gc,init] CPUs: 8 total, 8 available
[2024-11-15T02:09:11.485-0700][gc,init] Memory: 8192M
[2024-11-15T02:09:11.485-0700][gc,init] Large Page Support: Disabled
[2024-11-15T02:09:11.485-0700][gc,init] NUMA Support: Disabled
[2024-11-15T02:09:11.485-0700][gc,init] Compressed Oops: Enabled (Zero based)
[2024-11-15T02:09:11.485-0700][gc,init] Heap Region Size: 1M
[2024-11-15T02:09:11.485-0700][gc,init] Heap Min Capacity: 1G
[2024-11-15T02:09:11.485-0700][gc,init] Heap Initial Capacity: 1G
[2024-11-15T02:09:11.485-0700][gc,init] Heap Max Capacity: 1G
[2024-11-15T02:09:11.485-0700][gc,init] Pre-touch: Disabled
[2024-11-15T02:09:11.485-0700][gc,init] Parallel Workers: 8
[2024-11-15T02:09:11.485-0700][gc,init] Concurrent Workers: 2
[2024-11-15T02:09:11.485-0700][gc,init] Concurrent Refinement Workers: 8
[2024-11-15T02:09:11.485-0700][gc,init] Periodic GC: Disabled
[2024-11-15T02:09:11.488-0700][gc,metaspace] CDS archive(s) mapped at: [0x0000000300000000-0x0000000300bc0000-0x0000000300bc0000), size 12320768, SharedBaseAddress: 0x0000000300000000, ArchiveRelocationMode: 1.
[2024-11-15T02:09:11.488-0700][gc,metaspace] Compressed class space mapped at: 0x0000000301000000-0x0000000341000000, reserved size: 1073741824
[2024-11-15T02:09:11.488-0700][gc,metaspace] Narrow klass base: 0x0000000300000000, Narrow klass shift: 0, Narrow klass range: 0x100000000
[2024-11-15T02:09:12.134-0700][gc,start    ] GC(0) Pause Young (Normal) (G1 Evacuation Pause)
[2024-11-15T02:09:12.134-0700][gc,task     ] GC(0) Using 8 workers of 8 for evacuation
[2024-11-15T02:09:12.137-0700][gc,phases   ] GC(0)   Pre Evacuate Collection Set: 0.1ms
[2024-11-15T02:09:12.137-0700][gc,phases   ] GC(0)   Merge Heap Roots: 0.0ms
[2024-11-15T02:09:12.137-0700][gc,phases   ] GC(0)   Evacuate Collection Set: 2.3ms
[2024-11-15T02:09:12.137-0700][gc,phases   ] GC(0)   Post Evacuate Collection Set: 0.3ms
[2024-11-15T02:09:12.137-0700][gc,phases   ] GC(0)   Other: 0.3ms
[2024-11-15T02:09:12.137-0700][gc,heap     ] GC(0) Eden regions: 51->0(44)
[2024-11-15T02:09:12.137-0700][gc,heap     ] GC(0) Survivor regions: 0->7(7)
[2024-11-15T02:09:12.137-0700][gc,heap     ] GC(0) Old regions: 0->1
[2024-11-15T02:09:12.137-0700][gc,heap     ] GC(0) Archive regions: 2->2
[2024-11-15T02:09:12.137-0700][gc,heap     ] GC(0) Humongous regions: 0->0
[2024-11-15T02:09:12.137-0700][gc,metaspace] GC(0) Metaspace: 17395K(17664K)->17395K(17664K) NonClass: 15270K(15424K)->15270K(15424K) Class: 2124K(2240K)->2124K(2240K)
[2024-11-15T02:09:12.137-0700][gc          ] GC(0) Pause Young (Normal) (G1 Evacuation Pause) 51M->8M(1024M) 3.038ms
[2024-11-15T02:09:12.137-0700][gc,cpu      ] GC(0) User=0.01s Sys=0.00s Real=0.00s
[2024-11-15T02:09:12.315-0700][gc,start    ] GC(1) Pause Young (Concurrent Start) (Metadata GC Threshold)
[2024-11-15T02:09:12.315-0700][gc,task     ] GC(1) Using 8 workers of 8 for evacuation
[2024-11-15T02:09:12.318-0700][gc,phases   ] GC(1)   Pre Evacuate Collection Set: 0.1ms
[2024-11-15T02:09:12.318-0700][gc,phases   ] GC(1)   Merge Heap Roots: 0.0ms
[2024-11-15T02:09:12.318-0700][gc,phases   ] GC(1)   Evacuate Collection Set: 2.5ms
[2024-11-15T02:09:12.318-0700][gc,phases   ] GC(1)   Post Evacuate Collection Set: 0.2ms
[2024-11-15T02:09:12.318-0700][gc,phases   ] GC(1)   Other: 0.1ms
[2024-11-15T02:09:12.318-0700][gc,heap     ] GC(1) Eden regions: 17->0(49)
[2024-11-15T02:09:12.318-0700][gc,heap     ] GC(1) Survivor regions: 7->2(7)
[2024-11-15T02:09:12.318-0700][gc,heap     ] GC(1) Old regions: 1->8
[2024-11-15T02:09:12.318-0700][gc,heap     ] GC(1) Archive regions: 2->2
[2024-11-15T02:09:12.318-0700][gc,heap     ] GC(1) Humongous regions: 129->129
[2024-11-15T02:09:12.318-0700][gc,metaspace] GC(1) Metaspace: 21325K(21504K)->21325K(21504K) NonClass: 18711K(18816K)->18711K(18816K) Class: 2614K(2688K)->2614K(2688K)
[2024-11-15T02:09:12.318-0700][gc          ] GC(1) Pause Young (Concurrent Start) (Metadata GC Threshold) 154M->139M(1024M) 3.015ms
[2024-11-15T02:09:12.318-0700][gc,cpu      ] GC(1) User=0.01s Sys=0.00s Real=0.00s
[2024-11-15T02:09:12.318-0700][gc          ] GC(2) Concurrent Mark Cycle
[2024-11-15T02:09:12.318-0700][gc,marking  ] GC(2) Concurrent Clear Claimed Marks
[2024-11-15T02:09:12.318-0700][gc,marking  ] GC(2) Concurrent Clear Claimed Marks 0.014ms
[2024-11-15T02:09:12.318-0700][gc,marking  ] GC(2) Concurrent Scan Root Regions
[2024-11-15T02:09:12.320-0700][gc,marking  ] GC(2) Concurrent Scan Root Regions 1.520ms
[2024-11-15T02:09:12.320-0700][gc,marking  ] GC(2) Concurrent Mark
[2024-11-15T02:09:12.320-0700][gc,marking  ] GC(2) Concurrent Mark From Roots
[2024-11-15T02:09:12.320-0700][gc,task     ] GC(2) Using 2 workers of 2 for marking
[2024-11-15T02:09:12.321-0700][gc,marking  ] GC(2) Concurrent Mark From Roots 0.936ms
[2024-11-15T02:09:12.321-0700][gc,marking  ] GC(2) Concurrent Preclean
[2024-11-15T02:09:12.321-0700][gc,marking  ] GC(2) Concurrent Preclean 0.013ms
[2024-11-15T02:09:12.321-0700][gc,start    ] GC(2) Pause Remark
[2024-11-15T02:09:12.321-0700][gc          ] GC(2) Pause Remark 140M->140M(1024M) 0.878ms
[2024-11-15T02:09:12.321-0700][gc,cpu      ] GC(2) User=0.00s Sys=0.00s Real=0.00s
[2024-11-15T02:09:12.321-0700][gc,marking  ] GC(2) Concurrent Mark 1.890ms
[2024-11-15T02:09:12.321-0700][gc,marking  ] GC(2) Concurrent Rebuild Remembered Sets
[2024-11-15T02:09:12.322-0700][gc,marking  ] GC(2) Concurrent Rebuild Remembered Sets 0.004ms
[2024-11-15T02:09:12.322-0700][gc,start    ] GC(2) Pause Cleanup
[2024-11-15T02:09:12.322-0700][gc          ] GC(2) Pause Cleanup 140M->140M(1024M) 0.006ms
[2024-11-15T02:09:12.322-0700][gc,cpu      ] GC(2) User=0.00s Sys=0.00s Real=0.00s
[2024-11-15T02:09:12.322-0700][gc,marking  ] GC(2) Concurrent Cleanup for Next Mark
[2024-11-15T02:09:12.323-0700][gc,marking  ] GC(2) Concurrent Cleanup for Next Mark 1.004ms
[2024-11-15T02:09:12.323-0700][gc          ] GC(2) Concurrent Mark Cycle 4.564ms
[2024-11-15T02:09:12.609-0700][gc,start    ] GC(3) Pause Young (Normal) (G1 Evacuation Pause)
[2024-11-15T02:09:12.609-0700][gc,task     ] GC(3) Using 8 workers of 8 for evacuation
[2024-11-15T02:09:12.611-0700][gc,phases   ] GC(3)   Pre Evacuate Collection Set: 0.1ms
[2024-11-15T02:09:12.611-0700][gc,phases   ] GC(3)   Merge Heap Roots: 0.0ms
[2024-11-15T02:09:12.611-0700][gc,phases   ] GC(3)   Evacuate Collection Set: 1.9ms
[2024-11-15T02:09:12.611-0700][gc,phases   ] GC(3)   Post Evacuate Collection Set: 0.2ms
[2024-11-15T02:09:12.611-0700][gc,phases   ] GC(3)   Other: 0.1ms
[2024-11-15T02:09:12.611-0700][gc,heap     ] GC(3) Eden regions: 49->0(44)
[2024-11-15T02:09:12.611-0700][gc,heap     ] GC(3) Survivor regions: 2->7(7)
[2024-11-15T02:09:12.611-0700][gc,heap     ] GC(3) Old regions: 8->8
[2024-11-15T02:09:12.611-0700][gc,heap     ] GC(3) Archive regions: 2->2
[2024-11-15T02:09:12.611-0700][gc,heap     ] GC(3) Humongous regions: 129->129
[2024-11-15T02:09:12.611-0700][gc,metaspace] GC(3) Metaspace: 32658K(32960K)->32658K(32960K) NonClass: 29010K(29184K)->29010K(29184K) Class: 3647K(3776K)->3647K(3776K)
[2024-11-15T02:09:12.611-0700][gc          ] GC(3) Pause Young (Normal) (G1 Evacuation Pause) 188M->143M(1024M) 2.344ms
[2024-11-15T02:09:12.611-0700][gc,cpu      ] GC(3) User=0.01s Sys=0.00s Real=0.01s
[2024-11-15T02:09:12.772-0700][gc,start    ] GC(4) Pause Young (Concurrent Start) (Metadata GC Threshold)
[2024-11-15T02:09:12.772-0700][gc,task     ] GC(4) Using 8 workers of 8 for evacuation
[2024-11-15T02:09:12.774-0700][gc,phases   ] GC(4)   Pre Evacuate Collection Set: 0.2ms
[2024-11-15T02:09:12.774-0700][gc,phases   ] GC(4)   Merge Heap Roots: 0.0ms
[2024-11-15T02:09:12.774-0700][gc,phases   ] GC(4)   Evacuate Collection Set: 2.1ms
[2024-11-15T02:09:12.774-0700][gc,phases   ] GC(4)   Post Evacuate Collection Set: 0.2ms
[2024-11-15T02:09:12.774-0700][gc,phases   ] GC(4)   Other: 0.1ms
[2024-11-15T02:09:12.775-0700][gc,heap     ] GC(4) Eden regions: 14->0(49)
[2024-11-15T02:09:12.775-0700][gc,heap     ] GC(4) Survivor regions: 7->2(7)
[2024-11-15T02:09:12.775-0700][gc,heap     ] GC(4) Old regions: 8->15
[2024-11-15T02:09:12.775-0700][gc,heap     ] GC(4) Archive regions: 2->2
[2024-11-15T02:09:12.775-0700][gc,heap     ] GC(4) Humongous regions: 129->129
[2024-11-15T02:09:12.775-0700][gc,metaspace] GC(4) Metaspace: 35825K(36096K)->35825K(36096K) NonClass: 31753K(31872K)->31753K(31872K) Class: 4072K(4224K)->4072K(4224K)
[2024-11-15T02:09:12.775-0700][gc          ] GC(4) Pause Young (Concurrent Start) (Metadata GC Threshold) 157M->145M(1024M) 2.734ms
[2024-11-15T02:09:12.775-0700][gc,cpu      ] GC(4) User=0.02s Sys=0.00s Real=0.00s
[2024-11-15T02:09:12.775-0700][gc          ] GC(5) Concurrent Mark Cycle
[2024-11-15T02:09:12.775-0700][gc,marking  ] GC(5) Concurrent Clear Claimed Marks
[2024-11-15T02:09:12.775-0700][gc,marking  ] GC(5) Concurrent Clear Claimed Marks 0.015ms
[2024-11-15T02:09:12.775-0700][gc,marking  ] GC(5) Concurrent Scan Root Regions
[2024-11-15T02:09:12.776-0700][gc,marking  ] GC(5) Concurrent Scan Root Regions 1.749ms
[2024-11-15T02:09:12.776-0700][gc,marking  ] GC(5) Concurrent Mark
[2024-11-15T02:09:12.776-0700][gc,marking  ] GC(5) Concurrent Mark From Roots
[2024-11-15T02:09:12.776-0700][gc,task     ] GC(5) Using 2 workers of 2 for marking
[2024-11-15T02:09:12.779-0700][gc,marking  ] GC(5) Concurrent Mark From Roots 2.678ms
[2024-11-15T02:09:12.779-0700][gc,marking  ] GC(5) Concurrent Preclean
[2024-11-15T02:09:12.779-0700][gc,marking  ] GC(5) Concurrent Preclean 0.029ms
[2024-11-15T02:09:12.779-0700][gc,start    ] GC(5) Pause Remark
[2024-11-15T02:09:12.780-0700][gc          ] GC(5) Pause Remark 146M->146M(1024M) 0.839ms
[2024-11-15T02:09:12.780-0700][gc,cpu      ] GC(5) User=0.01s Sys=0.00s Real=0.01s
[2024-11-15T02:09:12.780-0700][gc,marking  ] GC(5) Concurrent Mark 3.677ms
[2024-11-15T02:09:12.780-0700][gc,marking  ] GC(5) Concurrent Rebuild Remembered Sets
[2024-11-15T02:09:12.784-0700][gc,marking  ] GC(5) Concurrent Rebuild Remembered Sets 3.470ms
[2024-11-15T02:09:12.784-0700][gc,start    ] GC(5) Pause Cleanup
[2024-11-15T02:09:12.784-0700][gc          ] GC(5) Pause Cleanup 146M->146M(1024M) 0.080ms
[2024-11-15T02:09:12.784-0700][gc,cpu      ] GC(5) User=0.00s Sys=0.00s Real=0.00s
[2024-11-15T02:09:12.784-0700][gc,marking  ] GC(5) Concurrent Cleanup for Next Mark
[2024-11-15T02:09:12.785-0700][gc,marking  ] GC(5) Concurrent Cleanup for Next Mark 1.536ms
[2024-11-15T02:09:12.785-0700][gc          ] GC(5) Concurrent Mark Cycle 10.767ms
[2024-11-15T02:15:12.552-0700][gc,start    ] GC(6) Pause Young (Normal) (G1 Evacuation Pause)
[2024-11-15T02:15:12.554-0700][gc,task     ] GC(6) Using 8 workers of 8 for evacuation
[2024-11-15T02:15:12.584-0700][gc,mmu      ] GC(6) MMU target violated: 21.0ms (20.0ms/21.0ms)
[2024-11-15T02:15:12.584-0700][gc,phases   ] GC(6)   Pre Evacuate Collection Set: 0.7ms
[2024-11-15T02:15:12.584-0700][gc,phases   ] GC(6)   Merge Heap Roots: 0.2ms
[2024-11-15T02:15:12.584-0700][gc,phases   ] GC(6)   Evacuate Collection Set: 28.3ms
[2024-11-15T02:15:12.584-0700][gc,phases   ] GC(6)   Post Evacuate Collection Set: 0.6ms
[2024-11-15T02:15:12.584-0700][gc,phases   ] GC(6)   Other: 1.7ms
[2024-11-15T02:15:12.584-0700][gc,heap     ] GC(6) Eden regions: 49->0(46)
[2024-11-15T02:15:12.584-0700][gc,heap     ] GC(6) Survivor regions: 2->5(7)
[2024-11-15T02:15:12.584-0700][gc,heap     ] GC(6) Old regions: 15->15
[2024-11-15T02:15:12.584-0700][gc,heap     ] GC(6) Archive regions: 2->2
[2024-11-15T02:15:12.584-0700][gc,heap     ] GC(6) Humongous regions: 129->129
[2024-11-15T02:15:12.584-0700][gc,metaspace] GC(6) Metaspace: 41995K(42560K)->41995K(42560K) NonClass: 36875K(37184K)->36875K(37184K) Class: 5120K(5376K)->5120K(5376K)
[2024-11-15T02:15:12.584-0700][gc          ] GC(6) Pause Young (Normal) (G1 Evacuation Pause) 194M->148M(1024M) 31.472ms
[2024-11-15T02:15:12.584-0700][gc,cpu      ] GC(6) User=0.02s Sys=0.09s Real=0.03s
[2024-11-15T02:27:49.008-0700][gc,start    ] GC(7) Pause Young (Normal) (G1 Evacuation Pause)
[2024-11-15T02:27:49.009-0700][gc,task     ] GC(7) Using 8 workers of 8 for evacuation
[2024-11-15T02:27:49.054-0700][gc,mmu      ] GC(7) MMU target violated: 21.0ms (20.0ms/21.0ms)
[2024-11-15T02:27:49.054-0700][gc,phases   ] GC(7)   Pre Evacuate Collection Set: 2.9ms
[2024-11-15T02:27:49.054-0700][gc,phases   ] GC(7)   Merge Heap Roots: 1.2ms
[2024-11-15T02:27:49.054-0700][gc,phases   ] GC(7)   Evacuate Collection Set: 37.7ms
[2024-11-15T02:27:49.054-0700][gc,phases   ] GC(7)   Post Evacuate Collection Set: 1.6ms
[2024-11-15T02:27:49.054-0700][gc,phases   ] GC(7)   Other: 4.0ms
[2024-11-15T02:27:49.054-0700][gc,heap     ] GC(7) Eden regions: 46->0(45)
[2024-11-15T02:27:49.054-0700][gc,heap     ] GC(7) Survivor regions: 5->6(7)
[2024-11-15T02:27:49.054-0700][gc,heap     ] GC(7) Old regions: 15->15
[2024-11-15T02:27:49.054-0700][gc,heap     ] GC(7) Archive regions: 2->2
[2024-11-15T02:27:49.054-0700][gc,heap     ] GC(7) Humongous regions: 129->129
[2024-11-15T02:27:49.054-0700][gc,metaspace] GC(7) Metaspace: 42881K(43392K)->42881K(43392K) NonClass: 37742K(38016K)->37742K(38016K) Class: 5139K(5376K)->5139K(5376K)
[2024-11-15T02:27:49.054-0700][gc          ] GC(7) Pause Young (Normal) (G1 Evacuation Pause) 194M->150M(1024M) 47.147ms
[2024-11-15T02:27:49.054-0700][gc,cpu      ] GC(7) User=0.02s Sys=0.06s Real=0.05s
[2024-11-15T02:38:48.152-0700][gc,start    ] GC(8) Pause Young (Normal) (G1 Evacuation Pause)
[2024-11-15T02:38:48.154-0700][gc,task     ] GC(8) Using 8 workers of 8 for evacuation
[2024-11-15T02:38:48.182-0700][gc,mmu      ] GC(8) MMU target violated: 21.0ms (20.0ms/21.0ms)
[2024-11-15T02:38:48.182-0700][gc,phases   ] GC(8)   Pre Evacuate Collection Set: 1.5ms
[2024-11-15T02:38:48.182-0700][gc,phases   ] GC(8)   Merge Heap Roots: 0.2ms
[2024-11-15T02:38:48.182-0700][gc,phases   ] GC(8)   Evacuate Collection Set: 24.0ms
[2024-11-15T02:38:48.182-0700][gc,phases   ] GC(8)   Post Evacuate Collection Set: 1.6ms
[2024-11-15T02:38:48.182-0700][gc,phases   ] GC(8)   Other: 4.4ms
[2024-11-15T02:38:48.182-0700][gc,heap     ] GC(8) Eden regions: 45->0(48)
[2024-11-15T02:38:48.182-0700][gc,heap     ] GC(8) Survivor regions: 6->3(7)
[2024-11-15T02:38:48.182-0700][gc,heap     ] GC(8) Old regions: 15->18
[2024-11-15T02:38:48.182-0700][gc,heap     ] GC(8) Archive regions: 2->2
[2024-11-15T02:38:48.182-0700][gc,heap     ] GC(8) Humongous regions: 129->129
[2024-11-15T02:38:48.182-0700][gc,metaspace] GC(8) Metaspace: 43133K(43712K)->43133K(43712K) NonClass: 37991K(38336K)->37991K(38336K) Class: 5142K(5376K)->5142K(5376K)
[2024-11-15T02:38:48.183-0700][gc          ] GC(8) Pause Young (Normal) (G1 Evacuation Pause) 195M->150M(1024M) 31.395ms
[2024-11-15T02:38:48.183-0700][gc,cpu      ] GC(8) User=0.02s Sys=0.04s Real=0.03s
[2024-11-15T02:53:38.924-0700][gc,start    ] GC(9) Pause Young (Normal) (G1 Evacuation Pause)
[2024-11-15T02:53:38.928-0700][gc,task     ] GC(9) Using 8 workers of 8 for evacuation
[2024-11-15T02:53:39.000-0700][gc,mmu      ] GC(9) MMU target violated: 21.0ms (20.0ms/21.0ms)
[2024-11-15T02:53:39.000-0700][gc,phases   ] GC(9)   Pre Evacuate Collection Set: 7.9ms
[2024-11-15T02:53:39.000-0700][gc,phases   ] GC(9)   Merge Heap Roots: 1.2ms
[2024-11-15T02:53:39.000-0700][gc,phases   ] GC(9)   Evacuate Collection Set: 53.1ms
[2024-11-15T02:53:39.000-0700][gc,phases   ] GC(9)   Post Evacuate Collection Set: 2.1ms
[2024-11-15T02:53:39.000-0700][gc,phases   ] GC(9)   Other: 14.4ms
[2024-11-15T02:53:39.001-0700][gc,heap     ] GC(9) Eden regions: 48->0(48)
[2024-11-15T02:53:39.001-0700][gc,heap     ] GC(9) Survivor regions: 3->3(7)
[2024-11-15T02:53:39.001-0700][gc,heap     ] GC(9) Old regions: 18->18
[2024-11-15T02:53:39.001-0700][gc,heap     ] GC(9) Archive regions: 2->2
[2024-11-15T02:53:39.001-0700][gc,heap     ] GC(9) Humongous regions: 129->129
[2024-11-15T02:53:39.001-0700][gc,metaspace] GC(9) Metaspace: 43222K(43776K)->43222K(43776K) NonClass: 38080K(38400K)->38080K(38400K) Class: 5142K(5376K)->5142K(5376K)
[2024-11-15T02:53:39.001-0700][gc          ] GC(9) Pause Young (Normal) (G1 Evacuation Pause) 198M->150M(1024M) 78.057ms
[2024-11-15T02:53:39.001-0700][gc,cpu      ] GC(9) User=0.02s Sys=0.05s Real=0.08s
[2024-11-15T03:08:58.164-0700][gc,start    ] GC(10) Pause Young (Normal) (G1 Evacuation Pause)
[2024-11-15T03:08:58.165-0700][gc,task     ] GC(10) Using 8 workers of 8 for evacuation
[2024-11-15T03:08:58.206-0700][gc,mmu      ] GC(10) MMU target violated: 21.0ms (20.0ms/21.0ms)
[2024-11-15T03:08:58.206-0700][gc,phases   ] GC(10)   Pre Evacuate Collection Set: 5.6ms
[2024-11-15T03:08:58.206-0700][gc,phases   ] GC(10)   Merge Heap Roots: 0.9ms
[2024-11-15T03:08:58.206-0700][gc,phases   ] GC(10)   Evacuate Collection Set: 31.9ms
[2024-11-15T03:08:58.206-0700][gc,phases   ] GC(10)   Post Evacuate Collection Set: 1.5ms
[2024-11-15T03:08:58.206-0700][gc,phases   ] GC(10)   Other: 3.9ms
[2024-11-15T03:08:58.206-0700][gc,heap     ] GC(10) Eden regions: 48->0(48)
[2024-11-15T03:08:58.206-0700][gc,heap     ] GC(10) Survivor regions: 3->3(7)
[2024-11-15T03:08:58.206-0700][gc,heap     ] GC(10) Old regions: 18->18
[2024-11-15T03:08:58.206-0700][gc,heap     ] GC(10) Archive regions: 2->2
[2024-11-15T03:08:58.206-0700][gc,heap     ] GC(10) Humongous regions: 129->129
[2024-11-15T03:08:58.206-0700][gc,metaspace] GC(10) Metaspace: 43285K(43840K)->43285K(43840K) NonClass: 38143K(38464K)->38143K(38464K) Class: 5142K(5376K)->5142K(5376K)
[2024-11-15T03:08:58.206-0700][gc          ] GC(10) Pause Young (Normal) (G1 Evacuation Pause) 198M->150M(1024M) 43.288ms
[2024-11-15T03:08:58.207-0700][gc,cpu      ] GC(10) User=0.01s Sys=0.05s Real=0.04s
[2024-11-15T03:23:45.796-0700][gc,start    ] GC(11) Pause Young (Normal) (G1 Evacuation Pause)
[2024-11-15T03:23:45.798-0700][gc,task     ] GC(11) Using 8 workers of 8 for evacuation
[2024-11-15T03:23:45.843-0700][gc,mmu      ] GC(11) MMU target violated: 21.0ms (20.0ms/21.0ms)
[2024-11-15T03:23:45.843-0700][gc,phases   ] GC(11)   Pre Evacuate Collection Set: 5.9ms
[2024-11-15T03:23:45.843-0700][gc,phases   ] GC(11)   Merge Heap Roots: 1.1ms
[2024-11-15T03:23:45.843-0700][gc,phases   ] GC(11)   Evacuate Collection Set: 33.2ms
[2024-11-15T03:23:45.843-0700][gc,phases   ] GC(11)   Post Evacuate Collection Set: 2.4ms
[2024-11-15T03:23:45.843-0700][gc,phases   ] GC(11)   Other: 7.0ms
[2024-11-15T03:23:45.843-0700][gc,heap     ] GC(11) Eden regions: 48->0(47)
[2024-11-15T03:23:45.843-0700][gc,heap     ] GC(11) Survivor regions: 3->4(7)
[2024-11-15T03:23:45.843-0700][gc,heap     ] GC(11) Old regions: 18->18
[2024-11-15T03:23:45.843-0700][gc,heap     ] GC(11) Archive regions: 2->2
[2024-11-15T03:23:45.843-0700][gc,heap     ] GC(11) Humongous regions: 129->129
[2024-11-15T03:23:45.844-0700][gc,metaspace] GC(11) Metaspace: 43336K(43904K)->43336K(43904K) NonClass: 38190K(38528K)->38190K(38528K) Class: 5146K(5376K)->5146K(5376K)
[2024-11-15T03:23:45.844-0700][gc          ] GC(11) Pause Young (Normal) (G1 Evacuation Pause) 198M->151M(1024M) 48.274ms
[2024-11-15T03:23:45.844-0700][gc,cpu      ] GC(11) User=0.02s Sys=0.03s Real=0.05s
[2024-11-15T03:39:07.939-0700][gc,start    ] GC(12) Pause Young (Normal) (G1 Evacuation Pause)
[2024-11-15T03:39:07.941-0700][gc,task     ] GC(12) Using 8 workers of 8 for evacuation
[2024-11-15T03:39:08.034-0700][gc,mmu      ] GC(12) MMU target violated: 21.0ms (20.0ms/21.0ms)
[2024-11-15T03:39:08.035-0700][gc,phases   ] GC(12)   Pre Evacuate Collection Set: 4.9ms
[2024-11-15T03:39:08.035-0700][gc,phases   ] GC(12)   Merge Heap Roots: 2.0ms
[2024-11-15T03:39:08.035-0700][gc,phases   ] GC(12)   Evacuate Collection Set: 79.4ms
[2024-11-15T03:39:08.035-0700][gc,phases   ] GC(12)   Post Evacuate Collection Set: 4.0ms
[2024-11-15T03:39:08.035-0700][gc,phases   ] GC(12)   Other: 8.1ms
[2024-11-15T03:39:08.035-0700][gc,heap     ] GC(12) Eden regions: 47->0(47)
[2024-11-15T03:39:08.035-0700][gc,heap     ] GC(12) Survivor regions: 4->4(7)
[2024-11-15T03:39:08.035-0700][gc,heap     ] GC(12) Old regions: 18->18
[2024-11-15T03:39:08.035-0700][gc,heap     ] GC(12) Archive regions: 2->2
[2024-11-15T03:39:08.035-0700][gc,heap     ] GC(12) Humongous regions: 129->129
[2024-11-15T03:39:08.035-0700][gc,metaspace] GC(12) Metaspace: 43348K(43904K)->43348K(43904K) NonClass: 38202K(38528K)->38202K(38528K) Class: 5146K(5376K)->5146K(5376K)
[2024-11-15T03:39:08.035-0700][gc          ] GC(12) Pause Young (Normal) (G1 Evacuation Pause) 198M->150M(1024M) 96.811ms
[2024-11-15T03:39:08.035-0700][gc,cpu      ] GC(12) User=0.02s Sys=0.05s Real=0.10s
[2024-11-15T03:49:41.034-0700][gc,start    ] GC(13) Pause Young (Normal) (G1 Evacuation Pause)
[2024-11-15T03:49:41.035-0700][gc,task     ] GC(13) Using 8 workers of 8 for evacuation
[2024-11-15T03:49:41.077-0700][gc,mmu      ] GC(13) MMU target violated: 21.0ms (20.0ms/21.0ms)
[2024-11-15T03:49:41.077-0700][gc,phases   ] GC(13)   Pre Evacuate Collection Set: 2.1ms
[2024-11-15T03:49:41.077-0700][gc,phases   ] GC(13)   Merge Heap Roots: 1.7ms
[2024-11-15T03:49:41.077-0700][gc,phases   ] GC(13)   Evacuate Collection Set: 34.9ms
[2024-11-15T03:49:41.077-0700][gc,phases   ] GC(13)   Post Evacuate Collection Set: 1.6ms
[2024-11-15T03:49:41.077-0700][gc,phases   ] GC(13)   Other: 4.4ms
[2024-11-15T03:49:41.077-0700][gc,heap     ] GC(13) Eden regions: 47->0(47)
[2024-11-15T03:49:41.077-0700][gc,heap     ] GC(13) Survivor regions: 4->4(7)
[2024-11-15T03:49:41.077-0700][gc,heap     ] GC(13) Old regions: 18->18
[2024-11-15T03:49:41.077-0700][gc,heap     ] GC(13) Archive regions: 2->2
[2024-11-15T03:49:41.077-0700][gc,heap     ] GC(13) Humongous regions: 129->129
[2024-11-15T03:49:41.078-0700][gc,metaspace] GC(13) Metaspace: 43958K(44544K)->43958K(44544K) NonClass: 38743K(39104K)->38743K(39104K) Class: 5214K(5440K)->5214K(5440K)
[2024-11-15T03:49:41.078-0700][gc          ] GC(13) Pause Young (Normal) (G1 Evacuation Pause) 197M->151M(1024M) 44.661ms
[2024-11-15T03:49:41.078-0700][gc,cpu      ] GC(13) User=0.02s Sys=0.05s Real=0.04s
[2024-11-15T03:54:17.458-0700][gc,heap,exit] Heap
[2024-11-15T03:54:17.459-0700][gc,heap,exit]  garbage-first heap   total 1048576K, used 179928K [0x00000007c0000000, 0x0000000800000000)
[2024-11-15T03:54:17.459-0700][gc,heap,exit]   region size 1024K, 29 young (29696K), 4 survivors (4096K)
[2024-11-15T03:54:17.459-0700][gc,heap,exit]  Metaspace       used 44845K, committed 45376K, reserved 1114112K
[2024-11-15T03:54:17.459-0700][gc,heap,exit]   class space    used 5395K, committed 5632K, reserved 1048576K
