[2024-12-01T21:53:50.591-0700][gc] Using G1
[2024-12-01T21:53:50.592-0700][gc,init] Version: 17.0.13+0 (release)
[2024-12-01T21:53:50.592-0700][gc,init] CPUs: 8 total, 8 available
[2024-12-01T21:53:50.592-0700][gc,init] Memory: 8192M
[2024-12-01T21:53:50.592-0700][gc,init] Large Page Support: Disabled
[2024-12-01T21:53:50.592-0700][gc,init] NUMA Support: Disabled
[2024-12-01T21:53:50.592-0700][gc,init] Compressed Oops: Enabled (Zero based)
[2024-12-01T21:53:50.592-0700][gc,init] Heap Region Size: 1M
[2024-12-01T21:53:50.592-0700][gc,init] Heap Min Capacity: 1G
[2024-12-01T21:53:50.592-0700][gc,init] Heap Initial Capacity: 1G
[2024-12-01T21:53:50.592-0700][gc,init] Heap Max Capacity: 1G
[2024-12-01T21:53:50.592-0700][gc,init] Pre-touch: Disabled
[2024-12-01T21:53:50.592-0700][gc,init] Parallel Workers: 8
[2024-12-01T21:53:50.592-0700][gc,init] Concurrent Workers: 2
[2024-12-01T21:53:50.592-0700][gc,init] Concurrent Refinement Workers: 8
[2024-12-01T21:53:50.592-0700][gc,init] Periodic GC: Disabled
[2024-12-01T21:53:50.596-0700][gc,metaspace] CDS archive(s) mapped at: [0x000000b800000000-0x000000b800bc0000-0x000000b800bc0000), size 12320768, SharedBaseAddress: 0x000000b800000000, ArchiveRelocationMode: 1.
[2024-12-01T21:53:50.596-0700][gc,metaspace] Compressed class space mapped at: 0x000000b801000000-0x000000b841000000, reserved size: 1073741824
[2024-12-01T21:53:50.596-0700][gc,metaspace] Narrow klass base: 0x000000b800000000, Narrow klass shift: 0, Narrow klass range: 0x100000000
[2024-12-01T21:53:51.270-0700][gc,start    ] GC(0) Pause Young (Normal) (G1 Evacuation Pause)
[2024-12-01T21:53:51.270-0700][gc,task     ] GC(0) Using 8 workers of 8 for evacuation
[2024-12-01T21:53:51.274-0700][gc,phases   ] GC(0)   Pre Evacuate Collection Set: 0.2ms
[2024-12-01T21:53:51.274-0700][gc,phases   ] GC(0)   Merge Heap Roots: 0.0ms
[2024-12-01T21:53:51.274-0700][gc,phases   ] GC(0)   Evacuate Collection Set: 3.4ms
[2024-12-01T21:53:51.274-0700][gc,phases   ] GC(0)   Post Evacuate Collection Set: 0.3ms
[2024-12-01T21:53:51.274-0700][gc,phases   ] GC(0)   Other: 0.2ms
[2024-12-01T21:53:51.274-0700][gc,heap     ] GC(0) Eden regions: 51->0(44)
[2024-12-01T21:53:51.274-0700][gc,heap     ] GC(0) Survivor regions: 0->7(7)
[2024-12-01T21:53:51.274-0700][gc,heap     ] GC(0) Old regions: 0->1
[2024-12-01T21:53:51.274-0700][gc,heap     ] GC(0) Archive regions: 2->2
[2024-12-01T21:53:51.274-0700][gc,heap     ] GC(0) Humongous regions: 0->0
[2024-12-01T21:53:51.274-0700][gc,metaspace] GC(0) Metaspace: 17346K(17600K)->17346K(17600K) NonClass: 15228K(15360K)->15228K(15360K) Class: 2117K(2240K)->2117K(2240K)
[2024-12-01T21:53:51.274-0700][gc          ] GC(0) Pause Young (Normal) (G1 Evacuation Pause) 51M->8M(1024M) 4.249ms
[2024-12-01T21:53:51.274-0700][gc,cpu      ] GC(0) User=0.01s Sys=0.00s Real=0.00s
[2024-12-01T21:53:51.470-0700][gc,start    ] GC(1) Pause Young (Concurrent Start) (Metadata GC Threshold)
[2024-12-01T21:53:51.470-0700][gc,task     ] GC(1) Using 8 workers of 8 for evacuation
[2024-12-01T21:53:51.473-0700][gc,phases   ] GC(1)   Pre Evacuate Collection Set: 0.1ms
[2024-12-01T21:53:51.473-0700][gc,phases   ] GC(1)   Merge Heap Roots: 0.1ms
[2024-12-01T21:53:51.473-0700][gc,phases   ] GC(1)   Evacuate Collection Set: 2.3ms
[2024-12-01T21:53:51.473-0700][gc,phases   ] GC(1)   Post Evacuate Collection Set: 0.3ms
[2024-12-01T21:53:51.473-0700][gc,phases   ] GC(1)   Other: 0.1ms
[2024-12-01T21:53:51.473-0700][gc,heap     ] GC(1) Eden regions: 17->0(49)
[2024-12-01T21:53:51.473-0700][gc,heap     ] GC(1) Survivor regions: 7->2(7)
[2024-12-01T21:53:51.473-0700][gc,heap     ] GC(1) Old regions: 1->9
[2024-12-01T21:53:51.473-0700][gc,heap     ] GC(1) Archive regions: 2->2
[2024-12-01T21:53:51.473-0700][gc,heap     ] GC(1) Humongous regions: 129->129
[2024-12-01T21:53:51.473-0700][gc,metaspace] GC(1) Metaspace: 21296K(21504K)->21296K(21504K) NonClass: 18681K(18816K)->18681K(18816K) Class: 2614K(2688K)->2614K(2688K)
[2024-12-01T21:53:51.473-0700][gc          ] GC(1) Pause Young (Concurrent Start) (Metadata GC Threshold) 154M->140M(1024M) 3.001ms
[2024-12-01T21:53:51.473-0700][gc,cpu      ] GC(1) User=0.02s Sys=0.01s Real=0.00s
[2024-12-01T21:53:51.473-0700][gc          ] GC(2) Concurrent Mark Cycle
[2024-12-01T21:53:51.473-0700][gc,marking  ] GC(2) Concurrent Clear Claimed Marks
[2024-12-01T21:53:51.473-0700][gc,marking  ] GC(2) Concurrent Clear Claimed Marks 0.014ms
[2024-12-01T21:53:51.473-0700][gc,marking  ] GC(2) Concurrent Scan Root Regions
[2024-12-01T21:53:51.474-0700][gc,marking  ] GC(2) Concurrent Scan Root Regions 1.362ms
[2024-12-01T21:53:51.474-0700][gc,marking  ] GC(2) Concurrent Mark
[2024-12-01T21:53:51.474-0700][gc,marking  ] GC(2) Concurrent Mark From Roots
[2024-12-01T21:53:51.474-0700][gc,task     ] GC(2) Using 2 workers of 2 for marking
[2024-12-01T21:53:51.476-0700][gc,marking  ] GC(2) Concurrent Mark From Roots 1.098ms
[2024-12-01T21:53:51.476-0700][gc,marking  ] GC(2) Concurrent Preclean
[2024-12-01T21:53:51.476-0700][gc,marking  ] GC(2) Concurrent Preclean 0.015ms
[2024-12-01T21:53:51.476-0700][gc,start    ] GC(2) Pause Remark
[2024-12-01T21:53:51.477-0700][gc          ] GC(2) Pause Remark 141M->141M(1024M) 0.966ms
[2024-12-01T21:53:51.477-0700][gc,cpu      ] GC(2) User=0.00s Sys=0.00s Real=0.00s
[2024-12-01T21:53:51.477-0700][gc,marking  ] GC(2) Concurrent Mark 2.203ms
[2024-12-01T21:53:51.477-0700][gc,marking  ] GC(2) Concurrent Rebuild Remembered Sets
[2024-12-01T21:53:51.478-0700][gc,marking  ] GC(2) Concurrent Rebuild Remembered Sets 1.610ms
[2024-12-01T21:53:51.478-0700][gc,start    ] GC(2) Pause Cleanup
[2024-12-01T21:53:51.478-0700][gc          ] GC(2) Pause Cleanup 141M->141M(1024M) 0.069ms
[2024-12-01T21:53:51.478-0700][gc,cpu      ] GC(2) User=0.00s Sys=0.00s Real=0.00s
[2024-12-01T21:53:51.478-0700][gc,marking  ] GC(2) Concurrent Cleanup for Next Mark
[2024-12-01T21:53:51.480-0700][gc,marking  ] GC(2) Concurrent Cleanup for Next Mark 1.431ms
[2024-12-01T21:53:51.480-0700][gc          ] GC(2) Concurrent Mark Cycle 6.888ms
[2024-12-01T21:53:51.916-0700][gc,start    ] GC(3) Pause Young (Normal) (G1 Evacuation Pause)
[2024-12-01T21:53:51.916-0700][gc,task     ] GC(3) Using 8 workers of 8 for evacuation
[2024-12-01T21:53:51.918-0700][gc,phases   ] GC(3)   Pre Evacuate Collection Set: 0.1ms
[2024-12-01T21:53:51.918-0700][gc,phases   ] GC(3)   Merge Heap Roots: 0.0ms
[2024-12-01T21:53:51.918-0700][gc,phases   ] GC(3)   Evacuate Collection Set: 2.0ms
[2024-12-01T21:53:51.918-0700][gc,phases   ] GC(3)   Post Evacuate Collection Set: 0.2ms
[2024-12-01T21:53:51.918-0700][gc,phases   ] GC(3)   Other: 0.1ms
[2024-12-01T21:53:51.918-0700][gc,heap     ] GC(3) Eden regions: 49->0(44)
[2024-12-01T21:53:51.918-0700][gc,heap     ] GC(3) Survivor regions: 2->7(7)
[2024-12-01T21:53:51.918-0700][gc,heap     ] GC(3) Old regions: 9->9
[2024-12-01T21:53:51.918-0700][gc,heap     ] GC(3) Archive regions: 2->2
[2024-12-01T21:53:51.918-0700][gc,heap     ] GC(3) Humongous regions: 129->129
[2024-12-01T21:53:51.918-0700][gc,metaspace] GC(3) Metaspace: 32645K(32960K)->32645K(32960K) NonClass: 28990K(29184K)->28990K(29184K) Class: 3654K(3776K)->3654K(3776K)
[2024-12-01T21:53:51.918-0700][gc          ] GC(3) Pause Young (Normal) (G1 Evacuation Pause) 189M->144M(1024M) 2.572ms
[2024-12-01T21:53:51.918-0700][gc,cpu      ] GC(3) User=0.01s Sys=0.00s Real=0.00s
[2024-12-01T21:53:52.109-0700][gc,start    ] GC(4) Pause Young (Concurrent Start) (Metadata GC Threshold)
[2024-12-01T21:53:52.109-0700][gc,task     ] GC(4) Using 8 workers of 8 for evacuation
[2024-12-01T21:53:52.111-0700][gc,phases   ] GC(4)   Pre Evacuate Collection Set: 0.2ms
[2024-12-01T21:53:52.111-0700][gc,phases   ] GC(4)   Merge Heap Roots: 0.0ms
[2024-12-01T21:53:52.111-0700][gc,phases   ] GC(4)   Evacuate Collection Set: 2.3ms
[2024-12-01T21:53:52.111-0700][gc,phases   ] GC(4)   Post Evacuate Collection Set: 0.2ms
[2024-12-01T21:53:52.111-0700][gc,phases   ] GC(4)   Other: 0.1ms
[2024-12-01T21:53:52.111-0700][gc,heap     ] GC(4) Eden regions: 14->0(49)
[2024-12-01T21:53:52.111-0700][gc,heap     ] GC(4) Survivor regions: 7->2(7)
[2024-12-01T21:53:52.111-0700][gc,heap     ] GC(4) Old regions: 9->15
[2024-12-01T21:53:52.112-0700][gc,heap     ] GC(4) Archive regions: 2->2
[2024-12-01T21:53:52.112-0700][gc,heap     ] GC(4) Humongous regions: 129->129
[2024-12-01T21:53:52.112-0700][gc,metaspace] GC(4) Metaspace: 35635K(35968K)->35635K(35968K) NonClass: 31597K(31808K)->31597K(31808K) Class: 4037K(4160K)->4037K(4160K)
[2024-12-01T21:53:52.112-0700][gc          ] GC(4) Pause Young (Concurrent Start) (Metadata GC Threshold) 157M->145M(1024M) 2.981ms
[2024-12-01T21:53:52.112-0700][gc,cpu      ] GC(4) User=0.01s Sys=0.01s Real=0.01s
[2024-12-01T21:53:52.112-0700][gc          ] GC(5) Concurrent Mark Cycle
[2024-12-01T21:53:52.112-0700][gc,marking  ] GC(5) Concurrent Clear Claimed Marks
[2024-12-01T21:53:52.112-0700][gc,marking  ] GC(5) Concurrent Clear Claimed Marks 0.018ms
[2024-12-01T21:53:52.112-0700][gc,marking  ] GC(5) Concurrent Scan Root Regions
[2024-12-01T21:53:52.114-0700][gc,marking  ] GC(5) Concurrent Scan Root Regions 1.907ms
[2024-12-01T21:53:52.114-0700][gc,marking  ] GC(5) Concurrent Mark
[2024-12-01T21:53:52.114-0700][gc,marking  ] GC(5) Concurrent Mark From Roots
[2024-12-01T21:53:52.114-0700][gc,task     ] GC(5) Using 2 workers of 2 for marking
[2024-12-01T21:53:52.116-0700][gc,marking  ] GC(5) Concurrent Mark From Roots 2.759ms
[2024-12-01T21:53:52.116-0700][gc,marking  ] GC(5) Concurrent Preclean
[2024-12-01T21:53:52.116-0700][gc,marking  ] GC(5) Concurrent Preclean 0.027ms
[2024-12-01T21:53:52.116-0700][gc,start    ] GC(5) Pause Remark
[2024-12-01T21:53:52.117-0700][gc          ] GC(5) Pause Remark 145M->145M(1024M) 0.800ms
[2024-12-01T21:53:52.117-0700][gc,cpu      ] GC(5) User=0.00s Sys=0.00s Real=0.00s
[2024-12-01T21:53:52.117-0700][gc,marking  ] GC(5) Concurrent Mark 3.724ms
[2024-12-01T21:53:52.117-0700][gc,marking  ] GC(5) Concurrent Rebuild Remembered Sets
[2024-12-01T21:53:52.121-0700][gc,marking  ] GC(5) Concurrent Rebuild Remembered Sets 3.709ms
[2024-12-01T21:53:52.121-0700][gc,start    ] GC(5) Pause Cleanup
[2024-12-01T21:53:52.121-0700][gc          ] GC(5) Pause Cleanup 146M->146M(1024M) 0.093ms
[2024-12-01T21:53:52.121-0700][gc,cpu      ] GC(5) User=0.00s Sys=0.00s Real=0.00s
[2024-12-01T21:53:52.121-0700][gc,marking  ] GC(5) Concurrent Cleanup for Next Mark
[2024-12-01T21:53:52.122-0700][gc,marking  ] GC(5) Concurrent Cleanup for Next Mark 1.102ms
[2024-12-01T21:53:52.122-0700][gc          ] GC(5) Concurrent Mark Cycle 10.781ms
[2024-12-01T21:57:16.272-0700][gc,start    ] GC(6) Pause Young (Prepare Mixed) (G1 Evacuation Pause)
[2024-12-01T21:57:16.273-0700][gc,task     ] GC(6) Using 8 workers of 8 for evacuation
[2024-12-01T21:57:16.300-0700][gc,mmu      ] GC(6) MMU target violated: 21.0ms (20.0ms/21.0ms)
[2024-12-01T21:57:16.300-0700][gc,phases   ] GC(6)   Pre Evacuate Collection Set: 0.5ms
[2024-12-01T21:57:16.300-0700][gc,phases   ] GC(6)   Merge Heap Roots: 0.2ms
[2024-12-01T21:57:16.300-0700][gc,phases   ] GC(6)   Evacuate Collection Set: 23.6ms
[2024-12-01T21:57:16.300-0700][gc,phases   ] GC(6)   Post Evacuate Collection Set: 1.4ms
[2024-12-01T21:57:16.300-0700][gc,phases   ] GC(6)   Other: 3.0ms
[2024-12-01T21:57:16.300-0700][gc,heap     ] GC(6) Eden regions: 49->0(47)
[2024-12-01T21:57:16.300-0700][gc,heap     ] GC(6) Survivor regions: 2->4(7)
[2024-12-01T21:57:16.300-0700][gc,heap     ] GC(6) Old regions: 15->15
[2024-12-01T21:57:16.300-0700][gc,heap     ] GC(6) Archive regions: 2->2
[2024-12-01T21:57:16.300-0700][gc,heap     ] GC(6) Humongous regions: 129->129
[2024-12-01T21:57:16.300-0700][gc,metaspace] GC(6) Metaspace: 41757K(42304K)->41757K(42304K) NonClass: 36722K(37056K)->36722K(37056K) Class: 5035K(5248K)->5035K(5248K)
[2024-12-01T21:57:16.300-0700][gc          ] GC(6) Pause Young (Prepare Mixed) (G1 Evacuation Pause) 194M->148M(1024M) 28.348ms
[2024-12-01T21:57:16.300-0700][gc,cpu      ] GC(6) User=0.02s Sys=0.06s Real=0.03s
[2024-12-01T21:58:09.647-0700][gc,heap,exit] Heap
[2024-12-01T21:58:09.647-0700][gc,heap,exit]  garbage-first heap   total 1048576K, used 168648K [0x00000007c0000000, 0x0000000800000000)
[2024-12-01T21:58:09.647-0700][gc,heap,exit]   region size 1024K, 21 young (21504K), 4 survivors (4096K)
[2024-12-01T21:58:09.647-0700][gc,heap,exit]  Metaspace       used 42787K, committed 43328K, reserved 1114112K
[2024-12-01T21:58:09.647-0700][gc,heap,exit]   class space    used 5219K, committed 5440K, reserved 1048576K
