[2024-11-25T04:22:02.338-0700][gc] Using G1
[2024-11-25T04:22:02.339-0700][gc,init] Version: 17.0.13+0 (release)
[2024-11-25T04:22:02.339-0700][gc,init] CPUs: 8 total, 8 available
[2024-11-25T04:22:02.339-0700][gc,init] Memory: 8192M
[2024-11-25T04:22:02.339-0700][gc,init] Large Page Support: Disabled
[2024-11-25T04:22:02.339-0700][gc,init] NUMA Support: Disabled
[2024-11-25T04:22:02.339-0700][gc,init] Compressed Oops: Enabled (Zero based)
[2024-11-25T04:22:02.339-0700][gc,init] Heap Region Size: 1M
[2024-11-25T04:22:02.339-0700][gc,init] Heap Min Capacity: 512M
[2024-11-25T04:22:02.339-0700][gc,init] Heap Initial Capacity: 512M
[2024-11-25T04:22:02.339-0700][gc,init] Heap Max Capacity: 512M
[2024-11-25T04:22:02.339-0700][gc,init] Pre-touch: Disabled
[2024-11-25T04:22:02.339-0700][gc,init] Parallel Workers: 8
[2024-11-25T04:22:02.339-0700][gc,init] Concurrent Workers: 2
[2024-11-25T04:22:02.339-0700][gc,init] Concurrent Refinement Workers: 8
[2024-11-25T04:22:02.339-0700][gc,init] Periodic GC: Disabled
[2024-11-25T04:22:02.342-0700][gc,metaspace] CDS archive(s) mapped at: [0x000000a000000000-0x000000a000bc0000-0x000000a000bc0000), size 12320768, SharedBaseAddress: 0x000000a000000000, ArchiveRelocationMode: 1.
[2024-11-25T04:22:02.342-0700][gc,metaspace] Compressed class space mapped at: 0x000000a001000000-0x000000a041000000, reserved size: 1073741824
[2024-11-25T04:22:02.342-0700][gc,metaspace] Narrow klass base: 0x000000a000000000, Narrow klass shift: 0, Narrow klass range: 0x100000000
[2024-11-25T04:22:05.793-0700][gc,start    ] GC(0) Pause Young (Normal) (G1 Evacuation Pause)
[2024-11-25T04:22:05.795-0700][gc,task     ] GC(0) Using 8 workers of 8 for evacuation
[2024-11-25T04:22:05.805-0700][gc,phases   ] GC(0)   Pre Evacuate Collection Set: 0.6ms
[2024-11-25T04:22:05.805-0700][gc,phases   ] GC(0)   Merge Heap Roots: 0.1ms
[2024-11-25T04:22:05.805-0700][gc,phases   ] GC(0)   Evacuate Collection Set: 9.1ms
[2024-11-25T04:22:05.805-0700][gc,phases   ] GC(0)   Post Evacuate Collection Set: 0.5ms
[2024-11-25T04:22:05.805-0700][gc,phases   ] GC(0)   Other: 1.9ms
[2024-11-25T04:22:05.805-0700][gc,heap     ] GC(0) Eden regions: 25->0(21)
[2024-11-25T04:22:05.805-0700][gc,heap     ] GC(0) Survivor regions: 0->4(4)
[2024-11-25T04:22:05.805-0700][gc,heap     ] GC(0) Old regions: 0->4
[2024-11-25T04:22:05.805-0700][gc,heap     ] GC(0) Archive regions: 2->2
[2024-11-25T04:22:05.805-0700][gc,heap     ] GC(0) Humongous regions: 0->0
[2024-11-25T04:22:05.805-0700][gc,metaspace] GC(0) Metaspace: 7489K(7680K)->7489K(7680K) NonClass: 6634K(6720K)->6634K(6720K) Class: 854K(960K)->854K(960K)
[2024-11-25T04:22:05.805-0700][gc          ] GC(0) Pause Young (Normal) (G1 Evacuation Pause) 25M->8M(512M) 12.524ms
[2024-11-25T04:22:05.805-0700][gc,cpu      ] GC(0) User=0.02s Sys=0.00s Real=0.01s
[2024-11-25T13:09:33.817-0700][gc,start    ] GC(1) Pause Young (Normal) (G1 Evacuation Pause)
[2024-11-25T13:09:33.819-0700][gc,task     ] GC(1) Using 8 workers of 8 for evacuation
[2024-11-25T13:09:33.877-0700][gc,mmu      ] GC(1) MMU target violated: 21.0ms (20.0ms/21.0ms)
[2024-11-25T13:09:33.877-0700][gc,phases   ] GC(1)   Pre Evacuate Collection Set: 2.4ms
[2024-11-25T13:09:33.877-0700][gc,phases   ] GC(1)   Merge Heap Roots: 0.8ms
[2024-11-25T13:09:33.877-0700][gc,phases   ] GC(1)   Evacuate Collection Set: 50.7ms
[2024-11-25T13:09:33.877-0700][gc,phases   ] GC(1)   Post Evacuate Collection Set: 2.2ms
[2024-11-25T13:09:33.878-0700][gc,phases   ] GC(1)   Other: 6.4ms
[2024-11-25T13:09:33.878-0700][gc,heap     ] GC(1) Eden regions: 21->0(24)
[2024-11-25T13:09:33.878-0700][gc,heap     ] GC(1) Survivor regions: 4->1(4)
[2024-11-25T13:09:33.878-0700][gc,heap     ] GC(1) Old regions: 4->9
[2024-11-25T13:09:33.878-0700][gc,heap     ] GC(1) Archive regions: 2->2
[2024-11-25T13:09:33.878-0700][gc,heap     ] GC(1) Humongous regions: 0->0
[2024-11-25T13:09:33.878-0700][gc,metaspace] GC(1) Metaspace: 8699K(8896K)->8699K(8896K) NonClass: 7771K(7872K)->7771K(7872K) Class: 928K(1024K)->928K(1024K)
[2024-11-25T13:09:33.878-0700][gc          ] GC(1) Pause Young (Normal) (G1 Evacuation Pause) 29M->9M(512M) 62.812ms
[2024-11-25T13:09:33.878-0700][gc,cpu      ] GC(1) User=0.01s Sys=0.05s Real=0.06s
[2024-11-26T13:22:54.341-0700][gc,start    ] GC(2) Pause Young (Normal) (G1 Evacuation Pause)
[2024-11-26T13:22:54.344-0700][gc,task     ] GC(2) Using 8 workers of 8 for evacuation
[2024-11-26T13:22:54.402-0700][gc,mmu      ] GC(2) MMU target violated: 21.0ms (20.0ms/21.0ms)
[2024-11-26T13:22:54.402-0700][gc,phases   ] GC(2)   Pre Evacuate Collection Set: 10.6ms
[2024-11-26T13:22:54.402-0700][gc,phases   ] GC(2)   Merge Heap Roots: 1.4ms
[2024-11-26T13:22:54.402-0700][gc,phases   ] GC(2)   Evacuate Collection Set: 40.0ms
[2024-11-26T13:22:54.402-0700][gc,phases   ] GC(2)   Post Evacuate Collection Set: 2.6ms
[2024-11-26T13:22:54.402-0700][gc,phases   ] GC(2)   Other: 8.8ms
[2024-11-26T13:22:54.402-0700][gc,heap     ] GC(2) Eden regions: 24->0(24)
[2024-11-26T13:22:54.403-0700][gc,heap     ] GC(2) Survivor regions: 1->1(4)
[2024-11-26T13:22:54.403-0700][gc,heap     ] GC(2) Old regions: 9->9
[2024-11-26T13:22:54.403-0700][gc,heap     ] GC(2) Archive regions: 2->2
[2024-11-26T13:22:54.403-0700][gc,heap     ] GC(2) Humongous regions: 0->0
[2024-11-26T13:22:54.403-0700][gc,metaspace] GC(2) Metaspace: 8702K(8896K)->8702K(8896K) NonClass: 7774K(7872K)->7774K(7872K) Class: 928K(1024K)->928K(1024K)
[2024-11-26T13:22:54.403-0700][gc          ] GC(2) Pause Young (Normal) (G1 Evacuation Pause) 33M->9M(512M) 62.423ms
[2024-11-26T13:22:54.403-0700][gc,cpu      ] GC(2) User=0.01s Sys=0.03s Real=0.06s
[2024-11-27T00:09:40.061-0700][gc,start    ] GC(3) Pause Young (Normal) (G1 Evacuation Pause)
[2024-11-27T00:09:40.066-0700][gc,task     ] GC(3) Using 8 workers of 8 for evacuation
[2024-11-27T00:09:40.116-0700][gc,mmu      ] GC(3) MMU target violated: 21.0ms (20.0ms/21.0ms)
[2024-11-27T00:09:40.116-0700][gc,phases   ] GC(3)   Pre Evacuate Collection Set: 6.2ms
[2024-11-27T00:09:40.116-0700][gc,phases   ] GC(3)   Merge Heap Roots: 1.1ms
[2024-11-27T00:09:40.116-0700][gc,phases   ] GC(3)   Evacuate Collection Set: 35.2ms
[2024-11-27T00:09:40.116-0700][gc,phases   ] GC(3)   Post Evacuate Collection Set: 5.0ms
[2024-11-27T00:09:40.116-0700][gc,phases   ] GC(3)   Other: 17.7ms
[2024-11-27T00:09:40.117-0700][gc,heap     ] GC(3) Eden regions: 24->0(24)
[2024-11-27T00:09:40.117-0700][gc,heap     ] GC(3) Survivor regions: 1->1(4)
[2024-11-27T00:09:40.117-0700][gc,heap     ] GC(3) Old regions: 9->9
[2024-11-27T00:09:40.117-0700][gc,heap     ] GC(3) Archive regions: 2->2
[2024-11-27T00:09:40.117-0700][gc,heap     ] GC(3) Humongous regions: 0->0
[2024-11-27T00:09:40.117-0700][gc,metaspace] GC(3) Metaspace: 8728K(8896K)->8728K(8896K) NonClass: 7800K(7872K)->7800K(7872K) Class: 928K(1024K)->928K(1024K)
[2024-11-27T00:09:40.117-0700][gc          ] GC(3) Pause Young (Normal) (G1 Evacuation Pause) 33M->9M(512M) 58.486ms
[2024-11-27T00:09:40.117-0700][gc,cpu      ] GC(3) User=0.01s Sys=0.04s Real=0.06s
[2024-11-27T13:10:25.580-0700][gc,start    ] GC(4) Pause Young (Normal) (G1 Evacuation Pause)
[2024-11-27T13:10:25.587-0700][gc,task     ] GC(4) Using 8 workers of 8 for evacuation
[2024-11-27T13:10:25.629-0700][gc,mmu      ] GC(4) MMU target violated: 21.0ms (20.0ms/21.0ms)
[2024-11-27T13:10:25.629-0700][gc,phases   ] GC(4)   Pre Evacuate Collection Set: 8.1ms
[2024-11-27T13:10:25.629-0700][gc,phases   ] GC(4)   Merge Heap Roots: 3.2ms
[2024-11-27T13:10:25.629-0700][gc,phases   ] GC(4)   Evacuate Collection Set: 25.9ms
[2024-11-27T13:10:25.629-0700][gc,phases   ] GC(4)   Post Evacuate Collection Set: 1.8ms
[2024-11-27T13:10:25.629-0700][gc,phases   ] GC(4)   Other: 10.6ms
[2024-11-27T13:10:25.629-0700][gc,heap     ] GC(4) Eden regions: 24->0(24)
[2024-11-27T13:10:25.629-0700][gc,heap     ] GC(4) Survivor regions: 1->1(4)
[2024-11-27T13:10:25.629-0700][gc,heap     ] GC(4) Old regions: 9->9
[2024-11-27T13:10:25.629-0700][gc,heap     ] GC(4) Archive regions: 2->2
[2024-11-27T13:10:25.629-0700][gc,heap     ] GC(4) Humongous regions: 0->0
[2024-11-27T13:10:25.629-0700][gc,metaspace] GC(4) Metaspace: 8739K(8896K)->8739K(8896K) NonClass: 7810K(7872K)->7810K(7872K) Class: 928K(1024K)->928K(1024K)
[2024-11-27T13:10:25.629-0700][gc          ] GC(4) Pause Young (Normal) (G1 Evacuation Pause) 33M->9M(512M) 48.821ms
[2024-11-27T13:10:25.629-0700][gc,cpu      ] GC(4) User=0.02s Sys=0.03s Real=0.04s
[2024-11-27T22:55:58.889-0700][gc,start    ] GC(5) Pause Young (Normal) (G1 Evacuation Pause)
[2024-11-27T22:55:58.892-0700][gc,task     ] GC(5) Using 8 workers of 8 for evacuation
[2024-11-27T22:55:58.943-0700][gc,mmu      ] GC(5) MMU target violated: 21.0ms (20.0ms/21.0ms)
[2024-11-27T22:55:58.944-0700][gc,phases   ] GC(5)   Pre Evacuate Collection Set: 7.3ms
[2024-11-27T22:55:58.944-0700][gc,phases   ] GC(5)   Merge Heap Roots: 0.5ms
[2024-11-27T22:55:58.944-0700][gc,phases   ] GC(5)   Evacuate Collection Set: 38.5ms
[2024-11-27T22:55:58.944-0700][gc,phases   ] GC(5)   Post Evacuate Collection Set: 2.7ms
[2024-11-27T22:55:58.944-0700][gc,phases   ] GC(5)   Other: 6.4ms
[2024-11-27T22:55:58.944-0700][gc,heap     ] GC(5) Eden regions: 24->0(24)
[2024-11-27T22:55:58.944-0700][gc,heap     ] GC(5) Survivor regions: 1->1(4)
[2024-11-27T22:55:58.944-0700][gc,heap     ] GC(5) Old regions: 9->9
[2024-11-27T22:55:58.944-0700][gc,heap     ] GC(5) Archive regions: 2->2
[2024-11-27T22:55:58.944-0700][gc,heap     ] GC(5) Humongous regions: 0->0
[2024-11-27T22:55:58.944-0700][gc,metaspace] GC(5) Metaspace: 8739K(8896K)->8739K(8896K) NonClass: 7810K(7872K)->7810K(7872K) Class: 928K(1024K)->928K(1024K)
[2024-11-27T22:55:58.944-0700][gc          ] GC(5) Pause Young (Normal) (G1 Evacuation Pause) 33M->9M(512M) 54.871ms
[2024-11-27T22:55:58.944-0700][gc,cpu      ] GC(5) User=0.02s Sys=0.02s Real=0.06s
[2024-11-29T12:55:02.143-0700][gc,start    ] GC(6) Pause Young (Normal) (G1 Evacuation Pause)
[2024-11-29T12:55:02.146-0700][gc,task     ] GC(6) Using 8 workers of 8 for evacuation
[2024-11-29T12:55:02.232-0700][gc,mmu      ] GC(6) MMU target violated: 21.0ms (20.0ms/21.0ms)
[2024-11-29T12:55:02.232-0700][gc,phases   ] GC(6)   Pre Evacuate Collection Set: 13.2ms
[2024-11-29T12:55:02.232-0700][gc,phases   ] GC(6)   Merge Heap Roots: 1.3ms
[2024-11-29T12:55:02.232-0700][gc,phases   ] GC(6)   Evacuate Collection Set: 65.5ms
[2024-11-29T12:55:02.232-0700][gc,phases   ] GC(6)   Post Evacuate Collection Set: 2.9ms
[2024-11-29T12:55:02.232-0700][gc,phases   ] GC(6)   Other: 8.6ms
[2024-11-29T12:55:02.232-0700][gc,heap     ] GC(6) Eden regions: 24->0(24)
[2024-11-29T12:55:02.232-0700][gc,heap     ] GC(6) Survivor regions: 1->1(4)
[2024-11-29T12:55:02.232-0700][gc,heap     ] GC(6) Old regions: 9->9
[2024-11-29T12:55:02.232-0700][gc,heap     ] GC(6) Archive regions: 2->2
[2024-11-29T12:55:02.232-0700][gc,heap     ] GC(6) Humongous regions: 0->0
[2024-11-29T12:55:02.233-0700][gc,metaspace] GC(6) Metaspace: 8753K(8960K)->8753K(8960K) NonClass: 7824K(7936K)->7824K(7936K) Class: 928K(1024K)->928K(1024K)
[2024-11-29T12:55:02.233-0700][gc          ] GC(6) Pause Young (Normal) (G1 Evacuation Pause) 33M->9M(512M) 90.483ms
[2024-11-29T12:55:02.233-0700][gc,cpu      ] GC(6) User=0.02s Sys=0.03s Real=0.09s
[2024-11-29T16:06:17.160-0700][gc,heap,exit] Heap
[2024-11-29T16:06:17.161-0700][gc,heap,exit]  garbage-first heap   total 524288K, used 15815K [0x00000007e0000000, 0x0000000800000000)
[2024-11-29T16:06:17.161-0700][gc,heap,exit]   region size 1024K, 7 young (7168K), 1 survivors (1024K)
[2024-11-29T16:06:17.161-0700][gc,heap,exit]  Metaspace       used 8756K, committed 8960K, reserved 1114112K
[2024-11-29T16:06:17.161-0700][gc,heap,exit]   class space    used 929K, committed 1024K, reserved 1048576K
