[2024-12-01T22:04:06.827-0700][gc] Using G1
[2024-12-01T22:04:06.828-0700][gc,init] Version: 17.0.13+0 (release)
[2024-12-01T22:04:06.828-0700][gc,init] CPUs: 8 total, 8 available
[2024-12-01T22:04:06.828-0700][gc,init] Memory: 8192M
[2024-12-01T22:04:06.828-0700][gc,init] Large Page Support: Disabled
[2024-12-01T22:04:06.828-0700][gc,init] NUMA Support: Disabled
[2024-12-01T22:04:06.828-0700][gc,init] Compressed Oops: Enabled (Zero based)
[2024-12-01T22:04:06.828-0700][gc,init] Heap Region Size: 1M
[2024-12-01T22:04:06.828-0700][gc,init] Heap Min Capacity: 512M
[2024-12-01T22:04:06.828-0700][gc,init] Heap Initial Capacity: 512M
[2024-12-01T22:04:06.828-0700][gc,init] Heap Max Capacity: 512M
[2024-12-01T22:04:06.828-0700][gc,init] Pre-touch: Disabled
[2024-12-01T22:04:06.828-0700][gc,init] Parallel Workers: 8
[2024-12-01T22:04:06.828-0700][gc,init] Concurrent Workers: 2
[2024-12-01T22:04:06.828-0700][gc,init] Concurrent Refinement Workers: 8
[2024-12-01T22:04:06.828-0700][gc,init] Periodic GC: Disabled
[2024-12-01T22:04:06.832-0700][gc,metaspace] CDS archive(s) mapped at: [0x000000e000000000-0x000000e000bc0000-0x000000e000bc0000), size 12320768, SharedBaseAddress: 0x000000e000000000, ArchiveRelocationMode: 1.
[2024-12-01T22:04:06.832-0700][gc,metaspace] Compressed class space mapped at: 0x000000e001000000-0x000000e041000000, reserved size: 1073741824
[2024-12-01T22:04:06.832-0700][gc,metaspace] Narrow klass base: 0x000000e000000000, Narrow klass shift: 0, Narrow klass range: 0x100000000
[2024-12-01T22:04:16.501-0700][gc,start    ] GC(0) Pause Young (Normal) (G1 Evacuation Pause)
[2024-12-01T22:04:16.502-0700][gc,task     ] GC(0) Using 8 workers of 8 for evacuation
[2024-12-01T22:04:16.512-0700][gc,phases   ] GC(0)   Pre Evacuate Collection Set: 0.1ms
[2024-12-01T22:04:16.512-0700][gc,phases   ] GC(0)   Merge Heap Roots: 0.0ms
[2024-12-01T22:04:16.512-0700][gc,phases   ] GC(0)   Evacuate Collection Set: 8.9ms
[2024-12-01T22:04:16.512-0700][gc,phases   ] GC(0)   Post Evacuate Collection Set: 0.7ms
[2024-12-01T22:04:16.512-0700][gc,phases   ] GC(0)   Other: 0.6ms
[2024-12-01T22:04:16.512-0700][gc,heap     ] GC(0) Eden regions: 25->0(21)
[2024-12-01T22:04:16.512-0700][gc,heap     ] GC(0) Survivor regions: 0->4(4)
[2024-12-01T22:04:16.512-0700][gc,heap     ] GC(0) Old regions: 0->5
[2024-12-01T22:04:16.512-0700][gc,heap     ] GC(0) Archive regions: 2->2
[2024-12-01T22:04:16.512-0700][gc,heap     ] GC(0) Humongous regions: 0->0
[2024-12-01T22:04:16.512-0700][gc,metaspace] GC(0) Metaspace: 7603K(7808K)->7603K(7808K) NonClass: 6739K(6848K)->6739K(6848K) Class: 863K(960K)->863K(960K)
[2024-12-01T22:04:16.512-0700][gc          ] GC(0) Pause Young (Normal) (G1 Evacuation Pause) 25M->8M(512M) 10.419ms
[2024-12-01T22:04:16.512-0700][gc,cpu      ] GC(0) User=0.01s Sys=0.02s Real=0.01s
[2024-12-02T02:04:08.460-0700][gc,start    ] GC(1) Pause Young (Normal) (G1 Evacuation Pause)
[2024-12-02T02:04:08.462-0700][gc,task     ] GC(1) Using 8 workers of 8 for evacuation
[2024-12-02T02:04:08.504-0700][gc,mmu      ] GC(1) MMU target violated: 21.0ms (20.0ms/21.0ms)
[2024-12-02T02:04:08.504-0700][gc,phases   ] GC(1)   Pre Evacuate Collection Set: 2.4ms
[2024-12-02T02:04:08.504-0700][gc,phases   ] GC(1)   Merge Heap Roots: 0.4ms
[2024-12-02T02:04:08.504-0700][gc,phases   ] GC(1)   Evacuate Collection Set: 38.6ms
[2024-12-02T02:04:08.504-0700][gc,phases   ] GC(1)   Post Evacuate Collection Set: 0.3ms
[2024-12-02T02:04:08.504-0700][gc,phases   ] GC(1)   Other: 2.1ms
[2024-12-02T02:04:08.504-0700][gc,heap     ] GC(1) Eden regions: 21->0(24)
[2024-12-02T02:04:08.504-0700][gc,heap     ] GC(1) Survivor regions: 4->1(4)
[2024-12-02T02:04:08.504-0700][gc,heap     ] GC(1) Old regions: 5->8
[2024-12-02T02:04:08.504-0700][gc,heap     ] GC(1) Archive regions: 2->2
[2024-12-02T02:04:08.504-0700][gc,heap     ] GC(1) Humongous regions: 0->0
[2024-12-02T02:04:08.504-0700][gc,metaspace] GC(1) Metaspace: 8705K(8896K)->8705K(8896K) NonClass: 7778K(7872K)->7778K(7872K) Class: 927K(1024K)->927K(1024K)
[2024-12-02T02:04:08.504-0700][gc          ] GC(1) Pause Young (Normal) (G1 Evacuation Pause) 29M->9M(512M) 43.851ms
[2024-12-02T02:04:08.504-0700][gc,cpu      ] GC(1) User=0.00s Sys=0.02s Real=0.04s
[2024-12-02T02:17:50.525-0700][gc,heap,exit] Heap
[2024-12-02T02:17:50.525-0700][gc,heap,exit]  garbage-first heap   total 524288K, used 12908K [0x00000007e0000000, 0x0000000800000000)
[2024-12-02T02:17:50.525-0700][gc,heap,exit]   region size 1024K, 5 young (5120K), 1 survivors (1024K)
[2024-12-02T02:17:50.525-0700][gc,heap,exit]  Metaspace       used 8725K, committed 8896K, reserved 1114112K
[2024-12-02T02:17:50.525-0700][gc,heap,exit]   class space    used 928K, committed 1024K, reserved 1048576K
