[2024-11-17T18:17:20.475-0700][gc] Using G1
[2024-11-17T18:17:20.476-0700][gc,init] Version: 17.0.13+0 (release)
[2024-11-17T18:17:20.476-0700][gc,init] CPUs: 8 total, 8 available
[2024-11-17T18:17:20.476-0700][gc,init] Memory: 8192M
[2024-11-17T18:17:20.476-0700][gc,init] Large Page Support: Disabled
[2024-11-17T18:17:20.476-0700][gc,init] NUMA Support: Disabled
[2024-11-17T18:17:20.476-0700][gc,init] Compressed Oops: Enabled (Zero based)
[2024-11-17T18:17:20.476-0700][gc,init] Heap Region Size: 1M
[2024-11-17T18:17:20.476-0700][gc,init] Heap Min Capacity: 512M
[2024-11-17T18:17:20.476-0700][gc,init] Heap Initial Capacity: 512M
[2024-11-17T18:17:20.476-0700][gc,init] Heap Max Capacity: 512M
[2024-11-17T18:17:20.476-0700][gc,init] Pre-touch: Disabled
[2024-11-17T18:17:20.476-0700][gc,init] Parallel Workers: 8
[2024-11-17T18:17:20.476-0700][gc,init] Concurrent Workers: 2
[2024-11-17T18:17:20.476-0700][gc,init] Concurrent Refinement Workers: 8
[2024-11-17T18:17:20.476-0700][gc,init] Periodic GC: Disabled
[2024-11-17T18:17:20.476-0700][gc,metaspace] CDS archive(s) mapped at: [0x0000000800000000-0x0000000800bc0000-0x0000000800bc0000), size 12320768, SharedBaseAddress: 0x0000000800000000, ArchiveRelocationMode: 1.
[2024-11-17T18:17:20.476-0700][gc,metaspace] Compressed class space mapped at: 0x0000000801000000-0x0000000841000000, reserved size: 1073741824
[2024-11-17T18:17:20.476-0700][gc,metaspace] Narrow klass base: 0x0000000800000000, Narrow klass shift: 0, Narrow klass range: 0x100000000
[2024-11-17T18:17:20.893-0700][gc,start    ] GC(0) Pause Young (Normal) (G1 Evacuation Pause)
[2024-11-17T18:17:20.893-0700][gc,task     ] GC(0) Using 8 workers of 8 for evacuation
[2024-11-17T18:17:20.896-0700][gc,phases   ] GC(0)   Pre Evacuate Collection Set: 0.1ms
[2024-11-17T18:17:20.896-0700][gc,phases   ] GC(0)   Merge Heap Roots: 0.0ms
[2024-11-17T18:17:20.896-0700][gc,phases   ] GC(0)   Evacuate Collection Set: 2.3ms
[2024-11-17T18:17:20.896-0700][gc,phases   ] GC(0)   Post Evacuate Collection Set: 0.3ms
[2024-11-17T18:17:20.896-0700][gc,phases   ] GC(0)   Other: 0.4ms
[2024-11-17T18:17:20.896-0700][gc,heap     ] GC(0) Eden regions: 25->0(21)
[2024-11-17T18:17:20.896-0700][gc,heap     ] GC(0) Survivor regions: 0->4(4)
[2024-11-17T18:17:20.896-0700][gc,heap     ] GC(0) Old regions: 0->5
[2024-11-17T18:17:20.896-0700][gc,heap     ] GC(0) Archive regions: 2->2
[2024-11-17T18:17:20.896-0700][gc,heap     ] GC(0) Humongous regions: 0->0
[2024-11-17T18:17:20.896-0700][gc,metaspace] GC(0) Metaspace: 7592K(7808K)->7592K(7808K) NonClass: 6747K(6848K)->6747K(6848K) Class: 845K(960K)->845K(960K)
[2024-11-17T18:17:20.896-0700][gc          ] GC(0) Pause Young (Normal) (G1 Evacuation Pause) 25M->9M(512M) 3.188ms
[2024-11-17T18:17:20.896-0700][gc,cpu      ] GC(0) User=0.01s Sys=0.00s Real=0.00s
[2024-11-17T21:08:31.286-0700][gc,heap,exit] Heap
[2024-11-17T21:08:31.286-0700][gc,heap,exit]  garbage-first heap   total 524288K, used 23493K [0x00000007e0000000, 0x0000000800000000)
[2024-11-17T21:08:31.286-0700][gc,heap,exit]   region size 1024K, 18 young (18432K), 4 survivors (4096K)
[2024-11-17T21:08:31.286-0700][gc,heap,exit]  Metaspace       used 8617K, committed 8832K, reserved 1114112K
[2024-11-17T21:08:31.286-0700][gc,heap,exit]   class space    used 928K, committed 1024K, reserved 1048576K
