[2024-12-01T21:53:36.023-0700][gc] Using G1
[2024-12-01T21:53:36.024-0700][gc,init] Version: 17.0.13+0 (release)
[2024-12-01T21:53:36.024-0700][gc,init] CPUs: 8 total, 8 available
[2024-12-01T21:53:36.024-0700][gc,init] Memory: 8192M
[2024-12-01T21:53:36.024-0700][gc,init] Large Page Support: Disabled
[2024-12-01T21:53:36.024-0700][gc,init] NUMA Support: Disabled
[2024-12-01T21:53:36.024-0700][gc,init] Compressed Oops: Enabled (Zero based)
[2024-12-01T21:53:36.024-0700][gc,init] Heap Region Size: 1M
[2024-12-01T21:53:36.024-0700][gc,init] Heap Min Capacity: 512M
[2024-12-01T21:53:36.024-0700][gc,init] Heap Initial Capacity: 512M
[2024-12-01T21:53:36.024-0700][gc,init] Heap Max Capacity: 512M
[2024-12-01T21:53:36.024-0700][gc,init] Pre-touch: Disabled
[2024-12-01T21:53:36.024-0700][gc,init] Parallel Workers: 8
[2024-12-01T21:53:36.024-0700][gc,init] Concurrent Workers: 2
[2024-12-01T21:53:36.024-0700][gc,init] Concurrent Refinement Workers: 8
[2024-12-01T21:53:36.024-0700][gc,init] Periodic GC: Disabled
[2024-12-01T21:53:36.027-0700][gc,metaspace] CDS archive(s) mapped at: [0x0000007000000000-0x0000007000bc0000-0x0000007000bc0000), size 12320768, SharedBaseAddress: 0x0000007000000000, ArchiveRelocationMode: 1.
[2024-12-01T21:53:36.027-0700][gc,metaspace] Compressed class space mapped at: 0x0000007001000000-0x0000007041000000, reserved size: 1073741824
[2024-12-01T21:53:36.027-0700][gc,metaspace] Narrow klass base: 0x0000007000000000, Narrow klass shift: 0, Narrow klass range: 0x100000000
[2024-12-01T21:53:39.600-0700][gc,start    ] GC(0) Pause Young (Normal) (G1 Evacuation Pause)
[2024-12-01T21:53:39.602-0700][gc,task     ] GC(0) Using 8 workers of 8 for evacuation
[2024-12-01T21:53:39.612-0700][gc,phases   ] GC(0)   Pre Evacuate Collection Set: 0.4ms
[2024-12-01T21:53:39.612-0700][gc,phases   ] GC(0)   Merge Heap Roots: 0.1ms
[2024-12-01T21:53:39.612-0700][gc,phases   ] GC(0)   Evacuate Collection Set: 8.6ms
[2024-12-01T21:53:39.612-0700][gc,phases   ] GC(0)   Post Evacuate Collection Set: 0.5ms
[2024-12-01T21:53:39.612-0700][gc,phases   ] GC(0)   Other: 2.2ms
[2024-12-01T21:53:39.612-0700][gc,heap     ] GC(0) Eden regions: 25->0(21)
[2024-12-01T21:53:39.612-0700][gc,heap     ] GC(0) Survivor regions: 0->4(4)
[2024-12-01T21:53:39.612-0700][gc,heap     ] GC(0) Old regions: 0->4
[2024-12-01T21:53:39.612-0700][gc,heap     ] GC(0) Archive regions: 2->2
[2024-12-01T21:53:39.612-0700][gc,heap     ] GC(0) Humongous regions: 0->0
[2024-12-01T21:53:39.612-0700][gc,metaspace] GC(0) Metaspace: 7498K(7680K)->7498K(7680K) NonClass: 6644K(6720K)->6644K(6720K) Class: 854K(960K)->854K(960K)
[2024-12-01T21:53:39.612-0700][gc          ] GC(0) Pause Young (Normal) (G1 Evacuation Pause) 25M->8M(512M) 12.044ms
[2024-12-01T21:53:39.612-0700][gc,cpu      ] GC(0) User=0.02s Sys=0.03s Real=0.01s
[2024-12-01T21:58:09.143-0700][gc,heap,exit] Heap
[2024-12-01T21:58:09.144-0700][gc,heap,exit]  garbage-first heap   total 524288K, used 17709K [0x00000007e0000000, 0x0000000800000000)
[2024-12-01T21:58:09.144-0700][gc,heap,exit]   region size 1024K, 13 young (13312K), 4 survivors (4096K)
[2024-12-01T21:58:09.144-0700][gc,heap,exit]  Metaspace       used 8449K, committed 8640K, reserved 1114112K
[2024-12-01T21:58:09.144-0700][gc,heap,exit]   class space    used 925K, committed 1024K, reserved 1048576K
